Archive member included because of file (symbol)

c:\program files\renesas\hew\tools\kpit\gnuh8-elf\v12.01\h8300-elf\lib\gcc\h8300-elf\4.6-GNUH8_v12.01\h8300h\libgcc.a(_divsi3.o)
                              C:\Users\nozomi\Desktop\com\í êMån\20130910\20120510\Debug\sci2.o (__udivsi3)
c:\program files\renesas\hew\tools\kpit\gnuh8-elf\v12.01\h8300-elf\lib\gcc\h8300-elf\4.6-GNUH8_v12.01\h8300h\libgcc.a(_mulsi3.o)
                              C:\Users\nozomi\Desktop\com\í êMån\20130910\20120510\Debug\sci2.o (__mulsi3)
c:\program files\renesas\hew\tools\kpit\gnuh8-elf\v12.01\h8300-elf\lib\gcc\h8300-elf\4.6-GNUH8_v12.01\h8300h\libgcc.a(_fixunssfsi.o)
                              C:\Users\nozomi\Desktop\com\í êMån\20130910\20120510\Debug\teleme.o (__fixunssfsi)
c:\program files\renesas\hew\tools\kpit\gnuh8-elf\v12.01\h8300-elf\lib\gcc\h8300-elf\4.6-GNUH8_v12.01\h8300h\libgcc.a(_addsub_sf.o)
                              c:\program files\renesas\hew\tools\kpit\gnuh8-elf\v12.01\h8300-elf\lib\gcc\h8300-elf\4.6-GNUH8_v12.01\h8300h\libgcc.a(_fixunssfsi.o) (__subsf3)
c:\program files\renesas\hew\tools\kpit\gnuh8-elf\v12.01\h8300-elf\lib\gcc\h8300-elf\4.6-GNUH8_v12.01\h8300h\libgcc.a(_div_sf.o)
                              C:\Users\nozomi\Desktop\com\í êMån\20130910\20120510\Debug\teleme.o (__divsf3)
c:\program files\renesas\hew\tools\kpit\gnuh8-elf\v12.01\h8300-elf\lib\gcc\h8300-elf\4.6-GNUH8_v12.01\h8300h\libgcc.a(_ge_sf.o)
                              c:\program files\renesas\hew\tools\kpit\gnuh8-elf\v12.01\h8300-elf\lib\gcc\h8300-elf\4.6-GNUH8_v12.01\h8300h\libgcc.a(_fixunssfsi.o) (__gesf2)
c:\program files\renesas\hew\tools\kpit\gnuh8-elf\v12.01\h8300-elf\lib\gcc\h8300-elf\4.6-GNUH8_v12.01\h8300h\libgcc.a(_si_to_sf.o)
                              C:\Users\nozomi\Desktop\com\í êMån\20130910\20120510\Debug\teleme.o (__floatsisf)
c:\program files\renesas\hew\tools\kpit\gnuh8-elf\v12.01\h8300-elf\lib\gcc\h8300-elf\4.6-GNUH8_v12.01\h8300h\libgcc.a(_sf_to_si.o)
                              c:\program files\renesas\hew\tools\kpit\gnuh8-elf\v12.01\h8300-elf\lib\gcc\h8300-elf\4.6-GNUH8_v12.01\h8300h\libgcc.a(_fixunssfsi.o) (__fixsfsi)
c:\program files\renesas\hew\tools\kpit\gnuh8-elf\v12.01\h8300-elf\lib\gcc\h8300-elf\4.6-GNUH8_v12.01\h8300h\libgcc.a(_thenan_sf.o)
                              c:\program files\renesas\hew\tools\kpit\gnuh8-elf\v12.01\h8300-elf\lib\gcc\h8300-elf\4.6-GNUH8_v12.01\h8300h\libgcc.a(_addsub_sf.o) (__thenan_sf)
c:\program files\renesas\hew\tools\kpit\gnuh8-elf\v12.01\h8300-elf\lib\gcc\h8300-elf\4.6-GNUH8_v12.01\h8300h\libgcc.a(_clzsi2.o)
                              c:\program files\renesas\hew\tools\kpit\gnuh8-elf\v12.01\h8300-elf\lib\gcc\h8300-elf\4.6-GNUH8_v12.01\h8300h\libgcc.a(_si_to_sf.o) (__clzsi2)
c:\program files\renesas\hew\tools\kpit\gnuh8-elf\v12.01\h8300-elf\lib\gcc\h8300-elf\4.6-GNUH8_v12.01\h8300h\libgcc.a(_pack_sf.o)
                              c:\program files\renesas\hew\tools\kpit\gnuh8-elf\v12.01\h8300-elf\lib\gcc\h8300-elf\4.6-GNUH8_v12.01\h8300h\libgcc.a(_addsub_sf.o) (__pack_f)
c:\program files\renesas\hew\tools\kpit\gnuh8-elf\v12.01\h8300-elf\lib\gcc\h8300-elf\4.6-GNUH8_v12.01\h8300h\libgcc.a(_unpack_sf.o)
                              c:\program files\renesas\hew\tools\kpit\gnuh8-elf\v12.01\h8300-elf\lib\gcc\h8300-elf\4.6-GNUH8_v12.01\h8300h\libgcc.a(_addsub_sf.o) (__unpack_f)
c:\program files\renesas\hew\tools\kpit\gnuh8-elf\v12.01\h8300-elf\lib\gcc\h8300-elf\4.6-GNUH8_v12.01\h8300h\libgcc.a(_fpcmp_parts_sf.o)
                              c:\program files\renesas\hew\tools\kpit\gnuh8-elf\v12.01\h8300-elf\lib\gcc\h8300-elf\4.6-GNUH8_v12.01\h8300h\libgcc.a(_ge_sf.o) (__fpcmp_parts_f)
c:\program files\renesas\hew\tools\kpit\gnuh8-elf\v12.01\h8300-elf\lib\gcc\h8300-elf\4.6-GNUH8_v12.01\h8300h\libgcc.a(_clz.o)
                              c:\program files\renesas\hew\tools\kpit\gnuh8-elf\v12.01\h8300-elf\lib\gcc\h8300-elf\4.6-GNUH8_v12.01\h8300h\libgcc.a(_clzsi2.o) (__clz_tab)
C:\Users\nozomi\Desktop\com\í êMån\20130910\20120510\Debug\lib20120510.a(exit.o)
                              C:\Users\nozomi\Desktop\com\í êMån\20130910\20120510\Debug\start.o (exit)
C:\Users\nozomi\Desktop\com\í êMån\20130910\20120510\Debug\lib20120510.a(newfree.o)
                              C:\Users\nozomi\Desktop\com\í êMån\20130910\20120510\Debug\rx_main.o (free)
C:\Users\nozomi\Desktop\com\í êMån\20130910\20120510\Debug\lib20120510.a(newheap.o)
                              C:\Users\nozomi\Desktop\com\í êMån\20130910\20120510\Debug\lib20120510.a(newfree.o) (_heap_of_memory)
C:\Users\nozomi\Desktop\com\í êMån\20130910\20120510\Debug\lib20120510.a(newmalloc.o)
                              C:\Users\nozomi\Desktop\com\í êMån\20130910\20120510\Debug\rx_protcol_inv.o (malloc)
C:\Users\nozomi\Desktop\com\í êMån\20130910\20120510\Debug\lib20120510.a(_exit.o)
                              C:\Users\nozomi\Desktop\com\í êMån\20130910\20120510\Debug\lib20120510.a(exit.o) (_exit)

Allocating common symbols
Common symbol       size              file

command_H           0x78              C:\Users\nozomi\Desktop\com\í êMån\20130910\20120510\Debug\command.o
P2_DDR              0x1               C:\Users\nozomi\Desktop\com\í êMån\20130910\20120510\Debug\iic2.o
ena_overa           0x3               C:\Users\nozomi\Desktop\com\í êMån\20130910\20120510\Debug\teleme.o
flag_dispAD         0x3               C:\Users\nozomi\Desktop\com\í êMån\20130910\20120510\Debug\teleme.o
flag_overa          0x3               C:\Users\nozomi\Desktop\com\í êMån\20130910\20120510\Debug\teleme.o
flag_send_fm        0x1               C:\Users\nozomi\Desktop\com\í êMån\20130910\20120510\Debug\message.o
i                   0x2               C:\Users\nozomi\Desktop\com\í êMån\20130910\20120510\Debug\rx_protcol_inv.o
ena_alive           0x3               C:\Users\nozomi\Desktop\com\í êMån\20130910\20120510\Debug\pwr.o
fcslo               0x1               C:\Users\nozomi\Desktop\com\í êMån\20130910\20120510\Debug\rx_protcol_inv.o
flag_rx             0x3               C:\Users\nozomi\Desktop\com\í êMån\20130910\20120510\Debug\rx_protcol_inv.o
flag_dteleme        0x3               C:\Users\nozomi\Desktop\com\í êMån\20130910\20120510\Debug\teleme.o
flag_exe            0x3               C:\Users\nozomi\Desktop\com\í êMån\20130910\20120510\Debug\message.o
ena_rteleme         0x3               C:\Users\nozomi\Desktop\com\í êMån\20130910\20120510\Debug\teleme.o
ena_ateleme         0x3               C:\Users\nozomi\Desktop\com\í êMån\20130910\20120510\Debug\teleme.o
flag_pwrt           0x3               C:\Users\nozomi\Desktop\com\í êMån\20130910\20120510\Debug\pwr.o
ena_pwrt            0x3               C:\Users\nozomi\Desktop\com\í êMån\20130910\20120510\Debug\pwr.o
flag_ad             0x3               C:\Users\nozomi\Desktop\com\í êMån\20130910\20120510\Debug\teleme.o
my_wdt              0x4               C:\Users\nozomi\Desktop\com\í êMån\20130910\20120510\Debug\teleme.o
uplink_rx_buff      0x4               C:\Users\nozomi\Desktop\com\í êMån\20130910\20120510\Debug\rx_protcol_inv.o
flag_iteleme        0x3               C:\Users\nozomi\Desktop\com\í êMån\20130910\20120510\Debug\teleme.o
ena_iteleme         0x3               C:\Users\nozomi\Desktop\com\í êMån\20130910\20120510\Debug\teleme.o
kbit                0x2               C:\Users\nozomi\Desktop\com\í êMån\20130910\20120510\Debug\rx_protcol_inv.o
ena_mywdt           0x3               C:\Users\nozomi\Desktop\com\í êMån\20130910\20120510\Debug\teleme.o
itu1_cnt            0x4               C:\Users\nozomi\Desktop\com\í êMån\20130910\20120510\Debug\teleme.o
ena_dteleme         0x3               C:\Users\nozomi\Desktop\com\í êMån\20130910\20120510\Debug\teleme.o
flag_ateleme        0x3               C:\Users\nozomi\Desktop\com\í êMån\20130910\20120510\Debug\teleme.o
ena_misst           0x3               C:\Users\nozomi\Desktop\com\í êMån\20130910\20120510\Debug\mission.o
time                0x2               C:\Users\nozomi\Desktop\com\í êMån\20130910\20120510\Debug\timer.o
FmPreamble          0x4               C:\Users\nozomi\Desktop\com\í êMån\20130910\20120510\Debug\message.o
command_M           0x78              C:\Users\nozomi\Desktop\com\í êMån\20130910\20120510\Debug\command.o
stuff               0x1               C:\Users\nozomi\Desktop\com\í êMån\20130910\20120510\Debug\message.o
info_length         0x2               C:\Users\nozomi\Desktop\com\í êMån\20130910\20120510\Debug\rx_protcol_inv.o
fcsflag_send_fm     0x1               C:\Users\nozomi\Desktop\com\í êMån\20130910\20120510\Debug\message.o
ena_ad              0x3               C:\Users\nozomi\Desktop\com\í êMån\20130910\20120510\Debug\teleme.o
fcshi               0x1               C:\Users\nozomi\Desktop\com\í êMån\20130910\20120510\Debug\rx_protcol_inv.o
flag_oteleme        0x3               C:\Users\nozomi\Desktop\com\í êMån\20130910\20120510\Debug\teleme.o
flag_rteleme        0x3               C:\Users\nozomi\Desktop\com\í êMån\20130910\20120510\Debug\teleme.o
flag_alive          0x3               C:\Users\nozomi\Desktop\com\í êMån\20130910\20120510\Debug\pwr.o
ena_dispAD          0x3               C:\Users\nozomi\Desktop\com\í êMån\20130910\20120510\Debug\teleme.o
mpx                 0x20              C:\Users\nozomi\Desktop\com\í êMån\20130910\20120510\Debug\teleme.o
flag_scirx          0x3               C:\Users\nozomi\Desktop\com\í êMån\20130910\20120510\Debug\message.o
status              0x7f              C:\Users\nozomi\Desktop\com\í êMån\20130910\20120510\Debug\teleme.o
flag_misst          0x3               C:\Users\nozomi\Desktop\com\í êMån\20130910\20120510\Debug\mission.o
command_L           0x78              C:\Users\nozomi\Desktop\com\í êMån\20130910\20120510\Debug\command.o
ena_oteleme         0x3               C:\Users\nozomi\Desktop\com\í êMån\20130910\20120510\Debug\teleme.o
message_global      0xcc              C:\Users\nozomi\Desktop\com\í êMån\20130910\20120510\Debug\teleme.o

Memory Configuration

Name             Origin             Length             Attributes
*default*        0x00000000         0xffffffff

Linker script and memory map


.vects          0x00000000      0x100
 *(.vects)
 .vects         0x00000000      0x100 C:\Users\nozomi\Desktop\com\í êMån\20130910\20120510\Debug\vects.o
                0x00000000                HardwareVectors

.text           0x00000400     0xef1c
 *(.text)
 .text          0x00000400        0x0 C:\Users\nozomi\Desktop\com\í êMån\20130910\20120510\Debug\vects.o
 .text          0x00000400      0x17c C:\Users\nozomi\Desktop\com\í êMån\20130910\20120510\Debug\timer.o
                0x00000400                delay_ms
                0x00000482                delay_us
                0x000004e4                delay_us_rx
 .text          0x0000057c     0x12d0 C:\Users\nozomi\Desktop\com\í êMån\20130910\20120510\Debug\teleme.o
                0x0000057c                InitTelemetry
                0x000005be                SetTelemetry_Rough
                0x00000a7e                SetTelemetry_Detail
                0x00000f3e                SetTelemetry_API
                0x00001266                SetTelemetry_Initial
                0x00001380                Read_Initial
                0x000015d0                OBC_Majority
                0x0000176c                Error_Majority
 .text          0x0000184c       0x50 C:\Users\nozomi\Desktop\com\í êMån\20130910\20120510\Debug\start.o
                0x0000184c                start
 .text          0x0000189c      0x12c C:\Users\nozomi\Desktop\com\í êMån\20130910\20120510\Debug\sci_util.o
                0x0000189c                debug_sci_init
                0x000018cc                debug_putc
                0x000018ea                debug_puts
                0x0000190c                debug_getc
                0x00001920                debug_puthex
                0x0000197a                debug_putdec
                0x0000199c                HexToAscii
 .text          0x000019c8      0x6d0 C:\Users\nozomi\Desktop\com\í êMån\20130910\20120510\Debug\sci2.o
                0x000019c8                sci2_init
                0x00001afc                sci2_putc
                0x00001bbc                sci2_puthex
                0x00001c04                sci2_putdec
                0x00001d66                sci2_putdoublehex
                0x00001d92                sci2_putfourhex
                0x00001dc4                sci2_putcrlf
                0x00001ddc                sci2_puts
                0x00001e48                sci2_getc
                0x00001ee2                INT_ERI2
                0x00001f14                INT_RXI2
                0x00001fa8                INT_TXI2
                0x00002066                INT_TEI2
 .text          0x00002098      0x856 C:\Users\nozomi\Desktop\com\í êMån\20130910\20120510\Debug\sci1.o
                0x00002098                sci1_init
                0x000021cc                sci1_putc
                0x0000228c                sci1_puthex
                0x000022d4                sci1_putdec
                0x00002436                sci1_putdoublehex
                0x00002462                sci1_putfourhex
                0x00002494                sci1_putcrlf
                0x000024ac                sci1_puts
                0x00002518                sci1_getc
                0x000025b2                INT_ERI1
                0x000025e4                sci1_puts_rx
                0x0000276a                INT_RXI1
                0x000027fe                INT_TXI1
                0x000028bc                INT_TEI1
 .text          0x000028ee      0x6d0 C:\Users\nozomi\Desktop\com\í êMån\20130910\20120510\Debug\sci0.o
                0x000028ee                sci0_init
                0x00002a22                sci0_putc
                0x00002ae2                sci0_puthex
                0x00002b2a                sci0_putdec
                0x00002c8c                sci0_putdoublehex
                0x00002cb8                sci0_putfourhex
                0x00002cea                sci0_putcrlf
                0x00002d02                sci0_puts
                0x00002d6e                sci0_getc
                0x00002e08                INT_ERI0
                0x00002e3a                INT_RXI0
                0x00002ece                INT_TXI0
                0x00002f8c                INT_TEI0
 .text          0x00002fbe      0x9ca C:\Users\nozomi\Desktop\com\í êMån\20130910\20120510\Debug\rx_protcol_inv.o
                0x00002fbe                init_itu
                0x00002ffc                bitin
                0x000030bc                get_byte
                0x000031d2                get_buff
                0x0000335a                precrc_bit
                0x000033ae                crc_length
                0x0000344c                Ax_to_info
                0x0000376a                get_data
                0x0000391c                rx_init
 .text          0x00003988      0x26a C:\Users\nozomi\Desktop\com\í êMån\20130910\20120510\Debug\rx_pll_inv.o
                0x00003988                out_bit
                0x000039e6                strobe
                0x00003a1a                out_bits
                0x00003a78                set_reference_divider
                0x00003ab2                set_option_register
                0x00003b32                set_programmable_divider
                0x00003b84                pll_init_rx
 .text          0x00003bf2       0xe8 C:\Users\nozomi\Desktop\com\í êMån\20130910\20120510\Debug\rx_main.o
                0x00003bf2                main
 .text          0x00003cda       0x9c C:\Users\nozomi\Desktop\com\í êMån\20130910\20120510\Debug\rx.o
                0x00003cda                RX
 .text          0x00003d76      0x248 C:\Users\nozomi\Desktop\com\í êMån\20130910\20120510\Debug\pwr.o
                0x00003d76                InitPowerTelemetry
                0x00003d9a                RequestPowerTelemetry
                0x00003db4                UpdatePowerTelemetry
                0x00003f4e                RequestMainShutdown
                0x00003f8a                SendHDRtoPIC
                0x00003fa4                SendHDStoPIC
 .text          0x00003fbe      0xe42 C:\Users\nozomi\Desktop\com\í êMån\20130910\20120510\Debug\put_status.o
                0x00003fbe                SendStatusToGS
                0x0000449e                SendTelemetryToGS
                0x000044c6                PutOut_Rough
                0x00004726                PutOut_Detail
                0x00004986                PutOut_API
                0x00004bd0                PutOut_Initial
 .text          0x00004e00      0x6ee C:\Users\nozomi\Desktop\com\í êMån\20130910\20120510\Debug\mission.o
                0x00004e00                InitMissionTelemetry
                0x00004e1a                SendMissionTelemetory
                0x000052c2                RequestMissionReboot
                0x000052fe                RequestMissionShutdown
                0x0000538a                PronounceMissionAbort
                0x000053e8                itu2_init
                0x0000544a                INT_IMIA2
 .text          0x000054ee     0x1c5a C:\Users\nozomi\Desktop\com\í êMån\20130910\20120510\Debug\message.o
                0x000054ee                InitMessage
                0x00005508                SplitMessage_SCI0
                0x000057d4                SplitMessage_SCI1
                0x00005aee                SplitMessage_SCI2
                0x00005e08                RecognizeCommand
                0x0000625a                RecognizeMissionCommand
                0x000066c4                FindCommand
                0x000066e8                TransmitMessage
                0x00006710                InitPLL
                0x00006728                SendMessage
                0x00006b2c                FinishSendMessage
                0x00006b54                FinishCommunication
                0x00006be4                SendStatusMessage
 .text          0x00007148      0x384 C:\Users\nozomi\Desktop\com\í êMån\20130910\20120510\Debug\itu1.o
                0x00007148                itu1_init
                0x000071da                INT_IMIA1
 .text          0x000074cc      0x10a C:\Users\nozomi\Desktop\com\í êMån\20130910\20120510\Debug\itu0.o
                0x000074cc                itu0_init
                0x0000754a                INT_IMIA0
                0x00007590                INT_IMIB0
 .text          0x000075d6      0x174 C:\Users\nozomi\Desktop\com\í êMån\20130910\20120510\Debug\inthandler.o
                0x000075d6                INT_NMI
                0x000075e2                INT_TRAP1
                0x000075ee                INT_TRAP2
                0x000075fa                INT_TRAP3
                0x00007606                INT_TRAP4
                0x00007612                INT_IRQ0
                0x0000761e                INT_IRQ1
                0x0000762a                INT_IRQ2
                0x00007636                INT_IRQ3
                0x00007642                INT_IRQ4
                0x0000764e                INT_IRQ5
                0x0000765a                INT_WOVI
                0x00007666                INT_CMI
                0x00007672                INT_ADI
                0x0000767e                INT_OVI0
                0x0000768a                INT_IMIB1
                0x00007696                INT_OVI1
                0x000076a2                INT_IMIB2
                0x000076ae                INT_OVI2
                0x000076ba                INT_CMIA0
                0x000076c6                INT_CMIB0
                0x000076d2                INT_CMIA1B1
                0x000076de                INT_TOVI0_1
                0x000076ea                INT_CMIA2
                0x000076f6                INT_CMIB2
                0x00007702                INT_CMIA3B3
                0x0000770e                INT_TOVI2_3
                0x0000771a                INT_DEND0A
                0x00007726                INT_DEND0B
                0x00007732                INT_DEND1A
                0x0000773e                INT_DEND1B
 .text          0x0000774a      0x2cc C:\Users\nozomi\Desktop\com\í êMån\20130910\20120510\Debug\init.o
                0x0000774a                Init_MyFunction
                0x00007876                Init_Bus
                0x000079ca                Init_Peripherals
 .text          0x00007a16      0x7d8 C:\Users\nozomi\Desktop\com\í êMån\20130910\20120510\Debug\iic2.o
                0x00007a16                IIC2_EEPWAIT
                0x00007e14                IIC2_EEPSTOP
                0x00007eae                IIC2_EEPREAD
                0x00007fd2                IIC2_EEPWRITE
                0x000080d2                IIC2_EEPRESET
                0x00008194                IIC2_EEPINIT
                0x000081b6                IIC2_EEPCHANGE
 .text          0x000081ee      0x7de C:\Users\nozomi\Desktop\com\í êMån\20130910\20120510\Debug\iic1.o
                0x000081ee                IIC1_EEPWAIT
                0x000085f2                IIC1_EEPSTOP
                0x0000868c                IIC1_EEPREAD
                0x000087b0                IIC1_EEPWRITE
                0x000088b0                IIC1_EEPRESET
                0x00008972                IIC1_EEPINIT
                0x00008994                IIC1_EEPCHANGE
 .text          0x000089cc      0x7de C:\Users\nozomi\Desktop\com\í êMån\20130910\20120510\Debug\iic0.o
                0x000089cc                IIC0_EEPWAIT
                0x00008dd0                IIC0_EEPSTOP
                0x00008e6a                IIC0_EEPREAD
                0x00008f8e                IIC0_EEPWRITE
                0x0000908e                IIC0_EEPRESET
                0x00009150                IIC0_EEPINIT
                0x00009172                IIC0_EEPCHANGE
 .text          0x000091aa        0xc C:\Users\nozomi\Desktop\com\í êMån\20130910\20120510\Debug\hwinit.o
                0x000091aa                hw_initialise
 .text          0x000091b6      0x452 C:\Users\nozomi\Desktop\com\í êMån\20130910\20120510\Debug\global.o
                0x000091b6                InitStatus
                0x0000945e                InitRoutine
                0x000094e6                CheckFlags
                0x00009578                ClearFlags
                0x000095c0                SetFlags
 .text          0x00009608      0x846 C:\Users\nozomi\Desktop\com\í êMån\20130910\20120510\Debug\fm_tx.o
                0x00009608                init_modem
                0x00009668                init_fm
                0x000096ec                delay_modem
                0x00009708                send_bit
                0x0000979e                crcbit
                0x00009878                send_byte
                0x0000992a                send_packet
                0x000099e0                AX_protocol
                0x00009c4c                on_off_ms
                0x00009cdc                on_off_sec
                0x00009dbe                on_off_us
 .text          0x00009e4e       0x30 C:\Users\nozomi\Desktop\com\í êMån\20130910\20120510\Debug\fm_ptt.o
                0x00009e4e                fmptt_on
                0x00009e66                fmptt_off
 .text          0x00009e7e      0x2e4 C:\Users\nozomi\Desktop\com\í êMån\20130910\20120510\Debug\fm_pllcontrol.o
                0x00009e7e                out_bit_fm
                0x00009edc                strobe_fm
                0x00009f10                out_bits_fm
                0x00009f6c                set_reference_divider_fm
                0x00009fa2                set_option_register_fm
                0x0000a020                set_programmable_divider_fm
                0x0000a08c                pll_init_fm
                0x0000a0fe                set_pll_fm
 .text          0x0000a162     0x2a76 C:\Users\nozomi\Desktop\com\í êMån\20130910\20120510\Debug\debug.o
                0x0000a162                DebugMultiplexer
                0x0000a2d0                DebugPut_Status
                0x0000a778                DebugPut_Telemetry
                0x0000aa6a                DebugEEPROM
                0x0000af2a                DebugDetail_Status
                0x0000af8e                DebugPut_Rough
                0x0000b2c8                DebugPut_Detail
                0x0000b602                DebugPut_API
                0x0000b90c                DebugPut_Initial
                0x0000bc16                Debug_SharedROM
                0x0000be56                DebugWrite_SharedROM
                0x0000c622                DebugPut_SharedROM
                0x0000c70e                DisplayRoutine
                0x0000c938                SetRoutine
                0x0000cb52                Check_PowerData
 .text          0x0000cbd8     0x1412 C:\Users\nozomi\Desktop\com\í êMån\20130910\20120510\Debug\command.o
                0x0000cbd8                GetCommandID
                0x0000d3a0                GetMissionCommandID
                0x0000d460                RegistCommand
                0x0000d85e                RegistMissionCommand
                0x0000d9d0                ExecuteCommand
 .text          0x0000dfea       0x5e C:\Users\nozomi\Desktop\com\í êMån\20130910\20120510\Debug\comm_buffer.o
                0x0000dfea                comm_buffer_init
 .text          0x0000e048      0x6da C:\Users\nozomi\Desktop\com\í êMån\20130910\20120510\Debug\adconv.o
                0x0000e048                adconv_init
                0x0000e082                ami_switch
                0x0000e0fa                mpx_switch
                0x0000e1da                get_sensor
                0x0000e4b2                check_overAmpare
                0x0000e566                insertSpace
                0x0000e5ac                disp_AD
 *fill*         0x0000e722        0x2 00
 .text          0x0000e724       0x8c c:\program files\renesas\hew\tools\kpit\gnuh8-elf\v12.01\h8300-elf\lib\gcc\h8300-elf\4.6-GNUH8_v12.01\h8300h\libgcc.a(_divsi3.o)
                0x0000e746                __modsi3
                0x0000e752                __umodsi3
                0x0000e758                __divsi3
                0x0000e76e                __udivsi3
 .text          0x0000e7b0       0x18 c:\program files\renesas\hew\tools\kpit\gnuh8-elf\v12.01\h8300-elf\lib\gcc\h8300-elf\4.6-GNUH8_v12.01\h8300h\libgcc.a(_mulsi3.o)
                0x0000e7b0                __mulsi3
 .text          0x0000e7c8       0x40 c:\program files\renesas\hew\tools\kpit\gnuh8-elf\v12.01\h8300-elf\lib\gcc\h8300-elf\4.6-GNUH8_v12.01\h8300h\libgcc.a(_fixunssfsi.o)
                0x0000e7c8                __fixunssfsi
 .text          0x0000e808      0x36c c:\program files\renesas\hew\tools\kpit\gnuh8-elf\v12.01\h8300-elf\lib\gcc\h8300-elf\4.6-GNUH8_v12.01\h8300h\libgcc.a(_addsub_sf.o)
                0x0000ea9e                __addsf3
                0x0000eb04                __subsf3
 .text          0x0000eb74      0x138 c:\program files\renesas\hew\tools\kpit\gnuh8-elf\v12.01\h8300-elf\lib\gcc\h8300-elf\4.6-GNUH8_v12.01\h8300h\libgcc.a(_div_sf.o)
                0x0000eb74                __divsf3
 .text          0x0000ecac       0x72 c:\program files\renesas\hew\tools\kpit\gnuh8-elf\v12.01\h8300-elf\lib\gcc\h8300-elf\4.6-GNUH8_v12.01\h8300h\libgcc.a(_ge_sf.o)
                0x0000ecac                __gesf2
 .text          0x0000ed1e       0x9c c:\program files\renesas\hew\tools\kpit\gnuh8-elf\v12.01\h8300-elf\lib\gcc\h8300-elf\4.6-GNUH8_v12.01\h8300h\libgcc.a(_si_to_sf.o)
                0x0000ed1e                __floatsisf
 .text          0x0000edba       0x82 c:\program files\renesas\hew\tools\kpit\gnuh8-elf\v12.01\h8300-elf\lib\gcc\h8300-elf\4.6-GNUH8_v12.01\h8300h\libgcc.a(_sf_to_si.o)
                0x0000edba                __fixsfsi
 .text          0x0000ee3c        0x0 c:\program files\renesas\hew\tools\kpit\gnuh8-elf\v12.01\h8300-elf\lib\gcc\h8300-elf\4.6-GNUH8_v12.01\h8300h\libgcc.a(_thenan_sf.o)
 .text          0x0000ee3c       0x5a c:\program files\renesas\hew\tools\kpit\gnuh8-elf\v12.01\h8300-elf\lib\gcc\h8300-elf\4.6-GNUH8_v12.01\h8300h\libgcc.a(_clzsi2.o)
                0x0000ee3c                __clzsi2
 .text          0x0000ee96      0x14c c:\program files\renesas\hew\tools\kpit\gnuh8-elf\v12.01\h8300-elf\lib\gcc\h8300-elf\4.6-GNUH8_v12.01\h8300h\libgcc.a(_pack_sf.o)
                0x0000ee96                __pack_f
 .text          0x0000efe2       0xb0 c:\program files\renesas\hew\tools\kpit\gnuh8-elf\v12.01\h8300-elf\lib\gcc\h8300-elf\4.6-GNUH8_v12.01\h8300h\libgcc.a(_unpack_sf.o)
                0x0000efe2                __unpack_f
 .text          0x0000f092       0xa0 c:\program files\renesas\hew\tools\kpit\gnuh8-elf\v12.01\h8300-elf\lib\gcc\h8300-elf\4.6-GNUH8_v12.01\h8300h\libgcc.a(_fpcmp_parts_sf.o)
                0x0000f092                __fpcmp_parts_f
 .text          0x0000f132        0x0 c:\program files\renesas\hew\tools\kpit\gnuh8-elf\v12.01\h8300-elf\lib\gcc\h8300-elf\4.6-GNUH8_v12.01\h8300h\libgcc.a(_clz.o)
 .text          0x0000f132        0x0 C:\Users\nozomi\Desktop\com\í êMån\20130910\20120510\Debug\lib20120510.a(exit.o)
 .text          0x0000f132        0x0 C:\Users\nozomi\Desktop\com\í êMån\20130910\20120510\Debug\lib20120510.a(newfree.o)
 .text          0x0000f132        0x0 C:\Users\nozomi\Desktop\com\í êMån\20130910\20120510\Debug\lib20120510.a(newheap.o)
 .text          0x0000f132        0x0 C:\Users\nozomi\Desktop\com\í êMån\20130910\20120510\Debug\lib20120510.a(newmalloc.o)
 *fill*         0x0000f132        0x2 00
 .text          0x0000f134       0x10 C:\Users\nozomi\Desktop\com\í êMån\20130910\20120510\Debug\lib20120510.a(_exit.o)
                0x0000f134                _exit
 *(.text.*)
 .text.exit     0x0000f144       0x10 C:\Users\nozomi\Desktop\com\í êMån\20130910\20120510\Debug\lib20120510.a(exit.o)
                0x0000f144                exit
 .text.free     0x0000f154       0xd4 C:\Users\nozomi\Desktop\com\í êMån\20130910\20120510\Debug\lib20120510.a(newfree.o)
                0x0000f154                free
 .text._top_of_heap
                0x0000f228        0xe C:\Users\nozomi\Desktop\com\í êMån\20130910\20120510\Debug\lib20120510.a(newheap.o)
                0x0000f228                _top_of_heap
 .text._make_new_mem_hole
                0x0000f236       0x2e C:\Users\nozomi\Desktop\com\í êMån\20130910\20120510\Debug\lib20120510.a(newmalloc.o)
                0x0000f236                _make_new_mem_hole
 .text.malloc   0x0000f264       0xb8 C:\Users\nozomi\Desktop\com\í êMån\20130910\20120510\Debug\lib20120510.a(newmalloc.o)
                0x0000f264                malloc
                0x0000f31c                etext = .

.init
 *(.init)

.fini
 *(.fini)

.got
 *(.got)
 *(.got.plt)

.rodata         0x0000f31c      0x928
 *(.rodata)
 .rodata        0x0000f31c       0x34 C:\Users\nozomi\Desktop\com\í êMån\20130910\20120510\Debug\teleme.o
 .rodata        0x0000f350       0x31 C:\Users\nozomi\Desktop\com\í êMån\20130910\20120510\Debug\sci1.o
 .rodata        0x0000f381       0xa0 C:\Users\nozomi\Desktop\com\í êMån\20130910\20120510\Debug\rx_protcol_inv.o
 .rodata        0x0000f421       0x4a C:\Users\nozomi\Desktop\com\í êMån\20130910\20120510\Debug\rx_main.o
 .rodata        0x0000f46b       0x1f C:\Users\nozomi\Desktop\com\í êMån\20130910\20120510\Debug\rx.o
 .rodata        0x0000f48a       0x34 C:\Users\nozomi\Desktop\com\í êMån\20130910\20120510\Debug\pwr.o
 .rodata        0x0000f4be       0x3b C:\Users\nozomi\Desktop\com\í êMån\20130910\20120510\Debug\put_status.o
 .rodata        0x0000f4f9       0xb4 C:\Users\nozomi\Desktop\com\í êMån\20130910\20120510\Debug\mission.o
 .rodata        0x0000f5ad       0xc1 C:\Users\nozomi\Desktop\com\í êMån\20130910\20120510\Debug\message.o
 *fill*         0x0000f66e        0x2 00
 .rodata        0x0000f670      0x340 C:\Users\nozomi\Desktop\com\í êMån\20130910\20120510\Debug\debug.o
 .rodata        0x0000f9b0      0x15c C:\Users\nozomi\Desktop\com\í êMån\20130910\20120510\Debug\command.o
 .rodata        0x0000fb0c       0x30 C:\Users\nozomi\Desktop\com\í êMån\20130910\20120510\Debug\adconv.o
 .rodata        0x0000fb3c        0x8 c:\program files\renesas\hew\tools\kpit\gnuh8-elf\v12.01\h8300-elf\lib\gcc\h8300-elf\4.6-GNUH8_v12.01\h8300h\libgcc.a(_thenan_sf.o)
                0x0000fb3c                __thenan_sf
 .rodata        0x0000fb44      0x100 c:\program files\renesas\hew\tools\kpit\gnuh8-elf\v12.01\h8300-elf\lib\gcc\h8300-elf\4.6-GNUH8_v12.01\h8300h\libgcc.a(_clz.o)
                0x0000fb44                __clz_tab
 *(.rodata.*)
                0x0000fc44                _erodata = .

.eh_frame_hdr
 *(.eh_frame_hdr)

.eh_frame
 *(.eh_frame)

.jcr
 *(.jcr)

.tors           0x0000fc44        0x0
                0x0000fc44                __CTOR_LIST__ = .
                0x0000fc44                ___ctors = .
 *(.ctors)
                0x0000fc44                ___ctors_end = .
                0x0000fc44                __CTOR_END__ = .
                0x0000fc44                __DTOR_LIST__ = .
                0x0000fc44                ___dtors = .
 *(.dtors)
                0x0000fc44                ___dtors_end = .
                0x0000fc44                __DTOR_END__ = .
                0x0000fc44                _mdata = .

.data           0x00ffbf20        0x0 load address 0x0000fc44
                0x00ffbf20                _data = .
 *(.data)
 .data          0x00ffbf20        0x0 C:\Users\nozomi\Desktop\com\í êMån\20130910\20120510\Debug\vects.o
 .data          0x00ffbf20        0x0 C:\Users\nozomi\Desktop\com\í êMån\20130910\20120510\Debug\timer.o
 .data          0x00ffbf20        0x0 C:\Users\nozomi\Desktop\com\í êMån\20130910\20120510\Debug\teleme.o
 .data          0x00ffbf20        0x0 C:\Users\nozomi\Desktop\com\í êMån\20130910\20120510\Debug\start.o
 .data          0x00ffbf20        0x0 C:\Users\nozomi\Desktop\com\í êMån\20130910\20120510\Debug\sci_util.o
 .data          0x00ffbf20        0x0 C:\Users\nozomi\Desktop\com\í êMån\20130910\20120510\Debug\sci2.o
 .data          0x00ffbf20        0x0 C:\Users\nozomi\Desktop\com\í êMån\20130910\20120510\Debug\sci1.o
 .data          0x00ffbf20        0x0 C:\Users\nozomi\Desktop\com\í êMån\20130910\20120510\Debug\sci0.o
 .data          0x00ffbf20        0x0 C:\Users\nozomi\Desktop\com\í êMån\20130910\20120510\Debug\rx_protcol_inv.o
 .data          0x00ffbf20        0x0 C:\Users\nozomi\Desktop\com\í êMån\20130910\20120510\Debug\rx_pll_inv.o
 .data          0x00ffbf20        0x0 C:\Users\nozomi\Desktop\com\í êMån\20130910\20120510\Debug\rx_main.o
 .data          0x00ffbf20        0x0 C:\Users\nozomi\Desktop\com\í êMån\20130910\20120510\Debug\rx.o
 .data          0x00ffbf20        0x0 C:\Users\nozomi\Desktop\com\í êMån\20130910\20120510\Debug\pwr.o
 .data          0x00ffbf20        0x0 C:\Users\nozomi\Desktop\com\í êMån\20130910\20120510\Debug\put_status.o
 .data          0x00ffbf20        0x0 C:\Users\nozomi\Desktop\com\í êMån\20130910\20120510\Debug\mission.o
 .data          0x00ffbf20        0x0 C:\Users\nozomi\Desktop\com\í êMån\20130910\20120510\Debug\message.o
 .data          0x00ffbf20        0x0 C:\Users\nozomi\Desktop\com\í êMån\20130910\20120510\Debug\itu1.o
 .data          0x00ffbf20        0x0 C:\Users\nozomi\Desktop\com\í êMån\20130910\20120510\Debug\itu0.o
 .data          0x00ffbf20        0x0 C:\Users\nozomi\Desktop\com\í êMån\20130910\20120510\Debug\inthandler.o
 .data          0x00ffbf20        0x0 C:\Users\nozomi\Desktop\com\í êMån\20130910\20120510\Debug\init.o
 .data          0x00ffbf20        0x0 C:\Users\nozomi\Desktop\com\í êMån\20130910\20120510\Debug\iic2.o
 .data          0x00ffbf20        0x0 C:\Users\nozomi\Desktop\com\í êMån\20130910\20120510\Debug\iic1.o
 .data          0x00ffbf20        0x0 C:\Users\nozomi\Desktop\com\í êMån\20130910\20120510\Debug\iic0.o
 .data          0x00ffbf20        0x0 C:\Users\nozomi\Desktop\com\í êMån\20130910\20120510\Debug\hwinit.o
 .data          0x00ffbf20        0x0 C:\Users\nozomi\Desktop\com\í êMån\20130910\20120510\Debug\global.o
 .data          0x00ffbf20        0x0 C:\Users\nozomi\Desktop\com\í êMån\20130910\20120510\Debug\fm_tx.o
 .data          0x00ffbf20        0x0 C:\Users\nozomi\Desktop\com\í êMån\20130910\20120510\Debug\fm_ptt.o
 .data          0x00ffbf20        0x0 C:\Users\nozomi\Desktop\com\í êMån\20130910\20120510\Debug\fm_pllcontrol.o
 .data          0x00ffbf20        0x0 C:\Users\nozomi\Desktop\com\í êMån\20130910\20120510\Debug\debug.o
 .data          0x00ffbf20        0x0 C:\Users\nozomi\Desktop\com\í êMån\20130910\20120510\Debug\command.o
 .data          0x00ffbf20        0x0 C:\Users\nozomi\Desktop\com\í êMån\20130910\20120510\Debug\comm_buffer.o
 .data          0x00ffbf20        0x0 C:\Users\nozomi\Desktop\com\í êMån\20130910\20120510\Debug\adconv.o
 .data          0x00ffbf20        0x0 c:\program files\renesas\hew\tools\kpit\gnuh8-elf\v12.01\h8300-elf\lib\gcc\h8300-elf\4.6-GNUH8_v12.01\h8300h\libgcc.a(_divsi3.o)
 .data          0x00ffbf20        0x0 c:\program files\renesas\hew\tools\kpit\gnuh8-elf\v12.01\h8300-elf\lib\gcc\h8300-elf\4.6-GNUH8_v12.01\h8300h\libgcc.a(_mulsi3.o)
 .data          0x00ffbf20        0x0 c:\program files\renesas\hew\tools\kpit\gnuh8-elf\v12.01\h8300-elf\lib\gcc\h8300-elf\4.6-GNUH8_v12.01\h8300h\libgcc.a(_fixunssfsi.o)
 .data          0x00ffbf20        0x0 c:\program files\renesas\hew\tools\kpit\gnuh8-elf\v12.01\h8300-elf\lib\gcc\h8300-elf\4.6-GNUH8_v12.01\h8300h\libgcc.a(_addsub_sf.o)
 .data          0x00ffbf20        0x0 c:\program files\renesas\hew\tools\kpit\gnuh8-elf\v12.01\h8300-elf\lib\gcc\h8300-elf\4.6-GNUH8_v12.01\h8300h\libgcc.a(_div_sf.o)
 .data          0x00ffbf20        0x0 c:\program files\renesas\hew\tools\kpit\gnuh8-elf\v12.01\h8300-elf\lib\gcc\h8300-elf\4.6-GNUH8_v12.01\h8300h\libgcc.a(_ge_sf.o)
 .data          0x00ffbf20        0x0 c:\program files\renesas\hew\tools\kpit\gnuh8-elf\v12.01\h8300-elf\lib\gcc\h8300-elf\4.6-GNUH8_v12.01\h8300h\libgcc.a(_si_to_sf.o)
 .data          0x00ffbf20        0x0 c:\program files\renesas\hew\tools\kpit\gnuh8-elf\v12.01\h8300-elf\lib\gcc\h8300-elf\4.6-GNUH8_v12.01\h8300h\libgcc.a(_sf_to_si.o)
 .data          0x00ffbf20        0x0 c:\program files\renesas\hew\tools\kpit\gnuh8-elf\v12.01\h8300-elf\lib\gcc\h8300-elf\4.6-GNUH8_v12.01\h8300h\libgcc.a(_thenan_sf.o)
 .data          0x00ffbf20        0x0 c:\program files\renesas\hew\tools\kpit\gnuh8-elf\v12.01\h8300-elf\lib\gcc\h8300-elf\4.6-GNUH8_v12.01\h8300h\libgcc.a(_clzsi2.o)
 .data          0x00ffbf20        0x0 c:\program files\renesas\hew\tools\kpit\gnuh8-elf\v12.01\h8300-elf\lib\gcc\h8300-elf\4.6-GNUH8_v12.01\h8300h\libgcc.a(_pack_sf.o)
 .data          0x00ffbf20        0x0 c:\program files\renesas\hew\tools\kpit\gnuh8-elf\v12.01\h8300-elf\lib\gcc\h8300-elf\4.6-GNUH8_v12.01\h8300h\libgcc.a(_unpack_sf.o)
 .data          0x00ffbf20        0x0 c:\program files\renesas\hew\tools\kpit\gnuh8-elf\v12.01\h8300-elf\lib\gcc\h8300-elf\4.6-GNUH8_v12.01\h8300h\libgcc.a(_fpcmp_parts_sf.o)
 .data          0x00ffbf20        0x0 c:\program files\renesas\hew\tools\kpit\gnuh8-elf\v12.01\h8300-elf\lib\gcc\h8300-elf\4.6-GNUH8_v12.01\h8300h\libgcc.a(_clz.o)
 .data          0x00ffbf20        0x0 C:\Users\nozomi\Desktop\com\í êMån\20130910\20120510\Debug\lib20120510.a(exit.o)
 .data          0x00ffbf20        0x0 C:\Users\nozomi\Desktop\com\í êMån\20130910\20120510\Debug\lib20120510.a(newfree.o)
 .data          0x00ffbf20        0x0 C:\Users\nozomi\Desktop\com\í êMån\20130910\20120510\Debug\lib20120510.a(newheap.o)
 .data          0x00ffbf20        0x0 C:\Users\nozomi\Desktop\com\í êMån\20130910\20120510\Debug\lib20120510.a(newmalloc.o)
 .data          0x00ffbf20        0x0 C:\Users\nozomi\Desktop\com\í êMån\20130910\20120510\Debug\lib20120510.a(_exit.o)
 *(.data.*)
                0x00ffbf20                _edata = .

.gcc_exc
 *(.gcc_exc)

.bss            0x00ffbf20     0x1ba8 load address 0x0000fc44
                0x00ffbf20                _bss = .
 *(.bss)
 .bss           0x00ffbf20        0x0 C:\Users\nozomi\Desktop\com\í êMån\20130910\20120510\Debug\vects.o
 .bss           0x00ffbf20        0x2 C:\Users\nozomi\Desktop\com\í êMån\20130910\20120510\Debug\timer.o
                0x00ffbf20                timer_flag
 *fill*         0x00ffbf22        0x2 00
 .bss           0x00ffbf24      0x25c C:\Users\nozomi\Desktop\com\í êMån\20130910\20120510\Debug\teleme.o
 .bss           0x00ffc180        0x0 C:\Users\nozomi\Desktop\com\í êMån\20130910\20120510\Debug\start.o
 .bss           0x00ffc180        0x0 C:\Users\nozomi\Desktop\com\í êMån\20130910\20120510\Debug\sci_util.o
 .bss           0x00ffc180      0x20c C:\Users\nozomi\Desktop\com\í êMån\20130910\20120510\Debug\sci2.o
 .bss           0x00ffc38c      0x20c C:\Users\nozomi\Desktop\com\í êMån\20130910\20120510\Debug\sci1.o
 .bss           0x00ffc598      0x20c C:\Users\nozomi\Desktop\com\í êMån\20130910\20120510\Debug\sci0.o
 .bss           0x00ffc7a4       0x10 C:\Users\nozomi\Desktop\com\í êMån\20130910\20120510\Debug\rx_protcol_inv.o
                0x00ffc7a4                shiftbuff
                0x00ffc7a6                bit
                0x00ffc7a8                fcs_error
 .bss           0x00ffc7b4        0x8 C:\Users\nozomi\Desktop\com\í êMån\20130910\20120510\Debug\rx_pll_inv.o
 .bss           0x00ffc7bc        0x8 C:\Users\nozomi\Desktop\com\í êMån\20130910\20120510\Debug\rx_main.o
 .bss           0x00ffc7c4        0x8 C:\Users\nozomi\Desktop\com\í êMån\20130910\20120510\Debug\rx.o
 .bss           0x00ffc7cc        0x0 C:\Users\nozomi\Desktop\com\í êMån\20130910\20120510\Debug\pwr.o
 .bss           0x00ffc7cc      0x1a0 C:\Users\nozomi\Desktop\com\í êMån\20130910\20120510\Debug\put_status.o
 .bss           0x00ffc96c        0x4 C:\Users\nozomi\Desktop\com\í êMån\20130910\20120510\Debug\mission.o
 .bss           0x00ffc970      0xa48 C:\Users\nozomi\Desktop\com\í êMån\20130910\20120510\Debug\message.o
 .bss           0x00ffd3b8        0x8 C:\Users\nozomi\Desktop\com\í êMån\20130910\20120510\Debug\itu1.o
 .bss           0x00ffd3c0        0x0 C:\Users\nozomi\Desktop\com\í êMån\20130910\20120510\Debug\itu0.o
 .bss           0x00ffd3c0        0x0 C:\Users\nozomi\Desktop\com\í êMån\20130910\20120510\Debug\inthandler.o
 .bss           0x00ffd3c0        0x0 C:\Users\nozomi\Desktop\com\í êMån\20130910\20120510\Debug\init.o
 .bss           0x00ffd3c0        0x0 C:\Users\nozomi\Desktop\com\í êMån\20130910\20120510\Debug\iic2.o
 .bss           0x00ffd3c0        0x0 C:\Users\nozomi\Desktop\com\í êMån\20130910\20120510\Debug\iic1.o
 .bss           0x00ffd3c0        0x0 C:\Users\nozomi\Desktop\com\í êMån\20130910\20120510\Debug\iic0.o
 .bss           0x00ffd3c0        0x0 C:\Users\nozomi\Desktop\com\í êMån\20130910\20120510\Debug\hwinit.o
 .bss           0x00ffd3c0        0x0 C:\Users\nozomi\Desktop\com\í êMån\20130910\20120510\Debug\global.o
 .bss           0x00ffd3c0        0x0 C:\Users\nozomi\Desktop\com\í êMån\20130910\20120510\Debug\fm_tx.o
 .bss           0x00ffd3c0        0x0 C:\Users\nozomi\Desktop\com\í êMån\20130910\20120510\Debug\fm_ptt.o
 .bss           0x00ffd3c0        0x0 C:\Users\nozomi\Desktop\com\í êMån\20130910\20120510\Debug\fm_pllcontrol.o
 .bss           0x00ffd3c0      0x3a0 C:\Users\nozomi\Desktop\com\í êMån\20130910\20120510\Debug\debug.o
 .bss           0x00ffd760        0x6 C:\Users\nozomi\Desktop\com\í êMån\20130910\20120510\Debug\command.o
 *fill*         0x00ffd766        0x2 00
 .bss           0x00ffd768        0x8 C:\Users\nozomi\Desktop\com\í êMån\20130910\20120510\Debug\comm_buffer.o
 .bss           0x00ffd770        0x1 C:\Users\nozomi\Desktop\com\í êMån\20130910\20120510\Debug\adconv.o
 .bss           0x00ffd771        0x0 c:\program files\renesas\hew\tools\kpit\gnuh8-elf\v12.01\h8300-elf\lib\gcc\h8300-elf\4.6-GNUH8_v12.01\h8300h\libgcc.a(_divsi3.o)
 .bss           0x00ffd771        0x0 c:\program files\renesas\hew\tools\kpit\gnuh8-elf\v12.01\h8300-elf\lib\gcc\h8300-elf\4.6-GNUH8_v12.01\h8300h\libgcc.a(_mulsi3.o)
 .bss           0x00ffd771        0x0 c:\program files\renesas\hew\tools\kpit\gnuh8-elf\v12.01\h8300-elf\lib\gcc\h8300-elf\4.6-GNUH8_v12.01\h8300h\libgcc.a(_fixunssfsi.o)
 .bss           0x00ffd771        0x0 c:\program files\renesas\hew\tools\kpit\gnuh8-elf\v12.01\h8300-elf\lib\gcc\h8300-elf\4.6-GNUH8_v12.01\h8300h\libgcc.a(_addsub_sf.o)
 .bss           0x00ffd771        0x0 c:\program files\renesas\hew\tools\kpit\gnuh8-elf\v12.01\h8300-elf\lib\gcc\h8300-elf\4.6-GNUH8_v12.01\h8300h\libgcc.a(_div_sf.o)
 .bss           0x00ffd771        0x0 c:\program files\renesas\hew\tools\kpit\gnuh8-elf\v12.01\h8300-elf\lib\gcc\h8300-elf\4.6-GNUH8_v12.01\h8300h\libgcc.a(_ge_sf.o)
 .bss           0x00ffd771        0x0 c:\program files\renesas\hew\tools\kpit\gnuh8-elf\v12.01\h8300-elf\lib\gcc\h8300-elf\4.6-GNUH8_v12.01\h8300h\libgcc.a(_si_to_sf.o)
 .bss           0x00ffd771        0x0 c:\program files\renesas\hew\tools\kpit\gnuh8-elf\v12.01\h8300-elf\lib\gcc\h8300-elf\4.6-GNUH8_v12.01\h8300h\libgcc.a(_sf_to_si.o)
 .bss           0x00ffd771        0x0 c:\program files\renesas\hew\tools\kpit\gnuh8-elf\v12.01\h8300-elf\lib\gcc\h8300-elf\4.6-GNUH8_v12.01\h8300h\libgcc.a(_thenan_sf.o)
 .bss           0x00ffd771        0x0 c:\program files\renesas\hew\tools\kpit\gnuh8-elf\v12.01\h8300-elf\lib\gcc\h8300-elf\4.6-GNUH8_v12.01\h8300h\libgcc.a(_clzsi2.o)
 .bss           0x00ffd771        0x0 c:\program files\renesas\hew\tools\kpit\gnuh8-elf\v12.01\h8300-elf\lib\gcc\h8300-elf\4.6-GNUH8_v12.01\h8300h\libgcc.a(_pack_sf.o)
 .bss           0x00ffd771        0x0 c:\program files\renesas\hew\tools\kpit\gnuh8-elf\v12.01\h8300-elf\lib\gcc\h8300-elf\4.6-GNUH8_v12.01\h8300h\libgcc.a(_unpack_sf.o)
 .bss           0x00ffd771        0x0 c:\program files\renesas\hew\tools\kpit\gnuh8-elf\v12.01\h8300-elf\lib\gcc\h8300-elf\4.6-GNUH8_v12.01\h8300h\libgcc.a(_fpcmp_parts_sf.o)
 .bss           0x00ffd771        0x0 c:\program files\renesas\hew\tools\kpit\gnuh8-elf\v12.01\h8300-elf\lib\gcc\h8300-elf\4.6-GNUH8_v12.01\h8300h\libgcc.a(_clz.o)
 .bss           0x00ffd771        0x0 C:\Users\nozomi\Desktop\com\í êMån\20130910\20120510\Debug\lib20120510.a(exit.o)
 .bss           0x00ffd771        0x0 C:\Users\nozomi\Desktop\com\í êMån\20130910\20120510\Debug\lib20120510.a(newfree.o)
 .bss           0x00ffd771        0x0 C:\Users\nozomi\Desktop\com\í êMån\20130910\20120510\Debug\lib20120510.a(newheap.o)
 .bss           0x00ffd771        0x0 C:\Users\nozomi\Desktop\com\í êMån\20130910\20120510\Debug\lib20120510.a(newmalloc.o)
 .bss           0x00ffd771        0x0 C:\Users\nozomi\Desktop\com\í êMån\20130910\20120510\Debug\lib20120510.a(_exit.o)
 *(.bss.*)
 *fill*         0x00ffd771        0x3 00
 .bss._heap_of_memory
                0x00ffd774        0x4 C:\Users\nozomi\Desktop\com\í êMån\20130910\20120510\Debug\lib20120510.a(newheap.o)
                0x00ffd774                _heap_of_memory
 .bss._last_heap_object
                0x00ffd778        0x4 C:\Users\nozomi\Desktop\com\í êMån\20130910\20120510\Debug\lib20120510.a(newheap.o)
                0x00ffd778                _last_heap_object
 *(COMMON)
 COMMON         0x00ffd77c        0x2 C:\Users\nozomi\Desktop\com\í êMån\20130910\20120510\Debug\timer.o
                0x00ffd77c                time
 *fill*         0x00ffd77e        0x2 00
 COMMON         0x00ffd780      0x1ac C:\Users\nozomi\Desktop\com\í êMån\20130910\20120510\Debug\teleme.o
                0x00ffd780                ena_overa
                0x00ffd783                flag_dispAD
                0x00ffd786                flag_overa
                0x00ffd789                flag_dteleme
                0x00ffd78c                ena_rteleme
                0x00ffd78f                ena_ateleme
                0x00ffd792                flag_ad
                0x00ffd798                my_wdt
                0x00ffd79c                flag_iteleme
                0x00ffd79f                ena_iteleme
                0x00ffd7a2                ena_mywdt
                0x00ffd7a8                itu1_cnt
                0x00ffd7ac                ena_dteleme
                0x00ffd7af                flag_ateleme
                0x00ffd7b2                ena_ad
                0x00ffd7b5                flag_oteleme
                0x00ffd7b8                flag_rteleme
                0x00ffd7bb                ena_dispAD
                0x00ffd7be                mpx
                0x00ffd7de                status
                0x00ffd85d                ena_oteleme
                0x00ffd860                message_global
 COMMON         0x00ffd92c       0x11 C:\Users\nozomi\Desktop\com\í êMån\20130910\20120510\Debug\rx_protcol_inv.o
                0x00ffd92c                i
                0x00ffd92e                fcslo
                0x00ffd92f                flag_rx
                0x00ffd934                uplink_rx_buff
                0x00ffd938                kbit
                0x00ffd93a                info_length
                0x00ffd93c                fcshi
 COMMON         0x00ffd93d        0xc C:\Users\nozomi\Desktop\com\í êMån\20130910\20120510\Debug\pwr.o
                0x00ffd93d                ena_alive
                0x00ffd940                flag_pwrt
                0x00ffd943                ena_pwrt
                0x00ffd946                flag_alive
 COMMON         0x00ffd949        0x6 C:\Users\nozomi\Desktop\com\í êMån\20130910\20120510\Debug\mission.o
                0x00ffd949                ena_misst
                0x00ffd94c                flag_misst
 *fill*         0x00ffd94f        0x1 00
 COMMON         0x00ffd950        0xd C:\Users\nozomi\Desktop\com\í êMån\20130910\20120510\Debug\message.o
                0x00ffd950                flag_send_fm
                0x00ffd951                flag_exe
                0x00ffd954                FmPreamble
                0x00ffd958                stuff
                0x00ffd959                fcsflag_send_fm
                0x00ffd95a                flag_scirx
 COMMON         0x00ffd95d        0x1 C:\Users\nozomi\Desktop\com\í êMån\20130910\20120510\Debug\iic2.o
                0x00ffd95d                P2_DDR
 *fill*         0x00ffd95e        0x2 00
 COMMON         0x00ffd960      0x168 C:\Users\nozomi\Desktop\com\í êMån\20130910\20120510\Debug\command.o
                0x00ffd960                command_H
                0x00ffd9d8                command_M
                0x00ffda50                command_L
                0x00ffdac8                _ebss = .
                0x00ffdac8                _end = .

.stack          0x00ffff00        0x0
                0x00ffff00                _stack = .
LOAD C:\Users\nozomi\Desktop\com\í êMån\20130910\20120510\Debug\vects.o
LOAD C:\Users\nozomi\Desktop\com\í êMån\20130910\20120510\Debug\timer.o
LOAD C:\Users\nozomi\Desktop\com\í êMån\20130910\20120510\Debug\teleme.o
LOAD C:\Users\nozomi\Desktop\com\í êMån\20130910\20120510\Debug\start.o
LOAD C:\Users\nozomi\Desktop\com\í êMån\20130910\20120510\Debug\sci_util.o
LOAD C:\Users\nozomi\Desktop\com\í êMån\20130910\20120510\Debug\sci2.o
LOAD C:\Users\nozomi\Desktop\com\í êMån\20130910\20120510\Debug\sci1.o
LOAD C:\Users\nozomi\Desktop\com\í êMån\20130910\20120510\Debug\sci0.o
LOAD C:\Users\nozomi\Desktop\com\í êMån\20130910\20120510\Debug\rx_protcol_inv.o
LOAD C:\Users\nozomi\Desktop\com\í êMån\20130910\20120510\Debug\rx_pll_inv.o
LOAD C:\Users\nozomi\Desktop\com\í êMån\20130910\20120510\Debug\rx_main.o
LOAD C:\Users\nozomi\Desktop\com\í êMån\20130910\20120510\Debug\rx.o
LOAD C:\Users\nozomi\Desktop\com\í êMån\20130910\20120510\Debug\pwr.o
LOAD C:\Users\nozomi\Desktop\com\í êMån\20130910\20120510\Debug\put_status.o
LOAD C:\Users\nozomi\Desktop\com\í êMån\20130910\20120510\Debug\mission.o
LOAD C:\Users\nozomi\Desktop\com\í êMån\20130910\20120510\Debug\message.o
LOAD C:\Users\nozomi\Desktop\com\í êMån\20130910\20120510\Debug\itu1.o
LOAD C:\Users\nozomi\Desktop\com\í êMån\20130910\20120510\Debug\itu0.o
LOAD C:\Users\nozomi\Desktop\com\í êMån\20130910\20120510\Debug\inthandler.o
LOAD C:\Users\nozomi\Desktop\com\í êMån\20130910\20120510\Debug\init.o
LOAD C:\Users\nozomi\Desktop\com\í êMån\20130910\20120510\Debug\iic2.o
LOAD C:\Users\nozomi\Desktop\com\í êMån\20130910\20120510\Debug\iic1.o
LOAD C:\Users\nozomi\Desktop\com\í êMån\20130910\20120510\Debug\iic0.o
LOAD C:\Users\nozomi\Desktop\com\í êMån\20130910\20120510\Debug\hwinit.o
LOAD C:\Users\nozomi\Desktop\com\í êMån\20130910\20120510\Debug\global.o
LOAD C:\Users\nozomi\Desktop\com\í êMån\20130910\20120510\Debug\fm_tx.o
LOAD C:\Users\nozomi\Desktop\com\í êMån\20130910\20120510\Debug\fm_ptt.o
LOAD C:\Users\nozomi\Desktop\com\í êMån\20130910\20120510\Debug\fm_pllcontrol.o
LOAD C:\Users\nozomi\Desktop\com\í êMån\20130910\20120510\Debug\debug.o
LOAD C:\Users\nozomi\Desktop\com\í êMån\20130910\20120510\Debug\command.o
LOAD C:\Users\nozomi\Desktop\com\í êMån\20130910\20120510\Debug\comm_buffer.o
LOAD C:\Users\nozomi\Desktop\com\í êMån\20130910\20120510\Debug\adconv.o
START GROUP
LOAD c:\program files\renesas\hew\tools\kpit\gnuh8-elf\v12.01\h8300-elf\lib\gcc\h8300-elf\4.6-GNUH8_v12.01\h8300h\libgcc.a
LOAD C:\Users\nozomi\Desktop\com\í êMån\20130910\20120510\Debug\lib20120510.a
END GROUP
OUTPUT(C:\Users\nozomi\Desktop\com\í êMån\20130910\20120510\Debug\20130910.x elf32-h8300)

.debug_info     0x00000000     0xba5c
 .debug_info    0x00000000       0x64 C:\Users\nozomi\Desktop\com\í êMån\20130910\20120510\Debug\vects.o
 .debug_info    0x00000064      0x667 C:\Users\nozomi\Desktop\com\í êMån\20130910\20120510\Debug\timer.o
 .debug_info    0x000006cb      0x7e6 C:\Users\nozomi\Desktop\com\í êMån\20130910\20120510\Debug\teleme.o
 .debug_info    0x00000eb1       0xad C:\Users\nozomi\Desktop\com\í êMån\20130910\20120510\Debug\start.o
 .debug_info    0x00000f5e      0x158 C:\Users\nozomi\Desktop\com\í êMån\20130910\20120510\Debug\sci_util.o
 .debug_info    0x000010b6      0x6aa C:\Users\nozomi\Desktop\com\í êMån\20130910\20120510\Debug\sci2.o
 .debug_info    0x00001760      0x6fc C:\Users\nozomi\Desktop\com\í êMån\20130910\20120510\Debug\sci1.o
 .debug_info    0x00001e5c      0x6aa C:\Users\nozomi\Desktop\com\í êMån\20130910\20120510\Debug\sci0.o
 .debug_info    0x00002506      0xddd C:\Users\nozomi\Desktop\com\í êMån\20130910\20120510\Debug\rx_protcol_inv.o
 .debug_info    0x000032e3      0x398 C:\Users\nozomi\Desktop\com\í êMån\20130910\20120510\Debug\rx_pll_inv.o
 .debug_info    0x0000367b      0x363 C:\Users\nozomi\Desktop\com\í êMån\20130910\20120510\Debug\rx_main.o
 .debug_info    0x000039de      0x213 C:\Users\nozomi\Desktop\com\í êMån\20130910\20120510\Debug\rx.o
 .debug_info    0x00003bf1      0x4cf C:\Users\nozomi\Desktop\com\í êMån\20130910\20120510\Debug\pwr.o
 .debug_info    0x000040c0      0x971 C:\Users\nozomi\Desktop\com\í êMån\20130910\20120510\Debug\put_status.o
 .debug_info    0x00004a31      0x983 C:\Users\nozomi\Desktop\com\í êMån\20130910\20120510\Debug\mission.o
 .debug_info    0x000053b4      0xbfe C:\Users\nozomi\Desktop\com\í êMån\20130910\20120510\Debug\message.o
 .debug_info    0x00005fb2      0xc5a C:\Users\nozomi\Desktop\com\í êMån\20130910\20120510\Debug\itu1.o
 .debug_info    0x00006c0c      0x818 C:\Users\nozomi\Desktop\com\í êMån\20130910\20120510\Debug\itu0.o
 .debug_info    0x00007424      0x2ad C:\Users\nozomi\Desktop\com\í êMån\20130910\20120510\Debug\inthandler.o
 .debug_info    0x000076d1      0x850 C:\Users\nozomi\Desktop\com\í êMån\20130910\20120510\Debug\init.o
 .debug_info    0x00007f21      0x410 C:\Users\nozomi\Desktop\com\í êMån\20130910\20120510\Debug\iic2.o
 .debug_info    0x00008331      0x410 C:\Users\nozomi\Desktop\com\í êMån\20130910\20120510\Debug\iic1.o
 .debug_info    0x00008741      0x410 C:\Users\nozomi\Desktop\com\í êMån\20130910\20120510\Debug\iic0.o
 .debug_info    0x00008b51       0x53 C:\Users\nozomi\Desktop\com\í êMån\20130910\20120510\Debug\hwinit.o
 .debug_info    0x00008ba4      0x6cf C:\Users\nozomi\Desktop\com\í êMån\20130910\20120510\Debug\global.o
 .debug_info    0x00009273      0x59c C:\Users\nozomi\Desktop\com\í êMån\20130910\20120510\Debug\fm_tx.o
 .debug_info    0x0000980f      0x114 C:\Users\nozomi\Desktop\com\í êMån\20130910\20120510\Debug\fm_ptt.o
 .debug_info    0x00009923      0x3ba C:\Users\nozomi\Desktop\com\í êMån\20130910\20120510\Debug\fm_pllcontrol.o
 .debug_info    0x00009cdd      0xf2e C:\Users\nozomi\Desktop\com\í êMån\20130910\20120510\Debug\debug.o
 .debug_info    0x0000ac0b      0x58e C:\Users\nozomi\Desktop\com\í êMån\20130910\20120510\Debug\command.o
 .debug_info    0x0000b199      0x15e C:\Users\nozomi\Desktop\com\í êMån\20130910\20120510\Debug\comm_buffer.o
 .debug_info    0x0000b2f7      0x765 C:\Users\nozomi\Desktop\com\í êMån\20130910\20120510\Debug\adconv.o

.debug_abbrev   0x00000000     0x269a
 .debug_abbrev  0x00000000       0x62 C:\Users\nozomi\Desktop\com\í êMån\20130910\20120510\Debug\vects.o
 .debug_abbrev  0x00000062      0x140 C:\Users\nozomi\Desktop\com\í êMån\20130910\20120510\Debug\timer.o
 .debug_abbrev  0x000001a2      0x140 C:\Users\nozomi\Desktop\com\í êMån\20130910\20120510\Debug\teleme.o
 .debug_abbrev  0x000002e2       0x14 C:\Users\nozomi\Desktop\com\í êMån\20130910\20120510\Debug\start.o
 .debug_abbrev  0x000002f6       0xb1 C:\Users\nozomi\Desktop\com\í êMån\20130910\20120510\Debug\sci_util.o
 .debug_abbrev  0x000003a7      0x1be C:\Users\nozomi\Desktop\com\í êMån\20130910\20120510\Debug\sci2.o
 .debug_abbrev  0x00000565      0x1be C:\Users\nozomi\Desktop\com\í êMån\20130910\20120510\Debug\sci1.o
 .debug_abbrev  0x00000723      0x1be C:\Users\nozomi\Desktop\com\í êMån\20130910\20120510\Debug\sci0.o
 .debug_abbrev  0x000008e1      0x287 C:\Users\nozomi\Desktop\com\í êMån\20130910\20120510\Debug\rx_protcol_inv.o
 .debug_abbrev  0x00000b68      0x10e C:\Users\nozomi\Desktop\com\í êMån\20130910\20120510\Debug\rx_pll_inv.o
 .debug_abbrev  0x00000c76      0x1b3 C:\Users\nozomi\Desktop\com\í êMån\20130910\20120510\Debug\rx_main.o
 .debug_abbrev  0x00000e29       0xe8 C:\Users\nozomi\Desktop\com\í êMån\20130910\20120510\Debug\rx.o
 .debug_abbrev  0x00000f11       0xde C:\Users\nozomi\Desktop\com\í êMån\20130910\20120510\Debug\pwr.o
 .debug_abbrev  0x00000fef      0x120 C:\Users\nozomi\Desktop\com\í êMån\20130910\20120510\Debug\put_status.o
 .debug_abbrev  0x0000110f      0x1cb C:\Users\nozomi\Desktop\com\í êMån\20130910\20120510\Debug\mission.o
 .debug_abbrev  0x000012da      0x1b6 C:\Users\nozomi\Desktop\com\í êMån\20130910\20120510\Debug\message.o
 .debug_abbrev  0x00001490      0x170 C:\Users\nozomi\Desktop\com\í êMån\20130910\20120510\Debug\itu1.o
 .debug_abbrev  0x00001600      0x13e C:\Users\nozomi\Desktop\com\í êMån\20130910\20120510\Debug\itu0.o
 .debug_abbrev  0x0000173e       0x27 C:\Users\nozomi\Desktop\com\í êMån\20130910\20120510\Debug\inthandler.o
 .debug_abbrev  0x00001765      0x121 C:\Users\nozomi\Desktop\com\í êMån\20130910\20120510\Debug\init.o
 .debug_abbrev  0x00001886      0x147 C:\Users\nozomi\Desktop\com\í êMån\20130910\20120510\Debug\iic2.o
 .debug_abbrev  0x000019cd      0x147 C:\Users\nozomi\Desktop\com\í êMån\20130910\20120510\Debug\iic1.o
 .debug_abbrev  0x00001b14      0x147 C:\Users\nozomi\Desktop\com\í êMån\20130910\20120510\Debug\iic0.o
 .debug_abbrev  0x00001c5b       0x32 C:\Users\nozomi\Desktop\com\í êMån\20130910\20120510\Debug\hwinit.o
 .debug_abbrev  0x00001c8d      0x104 C:\Users\nozomi\Desktop\com\í êMån\20130910\20120510\Debug\global.o
 .debug_abbrev  0x00001d91      0x1c8 C:\Users\nozomi\Desktop\com\í êMån\20130910\20120510\Debug\fm_tx.o
 .debug_abbrev  0x00001f59       0x7d C:\Users\nozomi\Desktop\com\í êMån\20130910\20120510\Debug\fm_ptt.o
 .debug_abbrev  0x00001fd6       0xe4 C:\Users\nozomi\Desktop\com\í êMån\20130910\20120510\Debug\fm_pllcontrol.o
 .debug_abbrev  0x000020ba      0x1d6 C:\Users\nozomi\Desktop\com\í êMån\20130910\20120510\Debug\debug.o
 .debug_abbrev  0x00002290      0x198 C:\Users\nozomi\Desktop\com\í êMån\20130910\20120510\Debug\command.o
 .debug_abbrev  0x00002428       0x94 C:\Users\nozomi\Desktop\com\í êMån\20130910\20120510\Debug\comm_buffer.o
 .debug_abbrev  0x000024bc      0x1de C:\Users\nozomi\Desktop\com\í êMån\20130910\20120510\Debug\adconv.o

.debug_line     0x00000000     0x9175
 .debug_line    0x00000000       0x64 C:\Users\nozomi\Desktop\com\í êMån\20130910\20120510\Debug\vects.o
 .debug_line    0x00000064      0x20a C:\Users\nozomi\Desktop\com\í êMån\20130910\20120510\Debug\timer.o
 .debug_line    0x0000026e      0x8a5 C:\Users\nozomi\Desktop\com\í êMån\20130910\20120510\Debug\teleme.o
 .debug_line    0x00000b13       0x87 C:\Users\nozomi\Desktop\com\í êMån\20130910\20120510\Debug\start.o
 .debug_line    0x00000b9a      0x14f C:\Users\nozomi\Desktop\com\í êMån\20130910\20120510\Debug\sci_util.o
 .debug_line    0x00000ce9      0x4ca C:\Users\nozomi\Desktop\com\í êMån\20130910\20120510\Debug\sci2.o
 .debug_line    0x000011b3      0x5ac C:\Users\nozomi\Desktop\com\í êMån\20130910\20120510\Debug\sci1.o
 .debug_line    0x0000175f      0x4ca C:\Users\nozomi\Desktop\com\í êMån\20130910\20120510\Debug\sci0.o
 .debug_line    0x00001c29      0x761 C:\Users\nozomi\Desktop\com\í êMån\20130910\20120510\Debug\rx_protcol_inv.o
 .debug_line    0x0000238a      0x274 C:\Users\nozomi\Desktop\com\í êMån\20130910\20120510\Debug\rx_pll_inv.o
 .debug_line    0x000025fe      0x1d9 C:\Users\nozomi\Desktop\com\í êMån\20130910\20120510\Debug\rx_main.o
 .debug_line    0x000027d7      0x154 C:\Users\nozomi\Desktop\com\í êMån\20130910\20120510\Debug\rx.o
 .debug_line    0x0000292b      0x21c C:\Users\nozomi\Desktop\com\í êMån\20130910\20120510\Debug\pwr.o
 .debug_line    0x00002b47      0x624 C:\Users\nozomi\Desktop\com\í êMån\20130910\20120510\Debug\put_status.o
 .debug_line    0x0000316b      0x41e C:\Users\nozomi\Desktop\com\í êMån\20130910\20120510\Debug\mission.o
 .debug_line    0x00003589      0xeb0 C:\Users\nozomi\Desktop\com\í êMån\20130910\20120510\Debug\message.o
 .debug_line    0x00004439      0x2ee C:\Users\nozomi\Desktop\com\í êMån\20130910\20120510\Debug\itu1.o
 .debug_line    0x00004727      0x161 C:\Users\nozomi\Desktop\com\í êMån\20130910\20120510\Debug\itu0.o
 .debug_line    0x00004888      0x259 C:\Users\nozomi\Desktop\com\í êMån\20130910\20120510\Debug\inthandler.o
 .debug_line    0x00004ae1      0x2b4 C:\Users\nozomi\Desktop\com\í êMån\20130910\20120510\Debug\init.o
 .debug_line    0x00004d95      0x488 C:\Users\nozomi\Desktop\com\í êMån\20130910\20120510\Debug\iic2.o
 .debug_line    0x0000521d      0x488 C:\Users\nozomi\Desktop\com\í êMån\20130910\20120510\Debug\iic1.o
 .debug_line    0x000056a5      0x488 C:\Users\nozomi\Desktop\com\í êMån\20130910\20120510\Debug\iic0.o
 .debug_line    0x00005b2d       0x75 C:\Users\nozomi\Desktop\com\í êMån\20130910\20120510\Debug\hwinit.o
 .debug_line    0x00005ba2      0x3ab C:\Users\nozomi\Desktop\com\í êMån\20130910\20120510\Debug\global.o
 .debug_line    0x00005f4d      0x75b C:\Users\nozomi\Desktop\com\í êMån\20130910\20120510\Debug\fm_tx.o
 .debug_line    0x000066a8       0xda C:\Users\nozomi\Desktop\com\í êMån\20130910\20120510\Debug\fm_ptt.o
 .debug_line    0x00006782      0x2a5 C:\Users\nozomi\Desktop\com\í êMån\20130910\20120510\Debug\fm_pllcontrol.o
 .debug_line    0x00006a27     0x1825 C:\Users\nozomi\Desktop\com\í êMån\20130910\20120510\Debug\debug.o
 .debug_line    0x0000824c      0x97f C:\Users\nozomi\Desktop\com\í êMån\20130910\20120510\Debug\command.o
 .debug_line    0x00008bcb      0x116 C:\Users\nozomi\Desktop\com\í êMån\20130910\20120510\Debug\comm_buffer.o
 .debug_line    0x00008ce1      0x494 C:\Users\nozomi\Desktop\com\í êMån\20130910\20120510\Debug\adconv.o

.debug_str      0x00000000     0x1d07
 .debug_str     0x00000000       0x76 C:\Users\nozomi\Desktop\com\í êMån\20130910\20120510\Debug\vects.o
 .debug_str     0x00000076      0x1af C:\Users\nozomi\Desktop\com\í êMån\20130910\20120510\Debug\timer.o
                                0x1ef (size before relaxing)
 .debug_str     0x00000225      0x256 C:\Users\nozomi\Desktop\com\í êMån\20130910\20120510\Debug\teleme.o
                                0x2ce (size before relaxing)
 .debug_str     0x0000047b       0x9f C:\Users\nozomi\Desktop\com\í êMån\20130910\20120510\Debug\sci_util.o
                                 0xf8 (size before relaxing)
 .debug_str     0x0000051a      0x17c C:\Users\nozomi\Desktop\com\í êMån\20130910\20120510\Debug\sci2.o
                                0x1f4 (size before relaxing)
 .debug_str     0x00000696      0x120 C:\Users\nozomi\Desktop\com\í êMån\20130910\20120510\Debug\sci1.o
                                0x206 (size before relaxing)
 .debug_str     0x000007b6      0x113 C:\Users\nozomi\Desktop\com\í êMån\20130910\20120510\Debug\sci0.o
                                0x1f4 (size before relaxing)
 .debug_str     0x000008c9      0x1b8 C:\Users\nozomi\Desktop\com\í êMån\20130910\20120510\Debug\rx_protcol_inv.o
                                0x39b (size before relaxing)
 .debug_str     0x00000a81      0x12f C:\Users\nozomi\Desktop\com\í êMån\20130910\20120510\Debug\rx_pll_inv.o
                                0x20a (size before relaxing)
 .debug_str     0x00000bb0       0x4b C:\Users\nozomi\Desktop\com\í êMån\20130910\20120510\Debug\rx_main.o
                                0x148 (size before relaxing)
 .debug_str     0x00000bfb       0x3a C:\Users\nozomi\Desktop\com\í êMån\20130910\20120510\Debug\rx.o
                                0x10a (size before relaxing)
 .debug_str     0x00000c35       0xcf C:\Users\nozomi\Desktop\com\í êMån\20130910\20120510\Debug\pwr.o
                                0x23c (size before relaxing)
 .debug_str     0x00000d04      0x14c C:\Users\nozomi\Desktop\com\í êMån\20130910\20120510\Debug\put_status.o
                                0x252 (size before relaxing)
 .debug_str     0x00000e50       0xd5 C:\Users\nozomi\Desktop\com\í êMån\20130910\20120510\Debug\mission.o
                                0x2e6 (size before relaxing)
 .debug_str     0x00000f25      0x2b9 C:\Users\nozomi\Desktop\com\í êMån\20130910\20120510\Debug\message.o
                                0x44c (size before relaxing)
 .debug_str     0x000011de       0x50 C:\Users\nozomi\Desktop\com\í êMån\20130910\20120510\Debug\itu1.o
                                0x3e0 (size before relaxing)
 .debug_str     0x0000122e       0x5a C:\Users\nozomi\Desktop\com\í êMån\20130910\20120510\Debug\itu0.o
                                0x272 (size before relaxing)
 .debug_str     0x00001288      0x174 C:\Users\nozomi\Desktop\com\í êMån\20130910\20120510\Debug\inthandler.o
                                0x18b (size before relaxing)
 .debug_str     0x000013fc       0x6e C:\Users\nozomi\Desktop\com\í êMån\20130910\20120510\Debug\init.o
                                0x2e6 (size before relaxing)
 .debug_str     0x0000146a       0xe3 C:\Users\nozomi\Desktop\com\í êMån\20130910\20120510\Debug\iic2.o
                                0x147 (size before relaxing)
 .debug_str     0x0000154d       0x98 C:\Users\nozomi\Desktop\com\í êMån\20130910\20120510\Debug\iic1.o
                                0x147 (size before relaxing)
 .debug_str     0x000015e5       0x98 C:\Users\nozomi\Desktop\com\í êMån\20130910\20120510\Debug\iic0.o
                                0x147 (size before relaxing)
 .debug_str     0x0000167d       0x4c C:\Users\nozomi\Desktop\com\í êMån\20130910\20120510\Debug\hwinit.o
                                 0x9b (size before relaxing)
 .debug_str     0x000016c9       0x7d C:\Users\nozomi\Desktop\com\í êMån\20130910\20120510\Debug\global.o
                                0x28b (size before relaxing)
 .debug_str     0x00001746      0x12c C:\Users\nozomi\Desktop\com\í êMån\20130910\20120510\Debug\fm_tx.o
                                0x229 (size before relaxing)
 .debug_str     0x00001872       0x3e C:\Users\nozomi\Desktop\com\í êMån\20130910\20120510\Debug\fm_ptt.o
                                 0xad (size before relaxing)
 .debug_str     0x000018b0       0xd1 C:\Users\nozomi\Desktop\com\í êMån\20130910\20120510\Debug\fm_pllcontrol.o
                                0x1ee (size before relaxing)
 .debug_str     0x00001981      0x185 C:\Users\nozomi\Desktop\com\í êMån\20130910\20120510\Debug\debug.o
                                0x403 (size before relaxing)
 .debug_str     0x00001b06       0xd9 C:\Users\nozomi\Desktop\com\í êMån\20130910\20120510\Debug\command.o
                                0x2a4 (size before relaxing)
 .debug_str     0x00001bdf       0x54 C:\Users\nozomi\Desktop\com\í êMån\20130910\20120510\Debug\comm_buffer.o
                                0x116 (size before relaxing)
 .debug_str     0x00001c33       0xd4 C:\Users\nozomi\Desktop\com\í êMån\20130910\20120510\Debug\adconv.o
                                0x217 (size before relaxing)

.comment        0x00000000       0x38
 .comment       0x00000000       0x1c C:\Users\nozomi\Desktop\com\í êMån\20130910\20120510\Debug\vects.o
                                 0x1d (size before relaxing)
 .comment       0x00000000       0x1d C:\Users\nozomi\Desktop\com\í êMån\20130910\20120510\Debug\timer.o
 .comment       0x00000000       0x1d C:\Users\nozomi\Desktop\com\í êMån\20130910\20120510\Debug\teleme.o
 .comment       0x00000000       0x1d C:\Users\nozomi\Desktop\com\í êMån\20130910\20120510\Debug\sci_util.o
 .comment       0x00000000       0x1d C:\Users\nozomi\Desktop\com\í êMån\20130910\20120510\Debug\sci2.o
 .comment       0x00000000       0x1d C:\Users\nozomi\Desktop\com\í êMån\20130910\20120510\Debug\sci1.o
 .comment       0x00000000       0x1d C:\Users\nozomi\Desktop\com\í êMån\20130910\20120510\Debug\sci0.o
 .comment       0x00000000       0x1d C:\Users\nozomi\Desktop\com\í êMån\20130910\20120510\Debug\rx_protcol_inv.o
 .comment       0x00000000       0x1d C:\Users\nozomi\Desktop\com\í êMån\20130910\20120510\Debug\rx_pll_inv.o
 .comment       0x00000000       0x1d C:\Users\nozomi\Desktop\com\í êMån\20130910\20120510\Debug\rx_main.o
 .comment       0x00000000       0x1d C:\Users\nozomi\Desktop\com\í êMån\20130910\20120510\Debug\rx.o
 .comment       0x00000000       0x1d C:\Users\nozomi\Desktop\com\í êMån\20130910\20120510\Debug\pwr.o
 .comment       0x00000000       0x1d C:\Users\nozomi\Desktop\com\í êMån\20130910\20120510\Debug\put_status.o
 .comment       0x00000000       0x1d C:\Users\nozomi\Desktop\com\í êMån\20130910\20120510\Debug\mission.o
 .comment       0x00000000       0x1d C:\Users\nozomi\Desktop\com\í êMån\20130910\20120510\Debug\message.o
 .comment       0x00000000       0x1d C:\Users\nozomi\Desktop\com\í êMån\20130910\20120510\Debug\itu1.o
 .comment       0x00000000       0x1d C:\Users\nozomi\Desktop\com\í êMån\20130910\20120510\Debug\itu0.o
 .comment       0x00000000       0x1d C:\Users\nozomi\Desktop\com\í êMån\20130910\20120510\Debug\inthandler.o
 .comment       0x00000000       0x1d C:\Users\nozomi\Desktop\com\í êMån\20130910\20120510\Debug\init.o
 .comment       0x00000000       0x1d C:\Users\nozomi\Desktop\com\í êMån\20130910\20120510\Debug\iic2.o
 .comment       0x00000000       0x1d C:\Users\nozomi\Desktop\com\í êMån\20130910\20120510\Debug\iic1.o
 .comment       0x00000000       0x1d C:\Users\nozomi\Desktop\com\í êMån\20130910\20120510\Debug\iic0.o
 .comment       0x00000000       0x1d C:\Users\nozomi\Desktop\com\í êMån\20130910\20120510\Debug\hwinit.o
 .comment       0x00000000       0x1d C:\Users\nozomi\Desktop\com\í êMån\20130910\20120510\Debug\global.o
 .comment       0x00000000       0x1d C:\Users\nozomi\Desktop\com\í êMån\20130910\20120510\Debug\fm_tx.o
 .comment       0x00000000       0x1d C:\Users\nozomi\Desktop\com\í êMån\20130910\20120510\Debug\fm_ptt.o
 .comment       0x00000000       0x1d C:\Users\nozomi\Desktop\com\í êMån\20130910\20120510\Debug\fm_pllcontrol.o
 .comment       0x00000000       0x1d C:\Users\nozomi\Desktop\com\í êMån\20130910\20120510\Debug\debug.o
 .comment       0x00000000       0x1d C:\Users\nozomi\Desktop\com\í êMån\20130910\20120510\Debug\command.o
 .comment       0x00000000       0x1d C:\Users\nozomi\Desktop\com\í êMån\20130910\20120510\Debug\comm_buffer.o
 .comment       0x00000000       0x1d C:\Users\nozomi\Desktop\com\í êMån\20130910\20120510\Debug\adconv.o
 .comment       0x00000000       0x1d c:\program files\renesas\hew\tools\kpit\gnuh8-elf\v12.01\h8300-elf\lib\gcc\h8300-elf\4.6-GNUH8_v12.01\h8300h\libgcc.a(_fixunssfsi.o)
 .comment       0x00000000       0x1d c:\program files\renesas\hew\tools\kpit\gnuh8-elf\v12.01\h8300-elf\lib\gcc\h8300-elf\4.6-GNUH8_v12.01\h8300h\libgcc.a(_addsub_sf.o)
 .comment       0x00000000       0x1d c:\program files\renesas\hew\tools\kpit\gnuh8-elf\v12.01\h8300-elf\lib\gcc\h8300-elf\4.6-GNUH8_v12.01\h8300h\libgcc.a(_div_sf.o)
 .comment       0x00000000       0x1d c:\program files\renesas\hew\tools\kpit\gnuh8-elf\v12.01\h8300-elf\lib\gcc\h8300-elf\4.6-GNUH8_v12.01\h8300h\libgcc.a(_ge_sf.o)
 .comment       0x00000000       0x1d c:\program files\renesas\hew\tools\kpit\gnuh8-elf\v12.01\h8300-elf\lib\gcc\h8300-elf\4.6-GNUH8_v12.01\h8300h\libgcc.a(_si_to_sf.o)
 .comment       0x00000000       0x1d c:\program files\renesas\hew\tools\kpit\gnuh8-elf\v12.01\h8300-elf\lib\gcc\h8300-elf\4.6-GNUH8_v12.01\h8300h\libgcc.a(_sf_to_si.o)
 .comment       0x00000000       0x1d c:\program files\renesas\hew\tools\kpit\gnuh8-elf\v12.01\h8300-elf\lib\gcc\h8300-elf\4.6-GNUH8_v12.01\h8300h\libgcc.a(_thenan_sf.o)
 .comment       0x00000000       0x1d c:\program files\renesas\hew\tools\kpit\gnuh8-elf\v12.01\h8300-elf\lib\gcc\h8300-elf\4.6-GNUH8_v12.01\h8300h\libgcc.a(_clzsi2.o)
 .comment       0x00000000       0x1d c:\program files\renesas\hew\tools\kpit\gnuh8-elf\v12.01\h8300-elf\lib\gcc\h8300-elf\4.6-GNUH8_v12.01\h8300h\libgcc.a(_pack_sf.o)
 .comment       0x00000000       0x1d c:\program files\renesas\hew\tools\kpit\gnuh8-elf\v12.01\h8300-elf\lib\gcc\h8300-elf\4.6-GNUH8_v12.01\h8300h\libgcc.a(_unpack_sf.o)
 .comment       0x00000000       0x1d c:\program files\renesas\hew\tools\kpit\gnuh8-elf\v12.01\h8300-elf\lib\gcc\h8300-elf\4.6-GNUH8_v12.01\h8300h\libgcc.a(_fpcmp_parts_sf.o)
 .comment       0x00000000       0x1d c:\program files\renesas\hew\tools\kpit\gnuh8-elf\v12.01\h8300-elf\lib\gcc\h8300-elf\4.6-GNUH8_v12.01\h8300h\libgcc.a(_clz.o)
 .comment       0x0000001c       0x1c C:\Users\nozomi\Desktop\com\í êMån\20130910\20120510\Debug\lib20120510.a(exit.o)
                                 0x1d (size before relaxing)
 .comment       0x00000000       0x1d C:\Users\nozomi\Desktop\com\í êMån\20130910\20120510\Debug\lib20120510.a(newfree.o)
 .comment       0x00000000       0x1d C:\Users\nozomi\Desktop\com\í êMån\20130910\20120510\Debug\lib20120510.a(newheap.o)
 .comment       0x00000000       0x1d C:\Users\nozomi\Desktop\com\í êMån\20130910\20120510\Debug\lib20120510.a(newmalloc.o)

.debug_frame    0x00000000     0x25a0
 .debug_frame   0x00000000       0x80 C:\Users\nozomi\Desktop\com\í êMån\20130910\20120510\Debug\timer.o
 .debug_frame   0x00000080      0x158 C:\Users\nozomi\Desktop\com\í êMån\20130910\20120510\Debug\teleme.o
 .debug_frame   0x000001d8      0x114 C:\Users\nozomi\Desktop\com\í êMån\20130910\20120510\Debug\sci_util.o
 .debug_frame   0x000002ec      0x210 C:\Users\nozomi\Desktop\com\í êMån\20130910\20120510\Debug\sci2.o
 .debug_frame   0x000004fc      0x234 C:\Users\nozomi\Desktop\com\í êMån\20130910\20120510\Debug\sci1.o
 .debug_frame   0x00000730      0x210 C:\Users\nozomi\Desktop\com\í êMån\20130910\20120510\Debug\sci0.o
 .debug_frame   0x00000940      0x164 C:\Users\nozomi\Desktop\com\í êMån\20130910\20120510\Debug\rx_protcol_inv.o
 .debug_frame   0x00000aa4      0x11c C:\Users\nozomi\Desktop\com\í êMån\20130910\20120510\Debug\rx_pll_inv.o
 .debug_frame   0x00000bc0       0x38 C:\Users\nozomi\Desktop\com\í êMån\20130910\20120510\Debug\rx_main.o
 .debug_frame   0x00000bf8       0x38 C:\Users\nozomi\Desktop\com\í êMån\20130910\20120510\Debug\rx.o
 .debug_frame   0x00000c30       0xec C:\Users\nozomi\Desktop\com\í êMån\20130910\20120510\Debug\pwr.o
 .debug_frame   0x00000d1c      0x14c C:\Users\nozomi\Desktop\com\í êMån\20130910\20120510\Debug\put_status.o
 .debug_frame   0x00000e68      0x120 C:\Users\nozomi\Desktop\com\í êMån\20130910\20120510\Debug\mission.o
 .debug_frame   0x00000f88      0x224 C:\Users\nozomi\Desktop\com\í êMån\20130910\20120510\Debug\message.o
 .debug_frame   0x000011ac       0x6c C:\Users\nozomi\Desktop\com\í êMån\20130910\20120510\Debug\itu1.o
 .debug_frame   0x00001218       0x90 C:\Users\nozomi\Desktop\com\í êMån\20130910\20120510\Debug\itu0.o
 .debug_frame   0x000012a8      0x470 C:\Users\nozomi\Desktop\com\í êMån\20130910\20120510\Debug\inthandler.o
 .debug_frame   0x00001718       0x8c C:\Users\nozomi\Desktop\com\í êMån\20130910\20120510\Debug\init.o
 .debug_frame   0x000017a4      0x17c C:\Users\nozomi\Desktop\com\í êMån\20130910\20120510\Debug\iic2.o
 .debug_frame   0x00001920      0x17c C:\Users\nozomi\Desktop\com\í êMån\20130910\20120510\Debug\iic1.o
 .debug_frame   0x00001a9c      0x17c C:\Users\nozomi\Desktop\com\í êMån\20130910\20120510\Debug\iic0.o
 .debug_frame   0x00001c18       0x38 C:\Users\nozomi\Desktop\com\í êMån\20130910\20120510\Debug\hwinit.o
 .debug_frame   0x00001c50       0xc8 C:\Users\nozomi\Desktop\com\í êMån\20130910\20120510\Debug\global.o
 .debug_frame   0x00001d18      0x1a0 C:\Users\nozomi\Desktop\com\í êMån\20130910\20120510\Debug\fm_tx.o
 .debug_frame   0x00001eb8       0x5c C:\Users\nozomi\Desktop\com\í êMån\20130910\20120510\Debug\fm_ptt.o
 .debug_frame   0x00001f14      0x14c C:\Users\nozomi\Desktop\com\í êMån\20130910\20120510\Debug\fm_pllcontrol.o
 .debug_frame   0x00002060      0x330 C:\Users\nozomi\Desktop\com\í êMån\20130910\20120510\Debug\debug.o
 .debug_frame   0x00002390       0xc8 C:\Users\nozomi\Desktop\com\í êMån\20130910\20120510\Debug\command.o
 .debug_frame   0x00002458       0x38 C:\Users\nozomi\Desktop\com\í êMån\20130910\20120510\Debug\comm_buffer.o
 .debug_frame   0x00002490      0x110 C:\Users\nozomi\Desktop\com\í êMån\20130910\20120510\Debug\adconv.o

.debug_loc      0x00000000     0x27e0
 .debug_loc     0x00000000       0x84 C:\Users\nozomi\Desktop\com\í êMån\20130910\20120510\Debug\timer.o
 .debug_loc     0x00000084      0x160 C:\Users\nozomi\Desktop\com\í êMån\20130910\20120510\Debug\teleme.o
 .debug_loc     0x000001e4      0x134 C:\Users\nozomi\Desktop\com\í êMån\20130910\20120510\Debug\sci_util.o
 .debug_loc     0x00000318      0x23c C:\Users\nozomi\Desktop\com\í êMån\20130910\20120510\Debug\sci2.o
 .debug_loc     0x00000554      0x268 C:\Users\nozomi\Desktop\com\í êMån\20130910\20120510\Debug\sci1.o
 .debug_loc     0x000007bc      0x23c C:\Users\nozomi\Desktop\com\í êMån\20130910\20120510\Debug\sci0.o
 .debug_loc     0x000009f8      0x18c C:\Users\nozomi\Desktop\com\í êMån\20130910\20120510\Debug\rx_protcol_inv.o
 .debug_loc     0x00000b84      0x134 C:\Users\nozomi\Desktop\com\í êMån\20130910\20120510\Debug\rx_pll_inv.o
 .debug_loc     0x00000cb8       0x2c C:\Users\nozomi\Desktop\com\í êMån\20130910\20120510\Debug\rx_main.o
 .debug_loc     0x00000ce4       0x2c C:\Users\nozomi\Desktop\com\í êMån\20130910\20120510\Debug\rx.o
 .debug_loc     0x00000d10      0x108 C:\Users\nozomi\Desktop\com\í êMån\20130910\20120510\Debug\pwr.o
 .debug_loc     0x00000e18      0x108 C:\Users\nozomi\Desktop\com\í êMån\20130910\20120510\Debug\put_status.o
 .debug_loc     0x00000f20      0x134 C:\Users\nozomi\Desktop\com\í êMån\20130910\20120510\Debug\mission.o
 .debug_loc     0x00001054      0x23c C:\Users\nozomi\Desktop\com\í êMån\20130910\20120510\Debug\message.o
 .debug_loc     0x00001290       0x58 C:\Users\nozomi\Desktop\com\í êMån\20130910\20120510\Debug\itu1.o
 .debug_loc     0x000012e8       0x84 C:\Users\nozomi\Desktop\com\í êMån\20130910\20120510\Debug\itu0.o
 .debug_loc     0x0000136c      0x554 C:\Users\nozomi\Desktop\com\í êMån\20130910\20120510\Debug\inthandler.o
 .debug_loc     0x000018c0       0x84 C:\Users\nozomi\Desktop\com\í êMån\20130910\20120510\Debug\init.o
 .debug_loc     0x00001944      0x1b8 C:\Users\nozomi\Desktop\com\í êMån\20130910\20120510\Debug\iic2.o
 .debug_loc     0x00001afc      0x1b8 C:\Users\nozomi\Desktop\com\í êMån\20130910\20120510\Debug\iic1.o
 .debug_loc     0x00001cb4      0x1b8 C:\Users\nozomi\Desktop\com\í êMån\20130910\20120510\Debug\iic0.o
 .debug_loc     0x00001e6c       0x2c C:\Users\nozomi\Desktop\com\í êMån\20130910\20120510\Debug\hwinit.o
 .debug_loc     0x00001e98       0xdc C:\Users\nozomi\Desktop\com\í êMån\20130910\20120510\Debug\global.o
 .debug_loc     0x00001f74      0x1e4 C:\Users\nozomi\Desktop\com\í êMån\20130910\20120510\Debug\fm_tx.o
 .debug_loc     0x00002158       0x58 C:\Users\nozomi\Desktop\com\í êMån\20130910\20120510\Debug\fm_ptt.o
 .debug_loc     0x000021b0      0x160 C:\Users\nozomi\Desktop\com\í êMån\20130910\20120510\Debug\fm_pllcontrol.o
 .debug_loc     0x00002310      0x294 C:\Users\nozomi\Desktop\com\í êMån\20130910\20120510\Debug\debug.o
 .debug_loc     0x000025a4       0xdc C:\Users\nozomi\Desktop\com\í êMån\20130910\20120510\Debug\command.o
 .debug_loc     0x00002680       0x2c C:\Users\nozomi\Desktop\com\í êMån\20130910\20120510\Debug\comm_buffer.o
 .debug_loc     0x000026ac      0x134 C:\Users\nozomi\Desktop\com\í êMån\20130910\20120510\Debug\adconv.o

.debug_aranges  0x00000000      0x3e0
 .debug_aranges
                0x00000000       0x20 C:\Users\nozomi\Desktop\com\í êMån\20130910\20120510\Debug\timer.o
 .debug_aranges
                0x00000020       0x20 C:\Users\nozomi\Desktop\com\í êMån\20130910\20120510\Debug\teleme.o
 .debug_aranges
                0x00000040       0x20 C:\Users\nozomi\Desktop\com\í êMån\20130910\20120510\Debug\start.o
 .debug_aranges
                0x00000060       0x20 C:\Users\nozomi\Desktop\com\í êMån\20130910\20120510\Debug\sci_util.o
 .debug_aranges
                0x00000080       0x20 C:\Users\nozomi\Desktop\com\í êMån\20130910\20120510\Debug\sci2.o
 .debug_aranges
                0x000000a0       0x20 C:\Users\nozomi\Desktop\com\í êMån\20130910\20120510\Debug\sci1.o
 .debug_aranges
                0x000000c0       0x20 C:\Users\nozomi\Desktop\com\í êMån\20130910\20120510\Debug\sci0.o
 .debug_aranges
                0x000000e0       0x20 C:\Users\nozomi\Desktop\com\í êMån\20130910\20120510\Debug\rx_protcol_inv.o
 .debug_aranges
                0x00000100       0x20 C:\Users\nozomi\Desktop\com\í êMån\20130910\20120510\Debug\rx_pll_inv.o
 .debug_aranges
                0x00000120       0x20 C:\Users\nozomi\Desktop\com\í êMån\20130910\20120510\Debug\rx_main.o
 .debug_aranges
                0x00000140       0x20 C:\Users\nozomi\Desktop\com\í êMån\20130910\20120510\Debug\rx.o
 .debug_aranges
                0x00000160       0x20 C:\Users\nozomi\Desktop\com\í êMån\20130910\20120510\Debug\pwr.o
 .debug_aranges
                0x00000180       0x20 C:\Users\nozomi\Desktop\com\í êMån\20130910\20120510\Debug\put_status.o
 .debug_aranges
                0x000001a0       0x20 C:\Users\nozomi\Desktop\com\í êMån\20130910\20120510\Debug\mission.o
 .debug_aranges
                0x000001c0       0x20 C:\Users\nozomi\Desktop\com\í êMån\20130910\20120510\Debug\message.o
 .debug_aranges
                0x000001e0       0x20 C:\Users\nozomi\Desktop\com\í êMån\20130910\20120510\Debug\itu1.o
 .debug_aranges
                0x00000200       0x20 C:\Users\nozomi\Desktop\com\í êMån\20130910\20120510\Debug\itu0.o
 .debug_aranges
                0x00000220       0x20 C:\Users\nozomi\Desktop\com\í êMån\20130910\20120510\Debug\inthandler.o
 .debug_aranges
                0x00000240       0x20 C:\Users\nozomi\Desktop\com\í êMån\20130910\20120510\Debug\init.o
 .debug_aranges
                0x00000260       0x20 C:\Users\nozomi\Desktop\com\í êMån\20130910\20120510\Debug\iic2.o
 .debug_aranges
                0x00000280       0x20 C:\Users\nozomi\Desktop\com\í êMån\20130910\20120510\Debug\iic1.o
 .debug_aranges
                0x000002a0       0x20 C:\Users\nozomi\Desktop\com\í êMån\20130910\20120510\Debug\iic0.o
 .debug_aranges
                0x000002c0       0x20 C:\Users\nozomi\Desktop\com\í êMån\20130910\20120510\Debug\hwinit.o
 .debug_aranges
                0x000002e0       0x20 C:\Users\nozomi\Desktop\com\í êMån\20130910\20120510\Debug\global.o
 .debug_aranges
                0x00000300       0x20 C:\Users\nozomi\Desktop\com\í êMån\20130910\20120510\Debug\fm_tx.o
 .debug_aranges
                0x00000320       0x20 C:\Users\nozomi\Desktop\com\í êMån\20130910\20120510\Debug\fm_ptt.o
 .debug_aranges
                0x00000340       0x20 C:\Users\nozomi\Desktop\com\í êMån\20130910\20120510\Debug\fm_pllcontrol.o
 .debug_aranges
                0x00000360       0x20 C:\Users\nozomi\Desktop\com\í êMån\20130910\20120510\Debug\debug.o
 .debug_aranges
                0x00000380       0x20 C:\Users\nozomi\Desktop\com\í êMån\20130910\20120510\Debug\command.o
 .debug_aranges
                0x000003a0       0x20 C:\Users\nozomi\Desktop\com\í êMån\20130910\20120510\Debug\comm_buffer.o
 .debug_aranges
                0x000003c0       0x20 C:\Users\nozomi\Desktop\com\í êMån\20130910\20120510\Debug\adconv.o

.debug_ranges   0x00000000       0x30
 .debug_ranges  0x00000000       0x18 C:\Users\nozomi\Desktop\com\í êMån\20130910\20120510\Debug\timer.o
 .debug_ranges  0x00000018       0x18 C:\Users\nozomi\Desktop\com\í êMån\20130910\20120510\Debug\command.o


==============================================================

Listfile generated by KPIT GNUH8 [ELF]-v12.01 on Wednesday, September 11, 2013, 11:14:38

Build options:

-T "C:\Users\nozomi\Desktop\com\í êMån\20130910\20120510\Debug\20130910_Debug_auto.gsi"
-T "C:\Users\nozomi\Desktop\com\í êMån\20130910\20120510\Debug\20130910_input.tmp" 
-L "c:\program files\renesas\hew\tools\kpit\gnuh8-elf\v12.01\h8300-elf\lib\gcc\h8300-elf\4.6-GNUH8_v12.01\h8300h"
-L "C:\Users\nozomi\Desktop\com\í êMån\20130910\20120510\Debug"
-Map "C:\Users\nozomi\Desktop\com\í êMån\20130910\20120510\Debug\20130910.map"
-( -l "gcc" -l "20120510" -)
-o "C:\Users\nozomi\Desktop\com\í êMån\20130910\20120510\Debug\20130910.x"
-e _start
INPUT("C:\Users\nozomi\Desktop\com\í êMån\20130910\20120510\Debug\vects.o")
INPUT("C:\Users\nozomi\Desktop\com\í êMån\20130910\20120510\Debug\timer.o")
INPUT("C:\Users\nozomi\Desktop\com\í êMån\20130910\20120510\Debug\teleme.o")
INPUT("C:\Users\nozomi\Desktop\com\í êMån\20130910\20120510\Debug\start.o")
INPUT("C:\Users\nozomi\Desktop\com\í êMån\20130910\20120510\Debug\sci_util.o")
INPUT("C:\Users\nozomi\Desktop\com\í êMån\20130910\20120510\Debug\sci2.o")
INPUT("C:\Users\nozomi\Desktop\com\í êMån\20130910\20120510\Debug\sci1.o")
INPUT("C:\Users\nozomi\Desktop\com\í êMån\20130910\20120510\Debug\sci0.o")
INPUT("C:\Users\nozomi\Desktop\com\í êMån\20130910\20120510\Debug\rx_protcol_inv.o")
INPUT("C:\Users\nozomi\Desktop\com\í êMån\20130910\20120510\Debug\rx_pll_inv.o")
INPUT("C:\Users\nozomi\Desktop\com\í êMån\20130910\20120510\Debug\rx_main.o")
INPUT("C:\Users\nozomi\Desktop\com\í êMån\20130910\20120510\Debug\rx.o")
INPUT("C:\Users\nozomi\Desktop\com\í êMån\20130910\20120510\Debug\pwr.o")
INPUT("C:\Users\nozomi\Desktop\com\í êMån\20130910\20120510\Debug\put_status.o")
INPUT("C:\Users\nozomi\Desktop\com\í êMån\20130910\20120510\Debug\mission.o")
INPUT("C:\Users\nozomi\Desktop\com\í êMån\20130910\20120510\Debug\message.o")
INPUT("C:\Users\nozomi\Desktop\com\í êMån\20130910\20120510\Debug\itu1.o")
INPUT("C:\Users\nozomi\Desktop\com\í êMån\20130910\20120510\Debug\itu0.o")
INPUT("C:\Users\nozomi\Desktop\com\í êMån\20130910\20120510\Debug\inthandler.o")
INPUT("C:\Users\nozomi\Desktop\com\í êMån\20130910\20120510\Debug\init.o")
INPUT("C:\Users\nozomi\Desktop\com\í êMån\20130910\20120510\Debug\iic2.o")
INPUT("C:\Users\nozomi\Desktop\com\í êMån\20130910\20120510\Debug\iic1.o")
INPUT("C:\Users\nozomi\Desktop\com\í êMån\20130910\20120510\Debug\iic0.o")
INPUT("C:\Users\nozomi\Desktop\com\í êMån\20130910\20120510\Debug\hwinit.o")
INPUT("C:\Users\nozomi\Desktop\com\í êMån\20130910\20120510\Debug\global.o")
INPUT("C:\Users\nozomi\Desktop\com\í êMån\20130910\20120510\Debug\fm_tx.o")
INPUT("C:\Users\nozomi\Desktop\com\í êMån\20130910\20120510\Debug\fm_ptt.o")
INPUT("C:\Users\nozomi\Desktop\com\í êMån\20130910\20120510\Debug\fm_pllcontrol.o")
INPUT("C:\Users\nozomi\Desktop\com\í êMån\20130910\20120510\Debug\debug.o")
INPUT("C:\Users\nozomi\Desktop\com\í êMån\20130910\20120510\Debug\command.o")
INPUT("C:\Users\nozomi\Desktop\com\í êMån\20130910\20120510\Debug\comm_buffer.o")
INPUT("C:\Users\nozomi\Desktop\com\í êMån\20130910\20120510\Debug\adconv.o")
