Archive member included because of file (symbol)

c:\program files\renesas\hew\tools\kpit\gnuh8-elf\v12.01\h8300-elf\lib\gcc\h8300-elf\4.6-GNUH8_v12.01\h8300h\libgcc.a(_divsi3.o)
                              C:\Users\nozomi\Desktop\com\í êMån\20130828-600\20120510\Debug\sci2.o (__udivsi3)
c:\program files\renesas\hew\tools\kpit\gnuh8-elf\v12.01\h8300-elf\lib\gcc\h8300-elf\4.6-GNUH8_v12.01\h8300h\libgcc.a(_mulsi3.o)
                              C:\Users\nozomi\Desktop\com\í êMån\20130828-600\20120510\Debug\sci2.o (__mulsi3)
c:\program files\renesas\hew\tools\kpit\gnuh8-elf\v12.01\h8300-elf\lib\gcc\h8300-elf\4.6-GNUH8_v12.01\h8300h\libgcc.a(_fixunssfsi.o)
                              C:\Users\nozomi\Desktop\com\í êMån\20130828-600\20120510\Debug\teleme.o (__fixunssfsi)
c:\program files\renesas\hew\tools\kpit\gnuh8-elf\v12.01\h8300-elf\lib\gcc\h8300-elf\4.6-GNUH8_v12.01\h8300h\libgcc.a(_addsub_sf.o)
                              c:\program files\renesas\hew\tools\kpit\gnuh8-elf\v12.01\h8300-elf\lib\gcc\h8300-elf\4.6-GNUH8_v12.01\h8300h\libgcc.a(_fixunssfsi.o) (__subsf3)
c:\program files\renesas\hew\tools\kpit\gnuh8-elf\v12.01\h8300-elf\lib\gcc\h8300-elf\4.6-GNUH8_v12.01\h8300h\libgcc.a(_div_sf.o)
                              C:\Users\nozomi\Desktop\com\í êMån\20130828-600\20120510\Debug\teleme.o (__divsf3)
c:\program files\renesas\hew\tools\kpit\gnuh8-elf\v12.01\h8300-elf\lib\gcc\h8300-elf\4.6-GNUH8_v12.01\h8300h\libgcc.a(_ge_sf.o)
                              c:\program files\renesas\hew\tools\kpit\gnuh8-elf\v12.01\h8300-elf\lib\gcc\h8300-elf\4.6-GNUH8_v12.01\h8300h\libgcc.a(_fixunssfsi.o) (__gesf2)
c:\program files\renesas\hew\tools\kpit\gnuh8-elf\v12.01\h8300-elf\lib\gcc\h8300-elf\4.6-GNUH8_v12.01\h8300h\libgcc.a(_si_to_sf.o)
                              C:\Users\nozomi\Desktop\com\í êMån\20130828-600\20120510\Debug\teleme.o (__floatsisf)
c:\program files\renesas\hew\tools\kpit\gnuh8-elf\v12.01\h8300-elf\lib\gcc\h8300-elf\4.6-GNUH8_v12.01\h8300h\libgcc.a(_sf_to_si.o)
                              c:\program files\renesas\hew\tools\kpit\gnuh8-elf\v12.01\h8300-elf\lib\gcc\h8300-elf\4.6-GNUH8_v12.01\h8300h\libgcc.a(_fixunssfsi.o) (__fixsfsi)
c:\program files\renesas\hew\tools\kpit\gnuh8-elf\v12.01\h8300-elf\lib\gcc\h8300-elf\4.6-GNUH8_v12.01\h8300h\libgcc.a(_thenan_sf.o)
                              c:\program files\renesas\hew\tools\kpit\gnuh8-elf\v12.01\h8300-elf\lib\gcc\h8300-elf\4.6-GNUH8_v12.01\h8300h\libgcc.a(_addsub_sf.o) (__thenan_sf)
c:\program files\renesas\hew\tools\kpit\gnuh8-elf\v12.01\h8300-elf\lib\gcc\h8300-elf\4.6-GNUH8_v12.01\h8300h\libgcc.a(_clzsi2.o)
                              c:\program files\renesas\hew\tools\kpit\gnuh8-elf\v12.01\h8300-elf\lib\gcc\h8300-elf\4.6-GNUH8_v12.01\h8300h\libgcc.a(_si_to_sf.o) (__clzsi2)
c:\program files\renesas\hew\tools\kpit\gnuh8-elf\v12.01\h8300-elf\lib\gcc\h8300-elf\4.6-GNUH8_v12.01\h8300h\libgcc.a(_pack_sf.o)
                              c:\program files\renesas\hew\tools\kpit\gnuh8-elf\v12.01\h8300-elf\lib\gcc\h8300-elf\4.6-GNUH8_v12.01\h8300h\libgcc.a(_addsub_sf.o) (__pack_f)
c:\program files\renesas\hew\tools\kpit\gnuh8-elf\v12.01\h8300-elf\lib\gcc\h8300-elf\4.6-GNUH8_v12.01\h8300h\libgcc.a(_unpack_sf.o)
                              c:\program files\renesas\hew\tools\kpit\gnuh8-elf\v12.01\h8300-elf\lib\gcc\h8300-elf\4.6-GNUH8_v12.01\h8300h\libgcc.a(_addsub_sf.o) (__unpack_f)
c:\program files\renesas\hew\tools\kpit\gnuh8-elf\v12.01\h8300-elf\lib\gcc\h8300-elf\4.6-GNUH8_v12.01\h8300h\libgcc.a(_fpcmp_parts_sf.o)
                              c:\program files\renesas\hew\tools\kpit\gnuh8-elf\v12.01\h8300-elf\lib\gcc\h8300-elf\4.6-GNUH8_v12.01\h8300h\libgcc.a(_ge_sf.o) (__fpcmp_parts_f)
c:\program files\renesas\hew\tools\kpit\gnuh8-elf\v12.01\h8300-elf\lib\gcc\h8300-elf\4.6-GNUH8_v12.01\h8300h\libgcc.a(_clz.o)
                              c:\program files\renesas\hew\tools\kpit\gnuh8-elf\v12.01\h8300-elf\lib\gcc\h8300-elf\4.6-GNUH8_v12.01\h8300h\libgcc.a(_clzsi2.o) (__clz_tab)
C:\Users\nozomi\Desktop\com\í êMån\20130828-600\20120510\Debug\lib20120510.a(exit.o)
                              C:\Users\nozomi\Desktop\com\í êMån\20130828-600\20120510\Debug\start.o (exit)
C:\Users\nozomi\Desktop\com\í êMån\20130828-600\20120510\Debug\lib20120510.a(newfree.o)
                              C:\Users\nozomi\Desktop\com\í êMån\20130828-600\20120510\Debug\rx_main.o (free)
C:\Users\nozomi\Desktop\com\í êMån\20130828-600\20120510\Debug\lib20120510.a(newheap.o)
                              C:\Users\nozomi\Desktop\com\í êMån\20130828-600\20120510\Debug\lib20120510.a(newfree.o) (_heap_of_memory)
C:\Users\nozomi\Desktop\com\í êMån\20130828-600\20120510\Debug\lib20120510.a(newmalloc.o)
                              C:\Users\nozomi\Desktop\com\í êMån\20130828-600\20120510\Debug\rx_protcol_inv.o (malloc)
C:\Users\nozomi\Desktop\com\í êMån\20130828-600\20120510\Debug\lib20120510.a(_exit.o)
                              C:\Users\nozomi\Desktop\com\í êMån\20130828-600\20120510\Debug\lib20120510.a(exit.o) (_exit)

Allocating common symbols
Common symbol       size              file

command_H           0x78              C:\Users\nozomi\Desktop\com\í êMån\20130828-600\20120510\Debug\command.o
P2_DDR              0x1               C:\Users\nozomi\Desktop\com\í êMån\20130828-600\20120510\Debug\iic2.o
ena_overa           0x3               C:\Users\nozomi\Desktop\com\í êMån\20130828-600\20120510\Debug\teleme.o
flag_dispAD         0x3               C:\Users\nozomi\Desktop\com\í êMån\20130828-600\20120510\Debug\teleme.o
flag_overa          0x3               C:\Users\nozomi\Desktop\com\í êMån\20130828-600\20120510\Debug\teleme.o
flag_send_fm        0x1               C:\Users\nozomi\Desktop\com\í êMån\20130828-600\20120510\Debug\message.o
i                   0x2               C:\Users\nozomi\Desktop\com\í êMån\20130828-600\20120510\Debug\rx_protcol_inv.o
ena_alive           0x3               C:\Users\nozomi\Desktop\com\í êMån\20130828-600\20120510\Debug\pwr.o
fcslo               0x1               C:\Users\nozomi\Desktop\com\í êMån\20130828-600\20120510\Debug\rx_protcol_inv.o
flag_rx             0x3               C:\Users\nozomi\Desktop\com\í êMån\20130828-600\20120510\Debug\rx_protcol_inv.o
flag_dteleme        0x3               C:\Users\nozomi\Desktop\com\í êMån\20130828-600\20120510\Debug\teleme.o
flag_exe            0x3               C:\Users\nozomi\Desktop\com\í êMån\20130828-600\20120510\Debug\message.o
ena_rteleme         0x3               C:\Users\nozomi\Desktop\com\í êMån\20130828-600\20120510\Debug\teleme.o
ena_ateleme         0x3               C:\Users\nozomi\Desktop\com\í êMån\20130828-600\20120510\Debug\teleme.o
flag_pwrt           0x3               C:\Users\nozomi\Desktop\com\í êMån\20130828-600\20120510\Debug\pwr.o
ena_pwrt            0x3               C:\Users\nozomi\Desktop\com\í êMån\20130828-600\20120510\Debug\pwr.o
flag_ad             0x3               C:\Users\nozomi\Desktop\com\í êMån\20130828-600\20120510\Debug\teleme.o
my_wdt              0x4               C:\Users\nozomi\Desktop\com\í êMån\20130828-600\20120510\Debug\teleme.o
uplink_rx_buff      0x4               C:\Users\nozomi\Desktop\com\í êMån\20130828-600\20120510\Debug\rx_protcol_inv.o
flag_iteleme        0x3               C:\Users\nozomi\Desktop\com\í êMån\20130828-600\20120510\Debug\teleme.o
ena_iteleme         0x3               C:\Users\nozomi\Desktop\com\í êMån\20130828-600\20120510\Debug\teleme.o
kbit                0x2               C:\Users\nozomi\Desktop\com\í êMån\20130828-600\20120510\Debug\rx_protcol_inv.o
ena_mywdt           0x3               C:\Users\nozomi\Desktop\com\í êMån\20130828-600\20120510\Debug\teleme.o
itu1_cnt            0x4               C:\Users\nozomi\Desktop\com\í êMån\20130828-600\20120510\Debug\teleme.o
ena_dteleme         0x3               C:\Users\nozomi\Desktop\com\í êMån\20130828-600\20120510\Debug\teleme.o
flag_ateleme        0x3               C:\Users\nozomi\Desktop\com\í êMån\20130828-600\20120510\Debug\teleme.o
ena_misst           0x3               C:\Users\nozomi\Desktop\com\í êMån\20130828-600\20120510\Debug\mission.o
time                0x2               C:\Users\nozomi\Desktop\com\í êMån\20130828-600\20120510\Debug\timer.o
FmPreamble          0x4               C:\Users\nozomi\Desktop\com\í êMån\20130828-600\20120510\Debug\message.o
command_M           0x78              C:\Users\nozomi\Desktop\com\í êMån\20130828-600\20120510\Debug\command.o
stuff               0x1               C:\Users\nozomi\Desktop\com\í êMån\20130828-600\20120510\Debug\message.o
info_length         0x2               C:\Users\nozomi\Desktop\com\í êMån\20130828-600\20120510\Debug\rx_protcol_inv.o
fcsflag_send_fm     0x1               C:\Users\nozomi\Desktop\com\í êMån\20130828-600\20120510\Debug\message.o
ena_ad              0x3               C:\Users\nozomi\Desktop\com\í êMån\20130828-600\20120510\Debug\teleme.o
fcshi               0x1               C:\Users\nozomi\Desktop\com\í êMån\20130828-600\20120510\Debug\rx_protcol_inv.o
flag_oteleme        0x3               C:\Users\nozomi\Desktop\com\í êMån\20130828-600\20120510\Debug\teleme.o
flag_rteleme        0x3               C:\Users\nozomi\Desktop\com\í êMån\20130828-600\20120510\Debug\teleme.o
flag_alive          0x3               C:\Users\nozomi\Desktop\com\í êMån\20130828-600\20120510\Debug\pwr.o
ena_dispAD          0x3               C:\Users\nozomi\Desktop\com\í êMån\20130828-600\20120510\Debug\teleme.o
mpx                 0x20              C:\Users\nozomi\Desktop\com\í êMån\20130828-600\20120510\Debug\teleme.o
flag_scirx          0x3               C:\Users\nozomi\Desktop\com\í êMån\20130828-600\20120510\Debug\message.o
status              0x7f              C:\Users\nozomi\Desktop\com\í êMån\20130828-600\20120510\Debug\teleme.o
flag_misst          0x3               C:\Users\nozomi\Desktop\com\í êMån\20130828-600\20120510\Debug\mission.o
command_L           0x78              C:\Users\nozomi\Desktop\com\í êMån\20130828-600\20120510\Debug\command.o
ena_oteleme         0x3               C:\Users\nozomi\Desktop\com\í êMån\20130828-600\20120510\Debug\teleme.o
message_global      0xcc              C:\Users\nozomi\Desktop\com\í êMån\20130828-600\20120510\Debug\teleme.o

Memory Configuration

Name             Origin             Length             Attributes
*default*        0x00000000         0xffffffff

Linker script and memory map


.vects          0x00000000      0x100
 *(.vects)
 .vects         0x00000000      0x100 C:\Users\nozomi\Desktop\com\í êMån\20130828-600\20120510\Debug\vects.o
                0x00000000                HardwareVectors

.text           0x00000400     0xee6c
 *(.text)
 .text          0x00000400        0x0 C:\Users\nozomi\Desktop\com\í êMån\20130828-600\20120510\Debug\vects.o
 .text          0x00000400      0x17c C:\Users\nozomi\Desktop\com\í êMån\20130828-600\20120510\Debug\timer.o
                0x00000400                delay_ms
                0x00000482                delay_us
                0x000004e4                delay_us_rx
 .text          0x0000057c     0x12d0 C:\Users\nozomi\Desktop\com\í êMån\20130828-600\20120510\Debug\teleme.o
                0x0000057c                InitTelemetry
                0x000005be                SetTelemetry_Rough
                0x00000a7e                SetTelemetry_Detail
                0x00000f3e                SetTelemetry_API
                0x00001266                SetTelemetry_Initial
                0x00001380                Read_Initial
                0x000015d0                OBC_Majority
                0x0000176c                Error_Majority
 .text          0x0000184c       0x50 C:\Users\nozomi\Desktop\com\í êMån\20130828-600\20120510\Debug\start.o
                0x0000184c                start
 .text          0x0000189c      0x12c C:\Users\nozomi\Desktop\com\í êMån\20130828-600\20120510\Debug\sci_util.o
                0x0000189c                debug_sci_init
                0x000018cc                debug_putc
                0x000018ea                debug_puts
                0x0000190c                debug_getc
                0x00001920                debug_puthex
                0x0000197a                debug_putdec
                0x0000199c                HexToAscii
 .text          0x000019c8      0x6d0 C:\Users\nozomi\Desktop\com\í êMån\20130828-600\20120510\Debug\sci2.o
                0x000019c8                sci2_init
                0x00001afc                sci2_putc
                0x00001bbc                sci2_puthex
                0x00001c04                sci2_putdec
                0x00001d66                sci2_putdoublehex
                0x00001d92                sci2_putfourhex
                0x00001dc4                sci2_putcrlf
                0x00001ddc                sci2_puts
                0x00001e48                sci2_getc
                0x00001ee2                INT_ERI2
                0x00001f14                INT_RXI2
                0x00001fa8                INT_TXI2
                0x00002066                INT_TEI2
 .text          0x00002098      0x856 C:\Users\nozomi\Desktop\com\í êMån\20130828-600\20120510\Debug\sci1.o
                0x00002098                sci1_init
                0x000021cc                sci1_putc
                0x0000228c                sci1_puthex
                0x000022d4                sci1_putdec
                0x00002436                sci1_putdoublehex
                0x00002462                sci1_putfourhex
                0x00002494                sci1_putcrlf
                0x000024ac                sci1_puts
                0x00002518                sci1_getc
                0x000025b2                INT_ERI1
                0x000025e4                sci1_puts_rx
                0x0000276a                INT_RXI1
                0x000027fe                INT_TXI1
                0x000028bc                INT_TEI1
 .text          0x000028ee      0x6d0 C:\Users\nozomi\Desktop\com\í êMån\20130828-600\20120510\Debug\sci0.o
                0x000028ee                sci0_init
                0x00002a22                sci0_putc
                0x00002ae2                sci0_puthex
                0x00002b2a                sci0_putdec
                0x00002c8c                sci0_putdoublehex
                0x00002cb8                sci0_putfourhex
                0x00002cea                sci0_putcrlf
                0x00002d02                sci0_puts
                0x00002d6e                sci0_getc
                0x00002e08                INT_ERI0
                0x00002e3a                INT_RXI0
                0x00002ece                INT_TXI0
                0x00002f8c                INT_TEI0
 .text          0x00002fbe      0x99a C:\Users\nozomi\Desktop\com\í êMån\20130828-600\20120510\Debug\rx_protcol_inv.o
                0x00002fbe                init_itu
                0x00002ffc                bitin
                0x000030bc                get_byte
                0x000031d2                get_buff
                0x0000332c                precrc_bit
                0x00003380                crc_length
                0x0000341e                Ax_to_info
                0x0000373c                get_data
                0x000038ee                rx_init
 .text          0x00003958      0x26a C:\Users\nozomi\Desktop\com\í êMån\20130828-600\20120510\Debug\rx_pll_inv.o
                0x00003958                out_bit
                0x000039b6                strobe
                0x000039ea                out_bits
                0x00003a48                set_reference_divider
                0x00003a82                set_option_register
                0x00003b02                set_programmable_divider
                0x00003b54                pll_init
 .text          0x00003bc2       0xca C:\Users\nozomi\Desktop\com\í êMån\20130828-600\20120510\Debug\rx_main.o
                0x00003bc2                main
 .text          0x00003c8c       0x9c C:\Users\nozomi\Desktop\com\í êMån\20130828-600\20120510\Debug\rx.o
                0x00003c8c                RX
 .text          0x00003d28      0x248 C:\Users\nozomi\Desktop\com\í êMån\20130828-600\20120510\Debug\pwr.o
                0x00003d28                InitPowerTelemetry
                0x00003d4c                RequestPowerTelemetry
                0x00003d66                UpdatePowerTelemetry
                0x00003f00                RequestMainShutdown
                0x00003f3c                SendHDRtoPIC
                0x00003f56                SendHDStoPIC
 .text          0x00003f70      0xe30 C:\Users\nozomi\Desktop\com\í êMån\20130828-600\20120510\Debug\put_status.o
                0x00003f70                SendStatusToGS
                0x0000443e                SendTelemetryToGS
                0x00004466                PutOut_Rough
                0x000046c6                PutOut_Detail
                0x00004926                PutOut_API
                0x00004b70                PutOut_Initial
 .text          0x00004da0      0x6ee C:\Users\nozomi\Desktop\com\í êMån\20130828-600\20120510\Debug\mission.o
                0x00004da0                InitMissionTelemetry
                0x00004dba                SendMissionTelemetory
                0x00005262                RequestMissionReboot
                0x0000529e                RequestMissionShutdown
                0x0000532a                PronounceMissionAbort
                0x00005388                itu2_init
                0x000053ea                INT_IMIA2
 .text          0x0000548e     0x1c34 C:\Users\nozomi\Desktop\com\í êMån\20130828-600\20120510\Debug\message.o
                0x0000548e                InitMessage
                0x000054a8                SplitMessage_SCI0
                0x00005774                SplitMessage_SCI1
                0x00005a8e                SplitMessage_SCI2
                0x00005da8                RecognizeCommand
                0x000061fa                RecognizeMissionCommand
                0x00006664                FindCommand
                0x00006688                TransmitMessage
                0x000066a6                InitPLL
                0x000066be                SendMessage
                0x00006ac2                FinishSendMessage
                0x00006aea                FinishCommunication
                0x00006b7a                SendStatusMessage
 .text          0x000070c2      0x384 C:\Users\nozomi\Desktop\com\í êMån\20130828-600\20120510\Debug\itu1.o
                0x000070c2                itu1_init
                0x00007154                INT_IMIA1
 .text          0x00007446      0x10a C:\Users\nozomi\Desktop\com\í êMån\20130828-600\20120510\Debug\itu0.o
                0x00007446                itu0_init
                0x000074c4                INT_IMIA0
                0x0000750a                INT_IMIB0
 .text          0x00007550      0x174 C:\Users\nozomi\Desktop\com\í êMån\20130828-600\20120510\Debug\inthandler.o
                0x00007550                INT_NMI
                0x0000755c                INT_TRAP1
                0x00007568                INT_TRAP2
                0x00007574                INT_TRAP3
                0x00007580                INT_TRAP4
                0x0000758c                INT_IRQ0
                0x00007598                INT_IRQ1
                0x000075a4                INT_IRQ2
                0x000075b0                INT_IRQ3
                0x000075bc                INT_IRQ4
                0x000075c8                INT_IRQ5
                0x000075d4                INT_WOVI
                0x000075e0                INT_CMI
                0x000075ec                INT_ADI
                0x000075f8                INT_OVI0
                0x00007604                INT_IMIB1
                0x00007610                INT_OVI1
                0x0000761c                INT_IMIB2
                0x00007628                INT_OVI2
                0x00007634                INT_CMIA0
                0x00007640                INT_CMIB0
                0x0000764c                INT_CMIA1B1
                0x00007658                INT_TOVI0_1
                0x00007664                INT_CMIA2
                0x00007670                INT_CMIB2
                0x0000767c                INT_CMIA3B3
                0x00007688                INT_TOVI2_3
                0x00007694                INT_DEND0A
                0x000076a0                INT_DEND0B
                0x000076ac                INT_DEND1A
                0x000076b8                INT_DEND1B
 .text          0x000076c4      0x2cc C:\Users\nozomi\Desktop\com\í êMån\20130828-600\20120510\Debug\init.o
                0x000076c4                Init_MyFunction
                0x000077f0                Init_Bus
                0x00007944                Init_Peripherals
 .text          0x00007990      0x7d8 C:\Users\nozomi\Desktop\com\í êMån\20130828-600\20120510\Debug\iic2.o
                0x00007990                IIC2_EEPWAIT
                0x00007d8e                IIC2_EEPSTOP
                0x00007e28                IIC2_EEPREAD
                0x00007f4c                IIC2_EEPWRITE
                0x0000804c                IIC2_EEPRESET
                0x0000810e                IIC2_EEPINIT
                0x00008130                IIC2_EEPCHANGE
 .text          0x00008168      0x7de C:\Users\nozomi\Desktop\com\í êMån\20130828-600\20120510\Debug\iic1.o
                0x00008168                IIC1_EEPWAIT
                0x0000856c                IIC1_EEPSTOP
                0x00008606                IIC1_EEPREAD
                0x0000872a                IIC1_EEPWRITE
                0x0000882a                IIC1_EEPRESET
                0x000088ec                IIC1_EEPINIT
                0x0000890e                IIC1_EEPCHANGE
 .text          0x00008946      0x7de C:\Users\nozomi\Desktop\com\í êMån\20130828-600\20120510\Debug\iic0.o
                0x00008946                IIC0_EEPWAIT
                0x00008d4a                IIC0_EEPSTOP
                0x00008de4                IIC0_EEPREAD
                0x00008f08                IIC0_EEPWRITE
                0x00009008                IIC0_EEPRESET
                0x000090ca                IIC0_EEPINIT
                0x000090ec                IIC0_EEPCHANGE
 .text          0x00009124        0xc C:\Users\nozomi\Desktop\com\í êMån\20130828-600\20120510\Debug\hwinit.o
                0x00009124                hw_initialise
 .text          0x00009130      0x452 C:\Users\nozomi\Desktop\com\í êMån\20130828-600\20120510\Debug\global.o
                0x00009130                InitStatus
                0x000093d8                InitRoutine
                0x00009460                CheckFlags
                0x000094f2                ClearFlags
                0x0000953a                SetFlags
 .text          0x00009582      0x81c C:\Users\nozomi\Desktop\com\í êMån\20130828-600\20120510\Debug\fm_tx.o
                0x00009582                init_modem
                0x000095e2                init_fm
                0x00009666                delay_modem
                0x00009682                send_bit
                0x000096f8                crcbit
                0x000097d2                send_byte
                0x00009884                send_packet
                0x0000993a                AX_protocol
                0x00009b9c                on_off_ms
                0x00009c2c                on_off_sec
                0x00009d0e                on_off_us
 .text          0x00009d9e       0x30 C:\Users\nozomi\Desktop\com\í êMån\20130828-600\20120510\Debug\fm_ptt.o
                0x00009d9e                fmptt_on
                0x00009db6                fmptt_off
 .text          0x00009dce      0x2e4 C:\Users\nozomi\Desktop\com\í êMån\20130828-600\20120510\Debug\fm_pllcontrol.o
                0x00009dce                out_bit_fm
                0x00009e2c                strobe_fm
                0x00009e60                out_bits_fm
                0x00009ebc                set_reference_divider_fm
                0x00009ef2                set_option_register_fm
                0x00009f70                set_programmable_divider_fm
                0x00009fdc                pll_init_fm
                0x0000a04e                set_pll_fm
 .text          0x0000a0b2     0x2a76 C:\Users\nozomi\Desktop\com\í êMån\20130828-600\20120510\Debug\debug.o
                0x0000a0b2                DebugMultiplexer
                0x0000a220                DebugPut_Status
                0x0000a6c8                DebugPut_Telemetry
                0x0000a9ba                DebugEEPROM
                0x0000ae7a                DebugDetail_Status
                0x0000aede                DebugPut_Rough
                0x0000b218                DebugPut_Detail
                0x0000b552                DebugPut_API
                0x0000b85c                DebugPut_Initial
                0x0000bb66                Debug_SharedROM
                0x0000bda6                DebugWrite_SharedROM
                0x0000c572                DebugPut_SharedROM
                0x0000c65e                DisplayRoutine
                0x0000c888                SetRoutine
                0x0000caa2                Check_PowerData
 .text          0x0000cb28     0x1412 C:\Users\nozomi\Desktop\com\í êMån\20130828-600\20120510\Debug\command.o
                0x0000cb28                GetCommandID
                0x0000d2f0                GetMissionCommandID
                0x0000d3b0                RegistCommand
                0x0000d7ae                RegistMissionCommand
                0x0000d920                ExecuteCommand
 .text          0x0000df3a       0x5e C:\Users\nozomi\Desktop\com\í êMån\20130828-600\20120510\Debug\comm_buffer.o
                0x0000df3a                comm_buffer_init
 .text          0x0000df98      0x6da C:\Users\nozomi\Desktop\com\í êMån\20130828-600\20120510\Debug\adconv.o
                0x0000df98                adconv_init
                0x0000dfd2                ami_switch
                0x0000e04a                mpx_switch
                0x0000e12a                get_sensor
                0x0000e402                check_overAmpare
                0x0000e4b6                insertSpace
                0x0000e4fc                disp_AD
 *fill*         0x0000e672        0x2 00
 .text          0x0000e674       0x8c c:\program files\renesas\hew\tools\kpit\gnuh8-elf\v12.01\h8300-elf\lib\gcc\h8300-elf\4.6-GNUH8_v12.01\h8300h\libgcc.a(_divsi3.o)
                0x0000e696                __modsi3
                0x0000e6a2                __umodsi3
                0x0000e6a8                __divsi3
                0x0000e6be                __udivsi3
 .text          0x0000e700       0x18 c:\program files\renesas\hew\tools\kpit\gnuh8-elf\v12.01\h8300-elf\lib\gcc\h8300-elf\4.6-GNUH8_v12.01\h8300h\libgcc.a(_mulsi3.o)
                0x0000e700                __mulsi3
 .text          0x0000e718       0x40 c:\program files\renesas\hew\tools\kpit\gnuh8-elf\v12.01\h8300-elf\lib\gcc\h8300-elf\4.6-GNUH8_v12.01\h8300h\libgcc.a(_fixunssfsi.o)
                0x0000e718                __fixunssfsi
 .text          0x0000e758      0x36c c:\program files\renesas\hew\tools\kpit\gnuh8-elf\v12.01\h8300-elf\lib\gcc\h8300-elf\4.6-GNUH8_v12.01\h8300h\libgcc.a(_addsub_sf.o)
                0x0000e9ee                __addsf3
                0x0000ea54                __subsf3
 .text          0x0000eac4      0x138 c:\program files\renesas\hew\tools\kpit\gnuh8-elf\v12.01\h8300-elf\lib\gcc\h8300-elf\4.6-GNUH8_v12.01\h8300h\libgcc.a(_div_sf.o)
                0x0000eac4                __divsf3
 .text          0x0000ebfc       0x72 c:\program files\renesas\hew\tools\kpit\gnuh8-elf\v12.01\h8300-elf\lib\gcc\h8300-elf\4.6-GNUH8_v12.01\h8300h\libgcc.a(_ge_sf.o)
                0x0000ebfc                __gesf2
 .text          0x0000ec6e       0x9c c:\program files\renesas\hew\tools\kpit\gnuh8-elf\v12.01\h8300-elf\lib\gcc\h8300-elf\4.6-GNUH8_v12.01\h8300h\libgcc.a(_si_to_sf.o)
                0x0000ec6e                __floatsisf
 .text          0x0000ed0a       0x82 c:\program files\renesas\hew\tools\kpit\gnuh8-elf\v12.01\h8300-elf\lib\gcc\h8300-elf\4.6-GNUH8_v12.01\h8300h\libgcc.a(_sf_to_si.o)
                0x0000ed0a                __fixsfsi
 .text          0x0000ed8c        0x0 c:\program files\renesas\hew\tools\kpit\gnuh8-elf\v12.01\h8300-elf\lib\gcc\h8300-elf\4.6-GNUH8_v12.01\h8300h\libgcc.a(_thenan_sf.o)
 .text          0x0000ed8c       0x5a c:\program files\renesas\hew\tools\kpit\gnuh8-elf\v12.01\h8300-elf\lib\gcc\h8300-elf\4.6-GNUH8_v12.01\h8300h\libgcc.a(_clzsi2.o)
                0x0000ed8c                __clzsi2
 .text          0x0000ede6      0x14c c:\program files\renesas\hew\tools\kpit\gnuh8-elf\v12.01\h8300-elf\lib\gcc\h8300-elf\4.6-GNUH8_v12.01\h8300h\libgcc.a(_pack_sf.o)
                0x0000ede6                __pack_f
 .text          0x0000ef32       0xb0 c:\program files\renesas\hew\tools\kpit\gnuh8-elf\v12.01\h8300-elf\lib\gcc\h8300-elf\4.6-GNUH8_v12.01\h8300h\libgcc.a(_unpack_sf.o)
                0x0000ef32                __unpack_f
 .text          0x0000efe2       0xa0 c:\program files\renesas\hew\tools\kpit\gnuh8-elf\v12.01\h8300-elf\lib\gcc\h8300-elf\4.6-GNUH8_v12.01\h8300h\libgcc.a(_fpcmp_parts_sf.o)
                0x0000efe2                __fpcmp_parts_f
 .text          0x0000f082        0x0 c:\program files\renesas\hew\tools\kpit\gnuh8-elf\v12.01\h8300-elf\lib\gcc\h8300-elf\4.6-GNUH8_v12.01\h8300h\libgcc.a(_clz.o)
 .text          0x0000f082        0x0 C:\Users\nozomi\Desktop\com\í êMån\20130828-600\20120510\Debug\lib20120510.a(exit.o)
 .text          0x0000f082        0x0 C:\Users\nozomi\Desktop\com\í êMån\20130828-600\20120510\Debug\lib20120510.a(newfree.o)
 .text          0x0000f082        0x0 C:\Users\nozomi\Desktop\com\í êMån\20130828-600\20120510\Debug\lib20120510.a(newheap.o)
 .text          0x0000f082        0x0 C:\Users\nozomi\Desktop\com\í êMån\20130828-600\20120510\Debug\lib20120510.a(newmalloc.o)
 *fill*         0x0000f082        0x2 00
 .text          0x0000f084       0x10 C:\Users\nozomi\Desktop\com\í êMån\20130828-600\20120510\Debug\lib20120510.a(_exit.o)
                0x0000f084                _exit
 *(.text.*)
 .text.exit     0x0000f094       0x10 C:\Users\nozomi\Desktop\com\í êMån\20130828-600\20120510\Debug\lib20120510.a(exit.o)
                0x0000f094                exit
 .text.free     0x0000f0a4       0xd4 C:\Users\nozomi\Desktop\com\í êMån\20130828-600\20120510\Debug\lib20120510.a(newfree.o)
                0x0000f0a4                free
 .text._top_of_heap
                0x0000f178        0xe C:\Users\nozomi\Desktop\com\í êMån\20130828-600\20120510\Debug\lib20120510.a(newheap.o)
                0x0000f178                _top_of_heap
 .text._make_new_mem_hole
                0x0000f186       0x2e C:\Users\nozomi\Desktop\com\í êMån\20130828-600\20120510\Debug\lib20120510.a(newmalloc.o)
                0x0000f186                _make_new_mem_hole
 .text.malloc   0x0000f1b4       0xb8 C:\Users\nozomi\Desktop\com\í êMån\20130828-600\20120510\Debug\lib20120510.a(newmalloc.o)
                0x0000f1b4                malloc
                0x0000f26c                etext = .

.init
 *(.init)

.fini
 *(.fini)

.got
 *(.got)
 *(.got.plt)

.rodata         0x0000f26c      0x910
 *(.rodata)
 .rodata        0x0000f26c       0x34 C:\Users\nozomi\Desktop\com\í êMån\20130828-600\20120510\Debug\teleme.o
 .rodata        0x0000f2a0       0x31 C:\Users\nozomi\Desktop\com\í êMån\20130828-600\20120510\Debug\sci1.o
 .rodata        0x0000f2d1       0xa0 C:\Users\nozomi\Desktop\com\í êMån\20130828-600\20120510\Debug\rx_protcol_inv.o
 .rodata        0x0000f371       0x48 C:\Users\nozomi\Desktop\com\í êMån\20130828-600\20120510\Debug\rx_main.o
 .rodata        0x0000f3b9       0x1f C:\Users\nozomi\Desktop\com\í êMån\20130828-600\20120510\Debug\rx.o
 .rodata        0x0000f3d8       0x34 C:\Users\nozomi\Desktop\com\í êMån\20130828-600\20120510\Debug\pwr.o
 .rodata        0x0000f40c       0x3b C:\Users\nozomi\Desktop\com\í êMån\20130828-600\20120510\Debug\put_status.o
 .rodata        0x0000f447       0xb4 C:\Users\nozomi\Desktop\com\í êMån\20130828-600\20120510\Debug\mission.o
 .rodata        0x0000f4fb       0xab C:\Users\nozomi\Desktop\com\í êMån\20130828-600\20120510\Debug\message.o
 *fill*         0x0000f5a6        0x2 00
 .rodata        0x0000f5a8      0x340 C:\Users\nozomi\Desktop\com\í êMån\20130828-600\20120510\Debug\debug.o
 .rodata        0x0000f8e8      0x15c C:\Users\nozomi\Desktop\com\í êMån\20130828-600\20120510\Debug\command.o
 .rodata        0x0000fa44       0x30 C:\Users\nozomi\Desktop\com\í êMån\20130828-600\20120510\Debug\adconv.o
 .rodata        0x0000fa74        0x8 c:\program files\renesas\hew\tools\kpit\gnuh8-elf\v12.01\h8300-elf\lib\gcc\h8300-elf\4.6-GNUH8_v12.01\h8300h\libgcc.a(_thenan_sf.o)
                0x0000fa74                __thenan_sf
 .rodata        0x0000fa7c      0x100 c:\program files\renesas\hew\tools\kpit\gnuh8-elf\v12.01\h8300-elf\lib\gcc\h8300-elf\4.6-GNUH8_v12.01\h8300h\libgcc.a(_clz.o)
                0x0000fa7c                __clz_tab
 *(.rodata.*)
                0x0000fb7c                _erodata = .

.eh_frame_hdr
 *(.eh_frame_hdr)

.eh_frame
 *(.eh_frame)

.jcr
 *(.jcr)

.tors           0x0000fb7c        0x0
                0x0000fb7c                __CTOR_LIST__ = .
                0x0000fb7c                ___ctors = .
 *(.ctors)
                0x0000fb7c                ___ctors_end = .
                0x0000fb7c                __CTOR_END__ = .
                0x0000fb7c                __DTOR_LIST__ = .
                0x0000fb7c                ___dtors = .
 *(.dtors)
                0x0000fb7c                ___dtors_end = .
                0x0000fb7c                __DTOR_END__ = .
                0x0000fb7c                _mdata = .

.data           0x00ffbf20        0x0 load address 0x0000fb7c
                0x00ffbf20                _data = .
 *(.data)
 .data          0x00ffbf20        0x0 C:\Users\nozomi\Desktop\com\í êMån\20130828-600\20120510\Debug\vects.o
 .data          0x00ffbf20        0x0 C:\Users\nozomi\Desktop\com\í êMån\20130828-600\20120510\Debug\timer.o
 .data          0x00ffbf20        0x0 C:\Users\nozomi\Desktop\com\í êMån\20130828-600\20120510\Debug\teleme.o
 .data          0x00ffbf20        0x0 C:\Users\nozomi\Desktop\com\í êMån\20130828-600\20120510\Debug\start.o
 .data          0x00ffbf20        0x0 C:\Users\nozomi\Desktop\com\í êMån\20130828-600\20120510\Debug\sci_util.o
 .data          0x00ffbf20        0x0 C:\Users\nozomi\Desktop\com\í êMån\20130828-600\20120510\Debug\sci2.o
 .data          0x00ffbf20        0x0 C:\Users\nozomi\Desktop\com\í êMån\20130828-600\20120510\Debug\sci1.o
 .data          0x00ffbf20        0x0 C:\Users\nozomi\Desktop\com\í êMån\20130828-600\20120510\Debug\sci0.o
 .data          0x00ffbf20        0x0 C:\Users\nozomi\Desktop\com\í êMån\20130828-600\20120510\Debug\rx_protcol_inv.o
 .data          0x00ffbf20        0x0 C:\Users\nozomi\Desktop\com\í êMån\20130828-600\20120510\Debug\rx_pll_inv.o
 .data          0x00ffbf20        0x0 C:\Users\nozomi\Desktop\com\í êMån\20130828-600\20120510\Debug\rx_main.o
 .data          0x00ffbf20        0x0 C:\Users\nozomi\Desktop\com\í êMån\20130828-600\20120510\Debug\rx.o
 .data          0x00ffbf20        0x0 C:\Users\nozomi\Desktop\com\í êMån\20130828-600\20120510\Debug\pwr.o
 .data          0x00ffbf20        0x0 C:\Users\nozomi\Desktop\com\í êMån\20130828-600\20120510\Debug\put_status.o
 .data          0x00ffbf20        0x0 C:\Users\nozomi\Desktop\com\í êMån\20130828-600\20120510\Debug\mission.o
 .data          0x00ffbf20        0x0 C:\Users\nozomi\Desktop\com\í êMån\20130828-600\20120510\Debug\message.o
 .data          0x00ffbf20        0x0 C:\Users\nozomi\Desktop\com\í êMån\20130828-600\20120510\Debug\itu1.o
 .data          0x00ffbf20        0x0 C:\Users\nozomi\Desktop\com\í êMån\20130828-600\20120510\Debug\itu0.o
 .data          0x00ffbf20        0x0 C:\Users\nozomi\Desktop\com\í êMån\20130828-600\20120510\Debug\inthandler.o
 .data          0x00ffbf20        0x0 C:\Users\nozomi\Desktop\com\í êMån\20130828-600\20120510\Debug\init.o
 .data          0x00ffbf20        0x0 C:\Users\nozomi\Desktop\com\í êMån\20130828-600\20120510\Debug\iic2.o
 .data          0x00ffbf20        0x0 C:\Users\nozomi\Desktop\com\í êMån\20130828-600\20120510\Debug\iic1.o
 .data          0x00ffbf20        0x0 C:\Users\nozomi\Desktop\com\í êMån\20130828-600\20120510\Debug\iic0.o
 .data          0x00ffbf20        0x0 C:\Users\nozomi\Desktop\com\í êMån\20130828-600\20120510\Debug\hwinit.o
 .data          0x00ffbf20        0x0 C:\Users\nozomi\Desktop\com\í êMån\20130828-600\20120510\Debug\global.o
 .data          0x00ffbf20        0x0 C:\Users\nozomi\Desktop\com\í êMån\20130828-600\20120510\Debug\fm_tx.o
 .data          0x00ffbf20        0x0 C:\Users\nozomi\Desktop\com\í êMån\20130828-600\20120510\Debug\fm_ptt.o
 .data          0x00ffbf20        0x0 C:\Users\nozomi\Desktop\com\í êMån\20130828-600\20120510\Debug\fm_pllcontrol.o
 .data          0x00ffbf20        0x0 C:\Users\nozomi\Desktop\com\í êMån\20130828-600\20120510\Debug\debug.o
 .data          0x00ffbf20        0x0 C:\Users\nozomi\Desktop\com\í êMån\20130828-600\20120510\Debug\command.o
 .data          0x00ffbf20        0x0 C:\Users\nozomi\Desktop\com\í êMån\20130828-600\20120510\Debug\comm_buffer.o
 .data          0x00ffbf20        0x0 C:\Users\nozomi\Desktop\com\í êMån\20130828-600\20120510\Debug\adconv.o
 .data          0x00ffbf20        0x0 c:\program files\renesas\hew\tools\kpit\gnuh8-elf\v12.01\h8300-elf\lib\gcc\h8300-elf\4.6-GNUH8_v12.01\h8300h\libgcc.a(_divsi3.o)
 .data          0x00ffbf20        0x0 c:\program files\renesas\hew\tools\kpit\gnuh8-elf\v12.01\h8300-elf\lib\gcc\h8300-elf\4.6-GNUH8_v12.01\h8300h\libgcc.a(_mulsi3.o)
 .data          0x00ffbf20        0x0 c:\program files\renesas\hew\tools\kpit\gnuh8-elf\v12.01\h8300-elf\lib\gcc\h8300-elf\4.6-GNUH8_v12.01\h8300h\libgcc.a(_fixunssfsi.o)
 .data          0x00ffbf20        0x0 c:\program files\renesas\hew\tools\kpit\gnuh8-elf\v12.01\h8300-elf\lib\gcc\h8300-elf\4.6-GNUH8_v12.01\h8300h\libgcc.a(_addsub_sf.o)
 .data          0x00ffbf20        0x0 c:\program files\renesas\hew\tools\kpit\gnuh8-elf\v12.01\h8300-elf\lib\gcc\h8300-elf\4.6-GNUH8_v12.01\h8300h\libgcc.a(_div_sf.o)
 .data          0x00ffbf20        0x0 c:\program files\renesas\hew\tools\kpit\gnuh8-elf\v12.01\h8300-elf\lib\gcc\h8300-elf\4.6-GNUH8_v12.01\h8300h\libgcc.a(_ge_sf.o)
 .data          0x00ffbf20        0x0 c:\program files\renesas\hew\tools\kpit\gnuh8-elf\v12.01\h8300-elf\lib\gcc\h8300-elf\4.6-GNUH8_v12.01\h8300h\libgcc.a(_si_to_sf.o)
 .data          0x00ffbf20        0x0 c:\program files\renesas\hew\tools\kpit\gnuh8-elf\v12.01\h8300-elf\lib\gcc\h8300-elf\4.6-GNUH8_v12.01\h8300h\libgcc.a(_sf_to_si.o)
 .data          0x00ffbf20        0x0 c:\program files\renesas\hew\tools\kpit\gnuh8-elf\v12.01\h8300-elf\lib\gcc\h8300-elf\4.6-GNUH8_v12.01\h8300h\libgcc.a(_thenan_sf.o)
 .data          0x00ffbf20        0x0 c:\program files\renesas\hew\tools\kpit\gnuh8-elf\v12.01\h8300-elf\lib\gcc\h8300-elf\4.6-GNUH8_v12.01\h8300h\libgcc.a(_clzsi2.o)
 .data          0x00ffbf20        0x0 c:\program files\renesas\hew\tools\kpit\gnuh8-elf\v12.01\h8300-elf\lib\gcc\h8300-elf\4.6-GNUH8_v12.01\h8300h\libgcc.a(_pack_sf.o)
 .data          0x00ffbf20        0x0 c:\program files\renesas\hew\tools\kpit\gnuh8-elf\v12.01\h8300-elf\lib\gcc\h8300-elf\4.6-GNUH8_v12.01\h8300h\libgcc.a(_unpack_sf.o)
 .data          0x00ffbf20        0x0 c:\program files\renesas\hew\tools\kpit\gnuh8-elf\v12.01\h8300-elf\lib\gcc\h8300-elf\4.6-GNUH8_v12.01\h8300h\libgcc.a(_fpcmp_parts_sf.o)
 .data          0x00ffbf20        0x0 c:\program files\renesas\hew\tools\kpit\gnuh8-elf\v12.01\h8300-elf\lib\gcc\h8300-elf\4.6-GNUH8_v12.01\h8300h\libgcc.a(_clz.o)
 .data          0x00ffbf20        0x0 C:\Users\nozomi\Desktop\com\í êMån\20130828-600\20120510\Debug\lib20120510.a(exit.o)
 .data          0x00ffbf20        0x0 C:\Users\nozomi\Desktop\com\í êMån\20130828-600\20120510\Debug\lib20120510.a(newfree.o)
 .data          0x00ffbf20        0x0 C:\Users\nozomi\Desktop\com\í êMån\20130828-600\20120510\Debug\lib20120510.a(newheap.o)
 .data          0x00ffbf20        0x0 C:\Users\nozomi\Desktop\com\í êMån\20130828-600\20120510\Debug\lib20120510.a(newmalloc.o)
 .data          0x00ffbf20        0x0 C:\Users\nozomi\Desktop\com\í êMån\20130828-600\20120510\Debug\lib20120510.a(_exit.o)
 *(.data.*)
                0x00ffbf20                _edata = .

.gcc_exc
 *(.gcc_exc)

.bss            0x00ffbf20     0x1ba8 load address 0x0000fb7c
                0x00ffbf20                _bss = .
 *(.bss)
 .bss           0x00ffbf20        0x0 C:\Users\nozomi\Desktop\com\í êMån\20130828-600\20120510\Debug\vects.o
 .bss           0x00ffbf20        0x2 C:\Users\nozomi\Desktop\com\í êMån\20130828-600\20120510\Debug\timer.o
                0x00ffbf20                timer_flag
 *fill*         0x00ffbf22        0x2 00
 .bss           0x00ffbf24      0x25c C:\Users\nozomi\Desktop\com\í êMån\20130828-600\20120510\Debug\teleme.o
 .bss           0x00ffc180        0x0 C:\Users\nozomi\Desktop\com\í êMån\20130828-600\20120510\Debug\start.o
 .bss           0x00ffc180        0x0 C:\Users\nozomi\Desktop\com\í êMån\20130828-600\20120510\Debug\sci_util.o
 .bss           0x00ffc180      0x20c C:\Users\nozomi\Desktop\com\í êMån\20130828-600\20120510\Debug\sci2.o
 .bss           0x00ffc38c      0x20c C:\Users\nozomi\Desktop\com\í êMån\20130828-600\20120510\Debug\sci1.o
 .bss           0x00ffc598      0x20c C:\Users\nozomi\Desktop\com\í êMån\20130828-600\20120510\Debug\sci0.o
 .bss           0x00ffc7a4       0x10 C:\Users\nozomi\Desktop\com\í êMån\20130828-600\20120510\Debug\rx_protcol_inv.o
                0x00ffc7a4                shiftbuff
                0x00ffc7a6                bit
                0x00ffc7a8                fcs_error
 .bss           0x00ffc7b4        0x8 C:\Users\nozomi\Desktop\com\í êMån\20130828-600\20120510\Debug\rx_pll_inv.o
 .bss           0x00ffc7bc        0x8 C:\Users\nozomi\Desktop\com\í êMån\20130828-600\20120510\Debug\rx_main.o
 .bss           0x00ffc7c4        0x8 C:\Users\nozomi\Desktop\com\í êMån\20130828-600\20120510\Debug\rx.o
 .bss           0x00ffc7cc        0x0 C:\Users\nozomi\Desktop\com\í êMån\20130828-600\20120510\Debug\pwr.o
 .bss           0x00ffc7cc      0x1a0 C:\Users\nozomi\Desktop\com\í êMån\20130828-600\20120510\Debug\put_status.o
 .bss           0x00ffc96c        0x4 C:\Users\nozomi\Desktop\com\í êMån\20130828-600\20120510\Debug\mission.o
 .bss           0x00ffc970      0xa48 C:\Users\nozomi\Desktop\com\í êMån\20130828-600\20120510\Debug\message.o
 .bss           0x00ffd3b8        0x8 C:\Users\nozomi\Desktop\com\í êMån\20130828-600\20120510\Debug\itu1.o
 .bss           0x00ffd3c0        0x0 C:\Users\nozomi\Desktop\com\í êMån\20130828-600\20120510\Debug\itu0.o
 .bss           0x00ffd3c0        0x0 C:\Users\nozomi\Desktop\com\í êMån\20130828-600\20120510\Debug\inthandler.o
 .bss           0x00ffd3c0        0x0 C:\Users\nozomi\Desktop\com\í êMån\20130828-600\20120510\Debug\init.o
 .bss           0x00ffd3c0        0x0 C:\Users\nozomi\Desktop\com\í êMån\20130828-600\20120510\Debug\iic2.o
 .bss           0x00ffd3c0        0x0 C:\Users\nozomi\Desktop\com\í êMån\20130828-600\20120510\Debug\iic1.o
 .bss           0x00ffd3c0        0x0 C:\Users\nozomi\Desktop\com\í êMån\20130828-600\20120510\Debug\iic0.o
 .bss           0x00ffd3c0        0x0 C:\Users\nozomi\Desktop\com\í êMån\20130828-600\20120510\Debug\hwinit.o
 .bss           0x00ffd3c0        0x0 C:\Users\nozomi\Desktop\com\í êMån\20130828-600\20120510\Debug\global.o
 .bss           0x00ffd3c0        0x0 C:\Users\nozomi\Desktop\com\í êMån\20130828-600\20120510\Debug\fm_tx.o
 .bss           0x00ffd3c0        0x0 C:\Users\nozomi\Desktop\com\í êMån\20130828-600\20120510\Debug\fm_ptt.o
 .bss           0x00ffd3c0        0x0 C:\Users\nozomi\Desktop\com\í êMån\20130828-600\20120510\Debug\fm_pllcontrol.o
 .bss           0x00ffd3c0      0x3a0 C:\Users\nozomi\Desktop\com\í êMån\20130828-600\20120510\Debug\debug.o
 .bss           0x00ffd760        0x6 C:\Users\nozomi\Desktop\com\í êMån\20130828-600\20120510\Debug\command.o
 *fill*         0x00ffd766        0x2 00
 .bss           0x00ffd768        0x8 C:\Users\nozomi\Desktop\com\í êMån\20130828-600\20120510\Debug\comm_buffer.o
 .bss           0x00ffd770        0x1 C:\Users\nozomi\Desktop\com\í êMån\20130828-600\20120510\Debug\adconv.o
 .bss           0x00ffd771        0x0 c:\program files\renesas\hew\tools\kpit\gnuh8-elf\v12.01\h8300-elf\lib\gcc\h8300-elf\4.6-GNUH8_v12.01\h8300h\libgcc.a(_divsi3.o)
 .bss           0x00ffd771        0x0 c:\program files\renesas\hew\tools\kpit\gnuh8-elf\v12.01\h8300-elf\lib\gcc\h8300-elf\4.6-GNUH8_v12.01\h8300h\libgcc.a(_mulsi3.o)
 .bss           0x00ffd771        0x0 c:\program files\renesas\hew\tools\kpit\gnuh8-elf\v12.01\h8300-elf\lib\gcc\h8300-elf\4.6-GNUH8_v12.01\h8300h\libgcc.a(_fixunssfsi.o)
 .bss           0x00ffd771        0x0 c:\program files\renesas\hew\tools\kpit\gnuh8-elf\v12.01\h8300-elf\lib\gcc\h8300-elf\4.6-GNUH8_v12.01\h8300h\libgcc.a(_addsub_sf.o)
 .bss           0x00ffd771        0x0 c:\program files\renesas\hew\tools\kpit\gnuh8-elf\v12.01\h8300-elf\lib\gcc\h8300-elf\4.6-GNUH8_v12.01\h8300h\libgcc.a(_div_sf.o)
 .bss           0x00ffd771        0x0 c:\program files\renesas\hew\tools\kpit\gnuh8-elf\v12.01\h8300-elf\lib\gcc\h8300-elf\4.6-GNUH8_v12.01\h8300h\libgcc.a(_ge_sf.o)
 .bss           0x00ffd771        0x0 c:\program files\renesas\hew\tools\kpit\gnuh8-elf\v12.01\h8300-elf\lib\gcc\h8300-elf\4.6-GNUH8_v12.01\h8300h\libgcc.a(_si_to_sf.o)
 .bss           0x00ffd771        0x0 c:\program files\renesas\hew\tools\kpit\gnuh8-elf\v12.01\h8300-elf\lib\gcc\h8300-elf\4.6-GNUH8_v12.01\h8300h\libgcc.a(_sf_to_si.o)
 .bss           0x00ffd771        0x0 c:\program files\renesas\hew\tools\kpit\gnuh8-elf\v12.01\h8300-elf\lib\gcc\h8300-elf\4.6-GNUH8_v12.01\h8300h\libgcc.a(_thenan_sf.o)
 .bss           0x00ffd771        0x0 c:\program files\renesas\hew\tools\kpit\gnuh8-elf\v12.01\h8300-elf\lib\gcc\h8300-elf\4.6-GNUH8_v12.01\h8300h\libgcc.a(_clzsi2.o)
 .bss           0x00ffd771        0x0 c:\program files\renesas\hew\tools\kpit\gnuh8-elf\v12.01\h8300-elf\lib\gcc\h8300-elf\4.6-GNUH8_v12.01\h8300h\libgcc.a(_pack_sf.o)
 .bss           0x00ffd771        0x0 c:\program files\renesas\hew\tools\kpit\gnuh8-elf\v12.01\h8300-elf\lib\gcc\h8300-elf\4.6-GNUH8_v12.01\h8300h\libgcc.a(_unpack_sf.o)
 .bss           0x00ffd771        0x0 c:\program files\renesas\hew\tools\kpit\gnuh8-elf\v12.01\h8300-elf\lib\gcc\h8300-elf\4.6-GNUH8_v12.01\h8300h\libgcc.a(_fpcmp_parts_sf.o)
 .bss           0x00ffd771        0x0 c:\program files\renesas\hew\tools\kpit\gnuh8-elf\v12.01\h8300-elf\lib\gcc\h8300-elf\4.6-GNUH8_v12.01\h8300h\libgcc.a(_clz.o)
 .bss           0x00ffd771        0x0 C:\Users\nozomi\Desktop\com\í êMån\20130828-600\20120510\Debug\lib20120510.a(exit.o)
 .bss           0x00ffd771        0x0 C:\Users\nozomi\Desktop\com\í êMån\20130828-600\20120510\Debug\lib20120510.a(newfree.o)
 .bss           0x00ffd771        0x0 C:\Users\nozomi\Desktop\com\í êMån\20130828-600\20120510\Debug\lib20120510.a(newheap.o)
 .bss           0x00ffd771        0x0 C:\Users\nozomi\Desktop\com\í êMån\20130828-600\20120510\Debug\lib20120510.a(newmalloc.o)
 .bss           0x00ffd771        0x0 C:\Users\nozomi\Desktop\com\í êMån\20130828-600\20120510\Debug\lib20120510.a(_exit.o)
 *(.bss.*)
 *fill*         0x00ffd771        0x3 00
 .bss._heap_of_memory
                0x00ffd774        0x4 C:\Users\nozomi\Desktop\com\í êMån\20130828-600\20120510\Debug\lib20120510.a(newheap.o)
                0x00ffd774                _heap_of_memory
 .bss._last_heap_object
                0x00ffd778        0x4 C:\Users\nozomi\Desktop\com\í êMån\20130828-600\20120510\Debug\lib20120510.a(newheap.o)
                0x00ffd778                _last_heap_object
 *(COMMON)
 COMMON         0x00ffd77c        0x2 C:\Users\nozomi\Desktop\com\í êMån\20130828-600\20120510\Debug\timer.o
                0x00ffd77c                time
 *fill*         0x00ffd77e        0x2 00
 COMMON         0x00ffd780      0x1ac C:\Users\nozomi\Desktop\com\í êMån\20130828-600\20120510\Debug\teleme.o
                0x00ffd780                ena_overa
                0x00ffd783                flag_dispAD
                0x00ffd786                flag_overa
                0x00ffd789                flag_dteleme
                0x00ffd78c                ena_rteleme
                0x00ffd78f                ena_ateleme
                0x00ffd792                flag_ad
                0x00ffd798                my_wdt
                0x00ffd79c                flag_iteleme
                0x00ffd79f                ena_iteleme
                0x00ffd7a2                ena_mywdt
                0x00ffd7a8                itu1_cnt
                0x00ffd7ac                ena_dteleme
                0x00ffd7af                flag_ateleme
                0x00ffd7b2                ena_ad
                0x00ffd7b5                flag_oteleme
                0x00ffd7b8                flag_rteleme
                0x00ffd7bb                ena_dispAD
                0x00ffd7be                mpx
                0x00ffd7de                status
                0x00ffd85d                ena_oteleme
                0x00ffd860                message_global
 COMMON         0x00ffd92c       0x11 C:\Users\nozomi\Desktop\com\í êMån\20130828-600\20120510\Debug\rx_protcol_inv.o
                0x00ffd92c                i
                0x00ffd92e                fcslo
                0x00ffd92f                flag_rx
                0x00ffd934                uplink_rx_buff
                0x00ffd938                kbit
                0x00ffd93a                info_length
                0x00ffd93c                fcshi
 COMMON         0x00ffd93d        0xc C:\Users\nozomi\Desktop\com\í êMån\20130828-600\20120510\Debug\pwr.o
                0x00ffd93d                ena_alive
                0x00ffd940                flag_pwrt
                0x00ffd943                ena_pwrt
                0x00ffd946                flag_alive
 COMMON         0x00ffd949        0x6 C:\Users\nozomi\Desktop\com\í êMån\20130828-600\20120510\Debug\mission.o
                0x00ffd949                ena_misst
                0x00ffd94c                flag_misst
 *fill*         0x00ffd94f        0x1 00
 COMMON         0x00ffd950        0xd C:\Users\nozomi\Desktop\com\í êMån\20130828-600\20120510\Debug\message.o
                0x00ffd950                flag_send_fm
                0x00ffd951                flag_exe
                0x00ffd954                FmPreamble
                0x00ffd958                stuff
                0x00ffd959                fcsflag_send_fm
                0x00ffd95a                flag_scirx
 COMMON         0x00ffd95d        0x1 C:\Users\nozomi\Desktop\com\í êMån\20130828-600\20120510\Debug\iic2.o
                0x00ffd95d                P2_DDR
 *fill*         0x00ffd95e        0x2 00
 COMMON         0x00ffd960      0x168 C:\Users\nozomi\Desktop\com\í êMån\20130828-600\20120510\Debug\command.o
                0x00ffd960                command_H
                0x00ffd9d8                command_M
                0x00ffda50                command_L
                0x00ffdac8                _ebss = .
                0x00ffdac8                _end = .

.stack          0x00ffff00        0x0
                0x00ffff00                _stack = .
LOAD C:\Users\nozomi\Desktop\com\í êMån\20130828-600\20120510\Debug\vects.o
LOAD C:\Users\nozomi\Desktop\com\í êMån\20130828-600\20120510\Debug\timer.o
LOAD C:\Users\nozomi\Desktop\com\í êMån\20130828-600\20120510\Debug\teleme.o
LOAD C:\Users\nozomi\Desktop\com\í êMån\20130828-600\20120510\Debug\start.o
LOAD C:\Users\nozomi\Desktop\com\í êMån\20130828-600\20120510\Debug\sci_util.o
LOAD C:\Users\nozomi\Desktop\com\í êMån\20130828-600\20120510\Debug\sci2.o
LOAD C:\Users\nozomi\Desktop\com\í êMån\20130828-600\20120510\Debug\sci1.o
LOAD C:\Users\nozomi\Desktop\com\í êMån\20130828-600\20120510\Debug\sci0.o
LOAD C:\Users\nozomi\Desktop\com\í êMån\20130828-600\20120510\Debug\rx_protcol_inv.o
LOAD C:\Users\nozomi\Desktop\com\í êMån\20130828-600\20120510\Debug\rx_pll_inv.o
LOAD C:\Users\nozomi\Desktop\com\í êMån\20130828-600\20120510\Debug\rx_main.o
LOAD C:\Users\nozomi\Desktop\com\í êMån\20130828-600\20120510\Debug\rx.o
LOAD C:\Users\nozomi\Desktop\com\í êMån\20130828-600\20120510\Debug\pwr.o
LOAD C:\Users\nozomi\Desktop\com\í êMån\20130828-600\20120510\Debug\put_status.o
LOAD C:\Users\nozomi\Desktop\com\í êMån\20130828-600\20120510\Debug\mission.o
LOAD C:\Users\nozomi\Desktop\com\í êMån\20130828-600\20120510\Debug\message.o
LOAD C:\Users\nozomi\Desktop\com\í êMån\20130828-600\20120510\Debug\itu1.o
LOAD C:\Users\nozomi\Desktop\com\í êMån\20130828-600\20120510\Debug\itu0.o
LOAD C:\Users\nozomi\Desktop\com\í êMån\20130828-600\20120510\Debug\inthandler.o
LOAD C:\Users\nozomi\Desktop\com\í êMån\20130828-600\20120510\Debug\init.o
LOAD C:\Users\nozomi\Desktop\com\í êMån\20130828-600\20120510\Debug\iic2.o
LOAD C:\Users\nozomi\Desktop\com\í êMån\20130828-600\20120510\Debug\iic1.o
LOAD C:\Users\nozomi\Desktop\com\í êMån\20130828-600\20120510\Debug\iic0.o
LOAD C:\Users\nozomi\Desktop\com\í êMån\20130828-600\20120510\Debug\hwinit.o
LOAD C:\Users\nozomi\Desktop\com\í êMån\20130828-600\20120510\Debug\global.o
LOAD C:\Users\nozomi\Desktop\com\í êMån\20130828-600\20120510\Debug\fm_tx.o
LOAD C:\Users\nozomi\Desktop\com\í êMån\20130828-600\20120510\Debug\fm_ptt.o
LOAD C:\Users\nozomi\Desktop\com\í êMån\20130828-600\20120510\Debug\fm_pllcontrol.o
LOAD C:\Users\nozomi\Desktop\com\í êMån\20130828-600\20120510\Debug\debug.o
LOAD C:\Users\nozomi\Desktop\com\í êMån\20130828-600\20120510\Debug\command.o
LOAD C:\Users\nozomi\Desktop\com\í êMån\20130828-600\20120510\Debug\comm_buffer.o
LOAD C:\Users\nozomi\Desktop\com\í êMån\20130828-600\20120510\Debug\adconv.o
START GROUP
LOAD c:\program files\renesas\hew\tools\kpit\gnuh8-elf\v12.01\h8300-elf\lib\gcc\h8300-elf\4.6-GNUH8_v12.01\h8300h\libgcc.a
LOAD C:\Users\nozomi\Desktop\com\í êMån\20130828-600\20120510\Debug\lib20120510.a
END GROUP
OUTPUT(C:\Users\nozomi\Desktop\com\í êMån\20130828-600\20120510\Debug\20130828-600.x elf32-h8300)

.debug_info     0x00000000     0xba01
 .debug_info    0x00000000       0x64 C:\Users\nozomi\Desktop\com\í êMån\20130828-600\20120510\Debug\vects.o
 .debug_info    0x00000064      0x667 C:\Users\nozomi\Desktop\com\í êMån\20130828-600\20120510\Debug\timer.o
 .debug_info    0x000006cb      0x7e6 C:\Users\nozomi\Desktop\com\í êMån\20130828-600\20120510\Debug\teleme.o
 .debug_info    0x00000eb1       0xb5 C:\Users\nozomi\Desktop\com\í êMån\20130828-600\20120510\Debug\start.o
 .debug_info    0x00000f66      0x158 C:\Users\nozomi\Desktop\com\í êMån\20130828-600\20120510\Debug\sci_util.o
 .debug_info    0x000010be      0x6aa C:\Users\nozomi\Desktop\com\í êMån\20130828-600\20120510\Debug\sci2.o
 .debug_info    0x00001768      0x6fc C:\Users\nozomi\Desktop\com\í êMån\20130828-600\20120510\Debug\sci1.o
 .debug_info    0x00001e64      0x6aa C:\Users\nozomi\Desktop\com\í êMån\20130828-600\20120510\Debug\sci0.o
 .debug_info    0x0000250e      0xdc1 C:\Users\nozomi\Desktop\com\í êMån\20130828-600\20120510\Debug\rx_protcol_inv.o
 .debug_info    0x000032cf      0x444 C:\Users\nozomi\Desktop\com\í êMån\20130828-600\20120510\Debug\rx_pll_inv.o
 .debug_info    0x00003713      0x2b7 C:\Users\nozomi\Desktop\com\í êMån\20130828-600\20120510\Debug\rx_main.o
 .debug_info    0x000039ca      0x213 C:\Users\nozomi\Desktop\com\í êMån\20130828-600\20120510\Debug\rx.o
 .debug_info    0x00003bdd      0x4cf C:\Users\nozomi\Desktop\com\í êMån\20130828-600\20120510\Debug\pwr.o
 .debug_info    0x000040ac      0x94e C:\Users\nozomi\Desktop\com\í êMån\20130828-600\20120510\Debug\put_status.o
 .debug_info    0x000049fa      0x983 C:\Users\nozomi\Desktop\com\í êMån\20130828-600\20120510\Debug\mission.o
 .debug_info    0x0000537d      0xbda C:\Users\nozomi\Desktop\com\í êMån\20130828-600\20120510\Debug\message.o
 .debug_info    0x00005f57      0xc5a C:\Users\nozomi\Desktop\com\í êMån\20130828-600\20120510\Debug\itu1.o
 .debug_info    0x00006bb1      0x818 C:\Users\nozomi\Desktop\com\í êMån\20130828-600\20120510\Debug\itu0.o
 .debug_info    0x000073c9      0x2ad C:\Users\nozomi\Desktop\com\í êMån\20130828-600\20120510\Debug\inthandler.o
 .debug_info    0x00007676      0x850 C:\Users\nozomi\Desktop\com\í êMån\20130828-600\20120510\Debug\init.o
 .debug_info    0x00007ec6      0x410 C:\Users\nozomi\Desktop\com\í êMån\20130828-600\20120510\Debug\iic2.o
 .debug_info    0x000082d6      0x410 C:\Users\nozomi\Desktop\com\í êMån\20130828-600\20120510\Debug\iic1.o
 .debug_info    0x000086e6      0x410 C:\Users\nozomi\Desktop\com\í êMån\20130828-600\20120510\Debug\iic0.o
 .debug_info    0x00008af6       0x53 C:\Users\nozomi\Desktop\com\í êMån\20130828-600\20120510\Debug\hwinit.o
 .debug_info    0x00008b49      0x6cf C:\Users\nozomi\Desktop\com\í êMån\20130828-600\20120510\Debug\global.o
 .debug_info    0x00009218      0x59c C:\Users\nozomi\Desktop\com\í êMån\20130828-600\20120510\Debug\fm_tx.o
 .debug_info    0x000097b4      0x114 C:\Users\nozomi\Desktop\com\í êMån\20130828-600\20120510\Debug\fm_ptt.o
 .debug_info    0x000098c8      0x3ba C:\Users\nozomi\Desktop\com\í êMån\20130828-600\20120510\Debug\fm_pllcontrol.o
 .debug_info    0x00009c82      0xf2e C:\Users\nozomi\Desktop\com\í êMån\20130828-600\20120510\Debug\debug.o
 .debug_info    0x0000abb0      0x58e C:\Users\nozomi\Desktop\com\í êMån\20130828-600\20120510\Debug\command.o
 .debug_info    0x0000b13e      0x15e C:\Users\nozomi\Desktop\com\í êMån\20130828-600\20120510\Debug\comm_buffer.o
 .debug_info    0x0000b29c      0x765 C:\Users\nozomi\Desktop\com\í êMån\20130828-600\20120510\Debug\adconv.o

.debug_abbrev   0x00000000     0x263c
 .debug_abbrev  0x00000000       0x62 C:\Users\nozomi\Desktop\com\í êMån\20130828-600\20120510\Debug\vects.o
 .debug_abbrev  0x00000062      0x140 C:\Users\nozomi\Desktop\com\í êMån\20130828-600\20120510\Debug\timer.o
 .debug_abbrev  0x000001a2      0x140 C:\Users\nozomi\Desktop\com\í êMån\20130828-600\20120510\Debug\teleme.o
 .debug_abbrev  0x000002e2       0x14 C:\Users\nozomi\Desktop\com\í êMån\20130828-600\20120510\Debug\start.o
 .debug_abbrev  0x000002f6       0xb1 C:\Users\nozomi\Desktop\com\í êMån\20130828-600\20120510\Debug\sci_util.o
 .debug_abbrev  0x000003a7      0x1be C:\Users\nozomi\Desktop\com\í êMån\20130828-600\20120510\Debug\sci2.o
 .debug_abbrev  0x00000565      0x1be C:\Users\nozomi\Desktop\com\í êMån\20130828-600\20120510\Debug\sci1.o
 .debug_abbrev  0x00000723      0x1be C:\Users\nozomi\Desktop\com\í êMån\20130828-600\20120510\Debug\sci0.o
 .debug_abbrev  0x000008e1      0x287 C:\Users\nozomi\Desktop\com\í êMån\20130828-600\20120510\Debug\rx_protcol_inv.o
 .debug_abbrev  0x00000b68      0x10e C:\Users\nozomi\Desktop\com\í êMån\20130828-600\20120510\Debug\rx_pll_inv.o
 .debug_abbrev  0x00000c76      0x168 C:\Users\nozomi\Desktop\com\í êMån\20130828-600\20120510\Debug\rx_main.o
 .debug_abbrev  0x00000dde       0xe8 C:\Users\nozomi\Desktop\com\í êMån\20130828-600\20120510\Debug\rx.o
 .debug_abbrev  0x00000ec6       0xde C:\Users\nozomi\Desktop\com\í êMån\20130828-600\20120510\Debug\pwr.o
 .debug_abbrev  0x00000fa4      0x120 C:\Users\nozomi\Desktop\com\í êMån\20130828-600\20120510\Debug\put_status.o
 .debug_abbrev  0x000010c4      0x1cb C:\Users\nozomi\Desktop\com\í êMån\20130828-600\20120510\Debug\mission.o
 .debug_abbrev  0x0000128f      0x1a3 C:\Users\nozomi\Desktop\com\í êMån\20130828-600\20120510\Debug\message.o
 .debug_abbrev  0x00001432      0x170 C:\Users\nozomi\Desktop\com\í êMån\20130828-600\20120510\Debug\itu1.o
 .debug_abbrev  0x000015a2      0x13e C:\Users\nozomi\Desktop\com\í êMån\20130828-600\20120510\Debug\itu0.o
 .debug_abbrev  0x000016e0       0x27 C:\Users\nozomi\Desktop\com\í êMån\20130828-600\20120510\Debug\inthandler.o
 .debug_abbrev  0x00001707      0x121 C:\Users\nozomi\Desktop\com\í êMån\20130828-600\20120510\Debug\init.o
 .debug_abbrev  0x00001828      0x147 C:\Users\nozomi\Desktop\com\í êMån\20130828-600\20120510\Debug\iic2.o
 .debug_abbrev  0x0000196f      0x147 C:\Users\nozomi\Desktop\com\í êMån\20130828-600\20120510\Debug\iic1.o
 .debug_abbrev  0x00001ab6      0x147 C:\Users\nozomi\Desktop\com\í êMån\20130828-600\20120510\Debug\iic0.o
 .debug_abbrev  0x00001bfd       0x32 C:\Users\nozomi\Desktop\com\í êMån\20130828-600\20120510\Debug\hwinit.o
 .debug_abbrev  0x00001c2f      0x104 C:\Users\nozomi\Desktop\com\í êMån\20130828-600\20120510\Debug\global.o
 .debug_abbrev  0x00001d33      0x1c8 C:\Users\nozomi\Desktop\com\í êMån\20130828-600\20120510\Debug\fm_tx.o
 .debug_abbrev  0x00001efb       0x7d C:\Users\nozomi\Desktop\com\í êMån\20130828-600\20120510\Debug\fm_ptt.o
 .debug_abbrev  0x00001f78       0xe4 C:\Users\nozomi\Desktop\com\í êMån\20130828-600\20120510\Debug\fm_pllcontrol.o
 .debug_abbrev  0x0000205c      0x1d6 C:\Users\nozomi\Desktop\com\í êMån\20130828-600\20120510\Debug\debug.o
 .debug_abbrev  0x00002232      0x198 C:\Users\nozomi\Desktop\com\í êMån\20130828-600\20120510\Debug\command.o
 .debug_abbrev  0x000023ca       0x94 C:\Users\nozomi\Desktop\com\í êMån\20130828-600\20120510\Debug\comm_buffer.o
 .debug_abbrev  0x0000245e      0x1de C:\Users\nozomi\Desktop\com\í êMån\20130828-600\20120510\Debug\adconv.o

.debug_line     0x00000000     0x91b3
 .debug_line    0x00000000       0x68 C:\Users\nozomi\Desktop\com\í êMån\20130828-600\20120510\Debug\vects.o
 .debug_line    0x00000068      0x212 C:\Users\nozomi\Desktop\com\í êMån\20130828-600\20120510\Debug\timer.o
 .debug_line    0x0000027a      0x8ad C:\Users\nozomi\Desktop\com\í êMån\20130828-600\20120510\Debug\teleme.o
 .debug_line    0x00000b27       0x8b C:\Users\nozomi\Desktop\com\í êMån\20130828-600\20120510\Debug\start.o
 .debug_line    0x00000bb2      0x153 C:\Users\nozomi\Desktop\com\í êMån\20130828-600\20120510\Debug\sci_util.o
 .debug_line    0x00000d05      0x4d2 C:\Users\nozomi\Desktop\com\í êMån\20130828-600\20120510\Debug\sci2.o
 .debug_line    0x000011d7      0x5b4 C:\Users\nozomi\Desktop\com\í êMån\20130828-600\20120510\Debug\sci1.o
 .debug_line    0x0000178b      0x4d2 C:\Users\nozomi\Desktop\com\í êMån\20130828-600\20120510\Debug\sci0.o
 .debug_line    0x00001c5d      0x735 C:\Users\nozomi\Desktop\com\í êMån\20130828-600\20120510\Debug\rx_protcol_inv.o
 .debug_line    0x00002392      0x27c C:\Users\nozomi\Desktop\com\í êMån\20130828-600\20120510\Debug\rx_pll_inv.o
 .debug_line    0x0000260e      0x1c7 C:\Users\nozomi\Desktop\com\í êMån\20130828-600\20120510\Debug\rx_main.o
 .debug_line    0x000027d5      0x15c C:\Users\nozomi\Desktop\com\í êMån\20130828-600\20120510\Debug\rx.o
 .debug_line    0x00002931      0x224 C:\Users\nozomi\Desktop\com\í êMån\20130828-600\20120510\Debug\pwr.o
 .debug_line    0x00002b55      0x624 C:\Users\nozomi\Desktop\com\í êMån\20130828-600\20120510\Debug\put_status.o
 .debug_line    0x00003179      0x426 C:\Users\nozomi\Desktop\com\í êMån\20130828-600\20120510\Debug\mission.o
 .debug_line    0x0000359f      0xe90 C:\Users\nozomi\Desktop\com\í êMån\20130828-600\20120510\Debug\message.o
 .debug_line    0x0000442f      0x2f6 C:\Users\nozomi\Desktop\com\í êMån\20130828-600\20120510\Debug\itu1.o
 .debug_line    0x00004725      0x169 C:\Users\nozomi\Desktop\com\í êMån\20130828-600\20120510\Debug\itu0.o
 .debug_line    0x0000488e      0x25d C:\Users\nozomi\Desktop\com\í êMån\20130828-600\20120510\Debug\inthandler.o
 .debug_line    0x00004aeb      0x2bc C:\Users\nozomi\Desktop\com\í êMån\20130828-600\20120510\Debug\init.o
 .debug_line    0x00004da7      0x490 C:\Users\nozomi\Desktop\com\í êMån\20130828-600\20120510\Debug\iic2.o
 .debug_line    0x00005237      0x490 C:\Users\nozomi\Desktop\com\í êMån\20130828-600\20120510\Debug\iic1.o
 .debug_line    0x000056c7      0x490 C:\Users\nozomi\Desktop\com\í êMån\20130828-600\20120510\Debug\iic0.o
 .debug_line    0x00005b57       0x79 C:\Users\nozomi\Desktop\com\í êMån\20130828-600\20120510\Debug\hwinit.o
 .debug_line    0x00005bd0      0x3b3 C:\Users\nozomi\Desktop\com\í êMån\20130828-600\20120510\Debug\global.o
 .debug_line    0x00005f83      0x733 C:\Users\nozomi\Desktop\com\í êMån\20130828-600\20120510\Debug\fm_tx.o
 .debug_line    0x000066b6       0xe2 C:\Users\nozomi\Desktop\com\í êMån\20130828-600\20120510\Debug\fm_ptt.o
 .debug_line    0x00006798      0x2ad C:\Users\nozomi\Desktop\com\í êMån\20130828-600\20120510\Debug\fm_pllcontrol.o
 .debug_line    0x00006a45     0x182d C:\Users\nozomi\Desktop\com\í êMån\20130828-600\20120510\Debug\debug.o
 .debug_line    0x00008272      0x987 C:\Users\nozomi\Desktop\com\í êMån\20130828-600\20120510\Debug\command.o
 .debug_line    0x00008bf9      0x11e C:\Users\nozomi\Desktop\com\í êMån\20130828-600\20120510\Debug\comm_buffer.o
 .debug_line    0x00008d17      0x49c C:\Users\nozomi\Desktop\com\í êMån\20130828-600\20120510\Debug\adconv.o

.debug_str      0x00000000     0x1d70
 .debug_str     0x00000000       0x7a C:\Users\nozomi\Desktop\com\í êMån\20130828-600\20120510\Debug\vects.o
 .debug_str     0x0000007a      0x1b3 C:\Users\nozomi\Desktop\com\í êMån\20130828-600\20120510\Debug\timer.o
                                0x1f3 (size before relaxing)
 .debug_str     0x0000022d      0x25a C:\Users\nozomi\Desktop\com\í êMån\20130828-600\20120510\Debug\teleme.o
                                0x2d2 (size before relaxing)
 .debug_str     0x00000487       0xa3 C:\Users\nozomi\Desktop\com\í êMån\20130828-600\20120510\Debug\sci_util.o
                                 0xfc (size before relaxing)
 .debug_str     0x0000052a      0x180 C:\Users\nozomi\Desktop\com\í êMån\20130828-600\20120510\Debug\sci2.o
                                0x1f8 (size before relaxing)
 .debug_str     0x000006aa      0x124 C:\Users\nozomi\Desktop\com\í êMån\20130828-600\20120510\Debug\sci1.o
                                0x20a (size before relaxing)
 .debug_str     0x000007ce      0x117 C:\Users\nozomi\Desktop\com\í êMån\20130828-600\20120510\Debug\sci0.o
                                0x1f8 (size before relaxing)
 .debug_str     0x000008e5      0x1ac C:\Users\nozomi\Desktop\com\í êMån\20130828-600\20120510\Debug\rx_protcol_inv.o
                                0x38f (size before relaxing)
 .debug_str     0x00000a91      0x138 C:\Users\nozomi\Desktop\com\í êMån\20130828-600\20120510\Debug\rx_pll_inv.o
                                0x213 (size before relaxing)
 .debug_str     0x00000bc9       0x4f C:\Users\nozomi\Desktop\com\í êMån\20130828-600\20120510\Debug\rx_main.o
                                0x144 (size before relaxing)
 .debug_str     0x00000c18       0x3e C:\Users\nozomi\Desktop\com\í êMån\20130828-600\20120510\Debug\rx.o
                                0x10e (size before relaxing)
 .debug_str     0x00000c56       0xd3 C:\Users\nozomi\Desktop\com\í êMån\20130828-600\20120510\Debug\pwr.o
                                0x240 (size before relaxing)
 .debug_str     0x00000d29      0x144 C:\Users\nozomi\Desktop\com\í êMån\20130828-600\20120510\Debug\put_status.o
                                0x24a (size before relaxing)
 .debug_str     0x00000e6d       0xd9 C:\Users\nozomi\Desktop\com\í êMån\20130828-600\20120510\Debug\mission.o
                                0x2ea (size before relaxing)
 .debug_str     0x00000f46      0x2b5 C:\Users\nozomi\Desktop\com\í êMån\20130828-600\20120510\Debug\message.o
                                0x450 (size before relaxing)
 .debug_str     0x000011fb       0x54 C:\Users\nozomi\Desktop\com\í êMån\20130828-600\20120510\Debug\itu1.o
                                0x3e4 (size before relaxing)
 .debug_str     0x0000124f       0x5e C:\Users\nozomi\Desktop\com\í êMån\20130828-600\20120510\Debug\itu0.o
                                0x276 (size before relaxing)
 .debug_str     0x000012ad      0x178 C:\Users\nozomi\Desktop\com\í êMån\20130828-600\20120510\Debug\inthandler.o
                                0x18f (size before relaxing)
 .debug_str     0x00001425       0x72 C:\Users\nozomi\Desktop\com\í êMån\20130828-600\20120510\Debug\init.o
                                0x2ea (size before relaxing)
 .debug_str     0x00001497       0xe7 C:\Users\nozomi\Desktop\com\í êMån\20130828-600\20120510\Debug\iic2.o
                                0x14b (size before relaxing)
 .debug_str     0x0000157e       0x9c C:\Users\nozomi\Desktop\com\í êMån\20130828-600\20120510\Debug\iic1.o
                                0x14b (size before relaxing)
 .debug_str     0x0000161a       0x9c C:\Users\nozomi\Desktop\com\í êMån\20130828-600\20120510\Debug\iic0.o
                                0x14b (size before relaxing)
 .debug_str     0x000016b6       0x50 C:\Users\nozomi\Desktop\com\í êMån\20130828-600\20120510\Debug\hwinit.o
                                 0x9f (size before relaxing)
 .debug_str     0x00001706       0x81 C:\Users\nozomi\Desktop\com\í êMån\20130828-600\20120510\Debug\global.o
                                0x28f (size before relaxing)
 .debug_str     0x00001787      0x13c C:\Users\nozomi\Desktop\com\í êMån\20130828-600\20120510\Debug\fm_tx.o
                                0x22d (size before relaxing)
 .debug_str     0x000018c3       0x42 C:\Users\nozomi\Desktop\com\í êMån\20130828-600\20120510\Debug\fm_ptt.o
                                 0xb1 (size before relaxing)
 .debug_str     0x00001905       0xd5 C:\Users\nozomi\Desktop\com\í êMån\20130828-600\20120510\Debug\fm_pllcontrol.o
                                0x1f2 (size before relaxing)
 .debug_str     0x000019da      0x189 C:\Users\nozomi\Desktop\com\í êMån\20130828-600\20120510\Debug\debug.o
                                0x407 (size before relaxing)
 .debug_str     0x00001b63       0xdd C:\Users\nozomi\Desktop\com\í êMån\20130828-600\20120510\Debug\command.o
                                0x2a8 (size before relaxing)
 .debug_str     0x00001c40       0x58 C:\Users\nozomi\Desktop\com\í êMån\20130828-600\20120510\Debug\comm_buffer.o
                                0x11a (size before relaxing)
 .debug_str     0x00001c98       0xd8 C:\Users\nozomi\Desktop\com\í êMån\20130828-600\20120510\Debug\adconv.o
                                0x21b (size before relaxing)

.comment        0x00000000       0x38
 .comment       0x00000000       0x1c C:\Users\nozomi\Desktop\com\í êMån\20130828-600\20120510\Debug\vects.o
                                 0x1d (size before relaxing)
 .comment       0x00000000       0x1d C:\Users\nozomi\Desktop\com\í êMån\20130828-600\20120510\Debug\timer.o
 .comment       0x00000000       0x1d C:\Users\nozomi\Desktop\com\í êMån\20130828-600\20120510\Debug\teleme.o
 .comment       0x00000000       0x1d C:\Users\nozomi\Desktop\com\í êMån\20130828-600\20120510\Debug\sci_util.o
 .comment       0x00000000       0x1d C:\Users\nozomi\Desktop\com\í êMån\20130828-600\20120510\Debug\sci2.o
 .comment       0x00000000       0x1d C:\Users\nozomi\Desktop\com\í êMån\20130828-600\20120510\Debug\sci1.o
 .comment       0x00000000       0x1d C:\Users\nozomi\Desktop\com\í êMån\20130828-600\20120510\Debug\sci0.o
 .comment       0x00000000       0x1d C:\Users\nozomi\Desktop\com\í êMån\20130828-600\20120510\Debug\rx_protcol_inv.o
 .comment       0x00000000       0x1d C:\Users\nozomi\Desktop\com\í êMån\20130828-600\20120510\Debug\rx_pll_inv.o
 .comment       0x00000000       0x1d C:\Users\nozomi\Desktop\com\í êMån\20130828-600\20120510\Debug\rx_main.o
 .comment       0x00000000       0x1d C:\Users\nozomi\Desktop\com\í êMån\20130828-600\20120510\Debug\rx.o
 .comment       0x00000000       0x1d C:\Users\nozomi\Desktop\com\í êMån\20130828-600\20120510\Debug\pwr.o
 .comment       0x00000000       0x1d C:\Users\nozomi\Desktop\com\í êMån\20130828-600\20120510\Debug\put_status.o
 .comment       0x00000000       0x1d C:\Users\nozomi\Desktop\com\í êMån\20130828-600\20120510\Debug\mission.o
 .comment       0x00000000       0x1d C:\Users\nozomi\Desktop\com\í êMån\20130828-600\20120510\Debug\message.o
 .comment       0x00000000       0x1d C:\Users\nozomi\Desktop\com\í êMån\20130828-600\20120510\Debug\itu1.o
 .comment       0x00000000       0x1d C:\Users\nozomi\Desktop\com\í êMån\20130828-600\20120510\Debug\itu0.o
 .comment       0x00000000       0x1d C:\Users\nozomi\Desktop\com\í êMån\20130828-600\20120510\Debug\inthandler.o
 .comment       0x00000000       0x1d C:\Users\nozomi\Desktop\com\í êMån\20130828-600\20120510\Debug\init.o
 .comment       0x00000000       0x1d C:\Users\nozomi\Desktop\com\í êMån\20130828-600\20120510\Debug\iic2.o
 .comment       0x00000000       0x1d C:\Users\nozomi\Desktop\com\í êMån\20130828-600\20120510\Debug\iic1.o
 .comment       0x00000000       0x1d C:\Users\nozomi\Desktop\com\í êMån\20130828-600\20120510\Debug\iic0.o
 .comment       0x00000000       0x1d C:\Users\nozomi\Desktop\com\í êMån\20130828-600\20120510\Debug\hwinit.o
 .comment       0x00000000       0x1d C:\Users\nozomi\Desktop\com\í êMån\20130828-600\20120510\Debug\global.o
 .comment       0x00000000       0x1d C:\Users\nozomi\Desktop\com\í êMån\20130828-600\20120510\Debug\fm_tx.o
 .comment       0x00000000       0x1d C:\Users\nozomi\Desktop\com\í êMån\20130828-600\20120510\Debug\fm_ptt.o
 .comment       0x00000000       0x1d C:\Users\nozomi\Desktop\com\í êMån\20130828-600\20120510\Debug\fm_pllcontrol.o
 .comment       0x00000000       0x1d C:\Users\nozomi\Desktop\com\í êMån\20130828-600\20120510\Debug\debug.o
 .comment       0x00000000       0x1d C:\Users\nozomi\Desktop\com\í êMån\20130828-600\20120510\Debug\command.o
 .comment       0x00000000       0x1d C:\Users\nozomi\Desktop\com\í êMån\20130828-600\20120510\Debug\comm_buffer.o
 .comment       0x00000000       0x1d C:\Users\nozomi\Desktop\com\í êMån\20130828-600\20120510\Debug\adconv.o
 .comment       0x00000000       0x1d c:\program files\renesas\hew\tools\kpit\gnuh8-elf\v12.01\h8300-elf\lib\gcc\h8300-elf\4.6-GNUH8_v12.01\h8300h\libgcc.a(_fixunssfsi.o)
 .comment       0x00000000       0x1d c:\program files\renesas\hew\tools\kpit\gnuh8-elf\v12.01\h8300-elf\lib\gcc\h8300-elf\4.6-GNUH8_v12.01\h8300h\libgcc.a(_addsub_sf.o)
 .comment       0x00000000       0x1d c:\program files\renesas\hew\tools\kpit\gnuh8-elf\v12.01\h8300-elf\lib\gcc\h8300-elf\4.6-GNUH8_v12.01\h8300h\libgcc.a(_div_sf.o)
 .comment       0x00000000       0x1d c:\program files\renesas\hew\tools\kpit\gnuh8-elf\v12.01\h8300-elf\lib\gcc\h8300-elf\4.6-GNUH8_v12.01\h8300h\libgcc.a(_ge_sf.o)
 .comment       0x00000000       0x1d c:\program files\renesas\hew\tools\kpit\gnuh8-elf\v12.01\h8300-elf\lib\gcc\h8300-elf\4.6-GNUH8_v12.01\h8300h\libgcc.a(_si_to_sf.o)
 .comment       0x00000000       0x1d c:\program files\renesas\hew\tools\kpit\gnuh8-elf\v12.01\h8300-elf\lib\gcc\h8300-elf\4.6-GNUH8_v12.01\h8300h\libgcc.a(_sf_to_si.o)
 .comment       0x00000000       0x1d c:\program files\renesas\hew\tools\kpit\gnuh8-elf\v12.01\h8300-elf\lib\gcc\h8300-elf\4.6-GNUH8_v12.01\h8300h\libgcc.a(_thenan_sf.o)
 .comment       0x00000000       0x1d c:\program files\renesas\hew\tools\kpit\gnuh8-elf\v12.01\h8300-elf\lib\gcc\h8300-elf\4.6-GNUH8_v12.01\h8300h\libgcc.a(_clzsi2.o)
 .comment       0x00000000       0x1d c:\program files\renesas\hew\tools\kpit\gnuh8-elf\v12.01\h8300-elf\lib\gcc\h8300-elf\4.6-GNUH8_v12.01\h8300h\libgcc.a(_pack_sf.o)
 .comment       0x00000000       0x1d c:\program files\renesas\hew\tools\kpit\gnuh8-elf\v12.01\h8300-elf\lib\gcc\h8300-elf\4.6-GNUH8_v12.01\h8300h\libgcc.a(_unpack_sf.o)
 .comment       0x00000000       0x1d c:\program files\renesas\hew\tools\kpit\gnuh8-elf\v12.01\h8300-elf\lib\gcc\h8300-elf\4.6-GNUH8_v12.01\h8300h\libgcc.a(_fpcmp_parts_sf.o)
 .comment       0x00000000       0x1d c:\program files\renesas\hew\tools\kpit\gnuh8-elf\v12.01\h8300-elf\lib\gcc\h8300-elf\4.6-GNUH8_v12.01\h8300h\libgcc.a(_clz.o)
 .comment       0x0000001c       0x1c C:\Users\nozomi\Desktop\com\í êMån\20130828-600\20120510\Debug\lib20120510.a(exit.o)
                                 0x1d (size before relaxing)
 .comment       0x00000000       0x1d C:\Users\nozomi\Desktop\com\í êMån\20130828-600\20120510\Debug\lib20120510.a(newfree.o)
 .comment       0x00000000       0x1d C:\Users\nozomi\Desktop\com\í êMån\20130828-600\20120510\Debug\lib20120510.a(newheap.o)
 .comment       0x00000000       0x1d C:\Users\nozomi\Desktop\com\í êMån\20130828-600\20120510\Debug\lib20120510.a(newmalloc.o)

.debug_frame    0x00000000     0x25a0
 .debug_frame   0x00000000       0x80 C:\Users\nozomi\Desktop\com\í êMån\20130828-600\20120510\Debug\timer.o
 .debug_frame   0x00000080      0x158 C:\Users\nozomi\Desktop\com\í êMån\20130828-600\20120510\Debug\teleme.o
 .debug_frame   0x000001d8      0x114 C:\Users\nozomi\Desktop\com\í êMån\20130828-600\20120510\Debug\sci_util.o
 .debug_frame   0x000002ec      0x210 C:\Users\nozomi\Desktop\com\í êMån\20130828-600\20120510\Debug\sci2.o
 .debug_frame   0x000004fc      0x234 C:\Users\nozomi\Desktop\com\í êMån\20130828-600\20120510\Debug\sci1.o
 .debug_frame   0x00000730      0x210 C:\Users\nozomi\Desktop\com\í êMån\20130828-600\20120510\Debug\sci0.o
 .debug_frame   0x00000940      0x164 C:\Users\nozomi\Desktop\com\í êMån\20130828-600\20120510\Debug\rx_protcol_inv.o
 .debug_frame   0x00000aa4      0x11c C:\Users\nozomi\Desktop\com\í êMån\20130828-600\20120510\Debug\rx_pll_inv.o
 .debug_frame   0x00000bc0       0x38 C:\Users\nozomi\Desktop\com\í êMån\20130828-600\20120510\Debug\rx_main.o
 .debug_frame   0x00000bf8       0x38 C:\Users\nozomi\Desktop\com\í êMån\20130828-600\20120510\Debug\rx.o
 .debug_frame   0x00000c30       0xec C:\Users\nozomi\Desktop\com\í êMån\20130828-600\20120510\Debug\pwr.o
 .debug_frame   0x00000d1c      0x14c C:\Users\nozomi\Desktop\com\í êMån\20130828-600\20120510\Debug\put_status.o
 .debug_frame   0x00000e68      0x120 C:\Users\nozomi\Desktop\com\í êMån\20130828-600\20120510\Debug\mission.o
 .debug_frame   0x00000f88      0x224 C:\Users\nozomi\Desktop\com\í êMån\20130828-600\20120510\Debug\message.o
 .debug_frame   0x000011ac       0x6c C:\Users\nozomi\Desktop\com\í êMån\20130828-600\20120510\Debug\itu1.o
 .debug_frame   0x00001218       0x90 C:\Users\nozomi\Desktop\com\í êMån\20130828-600\20120510\Debug\itu0.o
 .debug_frame   0x000012a8      0x470 C:\Users\nozomi\Desktop\com\í êMån\20130828-600\20120510\Debug\inthandler.o
 .debug_frame   0x00001718       0x8c C:\Users\nozomi\Desktop\com\í êMån\20130828-600\20120510\Debug\init.o
 .debug_frame   0x000017a4      0x17c C:\Users\nozomi\Desktop\com\í êMån\20130828-600\20120510\Debug\iic2.o
 .debug_frame   0x00001920      0x17c C:\Users\nozomi\Desktop\com\í êMån\20130828-600\20120510\Debug\iic1.o
 .debug_frame   0x00001a9c      0x17c C:\Users\nozomi\Desktop\com\í êMån\20130828-600\20120510\Debug\iic0.o
 .debug_frame   0x00001c18       0x38 C:\Users\nozomi\Desktop\com\í êMån\20130828-600\20120510\Debug\hwinit.o
 .debug_frame   0x00001c50       0xc8 C:\Users\nozomi\Desktop\com\í êMån\20130828-600\20120510\Debug\global.o
 .debug_frame   0x00001d18      0x1a0 C:\Users\nozomi\Desktop\com\í êMån\20130828-600\20120510\Debug\fm_tx.o
 .debug_frame   0x00001eb8       0x5c C:\Users\nozomi\Desktop\com\í êMån\20130828-600\20120510\Debug\fm_ptt.o
 .debug_frame   0x00001f14      0x14c C:\Users\nozomi\Desktop\com\í êMån\20130828-600\20120510\Debug\fm_pllcontrol.o
 .debug_frame   0x00002060      0x330 C:\Users\nozomi\Desktop\com\í êMån\20130828-600\20120510\Debug\debug.o
 .debug_frame   0x00002390       0xc8 C:\Users\nozomi\Desktop\com\í êMån\20130828-600\20120510\Debug\command.o
 .debug_frame   0x00002458       0x38 C:\Users\nozomi\Desktop\com\í êMån\20130828-600\20120510\Debug\comm_buffer.o
 .debug_frame   0x00002490      0x110 C:\Users\nozomi\Desktop\com\í êMån\20130828-600\20120510\Debug\adconv.o

.debug_loc      0x00000000     0x27e0
 .debug_loc     0x00000000       0x84 C:\Users\nozomi\Desktop\com\í êMån\20130828-600\20120510\Debug\timer.o
 .debug_loc     0x00000084      0x160 C:\Users\nozomi\Desktop\com\í êMån\20130828-600\20120510\Debug\teleme.o
 .debug_loc     0x000001e4      0x134 C:\Users\nozomi\Desktop\com\í êMån\20130828-600\20120510\Debug\sci_util.o
 .debug_loc     0x00000318      0x23c C:\Users\nozomi\Desktop\com\í êMån\20130828-600\20120510\Debug\sci2.o
 .debug_loc     0x00000554      0x268 C:\Users\nozomi\Desktop\com\í êMån\20130828-600\20120510\Debug\sci1.o
 .debug_loc     0x000007bc      0x23c C:\Users\nozomi\Desktop\com\í êMån\20130828-600\20120510\Debug\sci0.o
 .debug_loc     0x000009f8      0x18c C:\Users\nozomi\Desktop\com\í êMån\20130828-600\20120510\Debug\rx_protcol_inv.o
 .debug_loc     0x00000b84      0x134 C:\Users\nozomi\Desktop\com\í êMån\20130828-600\20120510\Debug\rx_pll_inv.o
 .debug_loc     0x00000cb8       0x2c C:\Users\nozomi\Desktop\com\í êMån\20130828-600\20120510\Debug\rx_main.o
 .debug_loc     0x00000ce4       0x2c C:\Users\nozomi\Desktop\com\í êMån\20130828-600\20120510\Debug\rx.o
 .debug_loc     0x00000d10      0x108 C:\Users\nozomi\Desktop\com\í êMån\20130828-600\20120510\Debug\pwr.o
 .debug_loc     0x00000e18      0x108 C:\Users\nozomi\Desktop\com\í êMån\20130828-600\20120510\Debug\put_status.o
 .debug_loc     0x00000f20      0x134 C:\Users\nozomi\Desktop\com\í êMån\20130828-600\20120510\Debug\mission.o
 .debug_loc     0x00001054      0x23c C:\Users\nozomi\Desktop\com\í êMån\20130828-600\20120510\Debug\message.o
 .debug_loc     0x00001290       0x58 C:\Users\nozomi\Desktop\com\í êMån\20130828-600\20120510\Debug\itu1.o
 .debug_loc     0x000012e8       0x84 C:\Users\nozomi\Desktop\com\í êMån\20130828-600\20120510\Debug\itu0.o
 .debug_loc     0x0000136c      0x554 C:\Users\nozomi\Desktop\com\í êMån\20130828-600\20120510\Debug\inthandler.o
 .debug_loc     0x000018c0       0x84 C:\Users\nozomi\Desktop\com\í êMån\20130828-600\20120510\Debug\init.o
 .debug_loc     0x00001944      0x1b8 C:\Users\nozomi\Desktop\com\í êMån\20130828-600\20120510\Debug\iic2.o
 .debug_loc     0x00001afc      0x1b8 C:\Users\nozomi\Desktop\com\í êMån\20130828-600\20120510\Debug\iic1.o
 .debug_loc     0x00001cb4      0x1b8 C:\Users\nozomi\Desktop\com\í êMån\20130828-600\20120510\Debug\iic0.o
 .debug_loc     0x00001e6c       0x2c C:\Users\nozomi\Desktop\com\í êMån\20130828-600\20120510\Debug\hwinit.o
 .debug_loc     0x00001e98       0xdc C:\Users\nozomi\Desktop\com\í êMån\20130828-600\20120510\Debug\global.o
 .debug_loc     0x00001f74      0x1e4 C:\Users\nozomi\Desktop\com\í êMån\20130828-600\20120510\Debug\fm_tx.o
 .debug_loc     0x00002158       0x58 C:\Users\nozomi\Desktop\com\í êMån\20130828-600\20120510\Debug\fm_ptt.o
 .debug_loc     0x000021b0      0x160 C:\Users\nozomi\Desktop\com\í êMån\20130828-600\20120510\Debug\fm_pllcontrol.o
 .debug_loc     0x00002310      0x294 C:\Users\nozomi\Desktop\com\í êMån\20130828-600\20120510\Debug\debug.o
 .debug_loc     0x000025a4       0xdc C:\Users\nozomi\Desktop\com\í êMån\20130828-600\20120510\Debug\command.o
 .debug_loc     0x00002680       0x2c C:\Users\nozomi\Desktop\com\í êMån\20130828-600\20120510\Debug\comm_buffer.o
 .debug_loc     0x000026ac      0x134 C:\Users\nozomi\Desktop\com\í êMån\20130828-600\20120510\Debug\adconv.o

.debug_aranges  0x00000000      0x3e0
 .debug_aranges
                0x00000000       0x20 C:\Users\nozomi\Desktop\com\í êMån\20130828-600\20120510\Debug\timer.o
 .debug_aranges
                0x00000020       0x20 C:\Users\nozomi\Desktop\com\í êMån\20130828-600\20120510\Debug\teleme.o
 .debug_aranges
                0x00000040       0x20 C:\Users\nozomi\Desktop\com\í êMån\20130828-600\20120510\Debug\start.o
 .debug_aranges
                0x00000060       0x20 C:\Users\nozomi\Desktop\com\í êMån\20130828-600\20120510\Debug\sci_util.o
 .debug_aranges
                0x00000080       0x20 C:\Users\nozomi\Desktop\com\í êMån\20130828-600\20120510\Debug\sci2.o
 .debug_aranges
                0x000000a0       0x20 C:\Users\nozomi\Desktop\com\í êMån\20130828-600\20120510\Debug\sci1.o
 .debug_aranges
                0x000000c0       0x20 C:\Users\nozomi\Desktop\com\í êMån\20130828-600\20120510\Debug\sci0.o
 .debug_aranges
                0x000000e0       0x20 C:\Users\nozomi\Desktop\com\í êMån\20130828-600\20120510\Debug\rx_protcol_inv.o
 .debug_aranges
                0x00000100       0x20 C:\Users\nozomi\Desktop\com\í êMån\20130828-600\20120510\Debug\rx_pll_inv.o
 .debug_aranges
                0x00000120       0x20 C:\Users\nozomi\Desktop\com\í êMån\20130828-600\20120510\Debug\rx_main.o
 .debug_aranges
                0x00000140       0x20 C:\Users\nozomi\Desktop\com\í êMån\20130828-600\20120510\Debug\rx.o
 .debug_aranges
                0x00000160       0x20 C:\Users\nozomi\Desktop\com\í êMån\20130828-600\20120510\Debug\pwr.o
 .debug_aranges
                0x00000180       0x20 C:\Users\nozomi\Desktop\com\í êMån\20130828-600\20120510\Debug\put_status.o
 .debug_aranges
                0x000001a0       0x20 C:\Users\nozomi\Desktop\com\í êMån\20130828-600\20120510\Debug\mission.o
 .debug_aranges
                0x000001c0       0x20 C:\Users\nozomi\Desktop\com\í êMån\20130828-600\20120510\Debug\message.o
 .debug_aranges
                0x000001e0       0x20 C:\Users\nozomi\Desktop\com\í êMån\20130828-600\20120510\Debug\itu1.o
 .debug_aranges
                0x00000200       0x20 C:\Users\nozomi\Desktop\com\í êMån\20130828-600\20120510\Debug\itu0.o
 .debug_aranges
                0x00000220       0x20 C:\Users\nozomi\Desktop\com\í êMån\20130828-600\20120510\Debug\inthandler.o
 .debug_aranges
                0x00000240       0x20 C:\Users\nozomi\Desktop\com\í êMån\20130828-600\20120510\Debug\init.o
 .debug_aranges
                0x00000260       0x20 C:\Users\nozomi\Desktop\com\í êMån\20130828-600\20120510\Debug\iic2.o
 .debug_aranges
                0x00000280       0x20 C:\Users\nozomi\Desktop\com\í êMån\20130828-600\20120510\Debug\iic1.o
 .debug_aranges
                0x000002a0       0x20 C:\Users\nozomi\Desktop\com\í êMån\20130828-600\20120510\Debug\iic0.o
 .debug_aranges
                0x000002c0       0x20 C:\Users\nozomi\Desktop\com\í êMån\20130828-600\20120510\Debug\hwinit.o
 .debug_aranges
                0x000002e0       0x20 C:\Users\nozomi\Desktop\com\í êMån\20130828-600\20120510\Debug\global.o
 .debug_aranges
                0x00000300       0x20 C:\Users\nozomi\Desktop\com\í êMån\20130828-600\20120510\Debug\fm_tx.o
 .debug_aranges
                0x00000320       0x20 C:\Users\nozomi\Desktop\com\í êMån\20130828-600\20120510\Debug\fm_ptt.o
 .debug_aranges
                0x00000340       0x20 C:\Users\nozomi\Desktop\com\í êMån\20130828-600\20120510\Debug\fm_pllcontrol.o
 .debug_aranges
                0x00000360       0x20 C:\Users\nozomi\Desktop\com\í êMån\20130828-600\20120510\Debug\debug.o
 .debug_aranges
                0x00000380       0x20 C:\Users\nozomi\Desktop\com\í êMån\20130828-600\20120510\Debug\command.o
 .debug_aranges
                0x000003a0       0x20 C:\Users\nozomi\Desktop\com\í êMån\20130828-600\20120510\Debug\comm_buffer.o
 .debug_aranges
                0x000003c0       0x20 C:\Users\nozomi\Desktop\com\í êMån\20130828-600\20120510\Debug\adconv.o

.debug_ranges   0x00000000       0x30
 .debug_ranges  0x00000000       0x18 C:\Users\nozomi\Desktop\com\í êMån\20130828-600\20120510\Debug\timer.o
 .debug_ranges  0x00000018       0x18 C:\Users\nozomi\Desktop\com\í êMån\20130828-600\20120510\Debug\command.o


==============================================================

Listfile generated by KPIT GNUH8 [ELF]-v12.01 on Wednesday, August 28, 2013, 16:38:15

Build options:

-T "C:\Users\nozomi\Desktop\com\í êMån\20130828-600\20120510\Debug\20130828-600_Debug_auto.gsi"
-T "C:\Users\nozomi\Desktop\com\í êMån\20130828-600\20120510\Debug\20130828-600_input.tmp" 
-L "c:\program files\renesas\hew\tools\kpit\gnuh8-elf\v12.01\h8300-elf\lib\gcc\h8300-elf\4.6-GNUH8_v12.01\h8300h"
-L "C:\Users\nozomi\Desktop\com\í êMån\20130828-600\20120510\Debug"
-Map "C:\Users\nozomi\Desktop\com\í êMån\20130828-600\20120510\Debug\20130828-600.map"
-( -l "gcc" -l "20120510" -)
-o "C:\Users\nozomi\Desktop\com\í êMån\20130828-600\20120510\Debug\20130828-600.x"
-e _start
INPUT("C:\Users\nozomi\Desktop\com\í êMån\20130828-600\20120510\Debug\vects.o")
INPUT("C:\Users\nozomi\Desktop\com\í êMån\20130828-600\20120510\Debug\timer.o")
INPUT("C:\Users\nozomi\Desktop\com\í êMån\20130828-600\20120510\Debug\teleme.o")
INPUT("C:\Users\nozomi\Desktop\com\í êMån\20130828-600\20120510\Debug\start.o")
INPUT("C:\Users\nozomi\Desktop\com\í êMån\20130828-600\20120510\Debug\sci_util.o")
INPUT("C:\Users\nozomi\Desktop\com\í êMån\20130828-600\20120510\Debug\sci2.o")
INPUT("C:\Users\nozomi\Desktop\com\í êMån\20130828-600\20120510\Debug\sci1.o")
INPUT("C:\Users\nozomi\Desktop\com\í êMån\20130828-600\20120510\Debug\sci0.o")
INPUT("C:\Users\nozomi\Desktop\com\í êMån\20130828-600\20120510\Debug\rx_protcol_inv.o")
INPUT("C:\Users\nozomi\Desktop\com\í êMån\20130828-600\20120510\Debug\rx_pll_inv.o")
INPUT("C:\Users\nozomi\Desktop\com\í êMån\20130828-600\20120510\Debug\rx_main.o")
INPUT("C:\Users\nozomi\Desktop\com\í êMån\20130828-600\20120510\Debug\rx.o")
INPUT("C:\Users\nozomi\Desktop\com\í êMån\20130828-600\20120510\Debug\pwr.o")
INPUT("C:\Users\nozomi\Desktop\com\í êMån\20130828-600\20120510\Debug\put_status.o")
INPUT("C:\Users\nozomi\Desktop\com\í êMån\20130828-600\20120510\Debug\mission.o")
INPUT("C:\Users\nozomi\Desktop\com\í êMån\20130828-600\20120510\Debug\message.o")
INPUT("C:\Users\nozomi\Desktop\com\í êMån\20130828-600\20120510\Debug\itu1.o")
INPUT("C:\Users\nozomi\Desktop\com\í êMån\20130828-600\20120510\Debug\itu0.o")
INPUT("C:\Users\nozomi\Desktop\com\í êMån\20130828-600\20120510\Debug\inthandler.o")
INPUT("C:\Users\nozomi\Desktop\com\í êMån\20130828-600\20120510\Debug\init.o")
INPUT("C:\Users\nozomi\Desktop\com\í êMån\20130828-600\20120510\Debug\iic2.o")
INPUT("C:\Users\nozomi\Desktop\com\í êMån\20130828-600\20120510\Debug\iic1.o")
INPUT("C:\Users\nozomi\Desktop\com\í êMån\20130828-600\20120510\Debug\iic0.o")
INPUT("C:\Users\nozomi\Desktop\com\í êMån\20130828-600\20120510\Debug\hwinit.o")
INPUT("C:\Users\nozomi\Desktop\com\í êMån\20130828-600\20120510\Debug\global.o")
INPUT("C:\Users\nozomi\Desktop\com\í êMån\20130828-600\20120510\Debug\fm_tx.o")
INPUT("C:\Users\nozomi\Desktop\com\í êMån\20130828-600\20120510\Debug\fm_ptt.o")
INPUT("C:\Users\nozomi\Desktop\com\í êMån\20130828-600\20120510\Debug\fm_pllcontrol.o")
INPUT("C:\Users\nozomi\Desktop\com\í êMån\20130828-600\20120510\Debug\debug.o")
INPUT("C:\Users\nozomi\Desktop\com\í êMån\20130828-600\20120510\Debug\command.o")
INPUT("C:\Users\nozomi\Desktop\com\í êMån\20130828-600\20120510\Debug\comm_buffer.o")
INPUT("C:\Users\nozomi\Desktop\com\í êMån\20130828-600\20120510\Debug\adconv.o")
