Archive member included because of file (symbol)

C:\Users\nozomi\Desktop\com\í êMån\20130807-2\20120510\Release\lib20130807.a(newfree.o)
                              C:\Users\nozomi\Desktop\com\í êMån\20130807-2\20120510\Release\rx.o (free)
C:\Users\nozomi\Desktop\com\í êMån\20130807-2\20120510\Release\lib20130807.a(newheap.o)
                              C:\Users\nozomi\Desktop\com\í êMån\20130807-2\20120510\Release\lib20130807.a(newfree.o) (_last_heap_object)
C:\Users\nozomi\Desktop\com\í êMån\20130807-2\20120510\Release\lib20130807.a(newmalloc.o)
                              C:\Users\nozomi\Desktop\com\í êMån\20130807-2\20120510\Release\rx_protcol_inv.o (malloc)
c:\program files\renesas\hew\tools\kpit\gnuh8-elf\v12.01\h8300-elf\lib\gcc\h8300-elf\4.6-GNUH8_v12.01\h8300h\int32\libgcc.a(_divsi3.o)
                              C:\Users\nozomi\Desktop\com\í êMån\20130807-2\20120510\Release\sci2.o (__udivsi3)
c:\program files\renesas\hew\tools\kpit\gnuh8-elf\v12.01\h8300-elf\lib\gcc\h8300-elf\4.6-GNUH8_v12.01\h8300h\int32\libgcc.a(_mulsi3.o)
                              C:\Users\nozomi\Desktop\com\í êMån\20130807-2\20120510\Release\sci2.o (__mulsi3)
c:\program files\renesas\hew\tools\kpit\gnuh8-elf\v12.01\h8300-elf\lib\gcc\h8300-elf\4.6-GNUH8_v12.01\h8300h\int32\libgcc.a(_fixunssfsi.o)
                              C:\Users\nozomi\Desktop\com\í êMån\20130807-2\20120510\Release\teleme.o (__fixunssfsi)
c:\program files\renesas\hew\tools\kpit\gnuh8-elf\v12.01\h8300-elf\lib\gcc\h8300-elf\4.6-GNUH8_v12.01\h8300h\int32\libgcc.a(_addsub_sf.o)
                              c:\program files\renesas\hew\tools\kpit\gnuh8-elf\v12.01\h8300-elf\lib\gcc\h8300-elf\4.6-GNUH8_v12.01\h8300h\int32\libgcc.a(_fixunssfsi.o) (__subsf3)
c:\program files\renesas\hew\tools\kpit\gnuh8-elf\v12.01\h8300-elf\lib\gcc\h8300-elf\4.6-GNUH8_v12.01\h8300h\int32\libgcc.a(_div_sf.o)
                              C:\Users\nozomi\Desktop\com\í êMån\20130807-2\20120510\Release\teleme.o (__divsf3)
c:\program files\renesas\hew\tools\kpit\gnuh8-elf\v12.01\h8300-elf\lib\gcc\h8300-elf\4.6-GNUH8_v12.01\h8300h\int32\libgcc.a(_ge_sf.o)
                              c:\program files\renesas\hew\tools\kpit\gnuh8-elf\v12.01\h8300-elf\lib\gcc\h8300-elf\4.6-GNUH8_v12.01\h8300h\int32\libgcc.a(_fixunssfsi.o) (__gesf2)
c:\program files\renesas\hew\tools\kpit\gnuh8-elf\v12.01\h8300-elf\lib\gcc\h8300-elf\4.6-GNUH8_v12.01\h8300h\int32\libgcc.a(_si_to_sf.o)
                              C:\Users\nozomi\Desktop\com\í êMån\20130807-2\20120510\Release\teleme.o (__floatsisf)
c:\program files\renesas\hew\tools\kpit\gnuh8-elf\v12.01\h8300-elf\lib\gcc\h8300-elf\4.6-GNUH8_v12.01\h8300h\int32\libgcc.a(_sf_to_si.o)
                              c:\program files\renesas\hew\tools\kpit\gnuh8-elf\v12.01\h8300-elf\lib\gcc\h8300-elf\4.6-GNUH8_v12.01\h8300h\int32\libgcc.a(_fixunssfsi.o) (__fixsfsi)
c:\program files\renesas\hew\tools\kpit\gnuh8-elf\v12.01\h8300-elf\lib\gcc\h8300-elf\4.6-GNUH8_v12.01\h8300h\int32\libgcc.a(_thenan_sf.o)
                              c:\program files\renesas\hew\tools\kpit\gnuh8-elf\v12.01\h8300-elf\lib\gcc\h8300-elf\4.6-GNUH8_v12.01\h8300h\int32\libgcc.a(_addsub_sf.o) (__thenan_sf)
c:\program files\renesas\hew\tools\kpit\gnuh8-elf\v12.01\h8300-elf\lib\gcc\h8300-elf\4.6-GNUH8_v12.01\h8300h\int32\libgcc.a(_clzsi2.o)
                              c:\program files\renesas\hew\tools\kpit\gnuh8-elf\v12.01\h8300-elf\lib\gcc\h8300-elf\4.6-GNUH8_v12.01\h8300h\int32\libgcc.a(_si_to_sf.o) (__clzsi2)
c:\program files\renesas\hew\tools\kpit\gnuh8-elf\v12.01\h8300-elf\lib\gcc\h8300-elf\4.6-GNUH8_v12.01\h8300h\int32\libgcc.a(_pack_sf.o)
                              c:\program files\renesas\hew\tools\kpit\gnuh8-elf\v12.01\h8300-elf\lib\gcc\h8300-elf\4.6-GNUH8_v12.01\h8300h\int32\libgcc.a(_addsub_sf.o) (__pack_f)
c:\program files\renesas\hew\tools\kpit\gnuh8-elf\v12.01\h8300-elf\lib\gcc\h8300-elf\4.6-GNUH8_v12.01\h8300h\int32\libgcc.a(_unpack_sf.o)
                              c:\program files\renesas\hew\tools\kpit\gnuh8-elf\v12.01\h8300-elf\lib\gcc\h8300-elf\4.6-GNUH8_v12.01\h8300h\int32\libgcc.a(_addsub_sf.o) (__unpack_f)
c:\program files\renesas\hew\tools\kpit\gnuh8-elf\v12.01\h8300-elf\lib\gcc\h8300-elf\4.6-GNUH8_v12.01\h8300h\int32\libgcc.a(_fpcmp_parts_sf.o)
                              c:\program files\renesas\hew\tools\kpit\gnuh8-elf\v12.01\h8300-elf\lib\gcc\h8300-elf\4.6-GNUH8_v12.01\h8300h\int32\libgcc.a(_ge_sf.o) (__fpcmp_parts_f)
c:\program files\renesas\hew\tools\kpit\gnuh8-elf\v12.01\h8300-elf\lib\gcc\h8300-elf\4.6-GNUH8_v12.01\h8300h\int32\libgcc.a(_clz.o)
                              c:\program files\renesas\hew\tools\kpit\gnuh8-elf\v12.01\h8300-elf\lib\gcc\h8300-elf\4.6-GNUH8_v12.01\h8300h\int32\libgcc.a(_clzsi2.o) (__clz_tab)

Allocating common symbols
Common symbol       size              file

[...]
Memory Configuration

Name             Origin             Length             Attributes
*default*        0x00000000         0xffffffff

Linker script and memory map


.vects          0x00000000      0x100
 *(.vects)
 .vects         0x00000000      0x100 C:\Users\nozomi\Desktop\com\í êMån\20130807-2\20120510\Release\vects.o
                0x00000000                HardwareVectors

.text           0x00000400     0x9694
 *(.text)
 .text          0x00000400        0x0 C:\Users\nozomi\Desktop\com\í êMån\20130807-2\20120510\Release\vects.o
 .text          0x00000400        0x0 C:\Users\nozomi\Desktop\com\í êMån\20130807-2\20120510\Release\timer.o
 .text          0x00000400        0x0 C:\Users\nozomi\Desktop\com\í êMån\20130807-2\20120510\Release\teleme.o
 .text          0x00000400       0x4e C:\Users\nozomi\Desktop\com\í êMån\20130807-2\20120510\Release\start.o
                0x00000400                start
 .text          0x0000044e        0x0 C:\Users\nozomi\Desktop\com\í êMån\20130807-2\20120510\Release\sci_util.o
 .text          0x0000044e        0x0 C:\Users\nozomi\Desktop\com\í êMån\20130807-2\20120510\Release\sci2.o
 .text          0x0000044e        0x0 C:\Users\nozomi\Desktop\com\í êMån\20130807-2\20120510\Release\sci1.o
 .text          0x0000044e        0x0 C:\Users\nozomi\Desktop\com\í êMån\20130807-2\20120510\Release\sci0.o
 .text          0x0000044e        0x0 C:\Users\nozomi\Desktop\com\í êMån\20130807-2\20120510\Release\rx_protcol_inv.o
 .text          0x0000044e        0x0 C:\Users\nozomi\Desktop\com\í êMån\20130807-2\20120510\Release\rx_pll_inv.o
 .text          0x0000044e        0x0 C:\Users\nozomi\Desktop\com\í êMån\20130807-2\20120510\Release\rx.o
 .text          0x0000044e        0x0 C:\Users\nozomi\Desktop\com\í êMån\20130807-2\20120510\Release\pwr.o
 .text          0x0000044e        0x0 C:\Users\nozomi\Desktop\com\í êMån\20130807-2\20120510\Release\put_status.o
 .text          0x0000044e        0x0 C:\Users\nozomi\Desktop\com\í êMån\20130807-2\20120510\Release\mission.o
 .text          0x0000044e        0x0 C:\Users\nozomi\Desktop\com\í êMån\20130807-2\20120510\Release\message.o
 .text          0x0000044e        0x0 C:\Users\nozomi\Desktop\com\í êMån\20130807-2\20120510\Release\itu1.o
 .text          0x0000044e        0x0 C:\Users\nozomi\Desktop\com\í êMån\20130807-2\20120510\Release\itu0.o
 .text          0x0000044e        0x0 C:\Users\nozomi\Desktop\com\í êMån\20130807-2\20120510\Release\inthandler.o
 .text          0x0000044e        0x0 C:\Users\nozomi\Desktop\com\í êMån\20130807-2\20120510\Release\init.o
 .text          0x0000044e        0x0 C:\Users\nozomi\Desktop\com\í êMån\20130807-2\20120510\Release\iic2.o
 .text          0x0000044e        0x0 C:\Users\nozomi\Desktop\com\í êMån\20130807-2\20120510\Release\iic1.o
 .text          0x0000044e        0x0 C:\Users\nozomi\Desktop\com\í êMån\20130807-2\20120510\Release\iic0.o
 .text          0x0000044e        0x0 C:\Users\nozomi\Desktop\com\í êMån\20130807-2\20120510\Release\hwinit.o
 .text          0x0000044e        0x0 C:\Users\nozomi\Desktop\com\í êMån\20130807-2\20120510\Release\global.o
 .text          0x0000044e        0x0 C:\Users\nozomi\Desktop\com\í êMån\20130807-2\20120510\Release\fm_tx.o
 .text          0x0000044e        0x0 C:\Users\nozomi\Desktop\com\í êMån\20130807-2\20120510\Release\fm_ptt.o
 .text          0x0000044e        0x0 C:\Users\nozomi\Desktop\com\í êMån\20130807-2\20120510\Release\fm_pllcontrol.o
 .text          0x0000044e        0x0 C:\Users\nozomi\Desktop\com\í êMån\20130807-2\20120510\Release\debug.o
 .text          0x0000044e        0x0 C:\Users\nozomi\Desktop\com\í êMån\20130807-2\20120510\Release\command.o
 .text          0x0000044e        0x0 C:\Users\nozomi\Desktop\com\í êMån\20130807-2\20120510\Release\comm_buffer.o
 .text          0x0000044e        0x0 C:\Users\nozomi\Desktop\com\í êMån\20130807-2\20120510\Release\adconv.o
 .text          0x0000044e        0x0 C:\Users\nozomi\Desktop\com\í êMån\20130807-2\20120510\Release\lib20130807.a(newfree.o)
 .text          0x0000044e        0x0 C:\Users\nozomi\Desktop\com\í êMån\20130807-2\20120510\Release\lib20130807.a(newheap.o)
 .text          0x0000044e        0x0 C:\Users\nozomi\Desktop\com\í êMån\20130807-2\20120510\Release\lib20130807.a(newmalloc.o)
 *fill*         0x0000044e        0x2 00
 .text          0x00000450       0x8c c:\program files\renesas\hew\tools\kpit\gnuh8-elf\v12.01\h8300-elf\lib\gcc\h8300-elf\4.6-GNUH8_v12.01\h8300h\int32\libgcc.a(_divsi3.o)
                0x00000472                __modsi3
                0x0000047e                __umodsi3
                0x00000484                __divsi3
                0x0000049a                __udivsi3
 .text          0x000004dc       0x18 c:\program files\renesas\hew\tools\kpit\gnuh8-elf\v12.01\h8300-elf\lib\gcc\h8300-elf\4.6-GNUH8_v12.01\h8300h\int32\libgcc.a(_mulsi3.o)
                0x000004dc                __mulsi3
 .text          0x000004f4       0x40 c:\program files\renesas\hew\tools\kpit\gnuh8-elf\v12.01\h8300-elf\lib\gcc\h8300-elf\4.6-GNUH8_v12.01\h8300h\int32\libgcc.a(_fixunssfsi.o)
                0x000004f4                __fixunssfsi
 .text          0x00000534      0x38a c:\program files\renesas\hew\tools\kpit\gnuh8-elf\v12.01\h8300-elf\lib\gcc\h8300-elf\4.6-GNUH8_v12.01\h8300h\int32\libgcc.a(_addsub_sf.o)
                0x000007e8                __addsf3
                0x0000084e                __subsf3
 .text          0x000008be      0x138 c:\program files\renesas\hew\tools\kpit\gnuh8-elf\v12.01\h8300-elf\lib\gcc\h8300-elf\4.6-GNUH8_v12.01\h8300h\int32\libgcc.a(_div_sf.o)
                0x000008be                __divsf3
 .text          0x000009f6       0x70 c:\program files\renesas\hew\tools\kpit\gnuh8-elf\v12.01\h8300-elf\lib\gcc\h8300-elf\4.6-GNUH8_v12.01\h8300h\int32\libgcc.a(_ge_sf.o)
                0x000009f6                __gesf2
 .text          0x00000a66       0x9c c:\program files\renesas\hew\tools\kpit\gnuh8-elf\v12.01\h8300-elf\lib\gcc\h8300-elf\4.6-GNUH8_v12.01\h8300h\int32\libgcc.a(_si_to_sf.o)
                0x00000a66                __floatsisf
 .text          0x00000b02       0x84 c:\program files\renesas\hew\tools\kpit\gnuh8-elf\v12.01\h8300-elf\lib\gcc\h8300-elf\4.6-GNUH8_v12.01\h8300h\int32\libgcc.a(_sf_to_si.o)
                0x00000b02                __fixsfsi
 .text          0x00000b86        0x0 c:\program files\renesas\hew\tools\kpit\gnuh8-elf\v12.01\h8300-elf\lib\gcc\h8300-elf\4.6-GNUH8_v12.01\h8300h\int32\libgcc.a(_thenan_sf.o)
 .text          0x00000b86       0x5a c:\program files\renesas\hew\tools\kpit\gnuh8-elf\v12.01\h8300-elf\lib\gcc\h8300-elf\4.6-GNUH8_v12.01\h8300h\int32\libgcc.a(_clzsi2.o)
                0x00000b86                __clzsi2
 .text          0x00000be0      0x162 c:\program files\renesas\hew\tools\kpit\gnuh8-elf\v12.01\h8300-elf\lib\gcc\h8300-elf\4.6-GNUH8_v12.01\h8300h\int32\libgcc.a(_pack_sf.o)
                0x00000be0                __pack_f
 .text          0x00000d42       0xb2 c:\program files\renesas\hew\tools\kpit\gnuh8-elf\v12.01\h8300-elf\lib\gcc\h8300-elf\4.6-GNUH8_v12.01\h8300h\int32\libgcc.a(_unpack_sf.o)
                0x00000d42                __unpack_f
 .text          0x00000df4       0xa4 c:\program files\renesas\hew\tools\kpit\gnuh8-elf\v12.01\h8300-elf\lib\gcc\h8300-elf\4.6-GNUH8_v12.01\h8300h\int32\libgcc.a(_fpcmp_parts_sf.o)
                0x00000df4                __fpcmp_parts_f
 .text          0x00000e98        0x0 c:\program files\renesas\hew\tools\kpit\gnuh8-elf\v12.01\h8300-elf\lib\gcc\h8300-elf\4.6-GNUH8_v12.01\h8300h\int32\libgcc.a(_clz.o)
 *(.text.*)
 .text.delay_ms
                0x00000e98       0x48 C:\Users\nozomi\Desktop\com\í êMån\20130807-2\20120510\Release\timer.o
                0x00000e98                delay_ms
 .text.delay_us
                0x00000ee0       0x34 C:\Users\nozomi\Desktop\com\í êMån\20130807-2\20120510\Release\timer.o
                0x00000ee0                delay_us
 .text.InitTelemetry
                0x00000f14       0x40 C:\Users\nozomi\Desktop\com\í êMån\20130807-2\20120510\Release\teleme.o
                0x00000f14                InitTelemetry
 .text.SetTelemetry_Rough
                0x00000f54      0x276 C:\Users\nozomi\Desktop\com\í êMån\20130807-2\20120510\Release\teleme.o
                0x00000f54                SetTelemetry_Rough
 .text.SetTelemetry_Detail
                0x000011ca      0x276 C:\Users\nozomi\Desktop\com\í êMån\20130807-2\20120510\Release\teleme.o
                0x000011ca                SetTelemetry_Detail
 .text.SetTelemetry_API
                0x00001440      0x1c4 C:\Users\nozomi\Desktop\com\í êMån\20130807-2\20120510\Release\teleme.o
                0x00001440                SetTelemetry_API
 .text.SetTelemetry_Initial
                0x00001604       0x94 C:\Users\nozomi\Desktop\com\í êMån\20130807-2\20120510\Release\teleme.o
                0x00001604                SetTelemetry_Initial
 .text.OBC_Majority
                0x00001698       0x14 C:\Users\nozomi\Desktop\com\í êMån\20130807-2\20120510\Release\teleme.o
                0x00001698                OBC_Majority
 .text.Error_Majority
                0x000016ac       0x2a C:\Users\nozomi\Desktop\com\í êMån\20130807-2\20120510\Release\teleme.o
                0x000016ac                Error_Majority
 .text.Read_Initial
                0x000016d6      0x154 C:\Users\nozomi\Desktop\com\í êMån\20130807-2\20120510\Release\teleme.o
                0x000016d6                Read_Initial
 .text.debug_sci_init
                0x0000182a       0x2a C:\Users\nozomi\Desktop\com\í êMån\20130807-2\20120510\Release\sci_util.o
                0x0000182a                debug_sci_init
 .text.debug_putc
                0x00001854       0x10 C:\Users\nozomi\Desktop\com\í êMån\20130807-2\20120510\Release\sci_util.o
                0x00001854                debug_putc
 .text.debug_puts
                0x00001864       0x10 C:\Users\nozomi\Desktop\com\í êMån\20130807-2\20120510\Release\sci_util.o
                0x00001864                debug_puts
 .text.debug_getc
                0x00001874       0x10 C:\Users\nozomi\Desktop\com\í êMån\20130807-2\20120510\Release\sci_util.o
                0x00001874                debug_getc
 .text.debug_puthex
                0x00001884       0x28 C:\Users\nozomi\Desktop\com\í êMån\20130807-2\20120510\Release\sci_util.o
                0x00001884                debug_puthex
 .text.debug_putdec
                0x000018ac       0x10 C:\Users\nozomi\Desktop\com\í êMån\20130807-2\20120510\Release\sci_util.o
                0x000018ac                debug_putdec
 .text.HexToAscii
                0x000018bc       0x16 C:\Users\nozomi\Desktop\com\í êMån\20130807-2\20120510\Release\sci_util.o
                0x000018bc                HexToAscii
 .text.sci2_init
                0x000018d2       0x80 C:\Users\nozomi\Desktop\com\í êMån\20130807-2\20120510\Release\sci2.o
                0x000018d2                sci2_init
 .text.sci2_putc
                0x00001952       0x72 C:\Users\nozomi\Desktop\com\í êMån\20130807-2\20120510\Release\sci2.o
                0x00001952                sci2_putc
 .text.sci2_puthex
                0x000019c4       0x38 C:\Users\nozomi\Desktop\com\í êMån\20130807-2\20120510\Release\sci2.o
                0x000019c4                sci2_puthex
 .text.sci2_putdec
                0x000019fc       0xbc C:\Users\nozomi\Desktop\com\í êMån\20130807-2\20120510\Release\sci2.o
                0x000019fc                sci2_putdec
 .text.sci2_putdoublehex
                0x00001ab8       0x24 C:\Users\nozomi\Desktop\com\í êMån\20130807-2\20120510\Release\sci2.o
                0x00001ab8                sci2_putdoublehex
 .text.sci2_putfourhex
                0x00001adc       0x24 C:\Users\nozomi\Desktop\com\í êMån\20130807-2\20120510\Release\sci2.o
                0x00001adc                sci2_putfourhex
 .text.sci2_putcrlf
                0x00001b00       0x18 C:\Users\nozomi\Desktop\com\í êMån\20130807-2\20120510\Release\sci2.o
                0x00001b00                sci2_putcrlf
 .text.sci2_puts
                0x00001b18       0x3a C:\Users\nozomi\Desktop\com\í êMån\20130807-2\20120510\Release\sci2.o
                0x00001b18                sci2_puts
 .text.sci2_getc
                0x00001b52       0x64 C:\Users\nozomi\Desktop\com\í êMån\20130807-2\20120510\Release\sci2.o
                0x00001b52                sci2_getc
 .text.INT_ERI2
                0x00001bb6       0x1a C:\Users\nozomi\Desktop\com\í êMån\20130807-2\20120510\Release\sci2.o
                0x00001bb6                INT_ERI2
 .text.INT_RXI2
                0x00001bd0       0x6c C:\Users\nozomi\Desktop\com\í êMån\20130807-2\20120510\Release\sci2.o
                0x00001bd0                INT_RXI2
 .text.INT_TXI2
                0x00001c3c       0x88 C:\Users\nozomi\Desktop\com\í êMån\20130807-2\20120510\Release\sci2.o
                0x00001c3c                INT_TXI2
 .text.INT_TEI2
                0x00001cc4       0x1a C:\Users\nozomi\Desktop\com\í êMån\20130807-2\20120510\Release\sci2.o
                0x00001cc4                INT_TEI2
 .text.sci1_init
                0x00001cde       0x80 C:\Users\nozomi\Desktop\com\í êMån\20130807-2\20120510\Release\sci1.o
                0x00001cde                sci1_init
 .text.sci1_putc
                0x00001d5e       0x72 C:\Users\nozomi\Desktop\com\í êMån\20130807-2\20120510\Release\sci1.o
                0x00001d5e                sci1_putc
 .text.sci1_puthex
                0x00001dd0       0x38 C:\Users\nozomi\Desktop\com\í êMån\20130807-2\20120510\Release\sci1.o
                0x00001dd0                sci1_puthex
 .text.sci1_putdec
                0x00001e08       0xbc C:\Users\nozomi\Desktop\com\í êMån\20130807-2\20120510\Release\sci1.o
                0x00001e08                sci1_putdec
 .text.sci1_putdoublehex
                0x00001ec4       0x24 C:\Users\nozomi\Desktop\com\í êMån\20130807-2\20120510\Release\sci1.o
                0x00001ec4                sci1_putdoublehex
 .text.sci1_putfourhex
                0x00001ee8       0x24 C:\Users\nozomi\Desktop\com\í êMån\20130807-2\20120510\Release\sci1.o
                0x00001ee8                sci1_putfourhex
 .text.sci1_putcrlf
                0x00001f0c       0x18 C:\Users\nozomi\Desktop\com\í êMån\20130807-2\20120510\Release\sci1.o
                0x00001f0c                sci1_putcrlf
 .text.sci1_puts
                0x00001f24       0x3a C:\Users\nozomi\Desktop\com\í êMån\20130807-2\20120510\Release\sci1.o
                0x00001f24                sci1_puts
 .text.sci1_getc
                0x00001f5e       0x64 C:\Users\nozomi\Desktop\com\í êMån\20130807-2\20120510\Release\sci1.o
                0x00001f5e                sci1_getc
 .text.INT_ERI1
                0x00001fc2       0x1a C:\Users\nozomi\Desktop\com\í êMån\20130807-2\20120510\Release\sci1.o
                0x00001fc2                INT_ERI1
 .text.INT_RXI1
                0x00001fdc       0x6c C:\Users\nozomi\Desktop\com\í êMån\20130807-2\20120510\Release\sci1.o
                0x00001fdc                INT_RXI1
 .text.INT_TXI1
                0x00002048       0x88 C:\Users\nozomi\Desktop\com\í êMån\20130807-2\20120510\Release\sci1.o
                0x00002048                INT_TXI1
 .text.INT_TEI1
                0x000020d0       0x1a C:\Users\nozomi\Desktop\com\í êMån\20130807-2\20120510\Release\sci1.o
                0x000020d0                INT_TEI1
 .text.sci0_init
                0x000020ea       0x80 C:\Users\nozomi\Desktop\com\í êMån\20130807-2\20120510\Release\sci0.o
                0x000020ea                sci0_init
 .text.sci0_putc
                0x0000216a       0x72 C:\Users\nozomi\Desktop\com\í êMån\20130807-2\20120510\Release\sci0.o
                0x0000216a                sci0_putc
 .text.sci0_puthex
                0x000021dc       0x38 C:\Users\nozomi\Desktop\com\í êMån\20130807-2\20120510\Release\sci0.o
                0x000021dc                sci0_puthex
 .text.sci0_putdec
                0x00002214       0xbc C:\Users\nozomi\Desktop\com\í êMån\20130807-2\20120510\Release\sci0.o
                0x00002214                sci0_putdec
 .text.sci0_putdoublehex
                0x000022d0       0x24 C:\Users\nozomi\Desktop\com\í êMån\20130807-2\20120510\Release\sci0.o
                0x000022d0                sci0_putdoublehex
 .text.sci0_putfourhex
                0x000022f4       0x24 C:\Users\nozomi\Desktop\com\í êMån\20130807-2\20120510\Release\sci0.o
                0x000022f4                sci0_putfourhex
 .text.sci0_putcrlf
                0x00002318       0x18 C:\Users\nozomi\Desktop\com\í êMån\20130807-2\20120510\Release\sci0.o
                0x00002318                sci0_putcrlf
 .text.sci0_puts
                0x00002330       0x3a C:\Users\nozomi\Desktop\com\í êMån\20130807-2\20120510\Release\sci0.o
                0x00002330                sci0_puts
 .text.sci0_getc
                0x0000236a       0x64 C:\Users\nozomi\Desktop\com\í êMån\20130807-2\20120510\Release\sci0.o
                0x0000236a                sci0_getc
 .text.INT_ERI0
                0x000023ce       0x1a C:\Users\nozomi\Desktop\com\í êMån\20130807-2\20120510\Release\sci0.o
                0x000023ce                INT_ERI0
 .text.INT_RXI0
                0x000023e8       0x6c C:\Users\nozomi\Desktop\com\í êMån\20130807-2\20120510\Release\sci0.o
                0x000023e8                INT_RXI0
 .text.INT_TXI0
                0x00002454       0x88 C:\Users\nozomi\Desktop\com\í êMån\20130807-2\20120510\Release\sci0.o
                0x00002454                INT_TXI0
 .text.INT_TEI0
                0x000024dc       0x1a C:\Users\nozomi\Desktop\com\í êMån\20130807-2\20120510\Release\sci0.o
                0x000024dc                INT_TEI0
 .text.init_itu
                0x000024f6       0x24 C:\Users\nozomi\Desktop\com\í êMån\20130807-2\20120510\Release\rx_protcol_inv.o
                0x000024f6                init_itu
 .text.bitin    0x0000251a       0x96 C:\Users\nozomi\Desktop\com\í êMån\20130807-2\20120510\Release\rx_protcol_inv.o
                0x0000251a                bitin
 .text.get_byte
                0x000025b0       0xec C:\Users\nozomi\Desktop\com\í êMån\20130807-2\20120510\Release\rx_protcol_inv.o
                0x000025b0                get_byte
 .text.get_buff
                0x0000269c       0x98 C:\Users\nozomi\Desktop\com\í êMån\20130807-2\20120510\Release\rx_protcol_inv.o
                0x0000269c                get_buff
 .text.precrc_bit
                0x00002734       0x30 C:\Users\nozomi\Desktop\com\í êMån\20130807-2\20120510\Release\rx_protcol_inv.o
                0x00002734                precrc_bit
 .text.Ax_to_info
                0x00002764      0x1c0 C:\Users\nozomi\Desktop\com\í êMån\20130807-2\20120510\Release\rx_protcol_inv.o
                0x00002764                Ax_to_info
 .text.get_data
                0x00002924      0x14c C:\Users\nozomi\Desktop\com\í êMån\20130807-2\20120510\Release\rx_protcol_inv.o
                0x00002924                get_data
 .text.rx_init  0x00002a70       0x7e C:\Users\nozomi\Desktop\com\í êMån\20130807-2\20120510\Release\rx_protcol_inv.o
                0x00002a70                rx_init
 .text.out_bit  0x00002aee       0x2e C:\Users\nozomi\Desktop\com\í êMån\20130807-2\20120510\Release\rx_pll_inv.o
                0x00002aee                out_bit
 .text.strobe   0x00002b1c       0x1c C:\Users\nozomi\Desktop\com\í êMån\20130807-2\20120510\Release\rx_pll_inv.o
                0x00002b1c                strobe
 .text.out_bits
                0x00002b38       0x44 C:\Users\nozomi\Desktop\com\í êMån\20130807-2\20120510\Release\rx_pll_inv.o
                0x00002b38                out_bits
 .text.set_reference_divider
                0x00002b7c       0x2a C:\Users\nozomi\Desktop\com\í êMån\20130807-2\20120510\Release\rx_pll_inv.o
                0x00002b7c                set_reference_divider
 .text.set_option_register
                0x00002ba6       0x7e C:\Users\nozomi\Desktop\com\í êMån\20130807-2\20120510\Release\rx_pll_inv.o
                0x00002ba6                set_option_register
 .text.set_programmable_divider
                0x00002c24       0x3c C:\Users\nozomi\Desktop\com\í êMån\20130807-2\20120510\Release\rx_pll_inv.o
                0x00002c24                set_programmable_divider
 .text.pll_init
                0x00002c60       0x5a C:\Users\nozomi\Desktop\com\í êMån\20130807-2\20120510\Release\rx_pll_inv.o
                0x00002c60                pll_init
 .text.startup.main
                0x00002cba       0xa4 C:\Users\nozomi\Desktop\com\í êMån\20130807-2\20120510\Release\rx.o
                0x00002cba                main
 .text.InitPowerTelemetry
                0x00002d5e       0x22 C:\Users\nozomi\Desktop\com\í êMån\20130807-2\20120510\Release\pwr.o
                0x00002d5e                InitPowerTelemetry
 .text.RequestPowerTelemetry
                0x00002d80       0x18 C:\Users\nozomi\Desktop\com\í êMån\20130807-2\20120510\Release\pwr.o
                0x00002d80                RequestPowerTelemetry
 .text.UpdatePowerTelemetry
                0x00002d98       0xae C:\Users\nozomi\Desktop\com\í êMån\20130807-2\20120510\Release\pwr.o
                0x00002d98                UpdatePowerTelemetry
 .text.RequestMainShutdown
                0x00002e46       0x3a C:\Users\nozomi\Desktop\com\í êMån\20130807-2\20120510\Release\pwr.o
                0x00002e46                RequestMainShutdown
 .text.SendHDRtoPIC
                0x00002e80       0x18 C:\Users\nozomi\Desktop\com\í êMån\20130807-2\20120510\Release\pwr.o
                0x00002e80                SendHDRtoPIC
 .text.SendHDStoPIC
                0x00002e98       0x18 C:\Users\nozomi\Desktop\com\í êMån\20130807-2\20120510\Release\pwr.o
                0x00002e98                SendHDStoPIC
 .text.SendStatusToGS
                0x00002eb0      0x264 C:\Users\nozomi\Desktop\com\í êMån\20130807-2\20120510\Release\put_status.o
                0x00002eb0                SendStatusToGS
 .text.SendTelemetryToGS
                0x00003114        0xe C:\Users\nozomi\Desktop\com\í êMån\20130807-2\20120510\Release\put_status.o
                0x00003114                SendTelemetryToGS
 .text.PutOut_Rough
                0x00003122      0x174 C:\Users\nozomi\Desktop\com\í êMån\20130807-2\20120510\Release\put_status.o
                0x00003122                PutOut_Rough
 .text.PutOut_Detail
                0x00003296      0x174 C:\Users\nozomi\Desktop\com\í êMån\20130807-2\20120510\Release\put_status.o
                0x00003296                PutOut_Detail
 .text.PutOut_API
                0x0000340a      0x16e C:\Users\nozomi\Desktop\com\í êMån\20130807-2\20120510\Release\put_status.o
                0x0000340a                PutOut_API
 .text.PutOut_Initial
                0x00003578      0x156 C:\Users\nozomi\Desktop\com\í êMån\20130807-2\20120510\Release\put_status.o
                0x00003578                PutOut_Initial
 .text.InitMissionTelemetry
                0x000036ce       0x18 C:\Users\nozomi\Desktop\com\í êMån\20130807-2\20120510\Release\mission.o
                0x000036ce                InitMissionTelemetry
 .text.SendMissionTelemetory
                0x000036e6      0x236 C:\Users\nozomi\Desktop\com\í êMån\20130807-2\20120510\Release\mission.o
                0x000036e6                SendMissionTelemetory
 .text.RequestMissionReboot
                0x0000391c       0x32 C:\Users\nozomi\Desktop\com\í êMån\20130807-2\20120510\Release\mission.o
                0x0000391c                RequestMissionReboot
 .text.RequestMissionShutdown
                0x0000394e       0x5c C:\Users\nozomi\Desktop\com\í êMån\20130807-2\20120510\Release\mission.o
                0x0000394e                RequestMissionShutdown
 .text.PronounceMissionAbort
                0x000039aa       0x36 C:\Users\nozomi\Desktop\com\í êMån\20130807-2\20120510\Release\mission.o
                0x000039aa                PronounceMissionAbort
 .text.itu2_init
                0x000039e0       0x44 C:\Users\nozomi\Desktop\com\í êMån\20130807-2\20120510\Release\mission.o
                0x000039e0                itu2_init
 .text.INT_IMIA2
                0x00003a24       0x82 C:\Users\nozomi\Desktop\com\í êMån\20130807-2\20120510\Release\mission.o
                0x00003a24                INT_IMIA2
 .text.InitMessage
                0x00003aa6       0x18 C:\Users\nozomi\Desktop\com\í êMån\20130807-2\20120510\Release\message.o
                0x00003aa6                InitMessage
 .text.SplitMessage_SCI0
                0x00003abe      0x242 C:\Users\nozomi\Desktop\com\í êMån\20130807-2\20120510\Release\message.o
                0x00003abe                SplitMessage_SCI0
 .text.SplitMessage_SCI1
                0x00003d00      0x25e C:\Users\nozomi\Desktop\com\í êMån\20130807-2\20120510\Release\message.o
                0x00003d00                SplitMessage_SCI1
 .text.SplitMessage_SCI2
                0x00003f5e      0x25e C:\Users\nozomi\Desktop\com\í êMån\20130807-2\20120510\Release\message.o
                0x00003f5e                SplitMessage_SCI2
 .text.RecognizeCommand
                0x000041bc      0x316 C:\Users\nozomi\Desktop\com\í êMån\20130807-2\20120510\Release\message.o
                0x000041bc                RecognizeCommand
 .text.RecognizeMissionCommand
                0x000044d2      0x31a C:\Users\nozomi\Desktop\com\í êMån\20130807-2\20120510\Release\message.o
                0x000044d2                RecognizeMissionCommand
 .text.FindCommand
                0x000047ec       0x22 C:\Users\nozomi\Desktop\com\í êMån\20130807-2\20120510\Release\message.o
                0x000047ec                FindCommand
 .text.TransmitMessage
                0x0000480e       0x32 C:\Users\nozomi\Desktop\com\í êMån\20130807-2\20120510\Release\message.o
                0x0000480e                TransmitMessage
 .text.InitPLL  0x00004840       0x16 C:\Users\nozomi\Desktop\com\í êMån\20130807-2\20120510\Release\message.o
                0x00004840                InitPLL
 .text.SendMessage
                0x00004856      0x1fa C:\Users\nozomi\Desktop\com\í êMån\20130807-2\20120510\Release\message.o
                0x00004856                SendMessage
 .text.FinishSendMessage
                0x00004a50       0x26 C:\Users\nozomi\Desktop\com\í êMån\20130807-2\20120510\Release\message.o
                0x00004a50                FinishSendMessage
 .text.FinishCommunication
                0x00004a76       0x5a C:\Users\nozomi\Desktop\com\í êMån\20130807-2\20120510\Release\message.o
                0x00004a76                FinishCommunication
 .text.SendStatusMessage
                0x00004ad0      0x258 C:\Users\nozomi\Desktop\com\í êMån\20130807-2\20120510\Release\message.o
                0x00004ad0                SendStatusMessage
 .text.itu1_init
                0x00004d28       0x5e C:\Users\nozomi\Desktop\com\í êMån\20130807-2\20120510\Release\itu1.o
                0x00004d28                itu1_init
 .text.INT_IMIA1
                0x00004d86      0x28a C:\Users\nozomi\Desktop\com\í êMån\20130807-2\20120510\Release\itu1.o
                0x00004d86                INT_IMIA1
 .text.itu0_init
                0x00005010       0x40 C:\Users\nozomi\Desktop\com\í êMån\20130807-2\20120510\Release\itu0.o
                0x00005010                itu0_init
 .text.INT_IMIA0
                0x00005050       0x2a C:\Users\nozomi\Desktop\com\í êMån\20130807-2\20120510\Release\itu0.o
                0x00005050                INT_IMIA0
 .text.INT_IMIB0
                0x0000507a       0x2a C:\Users\nozomi\Desktop\com\í êMån\20130807-2\20120510\Release\itu0.o
                0x0000507a                INT_IMIB0
 .text.INT_NMI  0x000050a4        0xc C:\Users\nozomi\Desktop\com\í êMån\20130807-2\20120510\Release\inthandler.o
                0x000050a4                INT_NMI
 .text.INT_TRAP1
                0x000050b0        0xc C:\Users\nozomi\Desktop\com\í êMån\20130807-2\20120510\Release\inthandler.o
                0x000050b0                INT_TRAP1
 .text.INT_TRAP2
                0x000050bc        0xc C:\Users\nozomi\Desktop\com\í êMån\20130807-2\20120510\Release\inthandler.o
                0x000050bc                INT_TRAP2
 .text.INT_TRAP3
                0x000050c8        0xc C:\Users\nozomi\Desktop\com\í êMån\20130807-2\20120510\Release\inthandler.o
                0x000050c8                INT_TRAP3
 .text.INT_TRAP4
                0x000050d4        0xc C:\Users\nozomi\Desktop\com\í êMån\20130807-2\20120510\Release\inthandler.o
                0x000050d4                INT_TRAP4
 .text.INT_IRQ0
                0x000050e0        0xc C:\Users\nozomi\Desktop\com\í êMån\20130807-2\20120510\Release\inthandler.o
                0x000050e0                INT_IRQ0
 .text.INT_IRQ1
                0x000050ec        0xc C:\Users\nozomi\Desktop\com\í êMån\20130807-2\20120510\Release\inthandler.o
                0x000050ec                INT_IRQ1
 .text.INT_IRQ2
                0x000050f8        0xc C:\Users\nozomi\Desktop\com\í êMån\20130807-2\20120510\Release\inthandler.o
                0x000050f8                INT_IRQ2
 .text.INT_IRQ3
                0x00005104        0xc C:\Users\nozomi\Desktop\com\í êMån\20130807-2\20120510\Release\inthandler.o
                0x00005104                INT_IRQ3
 .text.INT_IRQ4
                0x00005110        0xc C:\Users\nozomi\Desktop\com\í êMån\20130807-2\20120510\Release\inthandler.o
                0x00005110                INT_IRQ4
 .text.INT_IRQ5
                0x0000511c        0xc C:\Users\nozomi\Desktop\com\í êMån\20130807-2\20120510\Release\inthandler.o
                0x0000511c                INT_IRQ5
 .text.INT_WOVI
                0x00005128        0xc C:\Users\nozomi\Desktop\com\í êMån\20130807-2\20120510\Release\inthandler.o
                0x00005128                INT_WOVI
 .text.INT_CMI  0x00005134        0xc C:\Users\nozomi\Desktop\com\í êMån\20130807-2\20120510\Release\inthandler.o
                0x00005134                INT_CMI
 .text.INT_ADI  0x00005140        0xc C:\Users\nozomi\Desktop\com\í êMån\20130807-2\20120510\Release\inthandler.o
                0x00005140                INT_ADI
 .text.INT_OVI0
                0x0000514c        0xc C:\Users\nozomi\Desktop\com\í êMån\20130807-2\20120510\Release\inthandler.o
                0x0000514c                INT_OVI0
 .text.INT_IMIB1
                0x00005158        0xc C:\Users\nozomi\Desktop\com\í êMån\20130807-2\20120510\Release\inthandler.o
                0x00005158                INT_IMIB1
 .text.INT_OVI1
                0x00005164        0xc C:\Users\nozomi\Desktop\com\í êMån\20130807-2\20120510\Release\inthandler.o
                0x00005164                INT_OVI1
 .text.INT_IMIB2
                0x00005170        0xc C:\Users\nozomi\Desktop\com\í êMån\20130807-2\20120510\Release\inthandler.o
                0x00005170                INT_IMIB2
 .text.INT_OVI2
                0x0000517c        0xc C:\Users\nozomi\Desktop\com\í êMån\20130807-2\20120510\Release\inthandler.o
                0x0000517c                INT_OVI2
 .text.INT_CMIA0
                0x00005188        0xc C:\Users\nozomi\Desktop\com\í êMån\20130807-2\20120510\Release\inthandler.o
                0x00005188                INT_CMIA0
 .text.INT_CMIB0
                0x00005194        0xc C:\Users\nozomi\Desktop\com\í êMån\20130807-2\20120510\Release\inthandler.o
                0x00005194                INT_CMIB0
 .text.INT_CMIA1B1
                0x000051a0        0xc C:\Users\nozomi\Desktop\com\í êMån\20130807-2\20120510\Release\inthandler.o
                0x000051a0                INT_CMIA1B1
 .text.INT_TOVI0_1
                0x000051ac        0xc C:\Users\nozomi\Desktop\com\í êMån\20130807-2\20120510\Release\inthandler.o
                0x000051ac                INT_TOVI0_1
 .text.INT_CMIA2
                0x000051b8        0xc C:\Users\nozomi\Desktop\com\í êMån\20130807-2\20120510\Release\inthandler.o
                0x000051b8                INT_CMIA2
 .text.INT_CMIB2
                0x000051c4        0xc C:\Users\nozomi\Desktop\com\í êMån\20130807-2\20120510\Release\inthandler.o
                0x000051c4                INT_CMIB2
 .text.INT_CMIA3B3
                0x000051d0        0xc C:\Users\nozomi\Desktop\com\í êMån\20130807-2\20120510\Release\inthandler.o
                0x000051d0                INT_CMIA3B3
 .text.INT_TOVI2_3
                0x000051dc        0xc C:\Users\nozomi\Desktop\com\í êMån\20130807-2\20120510\Release\inthandler.o
                0x000051dc                INT_TOVI2_3
 .text.INT_DEND0A
                0x000051e8        0xc C:\Users\nozomi\Desktop\com\í êMån\20130807-2\20120510\Release\inthandler.o
                0x000051e8                INT_DEND0A
 .text.INT_DEND0B
                0x000051f4        0xc C:\Users\nozomi\Desktop\com\í êMån\20130807-2\20120510\Release\inthandler.o
                0x000051f4                INT_DEND0B
 .text.INT_DEND1A
                0x00005200        0xc C:\Users\nozomi\Desktop\com\í êMån\20130807-2\20120510\Release\inthandler.o
                0x00005200                INT_DEND1A
 .text.INT_DEND1B
                0x0000520c        0xc C:\Users\nozomi\Desktop\com\í êMån\20130807-2\20120510\Release\inthandler.o
                0x0000520c                INT_DEND1B
 .text.Init_MyFunction
                0x00005218      0x104 C:\Users\nozomi\Desktop\com\í êMån\20130807-2\20120510\Release\init.o
                0x00005218                Init_MyFunction
 .text.Init_Bus
                0x0000531c       0xac C:\Users\nozomi\Desktop\com\í êMån\20130807-2\20120510\Release\init.o
                0x0000531c                Init_Bus
 .text.Init_Peripherals
                0x000053c8       0x26 C:\Users\nozomi\Desktop\com\í êMån\20130807-2\20120510\Release\init.o
                0x000053c8                Init_Peripherals
 .text.IIC2_EEPWAIT
                0x000053ee       0x2a C:\Users\nozomi\Desktop\com\í êMån\20130807-2\20120510\Release\iic2.o
                0x000053ee                IIC2_EEPWAIT
 .text.IIC2_WRITEB
                0x00005418       0xce C:\Users\nozomi\Desktop\com\í êMån\20130807-2\20120510\Release\iic2.o
 .text.IIC2_EEPSTART
                0x000054e6       0xb2 C:\Users\nozomi\Desktop\com\í êMån\20130807-2\20120510\Release\iic2.o
 .text.IIC2_READB
                0x00005598       0xd8 C:\Users\nozomi\Desktop\com\í êMån\20130807-2\20120510\Release\iic2.o
 .text.IIC2_EEPSTOP
                0x00005670       0x62 C:\Users\nozomi\Desktop\com\í êMån\20130807-2\20120510\Release\iic2.o
                0x00005670                IIC2_EEPSTOP
 .text.IIC2_EEPRESET
                0x000056d2       0x82 C:\Users\nozomi\Desktop\com\í êMån\20130807-2\20120510\Release\iic2.o
                0x000056d2                IIC2_EEPRESET
 .text.IIC2_EEPINIT
                0x00005754       0x1a C:\Users\nozomi\Desktop\com\í êMån\20130807-2\20120510\Release\iic2.o
                0x00005754                IIC2_EEPINIT
 .text.IIC2_EEPCHANGE
                0x0000576e       0x1c C:\Users\nozomi\Desktop\com\í êMån\20130807-2\20120510\Release\iic2.o
                0x0000576e                IIC2_EEPCHANGE
 .text.IIC2_EEPWRITE
                0x0000578a       0xa2 C:\Users\nozomi\Desktop\com\í êMån\20130807-2\20120510\Release\iic2.o
                0x0000578a                IIC2_EEPWRITE
 .text.IIC2_EEPREAD
                0x0000582c       0xde C:\Users\nozomi\Desktop\com\í êMån\20130807-2\20120510\Release\iic2.o
                0x0000582c                IIC2_EEPREAD
 .text.IIC1_EEPWAIT
                0x0000590a       0x2a C:\Users\nozomi\Desktop\com\í êMån\20130807-2\20120510\Release\iic1.o
                0x0000590a                IIC1_EEPWAIT
 .text.IIC1_WRITEB
                0x00005934       0xce C:\Users\nozomi\Desktop\com\í êMån\20130807-2\20120510\Release\iic1.o
 .text.IIC1_EEPSTART
                0x00005a02       0xb2 C:\Users\nozomi\Desktop\com\í êMån\20130807-2\20120510\Release\iic1.o
 .text.IIC1_READB
                0x00005ab4       0xda C:\Users\nozomi\Desktop\com\í êMån\20130807-2\20120510\Release\iic1.o
 .text.IIC1_EEPSTOP
                0x00005b8e       0x62 C:\Users\nozomi\Desktop\com\í êMån\20130807-2\20120510\Release\iic1.o
                0x00005b8e                IIC1_EEPSTOP
 .text.IIC1_EEPRESET
                0x00005bf0       0x82 C:\Users\nozomi\Desktop\com\í êMån\20130807-2\20120510\Release\iic1.o
                0x00005bf0                IIC1_EEPRESET
 .text.IIC1_EEPINIT
                0x00005c72       0x1a C:\Users\nozomi\Desktop\com\í êMån\20130807-2\20120510\Release\iic1.o
                0x00005c72                IIC1_EEPINIT
 .text.IIC1_EEPCHANGE
                0x00005c8c       0x1c C:\Users\nozomi\Desktop\com\í êMån\20130807-2\20120510\Release\iic1.o
                0x00005c8c                IIC1_EEPCHANGE
 .text.IIC1_EEPWRITE
                0x00005ca8       0xa2 C:\Users\nozomi\Desktop\com\í êMån\20130807-2\20120510\Release\iic1.o
                0x00005ca8                IIC1_EEPWRITE
 .text.IIC1_EEPREAD
                0x00005d4a       0xde C:\Users\nozomi\Desktop\com\í êMån\20130807-2\20120510\Release\iic1.o
                0x00005d4a                IIC1_EEPREAD
 .text.IIC0_EEPWAIT
                0x00005e28       0x2a C:\Users\nozomi\Desktop\com\í êMån\20130807-2\20120510\Release\iic0.o
                0x00005e28                IIC0_EEPWAIT
 .text.IIC0_WRITEB
                0x00005e52       0xcc C:\Users\nozomi\Desktop\com\í êMån\20130807-2\20120510\Release\iic0.o
 .text.IIC0_EEPSTART
                0x00005f1e       0xb2 C:\Users\nozomi\Desktop\com\í êMån\20130807-2\20120510\Release\iic0.o
 .text.IIC0_READB
                0x00005fd0       0xda C:\Users\nozomi\Desktop\com\í êMån\20130807-2\20120510\Release\iic0.o
 .text.IIC0_EEPSTOP
                0x000060aa       0x62 C:\Users\nozomi\Desktop\com\í êMån\20130807-2\20120510\Release\iic0.o
                0x000060aa                IIC0_EEPSTOP
 .text.IIC0_EEPRESET
                0x0000610c       0x82 C:\Users\nozomi\Desktop\com\í êMån\20130807-2\20120510\Release\iic0.o
                0x0000610c                IIC0_EEPRESET
 .text.IIC0_EEPINIT
                0x0000618e       0x1a C:\Users\nozomi\Desktop\com\í êMån\20130807-2\20120510\Release\iic0.o
                0x0000618e                IIC0_EEPINIT
 .text.IIC0_EEPCHANGE
                0x000061a8       0x1c C:\Users\nozomi\Desktop\com\í êMån\20130807-2\20120510\Release\iic0.o
                0x000061a8                IIC0_EEPCHANGE
 .text.IIC0_EEPWRITE
                0x000061c4       0xa2 C:\Users\nozomi\Desktop\com\í êMån\20130807-2\20120510\Release\iic0.o
                0x000061c4                IIC0_EEPWRITE
 .text.IIC0_EEPREAD
                0x00006266       0xde C:\Users\nozomi\Desktop\com\í êMån\20130807-2\20120510\Release\iic0.o
                0x00006266                IIC0_EEPREAD
 .text.hw_initialise
                0x00006344        0xc C:\Users\nozomi\Desktop\com\í êMån\20130807-2\20120510\Release\hwinit.o
                0x00006344                hw_initialise
 .text.InitStatus
                0x00006350      0x15e C:\Users\nozomi\Desktop\com\í êMån\20130807-2\20120510\Release\global.o
                0x00006350                InitStatus
 .text.CheckFlags
                0x000064ae       0x38 C:\Users\nozomi\Desktop\com\í êMån\20130807-2\20120510\Release\global.o
                0x000064ae                CheckFlags
 .text.ClearFlags
                0x000064e6       0x18 C:\Users\nozomi\Desktop\com\í êMån\20130807-2\20120510\Release\global.o
                0x000064e6                ClearFlags
 .text.SetFlags
                0x000064fe       0x18 C:\Users\nozomi\Desktop\com\í êMån\20130807-2\20120510\Release\global.o
                0x000064fe                SetFlags
 .text.InitRoutine
                0x00006516       0x86 C:\Users\nozomi\Desktop\com\í êMån\20130807-2\20120510\Release\global.o
                0x00006516                InitRoutine
 .text.init_modem
                0x0000659c       0x28 C:\Users\nozomi\Desktop\com\í êMån\20130807-2\20120510\Release\fm_tx.o
                0x0000659c                init_modem
 .text.init_fm  0x000065c4       0x36 C:\Users\nozomi\Desktop\com\í êMån\20130807-2\20120510\Release\fm_tx.o
                0x000065c4                init_fm
 .text.delay_modem
                0x000065fa       0x12 C:\Users\nozomi\Desktop\com\í êMån\20130807-2\20120510\Release\fm_tx.o
                0x000065fa                delay_modem
 .text.send_bit
                0x0000660c       0x2e C:\Users\nozomi\Desktop\com\í êMån\20130807-2\20120510\Release\fm_tx.o
                0x0000660c                send_bit
 .text.crcbit   0x0000663a       0x60 C:\Users\nozomi\Desktop\com\í êMån\20130807-2\20120510\Release\fm_tx.o
                0x0000663a                crcbit
 .text.send_byte
                0x0000669a       0x84 C:\Users\nozomi\Desktop\com\í êMån\20130807-2\20120510\Release\fm_tx.o
                0x0000669a                send_byte
 .text.send_packet
                0x0000671e       0x8c C:\Users\nozomi\Desktop\com\í êMån\20130807-2\20120510\Release\fm_tx.o
                0x0000671e                send_packet
 .text.AX_protocol
                0x000067aa      0x16c C:\Users\nozomi\Desktop\com\í êMån\20130807-2\20120510\Release\fm_tx.o
                0x000067aa                AX_protocol
 .text.on_off_ms
                0x00006916       0x70 C:\Users\nozomi\Desktop\com\í êMån\20130807-2\20120510\Release\fm_tx.o
                0x00006916                on_off_ms
 .text.on_off_sec
                0x00006986       0x8e C:\Users\nozomi\Desktop\com\í êMån\20130807-2\20120510\Release\fm_tx.o
                0x00006986                on_off_sec
 .text.on_off_us
                0x00006a14       0x70 C:\Users\nozomi\Desktop\com\í êMån\20130807-2\20120510\Release\fm_tx.o
                0x00006a14                on_off_us
 .text.fmptt_on
                0x00006a84       0x18 C:\Users\nozomi\Desktop\com\í êMån\20130807-2\20120510\Release\fm_ptt.o
                0x00006a84                fmptt_on
 .text.fmptt_off
                0x00006a9c       0x10 C:\Users\nozomi\Desktop\com\í êMån\20130807-2\20120510\Release\fm_ptt.o
                0x00006a9c                fmptt_off
 .text.out_bit_fm
                0x00006aac       0x36 C:\Users\nozomi\Desktop\com\í êMån\20130807-2\20120510\Release\fm_pllcontrol.o
                0x00006aac                out_bit_fm
 .text.strobe_fm
                0x00006ae2       0x34 C:\Users\nozomi\Desktop\com\í êMån\20130807-2\20120510\Release\fm_pllcontrol.o
                0x00006ae2                strobe_fm
 .text.out_bits_fm
                0x00006b16       0x42 C:\Users\nozomi\Desktop\com\í êMån\20130807-2\20120510\Release\fm_pllcontrol.o
                0x00006b16                out_bits_fm
 .text.set_reference_divider_fm
                0x00006b58       0x26 C:\Users\nozomi\Desktop\com\í êMån\20130807-2\20120510\Release\fm_pllcontrol.o
                0x00006b58                set_reference_divider_fm
 .text.set_option_register_fm
                0x00006b7e       0x7c C:\Users\nozomi\Desktop\com\í êMån\20130807-2\20120510\Release\fm_pllcontrol.o
                0x00006b7e                set_option_register_fm
 .text.set_programmable_divider_fm
                0x00006bfa       0x54 C:\Users\nozomi\Desktop\com\í êMån\20130807-2\20120510\Release\fm_pllcontrol.o
                0x00006bfa                set_programmable_divider_fm
 .text.pll_init_fm
                0x00006c4e       0x56 C:\Users\nozomi\Desktop\com\í êMån\20130807-2\20120510\Release\fm_pllcontrol.o
                0x00006c4e                pll_init_fm
 .text.set_pll_fm
                0x00006ca4       0x5a C:\Users\nozomi\Desktop\com\í êMån\20130807-2\20120510\Release\fm_pllcontrol.o
                0x00006ca4                set_pll_fm
 .text.DebugMultiplexer
                0x00006cfe      0x100 C:\Users\nozomi\Desktop\com\í êMån\20130807-2\20120510\Release\debug.o
                0x00006cfe                DebugMultiplexer
 .text.DebugPut_Status
                0x00006dfe      0x236 C:\Users\nozomi\Desktop\com\í êMån\20130807-2\20120510\Release\debug.o
                0x00006dfe                DebugPut_Status
 .text.DebugPut_Telemetry
                0x00007034      0x216 C:\Users\nozomi\Desktop\com\í êMån\20130807-2\20120510\Release\debug.o
                0x00007034                DebugPut_Telemetry
 .text.DebugEEPROM
                0x0000724a      0x398 C:\Users\nozomi\Desktop\com\í êMån\20130807-2\20120510\Release\debug.o
                0x0000724a                DebugEEPROM
 .text.DebugDetail_Status
                0x000075e2       0x3a C:\Users\nozomi\Desktop\com\í êMån\20130807-2\20120510\Release\debug.o
                0x000075e2                DebugDetail_Status
 .text.DebugPut_Rough
                0x0000761c      0x260 C:\Users\nozomi\Desktop\com\í êMån\20130807-2\20120510\Release\debug.o
                0x0000761c                DebugPut_Rough
 .text.DebugPut_Detail
                0x0000787c      0x260 C:\Users\nozomi\Desktop\com\í êMån\20130807-2\20120510\Release\debug.o
                0x0000787c                DebugPut_Detail
 .text.DebugPut_API
                0x00007adc      0x22a C:\Users\nozomi\Desktop\com\í êMån\20130807-2\20120510\Release\debug.o
                0x00007adc                DebugPut_API
 .text.DebugPut_Initial
                0x00007d06      0x22a C:\Users\nozomi\Desktop\com\í êMån\20130807-2\20120510\Release\debug.o
                0x00007d06                DebugPut_Initial
 .text.Debug_SharedROM
                0x00007f30      0x1da C:\Users\nozomi\Desktop\com\í êMån\20130807-2\20120510\Release\debug.o
                0x00007f30                Debug_SharedROM
 .text.DebugWrite_SharedROM
                0x0000810a      0x33e C:\Users\nozomi\Desktop\com\í êMån\20130807-2\20120510\Release\debug.o
                0x0000810a                DebugWrite_SharedROM
 .text.DebugPut_SharedROM
                0x00008448       0x58 C:\Users\nozomi\Desktop\com\í êMån\20130807-2\20120510\Release\debug.o
                0x00008448                DebugPut_SharedROM
 .text.DisplayRoutine
                0x000084a0      0x1e6 C:\Users\nozomi\Desktop\com\í êMån\20130807-2\20120510\Release\debug.o
                0x000084a0                DisplayRoutine
 .text.SetRoutine
                0x00008686      0x156 C:\Users\nozomi\Desktop\com\í êMån\20130807-2\20120510\Release\debug.o
                0x00008686                SetRoutine
 .text.Check_PowerData
                0x000087dc       0x6c C:\Users\nozomi\Desktop\com\í êMån\20130807-2\20120510\Release\debug.o
                0x000087dc                Check_PowerData
 .text.GetCommandID
                0x00008848      0x384 C:\Users\nozomi\Desktop\com\í êMån\20130807-2\20120510\Release\command.o
                0x00008848                GetCommandID
 .text.GetMissionCommandID
                0x00008bcc       0x4c C:\Users\nozomi\Desktop\com\í êMån\20130807-2\20120510\Release\command.o
                0x00008bcc                GetMissionCommandID
 .text.RegistCommand
                0x00008c18      0x322 C:\Users\nozomi\Desktop\com\í êMån\20130807-2\20120510\Release\command.o
                0x00008c18                RegistCommand
 .text.RegistMissionCommand
                0x00008f3a      0x130 C:\Users\nozomi\Desktop\com\í êMån\20130807-2\20120510\Release\command.o
                0x00008f3a                RegistMissionCommand
 .text.ExecuteCommand
                0x0000906a      0x410 C:\Users\nozomi\Desktop\com\í êMån\20130807-2\20120510\Release\command.o
                0x0000906a                ExecuteCommand
 .text.comm_buffer_init
                0x0000947a       0x3a C:\Users\nozomi\Desktop\com\í êMån\20130807-2\20120510\Release\comm_buffer.o
                0x0000947a                comm_buffer_init
 .text.adconv_init
                0x000094b4       0x30 C:\Users\nozomi\Desktop\com\í êMån\20130807-2\20120510\Release\adconv.o
                0x000094b4                adconv_init
 .text.ami_switch
                0x000094e4       0x32 C:\Users\nozomi\Desktop\com\í êMån\20130807-2\20120510\Release\adconv.o
                0x000094e4                ami_switch
 .text.mpx_switch
                0x00009516       0x88 C:\Users\nozomi\Desktop\com\í êMån\20130807-2\20120510\Release\adconv.o
                0x00009516                mpx_switch
 .text.get_sensor
                0x0000959e      0x1da C:\Users\nozomi\Desktop\com\í êMån\20130807-2\20120510\Release\adconv.o
                0x0000959e                get_sensor
 .text.check_overAmpare
                0x00009778       0x5c C:\Users\nozomi\Desktop\com\í êMån\20130807-2\20120510\Release\adconv.o
                0x00009778                check_overAmpare
 .text.insertSpace
                0x000097d4       0x2e C:\Users\nozomi\Desktop\com\í êMån\20130807-2\20120510\Release\adconv.o
                0x000097d4                insertSpace
 .text.disp_AD  0x00009802       0xe0 C:\Users\nozomi\Desktop\com\í êMån\20130807-2\20120510\Release\adconv.o
                0x00009802                disp_AD
 .text.free     0x000098e2       0xc2 C:\Users\nozomi\Desktop\com\í êMån\20130807-2\20120510\Release\lib20130807.a(newfree.o)
                0x000098e2                free
 .text._top_of_heap
                0x000099a4        0xe C:\Users\nozomi\Desktop\com\í êMån\20130807-2\20120510\Release\lib20130807.a(newheap.o)
                0x000099a4                _top_of_heap
 .text._make_new_mem_hole
                0x000099b2       0x2e C:\Users\nozomi\Desktop\com\í êMån\20130807-2\20120510\Release\lib20130807.a(newmalloc.o)
                0x000099b2                _make_new_mem_hole
 .text.malloc   0x000099e0       0xb4 C:\Users\nozomi\Desktop\com\í êMån\20130807-2\20120510\Release\lib20130807.a(newmalloc.o)
                0x000099e0                malloc
                0x00009a94                etext = .

.init
 *(.init)

.fini
 *(.fini)

.got
 *(.got)
 *(.got.plt)

.rodata         0x00009a94      0x960
 *(.rodata)
 .rodata        0x00009a94        0x8 c:\program files\renesas\hew\tools\kpit\gnuh8-elf\v12.01\h8300-elf\lib\gcc\h8300-elf\4.6-GNUH8_v12.01\h8300h\int32\libgcc.a(_thenan_sf.o)
                0x00009a94                __thenan_sf
 .rodata        0x00009a9c      0x100 c:\program files\renesas\hew\tools\kpit\gnuh8-elf\v12.01\h8300-elf\lib\gcc\h8300-elf\4.6-GNUH8_v12.01\h8300h\int32\libgcc.a(_clz.o)
                0x00009a9c                __clz_tab
 *(.rodata.*)
 .rodata.str1.1
                0x00009b9c       0x32 C:\Users\nozomi\Desktop\com\í êMån\20130807-2\20120510\Release\teleme.o
                                 0x34 (size before relaxing)
 .rodata.str1.1
                0x00009bce      0x16a C:\Users\nozomi\Desktop\com\í êMån\20130807-2\20120510\Release\rx_protcol_inv.o
                                0x171 (size before relaxing)
 .rodata.str1.1
                0x00009d38       0x58 C:\Users\nozomi\Desktop\com\í êMån\20130807-2\20120510\Release\rx.o
                                 0x5d (size before relaxing)
 .rodata.str1.1
                0x00009d90       0x34 C:\Users\nozomi\Desktop\com\í êMån\20130807-2\20120510\Release\pwr.o
 .rodata.str1.1
                0x00009dc4       0x37 C:\Users\nozomi\Desktop\com\í êMån\20130807-2\20120510\Release\put_status.o
                                 0x3b (size before relaxing)
 .rodata.str1.1
                0x00009dfb       0xb0 C:\Users\nozomi\Desktop\com\í êMån\20130807-2\20120510\Release\mission.o
                                 0xb4 (size before relaxing)
 .rodata.str1.1
                0x00009eab       0xbf C:\Users\nozomi\Desktop\com\í êMån\20130807-2\20120510\Release\message.o
                                 0xc1 (size before relaxing)
 .rodata.str1.1
                0x00009f6a      0x265 C:\Users\nozomi\Desktop\com\í êMån\20130807-2\20120510\Release\debug.o
                                0x28b (size before relaxing)
 *fill*         0x0000a1cf        0x1 00
 .rodata.DebugWrite_SharedROM
                0x0000a1d0       0x48 C:\Users\nozomi\Desktop\com\í êMån\20130807-2\20120510\Release\debug.o
 .rodata.SetRoutine
                0x0000a218       0x60 C:\Users\nozomi\Desktop\com\í êMån\20130807-2\20120510\Release\debug.o
 .rodata.str1.1
                0x0000a278       0x29 C:\Users\nozomi\Desktop\com\í êMån\20130807-2\20120510\Release\command.o
 *fill*         0x0000a2a1        0x3 00
 .rodata.ExecuteCommand
                0x0000a2a4      0x12c C:\Users\nozomi\Desktop\com\í êMån\20130807-2\20120510\Release\command.o
 .rodata.get_sensor
                0x0000a3d0       0x20 C:\Users\nozomi\Desktop\com\í êMån\20130807-2\20120510\Release\adconv.o
 .rodata.str1.1
                0x0000a3f0        0x4 C:\Users\nozomi\Desktop\com\í êMån\20130807-2\20120510\Release\adconv.o
                                  0xd (size before relaxing)
                0x0000a3f4                _erodata = .

.eh_frame_hdr
 *(.eh_frame_hdr)

.eh_frame
 *(.eh_frame)

.jcr
 *(.jcr)

.tors           0x0000a3f4        0x0
                0x0000a3f4                __CTOR_LIST__ = .
                0x0000a3f4                ___ctors = .
 *(.ctors)
                0x0000a3f4                ___ctors_end = .
                0x0000a3f4                __CTOR_END__ = .
                0x0000a3f4                __DTOR_LIST__ = .
                0x0000a3f4                ___dtors = .
 *(.dtors)
                0x0000a3f4                ___dtors_end = .
                0x0000a3f4                __DTOR_END__ = .
                0x0000a3f4                _mdata = .

.data           0x00ffbf20        0x0 load address 0x0000a3f4
                0x00ffbf20                _data = .
 *(.data)
 .data          0x00ffbf20        0x0 C:\Users\nozomi\Desktop\com\í êMån\20130807-2\20120510\Release\vects.o
 .data          0x00ffbf20        0x0 C:\Users\nozomi\Desktop\com\í êMån\20130807-2\20120510\Release\timer.o
 .data          0x00ffbf20        0x0 C:\Users\nozomi\Desktop\com\í êMån\20130807-2\20120510\Release\teleme.o
 .data          0x00ffbf20        0x0 C:\Users\nozomi\Desktop\com\í êMån\20130807-2\20120510\Release\start.o
 .data          0x00ffbf20        0x0 C:\Users\nozomi\Desktop\com\í êMån\20130807-2\20120510\Release\sci_util.o
 .data          0x00ffbf20        0x0 C:\Users\nozomi\Desktop\com\í êMån\20130807-2\20120510\Release\sci2.o
 .data          0x00ffbf20        0x0 C:\Users\nozomi\Desktop\com\í êMån\20130807-2\20120510\Release\sci1.o
 .data          0x00ffbf20        0x0 C:\Users\nozomi\Desktop\com\í êMån\20130807-2\20120510\Release\sci0.o
 .data          0x00ffbf20        0x0 C:\Users\nozomi\Desktop\com\í êMån\20130807-2\20120510\Release\rx_protcol_inv.o
 .data          0x00ffbf20        0x0 C:\Users\nozomi\Desktop\com\í êMån\20130807-2\20120510\Release\rx_pll_inv.o
 .data          0x00ffbf20        0x0 C:\Users\nozomi\Desktop\com\í êMån\20130807-2\20120510\Release\rx.o
 .data          0x00ffbf20        0x0 C:\Users\nozomi\Desktop\com\í êMån\20130807-2\20120510\Release\pwr.o
 .data          0x00ffbf20        0x0 C:\Users\nozomi\Desktop\com\í êMån\20130807-2\20120510\Release\put_status.o
 .data          0x00ffbf20        0x0 C:\Users\nozomi\Desktop\com\í êMån\20130807-2\20120510\Release\mission.o
 .data          0x00ffbf20        0x0 C:\Users\nozomi\Desktop\com\í êMån\20130807-2\20120510\Release\message.o
 .data          0x00ffbf20        0x0 C:\Users\nozomi\Desktop\com\í êMån\20130807-2\20120510\Release\itu1.o
 .data          0x00ffbf20        0x0 C:\Users\nozomi\Desktop\com\í êMån\20130807-2\20120510\Release\itu0.o
 .data          0x00ffbf20        0x0 C:\Users\nozomi\Desktop\com\í êMån\20130807-2\20120510\Release\inthandler.o
 .data          0x00ffbf20        0x0 C:\Users\nozomi\Desktop\com\í êMån\20130807-2\20120510\Release\init.o
 .data          0x00ffbf20        0x0 C:\Users\nozomi\Desktop\com\í êMån\20130807-2\20120510\Release\iic2.o
 .data          0x00ffbf20        0x0 C:\Users\nozomi\Desktop\com\í êMån\20130807-2\20120510\Release\iic1.o
 .data          0x00ffbf20        0x0 C:\Users\nozomi\Desktop\com\í êMån\20130807-2\20120510\Release\iic0.o
 .data          0x00ffbf20        0x0 C:\Users\nozomi\Desktop\com\í êMån\20130807-2\20120510\Release\hwinit.o
 .data          0x00ffbf20        0x0 C:\Users\nozomi\Desktop\com\í êMån\20130807-2\20120510\Release\global.o
 .data          0x00ffbf20        0x0 C:\Users\nozomi\Desktop\com\í êMån\20130807-2\20120510\Release\fm_tx.o
 .data          0x00ffbf20        0x0 C:\Users\nozomi\Desktop\com\í êMån\20130807-2\20120510\Release\fm_ptt.o
 .data          0x00ffbf20        0x0 C:\Users\nozomi\Desktop\com\í êMån\20130807-2\20120510\Release\fm_pllcontrol.o
 .data          0x00ffbf20        0x0 C:\Users\nozomi\Desktop\com\í êMån\20130807-2\20120510\Release\debug.o
 .data          0x00ffbf20        0x0 C:\Users\nozomi\Desktop\com\í êMån\20130807-2\20120510\Release\command.o
 .data          0x00ffbf20        0x0 C:\Users\nozomi\Desktop\com\í êMån\20130807-2\20120510\Release\comm_buffer.o
 .data          0x00ffbf20        0x0 C:\Users\nozomi\Desktop\com\í êMån\20130807-2\20120510\Release\adconv.o
 .data          0x00ffbf20        0x0 C:\Users\nozomi\Desktop\com\í êMån\20130807-2\20120510\Release\lib20130807.a(newfree.o)
 .data          0x00ffbf20        0x0 C:\Users\nozomi\Desktop\com\í êMån\20130807-2\20120510\Release\lib20130807.a(newheap.o)
 .data          0x00ffbf20        0x0 C:\Users\nozomi\Desktop\com\í êMån\20130807-2\20120510\Release\lib20130807.a(newmalloc.o)
 .data          0x00ffbf20        0x0 c:\program files\renesas\hew\tools\kpit\gnuh8-elf\v12.01\h8300-elf\lib\gcc\h8300-elf\4.6-GNUH8_v12.01\h8300h\int32\libgcc.a(_divsi3.o)
 .data          0x00ffbf20        0x0 c:\program files\renesas\hew\tools\kpit\gnuh8-elf\v12.01\h8300-elf\lib\gcc\h8300-elf\4.6-GNUH8_v12.01\h8300h\int32\libgcc.a(_mulsi3.o)
 .data          0x00ffbf20        0x0 c:\program files\renesas\hew\tools\kpit\gnuh8-elf\v12.01\h8300-elf\lib\gcc\h8300-elf\4.6-GNUH8_v12.01\h8300h\int32\libgcc.a(_fixunssfsi.o)
 .data          0x00ffbf20        0x0 c:\program files\renesas\hew\tools\kpit\gnuh8-elf\v12.01\h8300-elf\lib\gcc\h8300-elf\4.6-GNUH8_v12.01\h8300h\int32\libgcc.a(_addsub_sf.o)
 .data          0x00ffbf20        0x0 c:\program files\renesas\hew\tools\kpit\gnuh8-elf\v12.01\h8300-elf\lib\gcc\h8300-elf\4.6-GNUH8_v12.01\h8300h\int32\libgcc.a(_div_sf.o)
 .data          0x00ffbf20        0x0 c:\program files\renesas\hew\tools\kpit\gnuh8-elf\v12.01\h8300-elf\lib\gcc\h8300-elf\4.6-GNUH8_v12.01\h8300h\int32\libgcc.a(_ge_sf.o)
 .data          0x00ffbf20        0x0 c:\program files\renesas\hew\tools\kpit\gnuh8-elf\v12.01\h8300-elf\lib\gcc\h8300-elf\4.6-GNUH8_v12.01\h8300h\int32\libgcc.a(_si_to_sf.o)
 .data          0x00ffbf20        0x0 c:\program files\renesas\hew\tools\kpit\gnuh8-elf\v12.01\h8300-elf\lib\gcc\h8300-elf\4.6-GNUH8_v12.01\h8300h\int32\libgcc.a(_sf_to_si.o)
 .data          0x00ffbf20        0x0 c:\program files\renesas\hew\tools\kpit\gnuh8-elf\v12.01\h8300-elf\lib\gcc\h8300-elf\4.6-GNUH8_v12.01\h8300h\int32\libgcc.a(_thenan_sf.o)
 .data          0x00ffbf20        0x0 c:\program files\renesas\hew\tools\kpit\gnuh8-elf\v12.01\h8300-elf\lib\gcc\h8300-elf\4.6-GNUH8_v12.01\h8300h\int32\libgcc.a(_clzsi2.o)
 .data          0x00ffbf20        0x0 c:\program files\renesas\hew\tools\kpit\gnuh8-elf\v12.01\h8300-elf\lib\gcc\h8300-elf\4.6-GNUH8_v12.01\h8300h\int32\libgcc.a(_pack_sf.o)
 .data          0x00ffbf20        0x0 c:\program files\renesas\hew\tools\kpit\gnuh8-elf\v12.01\h8300-elf\lib\gcc\h8300-elf\4.6-GNUH8_v12.01\h8300h\int32\libgcc.a(_unpack_sf.o)
 .data          0x00ffbf20        0x0 c:\program files\renesas\hew\tools\kpit\gnuh8-elf\v12.01\h8300-elf\lib\gcc\h8300-elf\4.6-GNUH8_v12.01\h8300h\int32\libgcc.a(_fpcmp_parts_sf.o)
 .data          0x00ffbf20        0x0 c:\program files\renesas\hew\tools\kpit\gnuh8-elf\v12.01\h8300-elf\lib\gcc\h8300-elf\4.6-GNUH8_v12.01\h8300h\int32\libgcc.a(_clz.o)
 *(.data.*)
                0x00ffbf20                _edata = .

.gcc_exc
 *(.gcc_exc)

.bss            0x00ffbf20     0x1b64 load address 0x0000a3f4
                0x00ffbf20                _bss = .
 *(.bss)
 .bss           0x00ffbf20        0x0 C:\Users\nozomi\Desktop\com\í êMån\20130807-2\20120510\Release\vects.o
 .bss           0x00ffbf20        0x0 C:\Users\nozomi\Desktop\com\í êMån\20130807-2\20120510\Release\timer.o
 .bss           0x00ffbf20        0x0 C:\Users\nozomi\Desktop\com\í êMån\20130807-2\20120510\Release\teleme.o
 .bss           0x00ffbf20        0x0 C:\Users\nozomi\Desktop\com\í êMån\20130807-2\20120510\Release\start.o
 .bss           0x00ffbf20        0x0 C:\Users\nozomi\Desktop\com\í êMån\20130807-2\20120510\Release\sci_util.o
 .bss           0x00ffbf20        0x0 C:\Users\nozomi\Desktop\com\í êMån\20130807-2\20120510\Release\sci2.o
 .bss           0x00ffbf20        0x0 C:\Users\nozomi\Desktop\com\í êMån\20130807-2\20120510\Release\sci1.o
 .bss           0x00ffbf20        0x0 C:\Users\nozomi\Desktop\com\í êMån\20130807-2\20120510\Release\sci0.o
 .bss           0x00ffbf20        0x0 C:\Users\nozomi\Desktop\com\í êMån\20130807-2\20120510\Release\rx_protcol_inv.o
 .bss           0x00ffbf20        0x0 C:\Users\nozomi\Desktop\com\í êMån\20130807-2\20120510\Release\rx_pll_inv.o
 .bss           0x00ffbf20        0x0 C:\Users\nozomi\Desktop\com\í êMån\20130807-2\20120510\Release\rx.o
 .bss           0x00ffbf20        0x0 C:\Users\nozomi\Desktop\com\í êMån\20130807-2\20120510\Release\pwr.o
 .bss           0x00ffbf20        0x0 C:\Users\nozomi\Desktop\com\í êMån\20130807-2\20120510\Release\put_status.o
 .bss           0x00ffbf20        0x0 C:\Users\nozomi\Desktop\com\í êMån\20130807-2\20120510\Release\mission.o
 .bss           0x00ffbf20        0x0 C:\Users\nozomi\Desktop\com\í êMån\20130807-2\20120510\Release\message.o
 .bss           0x00ffbf20        0x0 C:\Users\nozomi\Desktop\com\í êMån\20130807-2\20120510\Release\itu1.o
 .bss           0x00ffbf20        0x0 C:\Users\nozomi\Desktop\com\í êMån\20130807-2\20120510\Release\itu0.o
 .bss           0x00ffbf20        0x0 C:\Users\nozomi\Desktop\com\í êMån\20130807-2\20120510\Release\inthandler.o
 .bss           0x00ffbf20        0x0 C:\Users\nozomi\Desktop\com\í êMån\20130807-2\20120510\Release\init.o
 .bss           0x00ffbf20        0x0 C:\Users\nozomi\Desktop\com\í êMån\20130807-2\20120510\Release\iic2.o
 .bss           0x00ffbf20        0x0 C:\Users\nozomi\Desktop\com\í êMån\20130807-2\20120510\Release\iic1.o
 .bss           0x00ffbf20        0x0 C:\Users\nozomi\Desktop\com\í êMån\20130807-2\20120510\Release\iic0.o
 .bss           0x00ffbf20        0x0 C:\Users\nozomi\Desktop\com\í êMån\20130807-2\20120510\Release\hwinit.o
 .bss           0x00ffbf20        0x0 C:\Users\nozomi\Desktop\com\í êMån\20130807-2\20120510\Release\global.o
 .bss           0x00ffbf20        0x0 C:\Users\nozomi\Desktop\com\í êMån\20130807-2\20120510\Release\fm_tx.o
 .bss           0x00ffbf20        0x0 C:\Users\nozomi\Desktop\com\í êMån\20130807-2\20120510\Release\fm_ptt.o
 .bss           0x00ffbf20        0x0 C:\Users\nozomi\Desktop\com\í êMån\20130807-2\20120510\Release\fm_pllcontrol.o
 .bss           0x00ffbf20        0x0 C:\Users\nozomi\Desktop\com\í êMån\20130807-2\20120510\Release\debug.o
 .bss           0x00ffbf20        0x0 C:\Users\nozomi\Desktop\com\í êMån\20130807-2\20120510\Release\command.o
 .bss           0x00ffbf20        0x0 C:\Users\nozomi\Desktop\com\í êMån\20130807-2\20120510\Release\comm_buffer.o
 .bss           0x00ffbf20        0x0 C:\Users\nozomi\Desktop\com\í êMån\20130807-2\20120510\Release\adconv.o
 .bss           0x00ffbf20        0x0 C:\Users\nozomi\Desktop\com\í êMån\20130807-2\20120510\Release\lib20130807.a(newfree.o)
 .bss           0x00ffbf20        0x0 C:\Users\nozomi\Desktop\com\í êMån\20130807-2\20120510\Release\lib20130807.a(newheap.o)
 .bss           0x00ffbf20        0x0 C:\Users\nozomi\Desktop\com\í êMån\20130807-2\20120510\Release\lib20130807.a(newmalloc.o)
 .bss           0x00ffbf20        0x0 c:\program files\renesas\hew\tools\kpit\gnuh8-elf\v12.01\h8300-elf\lib\gcc\h8300-elf\4.6-GNUH8_v12.01\h8300h\int32\libgcc.a(_divsi3.o)
 .bss           0x00ffbf20        0x0 c:\program files\renesas\hew\tools\kpit\gnuh8-elf\v12.01\h8300-elf\lib\gcc\h8300-elf\4.6-GNUH8_v12.01\h8300h\int32\libgcc.a(_mulsi3.o)
 .bss           0x00ffbf20        0x0 c:\program files\renesas\hew\tools\kpit\gnuh8-elf\v12.01\h8300-elf\lib\gcc\h8300-elf\4.6-GNUH8_v12.01\h8300h\int32\libgcc.a(_fixunssfsi.o)
 .bss           0x00ffbf20        0x0 c:\program files\renesas\hew\tools\kpit\gnuh8-elf\v12.01\h8300-elf\lib\gcc\h8300-elf\4.6-GNUH8_v12.01\h8300h\int32\libgcc.a(_addsub_sf.o)
 .bss           0x00ffbf20        0x0 c:\program files\renesas\hew\tools\kpit\gnuh8-elf\v12.01\h8300-elf\lib\gcc\h8300-elf\4.6-GNUH8_v12.01\h8300h\int32\libgcc.a(_div_sf.o)
 .bss           0x00ffbf20        0x0 c:\program files\renesas\hew\tools\kpit\gnuh8-elf\v12.01\h8300-elf\lib\gcc\h8300-elf\4.6-GNUH8_v12.01\h8300h\int32\libgcc.a(_ge_sf.o)
 .bss           0x00ffbf20        0x0 c:\program files\renesas\hew\tools\kpit\gnuh8-elf\v12.01\h8300-elf\lib\gcc\h8300-elf\4.6-GNUH8_v12.01\h8300h\int32\libgcc.a(_si_to_sf.o)
 .bss           0x00ffbf20        0x0 c:\program files\renesas\hew\tools\kpit\gnuh8-elf\v12.01\h8300-elf\lib\gcc\h8300-elf\4.6-GNUH8_v12.01\h8300h\int32\libgcc.a(_sf_to_si.o)
 .bss           0x00ffbf20        0x0 c:\program files\renesas\hew\tools\kpit\gnuh8-elf\v12.01\h8300-elf\lib\gcc\h8300-elf\4.6-GNUH8_v12.01\h8300h\int32\libgcc.a(_thenan_sf.o)
 .bss           0x00ffbf20        0x0 c:\program files\renesas\hew\tools\kpit\gnuh8-elf\v12.01\h8300-elf\lib\gcc\h8300-elf\4.6-GNUH8_v12.01\h8300h\int32\libgcc.a(_clzsi2.o)
 .bss           0x00ffbf20        0x0 c:\program files\renesas\hew\tools\kpit\gnuh8-elf\v12.01\h8300-elf\lib\gcc\h8300-elf\4.6-GNUH8_v12.01\h8300h\int32\libgcc.a(_pack_sf.o)
 .bss           0x00ffbf20        0x0 c:\program files\renesas\hew\tools\kpit\gnuh8-elf\v12.01\h8300-elf\lib\gcc\h8300-elf\4.6-GNUH8_v12.01\h8300h\int32\libgcc.a(_unpack_sf.o)
 .bss           0x00ffbf20        0x0 c:\program files\renesas\hew\tools\kpit\gnuh8-elf\v12.01\h8300-elf\lib\gcc\h8300-elf\4.6-GNUH8_v12.01\h8300h\int32\libgcc.a(_fpcmp_parts_sf.o)
 .bss           0x00ffbf20        0x0 c:\program files\renesas\hew\tools\kpit\gnuh8-elf\v12.01\h8300-elf\lib\gcc\h8300-elf\4.6-GNUH8_v12.01\h8300h\int32\libgcc.a(_clz.o)
 *(.bss.*)
 .bss.timer_flag
                0x00ffbf20        0x4 C:\Users\nozomi\Desktop\com\í êMån\20130807-2\20120510\Release\timer.o
                0x00ffbf20                timer_flag
 .bss.data_set___2429
                0x00ffbf24       0x80 C:\Users\nozomi\Desktop\com\í êMån\20130807-2\20120510\Release\teleme.o
 .bss.slave___2427
                0x00ffbfa4        0x1 C:\Users\nozomi\Desktop\com\í êMån\20130807-2\20120510\Release\teleme.o
 *fill*         0x00ffbfa5        0x3 00
 .bss.eep_page___2426
                0x00ffbfa8        0x4 C:\Users\nozomi\Desktop\com\í êMån\20130807-2\20120510\Release\teleme.o
 .bss.eep_lastpage___2428
                0x00ffbfac        0x4 C:\Users\nozomi\Desktop\com\í êMån\20130807-2\20120510\Release\teleme.o
 .bss.data_set___2484
                0x00ffbfb0       0x80 C:\Users\nozomi\Desktop\com\í êMån\20130807-2\20120510\Release\teleme.o
 .bss.slave___2482
                0x00ffc030        0x1 C:\Users\nozomi\Desktop\com\í êMån\20130807-2\20120510\Release\teleme.o
 *fill*         0x00ffc031        0x3 00
 .bss.eep_page___2481
                0x00ffc034        0x4 C:\Users\nozomi\Desktop\com\í êMån\20130807-2\20120510\Release\teleme.o
 .bss.eep_lastpage___2483
                0x00ffc038        0x4 C:\Users\nozomi\Desktop\com\í êMån\20130807-2\20120510\Release\teleme.o
 .bss.data_set___2537
                0x00ffc03c       0x20 C:\Users\nozomi\Desktop\com\í êMån\20130807-2\20120510\Release\teleme.o
 .bss.eep_page___2536
                0x00ffc05c        0x4 C:\Users\nozomi\Desktop\com\í êMån\20130807-2\20120510\Release\teleme.o
 .bss.data___2566
                0x00ffc060       0x80 C:\Users\nozomi\Desktop\com\í êMån\20130807-2\20120510\Release\teleme.o
 .bss.data___2587
                0x00ffc0e0       0x80 C:\Users\nozomi\Desktop\com\í êMån\20130807-2\20120510\Release\teleme.o
 .bss.tx2_length
                0x00ffc160        0x2 C:\Users\nozomi\Desktop\com\í êMån\20130807-2\20120510\Release\sci2.o
 .bss.tx2_wp    0x00ffc162        0x2 C:\Users\nozomi\Desktop\com\í êMån\20130807-2\20120510\Release\sci2.o
 .bss.tx2_rp    0x00ffc164        0x2 C:\Users\nozomi\Desktop\com\í êMån\20130807-2\20120510\Release\sci2.o
 .bss.rx2_length
                0x00ffc166        0x2 C:\Users\nozomi\Desktop\com\í êMån\20130807-2\20120510\Release\sci2.o
 .bss.rx2_wp    0x00ffc168        0x2 C:\Users\nozomi\Desktop\com\í êMån\20130807-2\20120510\Release\sci2.o
 .bss.rx2_rp    0x00ffc16a        0x2 C:\Users\nozomi\Desktop\com\í êMån\20130807-2\20120510\Release\sci2.o
 .bss.tx2_buff  0x00ffc16c      0x100 C:\Users\nozomi\Desktop\com\í êMån\20130807-2\20120510\Release\sci2.o
 .bss.rx2_buff  0x00ffc26c      0x100 C:\Users\nozomi\Desktop\com\í êMån\20130807-2\20120510\Release\sci2.o
 .bss.tx1_length
                0x00ffc36c        0x2 C:\Users\nozomi\Desktop\com\í êMån\20130807-2\20120510\Release\sci1.o
 .bss.tx1_wp    0x00ffc36e        0x2 C:\Users\nozomi\Desktop\com\í êMån\20130807-2\20120510\Release\sci1.o
 .bss.tx1_rp    0x00ffc370        0x2 C:\Users\nozomi\Desktop\com\í êMån\20130807-2\20120510\Release\sci1.o
 .bss.rx1_length
                0x00ffc372        0x2 C:\Users\nozomi\Desktop\com\í êMån\20130807-2\20120510\Release\sci1.o
 .bss.rx1_wp    0x00ffc374        0x2 C:\Users\nozomi\Desktop\com\í êMån\20130807-2\20120510\Release\sci1.o
 .bss.rx1_rp    0x00ffc376        0x2 C:\Users\nozomi\Desktop\com\í êMån\20130807-2\20120510\Release\sci1.o
 .bss.tx1_buff  0x00ffc378      0x100 C:\Users\nozomi\Desktop\com\í êMån\20130807-2\20120510\Release\sci1.o
 .bss.rx1_buff  0x00ffc478      0x100 C:\Users\nozomi\Desktop\com\í êMån\20130807-2\20120510\Release\sci1.o
 .bss.tx0_length
                0x00ffc578        0x2 C:\Users\nozomi\Desktop\com\í êMån\20130807-2\20120510\Release\sci0.o
 .bss.tx0_wp    0x00ffc57a        0x2 C:\Users\nozomi\Desktop\com\í êMån\20130807-2\20120510\Release\sci0.o
 .bss.tx0_rp    0x00ffc57c        0x2 C:\Users\nozomi\Desktop\com\í êMån\20130807-2\20120510\Release\sci0.o
 .bss.rx0_length
                0x00ffc57e        0x2 C:\Users\nozomi\Desktop\com\í êMån\20130807-2\20120510\Release\sci0.o
 .bss.rx0_wp    0x00ffc580        0x2 C:\Users\nozomi\Desktop\com\í êMån\20130807-2\20120510\Release\sci0.o
 .bss.rx0_rp    0x00ffc582        0x2 C:\Users\nozomi\Desktop\com\í êMån\20130807-2\20120510\Release\sci0.o
 .bss.tx0_buff  0x00ffc584      0x100 C:\Users\nozomi\Desktop\com\í êMån\20130807-2\20120510\Release\sci0.o
 .bss.rx0_buff  0x00ffc684      0x100 C:\Users\nozomi\Desktop\com\í êMån\20130807-2\20120510\Release\sci0.o
 .bss.bit       0x00ffc784        0x4 C:\Users\nozomi\Desktop\com\í êMån\20130807-2\20120510\Release\rx_protcol_inv.o
                0x00ffc784                bit
 .bss.shiftbuff
                0x00ffc788        0x4 C:\Users\nozomi\Desktop\com\í êMån\20130807-2\20120510\Release\rx_protcol_inv.o
                0x00ffc788                shiftbuff
 .bss.oldstate  0x00ffc78c        0x4 C:\Users\nozomi\Desktop\com\í êMån\20130807-2\20120510\Release\rx_protcol_inv.o
 .bss.info      0x00ffc790        0x4 C:\Users\nozomi\Desktop\com\í êMån\20130807-2\20120510\Release\rx_protcol_inv.o
 .bss.a___2496  0x00ffc794        0x4 C:\Users\nozomi\Desktop\com\í êMån\20130807-2\20120510\Release\rx_protcol_inv.o
 .bss.tlm___1319
                0x00ffc798       0x80 C:\Users\nozomi\Desktop\com\í êMån\20130807-2\20120510\Release\put_status.o
 .bss.tlm___1355
                0x00ffc818       0x80 C:\Users\nozomi\Desktop\com\í êMån\20130807-2\20120510\Release\put_status.o
 .bss.tlm___1387
                0x00ffc898       0x20 C:\Users\nozomi\Desktop\com\í êMån\20130807-2\20120510\Release\put_status.o
 .bss.tlm___1418
                0x00ffc8b8       0x80 C:\Users\nozomi\Desktop\com\í êMån\20130807-2\20120510\Release\put_status.o
 .bss.cnt___2498
                0x00ffc938        0x4 C:\Users\nozomi\Desktop\com\í êMån\20130807-2\20120510\Release\mission.o
 .bss.start___2444
                0x00ffc93c        0x2 C:\Users\nozomi\Desktop\com\í êMån\20130807-2\20120510\Release\message.o
 .bss.found___2443
                0x00ffc93e        0x1 C:\Users\nozomi\Desktop\com\í êMån\20130807-2\20120510\Release\message.o
 *fill*         0x00ffc93f        0x1 00
 .bss.i___2442  0x00ffc940        0x2 C:\Users\nozomi\Desktop\com\í êMån\20130807-2\20120510\Release\message.o
 .bss.split_sci0_buff___2440
                0x00ffc942      0x100 C:\Users\nozomi\Desktop\com\í êMån\20130807-2\20120510\Release\message.o
 .bss.split_sci0_wp___2441
                0x00ffca42        0x2 C:\Users\nozomi\Desktop\com\í êMån\20130807-2\20120510\Release\message.o
 .bss.start___2466
                0x00ffca44        0x2 C:\Users\nozomi\Desktop\com\í êMån\20130807-2\20120510\Release\message.o
 .bss.found___2465
                0x00ffca46        0x1 C:\Users\nozomi\Desktop\com\í êMån\20130807-2\20120510\Release\message.o
 *fill*         0x00ffca47        0x1 00
 .bss.i___2464  0x00ffca48        0x2 C:\Users\nozomi\Desktop\com\í êMån\20130807-2\20120510\Release\message.o
 .bss.start___2491
                0x00ffca4a        0x2 C:\Users\nozomi\Desktop\com\í êMån\20130807-2\20120510\Release\message.o
 .bss.found___2490
                0x00ffca4c        0x1 C:\Users\nozomi\Desktop\com\í êMån\20130807-2\20120510\Release\message.o
 *fill*         0x00ffca4d        0x1 00
 .bss.i___2489  0x00ffca4e        0x2 C:\Users\nozomi\Desktop\com\í êMån\20130807-2\20120510\Release\message.o
 .bss.message_fm
                0x00ffca50       0xc8 C:\Users\nozomi\Desktop\com\í êMån\20130807-2\20120510\Release\message.o
 .bss.mission_counter
                0x00ffcb18        0x4 C:\Users\nozomi\Desktop\com\í êMån\20130807-2\20120510\Release\message.o
 .bss.mission_length
                0x00ffcb1c        0x2 C:\Users\nozomi\Desktop\com\í êMån\20130807-2\20120510\Release\message.o
 .bss.mission_rp
                0x00ffcb1e        0x2 C:\Users\nozomi\Desktop\com\í êMån\20130807-2\20120510\Release\message.o
 .bss.mission_wp
                0x00ffcb20        0x2 C:\Users\nozomi\Desktop\com\í êMån\20130807-2\20120510\Release\message.o
 .bss.mission_length_buff
                0x00ffcb22        0x8 C:\Users\nozomi\Desktop\com\í êMån\20130807-2\20120510\Release\message.o
 *fill*         0x00ffcb2a        0x2 00
 .bss.message_counter
                0x00ffcb2c        0x4 C:\Users\nozomi\Desktop\com\í êMån\20130807-2\20120510\Release\message.o
 .bss.message_length
                0x00ffcb30        0x2 C:\Users\nozomi\Desktop\com\í êMån\20130807-2\20120510\Release\message.o
 .bss.message_rp
                0x00ffcb32        0x2 C:\Users\nozomi\Desktop\com\í êMån\20130807-2\20120510\Release\message.o
 .bss.message_wp
                0x00ffcb34        0x2 C:\Users\nozomi\Desktop\com\í êMån\20130807-2\20120510\Release\message.o
 .bss.message_length_buff
                0x00ffcb36        0x8 C:\Users\nozomi\Desktop\com\í êMån\20130807-2\20120510\Release\message.o
 .bss.message_buff
                0x00ffcb3e      0x320 C:\Users\nozomi\Desktop\com\í êMån\20130807-2\20120510\Release\message.o
 .bss.split_sci1_wp___2463
                0x00ffce5e        0x2 C:\Users\nozomi\Desktop\com\í êMån\20130807-2\20120510\Release\message.o
 .bss.split_sci1_buff___2462
                0x00ffce60      0x100 C:\Users\nozomi\Desktop\com\í êMån\20130807-2\20120510\Release\message.o
 .bss.split_sci2_wp___2488
                0x00ffcf60        0x2 C:\Users\nozomi\Desktop\com\í êMån\20130807-2\20120510\Release\message.o
 .bss.split_sci2_buff___2487
                0x00ffcf62      0x100 C:\Users\nozomi\Desktop\com\í êMån\20130807-2\20120510\Release\message.o
 .bss.mission_buff
                0x00ffd062      0x320 C:\Users\nozomi\Desktop\com\í êMån\20130807-2\20120510\Release\message.o
 .bss.tlm___2577
                0x00ffd382       0x80 C:\Users\nozomi\Desktop\com\í êMån\20130807-2\20120510\Release\debug.o
 .bss.buf___2593
                0x00ffd402       0x80 C:\Users\nozomi\Desktop\com\í êMån\20130807-2\20120510\Release\debug.o
 .bss.tlm___2628
                0x00ffd482       0x80 C:\Users\nozomi\Desktop\com\í êMån\20130807-2\20120510\Release\debug.o
 .bss.tlm___2654
                0x00ffd502       0x80 C:\Users\nozomi\Desktop\com\í êMån\20130807-2\20120510\Release\debug.o
 .bss.tlm___2676
                0x00ffd582       0x20 C:\Users\nozomi\Desktop\com\í êMån\20130807-2\20120510\Release\debug.o
 .bss.tlm___2698
                0x00ffd5a2       0x80 C:\Users\nozomi\Desktop\com\í êMån\20130807-2\20120510\Release\debug.o
 .bss.buf___2711
                0x00ffd622       0x80 C:\Users\nozomi\Desktop\com\í êMån\20130807-2\20120510\Release\debug.o
 .bss.tlm_mission___2810
                0x00ffd6a2       0x80 C:\Users\nozomi\Desktop\com\í êMån\20130807-2\20120510\Release\debug.o
 .bss.l_rp      0x00ffd722        0x1 C:\Users\nozomi\Desktop\com\í êMån\20130807-2\20120510\Release\command.o
 .bss.l_wp      0x00ffd723        0x1 C:\Users\nozomi\Desktop\com\í êMån\20130807-2\20120510\Release\command.o
 .bss.m_rp      0x00ffd724        0x1 C:\Users\nozomi\Desktop\com\í êMån\20130807-2\20120510\Release\command.o
 .bss.m_wp      0x00ffd725        0x1 C:\Users\nozomi\Desktop\com\í êMån\20130807-2\20120510\Release\command.o
 .bss.h_rp      0x00ffd726        0x1 C:\Users\nozomi\Desktop\com\í êMån\20130807-2\20120510\Release\command.o
 .bss.h_wp      0x00ffd727        0x1 C:\Users\nozomi\Desktop\com\í êMån\20130807-2\20120510\Release\command.o
 .bss.mpx_ch___2437
                0x00ffd728        0x1 C:\Users\nozomi\Desktop\com\í êMån\20130807-2\20120510\Release\adconv.o
 *fill*         0x00ffd729        0x3 00
 .bss._last_heap_object
                0x00ffd72c        0x4 C:\Users\nozomi\Desktop\com\í êMån\20130807-2\20120510\Release\lib20130807.a(newheap.o)
                0x00ffd72c                _last_heap_object
 .bss._heap_of_memory
                0x00ffd730        0x4 C:\Users\nozomi\Desktop\com\í êMån\20130807-2\20120510\Release\lib20130807.a(newheap.o)
                0x00ffd730                _heap_of_memory
 *(COMMON)
 COMMON         0x00ffd734        0x4 C:\Users\nozomi\Desktop\com\í êMån\20130807-2\20120510\Release\timer.o
                0x00ffd734                time
 COMMON         0x00ffd738      0x1ac C:\Users\nozomi\Desktop\com\í êMån\20130807-2\20120510\Release\teleme.o
                0x00ffd738                ena_overa
                0x00ffd73b                flag_dispAD
                0x00ffd73e                flag_overa
                0x00ffd741                flag_dteleme
                0x00ffd744                ena_rteleme
                0x00ffd747                ena_ateleme
                0x00ffd74a                flag_ad
                0x00ffd750                my_wdt
                0x00ffd754                flag_iteleme
                0x00ffd757                ena_iteleme
                0x00ffd75a                ena_mywdt
                0x00ffd760                itu1_cnt
                0x00ffd764                ena_dteleme
                0x00ffd767                flag_ateleme
                0x00ffd76a                ena_ad
                0x00ffd76d                flag_oteleme
                0x00ffd770                flag_rteleme
                0x00ffd773                ena_dispAD
                0x00ffd776                mpx
                0x00ffd796                status
                0x00ffd815                ena_oteleme
                0x00ffd818                message_global
 COMMON         0x00ffd8e4       0x15 C:\Users\nozomi\Desktop\com\í êMån\20130807-2\20120510\Release\rx_protcol_inv.o
                0x00ffd8e4                i
                0x00ffd8e8                fcslo
                0x00ffd8ec                uplink_rx_buff
                0x00ffd8f0                kbit
                0x00ffd8f4                info_length
                0x00ffd8f8                fcshi
 COMMON         0x00ffd8f9        0xc C:\Users\nozomi\Desktop\com\í êMån\20130807-2\20120510\Release\pwr.o
                0x00ffd8f9                ena_alive
                0x00ffd8fc                flag_pwrt
                0x00ffd8ff                ena_pwrt
                0x00ffd902                flag_alive
 COMMON         0x00ffd905        0x6 C:\Users\nozomi\Desktop\com\í êMån\20130807-2\20120510\Release\mission.o
                0x00ffd905                ena_misst
                0x00ffd908                flag_misst
 *fill*         0x00ffd90b        0x1 00
 COMMON         0x00ffd90c        0xd C:\Users\nozomi\Desktop\com\í êMån\20130807-2\20120510\Release\message.o
                0x00ffd90c                flag_send_fm
                0x00ffd90d                flag_exe
                0x00ffd910                FmPreamble
                0x00ffd914                stuff
                0x00ffd915                fcsflag_send_fm
                0x00ffd916                flag_scirx
 COMMON         0x00ffd919        0x1 C:\Users\nozomi\Desktop\com\í êMån\20130807-2\20120510\Release\iic2.o
                0x00ffd919                P2_DDR
 *fill*         0x00ffd91a        0x2 00
 COMMON         0x00ffd91c      0x168 C:\Users\nozomi\Desktop\com\í êMån\20130807-2\20120510\Release\command.o
                0x00ffd91c                command_H
                0x00ffd994                command_M
                0x00ffda0c                command_L
                0x00ffda84                _ebss = .
                0x00ffda84                _end = .

.stack          0x00ffff00        0x0
                0x00ffff00                _stack = .
LOAD C:\Users\nozomi\Desktop\com\í êMån\20130807-2\20120510\Release\vects.o
LOAD C:\Users\nozomi\Desktop\com\í êMån\20130807-2\20120510\Release\timer.o
LOAD C:\Users\nozomi\Desktop\com\í êMån\20130807-2\20120510\Release\teleme.o
LOAD C:\Users\nozomi\Desktop\com\í êMån\20130807-2\20120510\Release\start.o
LOAD C:\Users\nozomi\Desktop\com\í êMån\20130807-2\20120510\Release\sci_util.o
LOAD C:\Users\nozomi\Desktop\com\í êMån\20130807-2\20120510\Release\sci2.o
LOAD C:\Users\nozomi\Desktop\com\í êMån\20130807-2\20120510\Release\sci1.o
LOAD C:\Users\nozomi\Desktop\com\í êMån\20130807-2\20120510\Release\sci0.o
LOAD C:\Users\nozomi\Desktop\com\í êMån\20130807-2\20120510\Release\rx_protcol_inv.o
LOAD C:\Users\nozomi\Desktop\com\í êMån\20130807-2\20120510\Release\rx_pll_inv.o
LOAD C:\Users\nozomi\Desktop\com\í êMån\20130807-2\20120510\Release\rx.o
LOAD C:\Users\nozomi\Desktop\com\í êMån\20130807-2\20120510\Release\pwr.o
LOAD C:\Users\nozomi\Desktop\com\í êMån\20130807-2\20120510\Release\put_status.o
LOAD C:\Users\nozomi\Desktop\com\í êMån\20130807-2\20120510\Release\mission.o
LOAD C:\Users\nozomi\Desktop\com\í êMån\20130807-2\20120510\Release\message.o
LOAD C:\Users\nozomi\Desktop\com\í êMån\20130807-2\20120510\Release\itu1.o
LOAD C:\Users\nozomi\Desktop\com\í êMån\20130807-2\20120510\Release\itu0.o
LOAD C:\Users\nozomi\Desktop\com\í êMån\20130807-2\20120510\Release\inthandler.o
LOAD C:\Users\nozomi\Desktop\com\í êMån\20130807-2\20120510\Release\init.o
LOAD C:\Users\nozomi\Desktop\com\í êMån\20130807-2\20120510\Release\iic2.o
LOAD C:\Users\nozomi\Desktop\com\í êMån\20130807-2\20120510\Release\iic1.o
LOAD C:\Users\nozomi\Desktop\com\í êMån\20130807-2\20120510\Release\iic0.o
LOAD C:\Users\nozomi\Desktop\com\í êMån\20130807-2\20120510\Release\hwinit.o
LOAD C:\Users\nozomi\Desktop\com\í êMån\20130807-2\20120510\Release\global.o
LOAD C:\Users\nozomi\Desktop\com\í êMån\20130807-2\20120510\Release\fm_tx.o
LOAD C:\Users\nozomi\Desktop\com\í êMån\20130807-2\20120510\Release\fm_ptt.o
LOAD C:\Users\nozomi\Desktop\com\í êMån\20130807-2\20120510\Release\fm_pllcontrol.o
LOAD C:\Users\nozomi\Desktop\com\í êMån\20130807-2\20120510\Release\debug.o
LOAD C:\Users\nozomi\Desktop\com\í êMån\20130807-2\20120510\Release\command.o
LOAD C:\Users\nozomi\Desktop\com\í êMån\20130807-2\20120510\Release\comm_buffer.o
LOAD C:\Users\nozomi\Desktop\com\í êMån\20130807-2\20120510\Release\adconv.o
START GROUP
LOAD C:\Users\nozomi\Desktop\com\í êMån\20130807-2\20120510\Release\lib20130807.a
LOAD c:\program files\renesas\hew\tools\kpit\gnuh8-elf\v12.01\h8300-elf\lib\gcc\h8300-elf\4.6-GNUH8_v12.01\h8300h\int32\libgcc.a
END GROUP
OUTPUT(C:\Users\nozomi\Desktop\com\í êMån\20130807-2\20120510\Release\20130807.x elf32-h8300)

.comment        0x00000000       0x1c
 .comment       0x00000000       0x1c C:\Users\nozomi\Desktop\com\í êMån\20130807-2\20120510\Release\vects.o
                                 0x1d (size before relaxing)
 .comment       0x00000000       0x1d C:\Users\nozomi\Desktop\com\í êMån\20130807-2\20120510\Release\timer.o
 .comment       0x00000000       0x1d C:\Users\nozomi\Desktop\com\í êMån\20130807-2\20120510\Release\teleme.o
 .comment       0x00000000       0x1d C:\Users\nozomi\Desktop\com\í êMån\20130807-2\20120510\Release\sci_util.o
 .comment       0x00000000       0x1d C:\Users\nozomi\Desktop\com\í êMån\20130807-2\20120510\Release\sci2.o
 .comment       0x00000000       0x1d C:\Users\nozomi\Desktop\com\í êMån\20130807-2\20120510\Release\sci1.o
 .comment       0x00000000       0x1d C:\Users\nozomi\Desktop\com\í êMån\20130807-2\20120510\Release\sci0.o
 .comment       0x00000000       0x1d C:\Users\nozomi\Desktop\com\í êMån\20130807-2\20120510\Release\rx_protcol_inv.o
 .comment       0x00000000       0x1d C:\Users\nozomi\Desktop\com\í êMån\20130807-2\20120510\Release\rx_pll_inv.o
 .comment       0x00000000       0x1d C:\Users\nozomi\Desktop\com\í êMån\20130807-2\20120510\Release\rx.o
 .comment       0x00000000       0x1d C:\Users\nozomi\Desktop\com\í êMån\20130807-2\20120510\Release\pwr.o
 .comment       0x00000000       0x1d C:\Users\nozomi\Desktop\com\í êMån\20130807-2\20120510\Release\put_status.o
 .comment       0x00000000       0x1d C:\Users\nozomi\Desktop\com\í êMån\20130807-2\20120510\Release\mission.o
 .comment       0x00000000       0x1d C:\Users\nozomi\Desktop\com\í êMån\20130807-2\20120510\Release\message.o
 .comment       0x00000000       0x1d C:\Users\nozomi\Desktop\com\í êMån\20130807-2\20120510\Release\itu1.o
 .comment       0x00000000       0x1d C:\Users\nozomi\Desktop\com\í êMån\20130807-2\20120510\Release\itu0.o
 .comment       0x00000000       0x1d C:\Users\nozomi\Desktop\com\í êMån\20130807-2\20120510\Release\inthandler.o
 .comment       0x00000000       0x1d C:\Users\nozomi\Desktop\com\í êMån\20130807-2\20120510\Release\init.o
 .comment       0x00000000       0x1d C:\Users\nozomi\Desktop\com\í êMån\20130807-2\20120510\Release\iic2.o
 .comment       0x00000000       0x1d C:\Users\nozomi\Desktop\com\í êMån\20130807-2\20120510\Release\iic1.o
 .comment       0x00000000       0x1d C:\Users\nozomi\Desktop\com\í êMån\20130807-2\20120510\Release\iic0.o
 .comment       0x00000000       0x1d C:\Users\nozomi\Desktop\com\í êMån\20130807-2\20120510\Release\hwinit.o
 .comment       0x00000000       0x1d C:\Users\nozomi\Desktop\com\í êMån\20130807-2\20120510\Release\global.o
 .comment       0x00000000       0x1d C:\Users\nozomi\Desktop\com\í êMån\20130807-2\20120510\Release\fm_tx.o
 .comment       0x00000000       0x1d C:\Users\nozomi\Desktop\com\í êMån\20130807-2\20120510\Release\fm_ptt.o
 .comment       0x00000000       0x1d C:\Users\nozomi\Desktop\com\í êMån\20130807-2\20120510\Release\fm_pllcontrol.o
 .comment       0x00000000       0x1d C:\Users\nozomi\Desktop\com\í êMån\20130807-2\20120510\Release\debug.o
 .comment       0x00000000       0x1d C:\Users\nozomi\Desktop\com\í êMån\20130807-2\20120510\Release\command.o
 .comment       0x00000000       0x1d C:\Users\nozomi\Desktop\com\í êMån\20130807-2\20120510\Release\comm_buffer.o
 .comment       0x00000000       0x1d C:\Users\nozomi\Desktop\com\í êMån\20130807-2\20120510\Release\adconv.o
 .comment       0x00000000       0x1d C:\Users\nozomi\Desktop\com\í êMån\20130807-2\20120510\Release\lib20130807.a(newfree.o)
 .comment       0x00000000       0x1d C:\Users\nozomi\Desktop\com\í êMån\20130807-2\20120510\Release\lib20130807.a(newheap.o)
 .comment       0x00000000       0x1d C:\Users\nozomi\Desktop\com\í êMån\20130807-2\20120510\Release\lib20130807.a(newmalloc.o)
 .comment       0x00000000       0x1d c:\program files\renesas\hew\tools\kpit\gnuh8-elf\v12.01\h8300-elf\lib\gcc\h8300-elf\4.6-GNUH8_v12.01\h8300h\int32\libgcc.a(_fixunssfsi.o)
 .comment       0x00000000       0x1d c:\program files\renesas\hew\tools\kpit\gnuh8-elf\v12.01\h8300-elf\lib\gcc\h8300-elf\4.6-GNUH8_v12.01\h8300h\int32\libgcc.a(_addsub_sf.o)
 .comment       0x00000000       0x1d c:\program files\renesas\hew\tools\kpit\gnuh8-elf\v12.01\h8300-elf\lib\gcc\h8300-elf\4.6-GNUH8_v12.01\h8300h\int32\libgcc.a(_div_sf.o)
 .comment       0x00000000       0x1d c:\program files\renesas\hew\tools\kpit\gnuh8-elf\v12.01\h8300-elf\lib\gcc\h8300-elf\4.6-GNUH8_v12.01\h8300h\int32\libgcc.a(_ge_sf.o)
 .comment       0x00000000       0x1d c:\program files\renesas\hew\tools\kpit\gnuh8-elf\v12.01\h8300-elf\lib\gcc\h8300-elf\4.6-GNUH8_v12.01\h8300h\int32\libgcc.a(_si_to_sf.o)
 .comment       0x00000000       0x1d c:\program files\renesas\hew\tools\kpit\gnuh8-elf\v12.01\h8300-elf\lib\gcc\h8300-elf\4.6-GNUH8_v12.01\h8300h\int32\libgcc.a(_sf_to_si.o)
 .comment       0x00000000       0x1d c:\program files\renesas\hew\tools\kpit\gnuh8-elf\v12.01\h8300-elf\lib\gcc\h8300-elf\4.6-GNUH8_v12.01\h8300h\int32\libgcc.a(_thenan_sf.o)
 .comment       0x00000000       0x1d c:\program files\renesas\hew\tools\kpit\gnuh8-elf\v12.01\h8300-elf\lib\gcc\h8300-elf\4.6-GNUH8_v12.01\h8300h\int32\libgcc.a(_clzsi2.o)
 .comment       0x00000000       0x1d c:\program files\renesas\hew\tools\kpit\gnuh8-elf\v12.01\h8300-elf\lib\gcc\h8300-elf\4.6-GNUH8_v12.01\h8300h\int32\libgcc.a(_pack_sf.o)
 .comment       0x00000000       0x1d c:\program files\renesas\hew\tools\kpit\gnuh8-elf\v12.01\h8300-elf\lib\gcc\h8300-elf\4.6-GNUH8_v12.01\h8300h\int32\libgcc.a(_unpack_sf.o)
 .comment       0x00000000       0x1d c:\program files\renesas\hew\tools\kpit\gnuh8-elf\v12.01\h8300-elf\lib\gcc\h8300-elf\4.6-GNUH8_v12.01\h8300h\int32\libgcc.a(_fpcmp_parts_sf.o)
 .comment       0x00000000       0x1d c:\program files\renesas\hew\tools\kpit\gnuh8-elf\v12.01\h8300-elf\lib\gcc\h8300-elf\4.6-GNUH8_v12.01\h8300h\int32\libgcc.a(_clz.o)


==============================================================

Listfile generated by KPIT GNUH8 [ELF]-v12.01 on Monday, August 12, 2013, 14:53:34

Build options:

-T "C:\Users\nozomi\Desktop\com\í êMån\20130807-2\20120510\Release\20130807_Release_auto.gsi"
-T "C:\Users\nozomi\Desktop\com\í êMån\20130807-2\20120510\Release\20130807_input.tmp" 
-L "c:\program files\renesas\hew\tools\kpit\gnuh8-elf\v12.01\h8300-elf\lib\gcc\h8300-elf\4.6-GNUH8_v12.01\h8300h\int32"
-L "C:\Users\nozomi\Desktop\com\í êMån\20130807-2\20120510\Release"
-Map "C:\Users\nozomi\Desktop\com\í êMån\20130807-2\20120510\Release\20130807.map"
-no-keep-memory
-S
-( -l "20130807" -l "gcc" -)
-o "C:\Users\nozomi\Desktop\com\í êMån\20130807-2\20120510\Release\20130807.x"
-e _start
INPUT("C:\Users\nozomi\Desktop\com\í êMån\20130807-2\20120510\Release\vects.o")
INPUT("C:\Users\nozomi\Desktop\com\í êMån\20130807-2\20120510\Release\timer.o")
INPUT("C:\Users\nozomi\Desktop\com\í êMån\20130807-2\20120510\Release\teleme.o")
INPUT("C:\Users\nozomi\Desktop\com\í êMån\20130807-2\20120510\Release\start.o")
INPUT("C:\Users\nozomi\Desktop\com\í êMån\20130807-2\20120510\Release\sci_util.o")
INPUT("C:\Users\nozomi\Desktop\com\í êMån\20130807-2\20120510\Release\sci2.o")
INPUT("C:\Users\nozomi\Desktop\com\í êMån\20130807-2\20120510\Release\sci1.o")
INPUT("C:\Users\nozomi\Desktop\com\í êMån\20130807-2\20120510\Release\sci0.o")
INPUT("C:\Users\nozomi\Desktop\com\í êMån\20130807-2\20120510\Release\rx_protcol_inv.o")
INPUT("C:\Users\nozomi\Desktop\com\í êMån\20130807-2\20120510\Release\rx_pll_inv.o")
INPUT("C:\Users\nozomi\Desktop\com\í êMån\20130807-2\20120510\Release\rx.o")
INPUT("C:\Users\nozomi\Desktop\com\í êMån\20130807-2\20120510\Release\pwr.o")
INPUT("C:\Users\nozomi\Desktop\com\í êMån\20130807-2\20120510\Release\put_status.o")
INPUT("C:\Users\nozomi\Desktop\com\í êMån\20130807-2\20120510\Release\mission.o")
INPUT("C:\Users\nozomi\Desktop\com\í êMån\20130807-2\20120510\Release\message.o")
INPUT("C:\Users\nozomi\Desktop\com\í êMån\20130807-2\20120510\Release\itu1.o")
INPUT("C:\Users\nozomi\Desktop\com\í êMån\20130807-2\20120510\Release\itu0.o")
INPUT("C:\Users\nozomi\Desktop\com\í êMån\20130807-2\20120510\Release\inthandler.o")
INPUT("C:\Users\nozomi\Desktop\com\í êMån\20130807-2\20120510\Release\init.o")
INPUT("C:\Users\nozomi\Desktop\com\í êMån\20130807-2\20120510\Release\iic2.o")
INPUT("C:\Users\nozomi\Desktop\com\í êMån\20130807-2\20120510\Release\iic1.o")
INPUT("C:\Users\nozomi\Desktop\com\í êMån\20130807-2\20120510\Release\iic0.o")
INPUT("C:\Users\nozomi\Desktop\com\í êMån\20130807-2\20120510\Release\hwinit.o")
INPUT("C:\Users\nozomi\Desktop\com\í êMån\20130807-2\20120510\Release\global.o")
INPUT("C:\Users\nozomi\Desktop\com\í êMån\20130807-2\20120510\Release\fm_tx.o")
INPUT("C:\Users\nozomi\Desktop\com\í êMån\20130807-2\20120510\Release\fm_ptt.o")
INPUT("C:\Users\nozomi\Desktop\com\í êMån\20130807-2\20120510\Release\fm_pllcontrol.o")
INPUT("C:\Users\nozomi\Desktop\com\í êMån\20130807-2\20120510\Release\debug.o")