Archive member included because of file (symbol)

C:\Users\nozomi\Desktop\com\í êMån\20130905-600\20120510\Release\lib20130905-600.a(newfree.o)
                              C:\Users\nozomi\Desktop\com\í êMån\20130905-600\20120510\Release\rx.o (free)
C:\Users\nozomi\Desktop\com\í êMån\20130905-600\20120510\Release\lib20130905-600.a(newheap.o)
                              C:\Users\nozomi\Desktop\com\í êMån\20130905-600\20120510\Release\lib20130905-600.a(newfree.o) (_last_heap_object)
C:\Users\nozomi\Desktop\com\í êMån\20130905-600\20120510\Release\lib20130905-600.a(newmalloc.o)
                              C:\Users\nozomi\Desktop\com\í êMån\20130905-600\20120510\Release\rx_protcol_inv.o (malloc)
c:\program files\renesas\hew\tools\kpit\gnuh8-elf\v12.01\h8300-elf\lib\gcc\h8300-elf\4.6-GNUH8_v12.01\h8300h\int32\libgcc.a(_divsi3.o)
                              C:\Users\nozomi\Desktop\com\í êMån\20130905-600\20120510\Release\sci2.o (__udivsi3)
c:\program files\renesas\hew\tools\kpit\gnuh8-elf\v12.01\h8300-elf\lib\gcc\h8300-elf\4.6-GNUH8_v12.01\h8300h\int32\libgcc.a(_mulsi3.o)
                              C:\Users\nozomi\Desktop\com\í êMån\20130905-600\20120510\Release\sci2.o (__mulsi3)
c:\program files\renesas\hew\tools\kpit\gnuh8-elf\v12.01\h8300-elf\lib\gcc\h8300-elf\4.6-GNUH8_v12.01\h8300h\int32\libgcc.a(_fixunssfsi.o)
                              C:\Users\nozomi\Desktop\com\í êMån\20130905-600\20120510\Release\teleme.o (__fixunssfsi)
c:\program files\renesas\hew\tools\kpit\gnuh8-elf\v12.01\h8300-elf\lib\gcc\h8300-elf\4.6-GNUH8_v12.01\h8300h\int32\libgcc.a(_addsub_sf.o)
                              c:\program files\renesas\hew\tools\kpit\gnuh8-elf\v12.01\h8300-elf\lib\gcc\h8300-elf\4.6-GNUH8_v12.01\h8300h\int32\libgcc.a(_fixunssfsi.o) (__subsf3)
c:\program files\renesas\hew\tools\kpit\gnuh8-elf\v12.01\h8300-elf\lib\gcc\h8300-elf\4.6-GNUH8_v12.01\h8300h\int32\libgcc.a(_div_sf.o)
                              C:\Users\nozomi\Desktop\com\í êMån\20130905-600\20120510\Release\teleme.o (__divsf3)
c:\program files\renesas\hew\tools\kpit\gnuh8-elf\v12.01\h8300-elf\lib\gcc\h8300-elf\4.6-GNUH8_v12.01\h8300h\int32\libgcc.a(_ge_sf.o)
                              c:\program files\renesas\hew\tools\kpit\gnuh8-elf\v12.01\h8300-elf\lib\gcc\h8300-elf\4.6-GNUH8_v12.01\h8300h\int32\libgcc.a(_fixunssfsi.o) (__gesf2)
c:\program files\renesas\hew\tools\kpit\gnuh8-elf\v12.01\h8300-elf\lib\gcc\h8300-elf\4.6-GNUH8_v12.01\h8300h\int32\libgcc.a(_si_to_sf.o)
                              C:\Users\nozomi\Desktop\com\í êMån\20130905-600\20120510\Release\teleme.o (__floatsisf)
c:\program files\renesas\hew\tools\kpit\gnuh8-elf\v12.01\h8300-elf\lib\gcc\h8300-elf\4.6-GNUH8_v12.01\h8300h\int32\libgcc.a(_sf_to_si.o)
                              c:\program files\renesas\hew\tools\kpit\gnuh8-elf\v12.01\h8300-elf\lib\gcc\h8300-elf\4.6-GNUH8_v12.01\h8300h\int32\libgcc.a(_fixunssfsi.o) (__fixsfsi)
c:\program files\renesas\hew\tools\kpit\gnuh8-elf\v12.01\h8300-elf\lib\gcc\h8300-elf\4.6-GNUH8_v12.01\h8300h\int32\libgcc.a(_thenan_sf.o)
                              c:\program files\renesas\hew\tools\kpit\gnuh8-elf\v12.01\h8300-elf\lib\gcc\h8300-elf\4.6-GNUH8_v12.01\h8300h\int32\libgcc.a(_addsub_sf.o) (__thenan_sf)
c:\program files\renesas\hew\tools\kpit\gnuh8-elf\v12.01\h8300-elf\lib\gcc\h8300-elf\4.6-GNUH8_v12.01\h8300h\int32\libgcc.a(_clzsi2.o)
                              c:\program files\renesas\hew\tools\kpit\gnuh8-elf\v12.01\h8300-elf\lib\gcc\h8300-elf\4.6-GNUH8_v12.01\h8300h\int32\libgcc.a(_si_to_sf.o) (__clzsi2)
c:\program files\renesas\hew\tools\kpit\gnuh8-elf\v12.01\h8300-elf\lib\gcc\h8300-elf\4.6-GNUH8_v12.01\h8300h\int32\libgcc.a(_pack_sf.o)
                              c:\program files\renesas\hew\tools\kpit\gnuh8-elf\v12.01\h8300-elf\lib\gcc\h8300-elf\4.6-GNUH8_v12.01\h8300h\int32\libgcc.a(_addsub_sf.o) (__pack_f)
c:\program files\renesas\hew\tools\kpit\gnuh8-elf\v12.01\h8300-elf\lib\gcc\h8300-elf\4.6-GNUH8_v12.01\h8300h\int32\libgcc.a(_unpack_sf.o)
                              c:\program files\renesas\hew\tools\kpit\gnuh8-elf\v12.01\h8300-elf\lib\gcc\h8300-elf\4.6-GNUH8_v12.01\h8300h\int32\libgcc.a(_addsub_sf.o) (__unpack_f)
c:\program files\renesas\hew\tools\kpit\gnuh8-elf\v12.01\h8300-elf\lib\gcc\h8300-elf\4.6-GNUH8_v12.01\h8300h\int32\libgcc.a(_fpcmp_parts_sf.o)
                              c:\program files\renesas\hew\tools\kpit\gnuh8-elf\v12.01\h8300-elf\lib\gcc\h8300-elf\4.6-GNUH8_v12.01\h8300h\int32\libgcc.a(_ge_sf.o) (__fpcmp_parts_f)
c:\program files\renesas\hew\tools\kpit\gnuh8-elf\v12.01\h8300-elf\lib\gcc\h8300-elf\4.6-GNUH8_v12.01\h8300h\int32\libgcc.a(_clz.o)
                              c:\program files\renesas\hew\tools\kpit\gnuh8-elf\v12.01\h8300-elf\lib\gcc\h8300-elf\4.6-GNUH8_v12.01\h8300h\int32\libgcc.a(_clzsi2.o) (__clz_tab)

Allocating common symbols
Common symbol       size              file

[...]
Memory Configuration

Name             Origin             Length             Attributes
*default*        0x00000000         0xffffffff

Linker script and memory map


.vects          0x00000000      0x100
 *(.vects)
 .vects         0x00000000      0x100 C:\Users\nozomi\Desktop\com\í êMån\20130905-600\20120510\Release\vects.o
                0x00000000                HardwareVectors

.text           0x00000400     0x9b54
 *(.text)
 .text          0x00000400        0x0 C:\Users\nozomi\Desktop\com\í êMån\20130905-600\20120510\Release\vects.o
 .text          0x00000400        0x0 C:\Users\nozomi\Desktop\com\í êMån\20130905-600\20120510\Release\timer.o
 .text          0x00000400        0x0 C:\Users\nozomi\Desktop\com\í êMån\20130905-600\20120510\Release\teleme.o
 .text          0x00000400       0x4e C:\Users\nozomi\Desktop\com\í êMån\20130905-600\20120510\Release\start.o
                0x00000400                start
 .text          0x0000044e        0x0 C:\Users\nozomi\Desktop\com\í êMån\20130905-600\20120510\Release\sci_util.o
 .text          0x0000044e        0x0 C:\Users\nozomi\Desktop\com\í êMån\20130905-600\20120510\Release\sci2.o
 .text          0x0000044e        0x0 C:\Users\nozomi\Desktop\com\í êMån\20130905-600\20120510\Release\sci1.o
 .text          0x0000044e        0x0 C:\Users\nozomi\Desktop\com\í êMån\20130905-600\20120510\Release\sci0.o
 .text          0x0000044e        0x0 C:\Users\nozomi\Desktop\com\í êMån\20130905-600\20120510\Release\rx_protcol_inv.o
 .text          0x0000044e        0x0 C:\Users\nozomi\Desktop\com\í êMån\20130905-600\20120510\Release\rx_pll_inv.o
 .text          0x0000044e        0x0 C:\Users\nozomi\Desktop\com\í êMån\20130905-600\20120510\Release\rx.o
 .text          0x0000044e        0x0 C:\Users\nozomi\Desktop\com\í êMån\20130905-600\20120510\Release\pwr.o
 .text          0x0000044e        0x0 C:\Users\nozomi\Desktop\com\í êMån\20130905-600\20120510\Release\put_status.o
 .text          0x0000044e        0x0 C:\Users\nozomi\Desktop\com\í êMån\20130905-600\20120510\Release\mission.o
 .text          0x0000044e        0x0 C:\Users\nozomi\Desktop\com\í êMån\20130905-600\20120510\Release\message.o
 .text          0x0000044e        0x0 C:\Users\nozomi\Desktop\com\í êMån\20130905-600\20120510\Release\itu1.o
 .text          0x0000044e        0x0 C:\Users\nozomi\Desktop\com\í êMån\20130905-600\20120510\Release\itu0.o
 .text          0x0000044e        0x0 C:\Users\nozomi\Desktop\com\í êMån\20130905-600\20120510\Release\inthandler.o
 .text          0x0000044e        0x0 C:\Users\nozomi\Desktop\com\í êMån\20130905-600\20120510\Release\init.o
 .text          0x0000044e        0x0 C:\Users\nozomi\Desktop\com\í êMån\20130905-600\20120510\Release\iic2.o
 .text          0x0000044e        0x0 C:\Users\nozomi\Desktop\com\í êMån\20130905-600\20120510\Release\iic1.o
 .text          0x0000044e        0x0 C:\Users\nozomi\Desktop\com\í êMån\20130905-600\20120510\Release\iic0.o
 .text          0x0000044e        0x0 C:\Users\nozomi\Desktop\com\í êMån\20130905-600\20120510\Release\hwinit.o
 .text          0x0000044e        0x0 C:\Users\nozomi\Desktop\com\í êMån\20130905-600\20120510\Release\global.o
 .text          0x0000044e        0x0 C:\Users\nozomi\Desktop\com\í êMån\20130905-600\20120510\Release\fm_tx.o
 .text          0x0000044e        0x0 C:\Users\nozomi\Desktop\com\í êMån\20130905-600\20120510\Release\fm_ptt.o
 .text          0x0000044e        0x0 C:\Users\nozomi\Desktop\com\í êMån\20130905-600\20120510\Release\fm_pllcontrol.o
 .text          0x0000044e        0x0 C:\Users\nozomi\Desktop\com\í êMån\20130905-600\20120510\Release\debug.o
 .text          0x0000044e        0x0 C:\Users\nozomi\Desktop\com\í êMån\20130905-600\20120510\Release\command.o
 .text          0x0000044e        0x0 C:\Users\nozomi\Desktop\com\í êMån\20130905-600\20120510\Release\comm_buffer.o
 .text          0x0000044e        0x0 C:\Users\nozomi\Desktop\com\í êMån\20130905-600\20120510\Release\adconv.o
 .text          0x0000044e        0x0 C:\Users\nozomi\Desktop\com\í êMån\20130905-600\20120510\Release\20120510.o
 .text          0x0000044e        0x0 C:\Users\nozomi\Desktop\com\í êMån\20130905-600\20120510\Release\lib20130905-600.a(newfree.o)
 .text          0x0000044e        0x0 C:\Users\nozomi\Desktop\com\í êMån\20130905-600\20120510\Release\lib20130905-600.a(newheap.o)
 .text          0x0000044e        0x0 C:\Users\nozomi\Desktop\com\í êMån\20130905-600\20120510\Release\lib20130905-600.a(newmalloc.o)
 *fill*         0x0000044e        0x2 00
 .text          0x00000450       0x8c c:\program files\renesas\hew\tools\kpit\gnuh8-elf\v12.01\h8300-elf\lib\gcc\h8300-elf\4.6-GNUH8_v12.01\h8300h\int32\libgcc.a(_divsi3.o)
                0x00000472                __modsi3
                0x0000047e                __umodsi3
                0x00000484                __divsi3
                0x0000049a                __udivsi3
 .text          0x000004dc       0x18 c:\program files\renesas\hew\tools\kpit\gnuh8-elf\v12.01\h8300-elf\lib\gcc\h8300-elf\4.6-GNUH8_v12.01\h8300h\int32\libgcc.a(_mulsi3.o)
                0x000004dc                __mulsi3
 .text          0x000004f4       0x40 c:\program files\renesas\hew\tools\kpit\gnuh8-elf\v12.01\h8300-elf\lib\gcc\h8300-elf\4.6-GNUH8_v12.01\h8300h\int32\libgcc.a(_fixunssfsi.o)
                0x000004f4                __fixunssfsi
 .text          0x00000534      0x38a c:\program files\renesas\hew\tools\kpit\gnuh8-elf\v12.01\h8300-elf\lib\gcc\h8300-elf\4.6-GNUH8_v12.01\h8300h\int32\libgcc.a(_addsub_sf.o)
                0x000007e8                __addsf3
                0x0000084e                __subsf3
 .text          0x000008be      0x138 c:\program files\renesas\hew\tools\kpit\gnuh8-elf\v12.01\h8300-elf\lib\gcc\h8300-elf\4.6-GNUH8_v12.01\h8300h\int32\libgcc.a(_div_sf.o)
                0x000008be                __divsf3
 .text          0x000009f6       0x70 c:\program files\renesas\hew\tools\kpit\gnuh8-elf\v12.01\h8300-elf\lib\gcc\h8300-elf\4.6-GNUH8_v12.01\h8300h\int32\libgcc.a(_ge_sf.o)
                0x000009f6                __gesf2
 .text          0x00000a66       0x9c c:\program files\renesas\hew\tools\kpit\gnuh8-elf\v12.01\h8300-elf\lib\gcc\h8300-elf\4.6-GNUH8_v12.01\h8300h\int32\libgcc.a(_si_to_sf.o)
                0x00000a66                __floatsisf
 .text          0x00000b02       0x84 c:\program files\renesas\hew\tools\kpit\gnuh8-elf\v12.01\h8300-elf\lib\gcc\h8300-elf\4.6-GNUH8_v12.01\h8300h\int32\libgcc.a(_sf_to_si.o)
                0x00000b02                __fixsfsi
 .text          0x00000b86        0x0 c:\program files\renesas\hew\tools\kpit\gnuh8-elf\v12.01\h8300-elf\lib\gcc\h8300-elf\4.6-GNUH8_v12.01\h8300h\int32\libgcc.a(_thenan_sf.o)
 .text          0x00000b86       0x5a c:\program files\renesas\hew\tools\kpit\gnuh8-elf\v12.01\h8300-elf\lib\gcc\h8300-elf\4.6-GNUH8_v12.01\h8300h\int32\libgcc.a(_clzsi2.o)
                0x00000b86                __clzsi2
 .text          0x00000be0      0x162 c:\program files\renesas\hew\tools\kpit\gnuh8-elf\v12.01\h8300-elf\lib\gcc\h8300-elf\4.6-GNUH8_v12.01\h8300h\int32\libgcc.a(_pack_sf.o)
                0x00000be0                __pack_f
 .text          0x00000d42       0xb2 c:\program files\renesas\hew\tools\kpit\gnuh8-elf\v12.01\h8300-elf\lib\gcc\h8300-elf\4.6-GNUH8_v12.01\h8300h\int32\libgcc.a(_unpack_sf.o)
                0x00000d42                __unpack_f
 .text          0x00000df4       0xa4 c:\program files\renesas\hew\tools\kpit\gnuh8-elf\v12.01\h8300-elf\lib\gcc\h8300-elf\4.6-GNUH8_v12.01\h8300h\int32\libgcc.a(_fpcmp_parts_sf.o)
                0x00000df4                __fpcmp_parts_f
 .text          0x00000e98        0x0 c:\program files\renesas\hew\tools\kpit\gnuh8-elf\v12.01\h8300-elf\lib\gcc\h8300-elf\4.6-GNUH8_v12.01\h8300h\int32\libgcc.a(_clz.o)
 *(.text.*)
 .text.delay_ms
                0x00000e98       0x48 C:\Users\nozomi\Desktop\com\í êMån\20130905-600\20120510\Release\timer.o
                0x00000e98                delay_ms
 .text.delay_us
                0x00000ee0       0x34 C:\Users\nozomi\Desktop\com\í êMån\20130905-600\20120510\Release\timer.o
                0x00000ee0                delay_us
 .text.delay_us_rx
                0x00000f14       0x42 C:\Users\nozomi\Desktop\com\í êMån\20130905-600\20120510\Release\timer.o
                0x00000f14                delay_us_rx
 .text.InitTelemetry
                0x00000f56       0x40 C:\Users\nozomi\Desktop\com\í êMån\20130905-600\20120510\Release\teleme.o
                0x00000f56                InitTelemetry
 .text.SetTelemetry_Rough
                0x00000f96      0x276 C:\Users\nozomi\Desktop\com\í êMån\20130905-600\20120510\Release\teleme.o
                0x00000f96                SetTelemetry_Rough
 .text.SetTelemetry_Detail
                0x0000120c      0x276 C:\Users\nozomi\Desktop\com\í êMån\20130905-600\20120510\Release\teleme.o
                0x0000120c                SetTelemetry_Detail
 .text.SetTelemetry_API
                0x00001482      0x1c4 C:\Users\nozomi\Desktop\com\í êMån\20130905-600\20120510\Release\teleme.o
                0x00001482                SetTelemetry_API
 .text.SetTelemetry_Initial
                0x00001646       0x94 C:\Users\nozomi\Desktop\com\í êMån\20130905-600\20120510\Release\teleme.o
                0x00001646                SetTelemetry_Initial
 .text.OBC_Majority
                0x000016da       0x14 C:\Users\nozomi\Desktop\com\í êMån\20130905-600\20120510\Release\teleme.o
                0x000016da                OBC_Majority
 .text.Error_Majority
                0x000016ee       0x2a C:\Users\nozomi\Desktop\com\í êMån\20130905-600\20120510\Release\teleme.o
                0x000016ee                Error_Majority
 .text.Read_Initial
                0x00001718      0x154 C:\Users\nozomi\Desktop\com\í êMån\20130905-600\20120510\Release\teleme.o
                0x00001718                Read_Initial
 .text.debug_sci_init
                0x0000186c       0x2a C:\Users\nozomi\Desktop\com\í êMån\20130905-600\20120510\Release\sci_util.o
                0x0000186c                debug_sci_init
 .text.debug_putc
                0x00001896       0x10 C:\Users\nozomi\Desktop\com\í êMån\20130905-600\20120510\Release\sci_util.o
                0x00001896                debug_putc
 .text.debug_puts
                0x000018a6       0x10 C:\Users\nozomi\Desktop\com\í êMån\20130905-600\20120510\Release\sci_util.o
                0x000018a6                debug_puts
 .text.debug_getc
                0x000018b6       0x10 C:\Users\nozomi\Desktop\com\í êMån\20130905-600\20120510\Release\sci_util.o
                0x000018b6                debug_getc
 .text.debug_puthex
                0x000018c6       0x28 C:\Users\nozomi\Desktop\com\í êMån\20130905-600\20120510\Release\sci_util.o
                0x000018c6                debug_puthex
 .text.debug_putdec
                0x000018ee       0x10 C:\Users\nozomi\Desktop\com\í êMån\20130905-600\20120510\Release\sci_util.o
                0x000018ee                debug_putdec
 .text.HexToAscii
                0x000018fe       0x16 C:\Users\nozomi\Desktop\com\í êMån\20130905-600\20120510\Release\sci_util.o
                0x000018fe                HexToAscii
 .text.sci2_init
                0x00001914       0x80 C:\Users\nozomi\Desktop\com\í êMån\20130905-600\20120510\Release\sci2.o
                0x00001914                sci2_init
 .text.sci2_putc
                0x00001994       0x72 C:\Users\nozomi\Desktop\com\í êMån\20130905-600\20120510\Release\sci2.o
                0x00001994                sci2_putc
 .text.sci2_puthex
                0x00001a06       0x38 C:\Users\nozomi\Desktop\com\í êMån\20130905-600\20120510\Release\sci2.o
                0x00001a06                sci2_puthex
 .text.sci2_putdec
                0x00001a3e       0xbc C:\Users\nozomi\Desktop\com\í êMån\20130905-600\20120510\Release\sci2.o
                0x00001a3e                sci2_putdec
 .text.sci2_putdoublehex
                0x00001afa       0x24 C:\Users\nozomi\Desktop\com\í êMån\20130905-600\20120510\Release\sci2.o
                0x00001afa                sci2_putdoublehex
 .text.sci2_putfourhex
                0x00001b1e       0x24 C:\Users\nozomi\Desktop\com\í êMån\20130905-600\20120510\Release\sci2.o
                0x00001b1e                sci2_putfourhex
 .text.sci2_putcrlf
                0x00001b42       0x18 C:\Users\nozomi\Desktop\com\í êMån\20130905-600\20120510\Release\sci2.o
                0x00001b42                sci2_putcrlf
 .text.sci2_puts
                0x00001b5a       0x3a C:\Users\nozomi\Desktop\com\í êMån\20130905-600\20120510\Release\sci2.o
                0x00001b5a                sci2_puts
 .text.sci2_getc
                0x00001b94       0x64 C:\Users\nozomi\Desktop\com\í êMån\20130905-600\20120510\Release\sci2.o
                0x00001b94                sci2_getc
 .text.INT_ERI2
                0x00001bf8       0x1a C:\Users\nozomi\Desktop\com\í êMån\20130905-600\20120510\Release\sci2.o
                0x00001bf8                INT_ERI2
 .text.INT_RXI2
                0x00001c12       0x6c C:\Users\nozomi\Desktop\com\í êMån\20130905-600\20120510\Release\sci2.o
                0x00001c12                INT_RXI2
 .text.INT_TXI2
                0x00001c7e       0x88 C:\Users\nozomi\Desktop\com\í êMån\20130905-600\20120510\Release\sci2.o
                0x00001c7e                INT_TXI2
 .text.INT_TEI2
                0x00001d06       0x1a C:\Users\nozomi\Desktop\com\í êMån\20130905-600\20120510\Release\sci2.o
                0x00001d06                INT_TEI2
 .text.sci1_init
                0x00001d20       0x80 C:\Users\nozomi\Desktop\com\í êMån\20130905-600\20120510\Release\sci1.o
                0x00001d20                sci1_init
 .text.sci1_putc
                0x00001da0       0x72 C:\Users\nozomi\Desktop\com\í êMån\20130905-600\20120510\Release\sci1.o
                0x00001da0                sci1_putc
 .text.sci1_puthex
                0x00001e12       0x38 C:\Users\nozomi\Desktop\com\í êMån\20130905-600\20120510\Release\sci1.o
                0x00001e12                sci1_puthex
 .text.sci1_putdec
                0x00001e4a       0xbc C:\Users\nozomi\Desktop\com\í êMån\20130905-600\20120510\Release\sci1.o
                0x00001e4a                sci1_putdec
 .text.sci1_putdoublehex
                0x00001f06       0x24 C:\Users\nozomi\Desktop\com\í êMån\20130905-600\20120510\Release\sci1.o
                0x00001f06                sci1_putdoublehex
 .text.sci1_putfourhex
                0x00001f2a       0x24 C:\Users\nozomi\Desktop\com\í êMån\20130905-600\20120510\Release\sci1.o
                0x00001f2a                sci1_putfourhex
 .text.sci1_putcrlf
                0x00001f4e       0x18 C:\Users\nozomi\Desktop\com\í êMån\20130905-600\20120510\Release\sci1.o
                0x00001f4e                sci1_putcrlf
 .text.sci1_puts
                0x00001f66       0x3a C:\Users\nozomi\Desktop\com\í êMån\20130905-600\20120510\Release\sci1.o
                0x00001f66                sci1_puts
 .text.sci1_getc
                0x00001fa0       0x64 C:\Users\nozomi\Desktop\com\í êMån\20130905-600\20120510\Release\sci1.o
                0x00001fa0                sci1_getc
 .text.INT_ERI1
                0x00002004       0x1a C:\Users\nozomi\Desktop\com\í êMån\20130905-600\20120510\Release\sci1.o
                0x00002004                INT_ERI1
 .text.sci1_puts_rx
                0x0000201e      0x10c C:\Users\nozomi\Desktop\com\í êMån\20130905-600\20120510\Release\sci1.o
                0x0000201e                sci1_puts_rx
 .text.INT_RXI1
                0x0000212a       0x6c C:\Users\nozomi\Desktop\com\í êMån\20130905-600\20120510\Release\sci1.o
                0x0000212a                INT_RXI1
 .text.INT_TXI1
                0x00002196       0x88 C:\Users\nozomi\Desktop\com\í êMån\20130905-600\20120510\Release\sci1.o
                0x00002196                INT_TXI1
 .text.INT_TEI1
                0x0000221e       0x1a C:\Users\nozomi\Desktop\com\í êMån\20130905-600\20120510\Release\sci1.o
                0x0000221e                INT_TEI1
 .text.sci0_init
                0x00002238       0x80 C:\Users\nozomi\Desktop\com\í êMån\20130905-600\20120510\Release\sci0.o
                0x00002238                sci0_init
 .text.sci0_putc
                0x000022b8       0x72 C:\Users\nozomi\Desktop\com\í êMån\20130905-600\20120510\Release\sci0.o
                0x000022b8                sci0_putc
 .text.sci0_puthex
                0x0000232a       0x38 C:\Users\nozomi\Desktop\com\í êMån\20130905-600\20120510\Release\sci0.o
                0x0000232a                sci0_puthex
 .text.sci0_putdec
                0x00002362       0xbc C:\Users\nozomi\Desktop\com\í êMån\20130905-600\20120510\Release\sci0.o
                0x00002362                sci0_putdec
 .text.sci0_putdoublehex
                0x0000241e       0x24 C:\Users\nozomi\Desktop\com\í êMån\20130905-600\20120510\Release\sci0.o
                0x0000241e                sci0_putdoublehex
 .text.sci0_putfourhex
                0x00002442       0x24 C:\Users\nozomi\Desktop\com\í êMån\20130905-600\20120510\Release\sci0.o
                0x00002442                sci0_putfourhex
 .text.sci0_putcrlf
                0x00002466       0x18 C:\Users\nozomi\Desktop\com\í êMån\20130905-600\20120510\Release\sci0.o
                0x00002466                sci0_putcrlf
 .text.sci0_puts
                0x0000247e       0x3a C:\Users\nozomi\Desktop\com\í êMån\20130905-600\20120510\Release\sci0.o
                0x0000247e                sci0_puts
 .text.sci0_getc
                0x000024b8       0x64 C:\Users\nozomi\Desktop\com\í êMån\20130905-600\20120510\Release\sci0.o
                0x000024b8                sci0_getc
 .text.INT_ERI0
                0x0000251c       0x1a C:\Users\nozomi\Desktop\com\í êMån\20130905-600\20120510\Release\sci0.o
                0x0000251c                INT_ERI0
 .text.INT_RXI0
                0x00002536       0x6c C:\Users\nozomi\Desktop\com\í êMån\20130905-600\20120510\Release\sci0.o
                0x00002536                INT_RXI0
 .text.INT_TXI0
                0x000025a2       0x88 C:\Users\nozomi\Desktop\com\í êMån\20130905-600\20120510\Release\sci0.o
                0x000025a2                INT_TXI0
 .text.INT_TEI0
                0x0000262a       0x1a C:\Users\nozomi\Desktop\com\í êMån\20130905-600\20120510\Release\sci0.o
                0x0000262a                INT_TEI0
 .text.init_itu
                0x00002644       0x24 C:\Users\nozomi\Desktop\com\í êMån\20130905-600\20120510\Release\rx_protcol_inv.o
                0x00002644                init_itu
 .text.bitin    0x00002668       0x84 C:\Users\nozomi\Desktop\com\í êMån\20130905-600\20120510\Release\rx_protcol_inv.o
                0x00002668                bitin
 .text.get_byte
                0x000026ec       0xec C:\Users\nozomi\Desktop\com\í êMån\20130905-600\20120510\Release\rx_protcol_inv.o
                0x000026ec                get_byte
 .text.get_buff
                0x000027d8       0xfa C:\Users\nozomi\Desktop\com\í êMån\20130905-600\20120510\Release\rx_protcol_inv.o
                0x000027d8                get_buff
 .text.precrc_bit
                0x000028d2       0x30 C:\Users\nozomi\Desktop\com\í êMån\20130905-600\20120510\Release\rx_protcol_inv.o
                0x000028d2                precrc_bit
 .text.crc_length
                0x00002902       0x3c C:\Users\nozomi\Desktop\com\í êMån\20130905-600\20120510\Release\rx_protcol_inv.o
                0x00002902                crc_length
 .text.Ax_to_info
                0x0000293e      0x1c0 C:\Users\nozomi\Desktop\com\í êMån\20130905-600\20120510\Release\rx_protcol_inv.o
                0x0000293e                Ax_to_info
 .text.get_data
                0x00002afe      0x10a C:\Users\nozomi\Desktop\com\í êMån\20130905-600\20120510\Release\rx_protcol_inv.o
                0x00002afe                get_data
 .text.rx_init  0x00002c08       0x56 C:\Users\nozomi\Desktop\com\í êMån\20130905-600\20120510\Release\rx_protcol_inv.o
                0x00002c08                rx_init
 .text.out_bit  0x00002c5e       0x36 C:\Users\nozomi\Desktop\com\í êMån\20130905-600\20120510\Release\rx_pll_inv.o
                0x00002c5e                out_bit
 .text.strobe   0x00002c94       0x34 C:\Users\nozomi\Desktop\com\í êMån\20130905-600\20120510\Release\rx_pll_inv.o
                0x00002c94                strobe
 .text.out_bits
                0x00002cc8       0x44 C:\Users\nozomi\Desktop\com\í êMån\20130905-600\20120510\Release\rx_pll_inv.o
                0x00002cc8                out_bits
 .text.set_reference_divider
                0x00002d0c       0x2a C:\Users\nozomi\Desktop\com\í êMån\20130905-600\20120510\Release\rx_pll_inv.o
                0x00002d0c                set_reference_divider
 .text.set_option_register
                0x00002d36       0x7e C:\Users\nozomi\Desktop\com\í êMån\20130905-600\20120510\Release\rx_pll_inv.o
                0x00002d36                set_option_register
 .text.set_programmable_divider
                0x00002db4       0x3c C:\Users\nozomi\Desktop\com\í êMån\20130905-600\20120510\Release\rx_pll_inv.o
                0x00002db4                set_programmable_divider
 .text.pll_init
                0x00002df0       0x5a C:\Users\nozomi\Desktop\com\í êMån\20130905-600\20120510\Release\rx_pll_inv.o
                0x00002df0                pll_init
 .text.RX       0x00002e4a       0x60 C:\Users\nozomi\Desktop\com\í êMån\20130905-600\20120510\Release\rx.o
                0x00002e4a                RX
 .text.InitPowerTelemetry
                0x00002eaa       0x22 C:\Users\nozomi\Desktop\com\í êMån\20130905-600\20120510\Release\pwr.o
                0x00002eaa                InitPowerTelemetry
 .text.RequestPowerTelemetry
                0x00002ecc       0x18 C:\Users\nozomi\Desktop\com\í êMån\20130905-600\20120510\Release\pwr.o
                0x00002ecc                RequestPowerTelemetry
 .text.UpdatePowerTelemetry
                0x00002ee4       0xae C:\Users\nozomi\Desktop\com\í êMån\20130905-600\20120510\Release\pwr.o
                0x00002ee4                UpdatePowerTelemetry
 .text.RequestMainShutdown
                0x00002f92       0x3a C:\Users\nozomi\Desktop\com\í êMån\20130905-600\20120510\Release\pwr.o
                0x00002f92                RequestMainShutdown
 .text.SendHDRtoPIC
                0x00002fcc       0x18 C:\Users\nozomi\Desktop\com\í êMån\20130905-600\20120510\Release\pwr.o
                0x00002fcc                SendHDRtoPIC
 .text.SendHDStoPIC
                0x00002fe4       0x18 C:\Users\nozomi\Desktop\com\í êMån\20130905-600\20120510\Release\pwr.o
                0x00002fe4                SendHDStoPIC
 .text.SendStatusToGS
                0x00002ffc      0x276 C:\Users\nozomi\Desktop\com\í êMån\20130905-600\20120510\Release\put_status.o
                0x00002ffc                SendStatusToGS
 .text.SendTelemetryToGS
                0x00003272        0xe C:\Users\nozomi\Desktop\com\í êMån\20130905-600\20120510\Release\put_status.o
                0x00003272                SendTelemetryToGS
 .text.PutOut_Rough
                0x00003280      0x174 C:\Users\nozomi\Desktop\com\í êMån\20130905-600\20120510\Release\put_status.o
                0x00003280                PutOut_Rough
 .text.PutOut_Detail
                0x000033f4      0x174 C:\Users\nozomi\Desktop\com\í êMån\20130905-600\20120510\Release\put_status.o
                0x000033f4                PutOut_Detail
 .text.PutOut_API
                0x00003568      0x16e C:\Users\nozomi\Desktop\com\í êMån\20130905-600\20120510\Release\put_status.o
                0x00003568                PutOut_API
 .text.PutOut_Initial
                0x000036d6      0x156 C:\Users\nozomi\Desktop\com\í êMån\20130905-600\20120510\Release\put_status.o
                0x000036d6                PutOut_Initial
 .text.InitMissionTelemetry
                0x0000382c       0x18 C:\Users\nozomi\Desktop\com\í êMån\20130905-600\20120510\Release\mission.o
                0x0000382c                InitMissionTelemetry
 .text.SendMissionTelemetory
                0x00003844      0x236 C:\Users\nozomi\Desktop\com\í êMån\20130905-600\20120510\Release\mission.o
                0x00003844                SendMissionTelemetory
 .text.RequestMissionReboot
                0x00003a7a       0x32 C:\Users\nozomi\Desktop\com\í êMån\20130905-600\20120510\Release\mission.o
                0x00003a7a                RequestMissionReboot
 .text.RequestMissionShutdown
                0x00003aac       0x5c C:\Users\nozomi\Desktop\com\í êMån\20130905-600\20120510\Release\mission.o
                0x00003aac                RequestMissionShutdown
 .text.PronounceMissionAbort
                0x00003b08       0x36 C:\Users\nozomi\Desktop\com\í êMån\20130905-600\20120510\Release\mission.o
                0x00003b08                PronounceMissionAbort
 .text.itu2_init
                0x00003b3e       0x44 C:\Users\nozomi\Desktop\com\í êMån\20130905-600\20120510\Release\mission.o
                0x00003b3e                itu2_init
 .text.INT_IMIA2
                0x00003b82       0x82 C:\Users\nozomi\Desktop\com\í êMån\20130905-600\20120510\Release\mission.o
                0x00003b82                INT_IMIA2
 .text.InitMessage
                0x00003c04       0x18 C:\Users\nozomi\Desktop\com\í êMån\20130905-600\20120510\Release\message.o
                0x00003c04                InitMessage
 .text.SplitMessage_SCI0
                0x00003c1c      0x242 C:\Users\nozomi\Desktop\com\í êMån\20130905-600\20120510\Release\message.o
                0x00003c1c                SplitMessage_SCI0
 .text.SplitMessage_SCI1
                0x00003e5e      0x25e C:\Users\nozomi\Desktop\com\í êMån\20130905-600\20120510\Release\message.o
                0x00003e5e                SplitMessage_SCI1
 .text.SplitMessage_SCI2
                0x000040bc      0x25e C:\Users\nozomi\Desktop\com\í êMån\20130905-600\20120510\Release\message.o
                0x000040bc                SplitMessage_SCI2
 .text.RecognizeCommand
                0x0000431a      0x316 C:\Users\nozomi\Desktop\com\í êMån\20130905-600\20120510\Release\message.o
                0x0000431a                RecognizeCommand
 .text.RecognizeMissionCommand
                0x00004630      0x31a C:\Users\nozomi\Desktop\com\í êMån\20130905-600\20120510\Release\message.o
                0x00004630                RecognizeMissionCommand
 .text.FindCommand
                0x0000494a       0x22 C:\Users\nozomi\Desktop\com\í êMån\20130905-600\20120510\Release\message.o
                0x0000494a                FindCommand
 .text.TransmitMessage
                0x0000496c       0x26 C:\Users\nozomi\Desktop\com\í êMån\20130905-600\20120510\Release\message.o
                0x0000496c                TransmitMessage
 .text.InitPLL  0x00004992       0x16 C:\Users\nozomi\Desktop\com\í êMån\20130905-600\20120510\Release\message.o
                0x00004992                InitPLL
 .text.SendMessage
                0x000049a8      0x1fa C:\Users\nozomi\Desktop\com\í êMån\20130905-600\20120510\Release\message.o
                0x000049a8                SendMessage
 .text.FinishSendMessage
                0x00004ba2       0x26 C:\Users\nozomi\Desktop\com\í êMån\20130905-600\20120510\Release\message.o
                0x00004ba2                FinishSendMessage
 .text.FinishCommunication
                0x00004bc8       0x5a C:\Users\nozomi\Desktop\com\í êMån\20130905-600\20120510\Release\message.o
                0x00004bc8                FinishCommunication
 .text.SendStatusMessage
                0x00004c22      0x274 C:\Users\nozomi\Desktop\com\í êMån\20130905-600\20120510\Release\message.o
                0x00004c22                SendStatusMessage
 .text.itu1_init
                0x00004e96       0x5e C:\Users\nozomi\Desktop\com\í êMån\20130905-600\20120510\Release\itu1.o
                0x00004e96                itu1_init
 .text.INT_IMIA1
                0x00004ef4      0x2a8 C:\Users\nozomi\Desktop\com\í êMån\20130905-600\20120510\Release\itu1.o
                0x00004ef4                INT_IMIA1
 .text.itu0_init
                0x0000519c       0x40 C:\Users\nozomi\Desktop\com\í êMån\20130905-600\20120510\Release\itu0.o
                0x0000519c                itu0_init
 .text.INT_IMIA0
                0x000051dc       0x2a C:\Users\nozomi\Desktop\com\í êMån\20130905-600\20120510\Release\itu0.o
                0x000051dc                INT_IMIA0
 .text.INT_IMIB0
                0x00005206       0x2a C:\Users\nozomi\Desktop\com\í êMån\20130905-600\20120510\Release\itu0.o
                0x00005206                INT_IMIB0
 .text.INT_NMI  0x00005230        0xc C:\Users\nozomi\Desktop\com\í êMån\20130905-600\20120510\Release\inthandler.o
                0x00005230                INT_NMI
 .text.INT_TRAP1
                0x0000523c        0xc C:\Users\nozomi\Desktop\com\í êMån\20130905-600\20120510\Release\inthandler.o
                0x0000523c                INT_TRAP1
 .text.INT_TRAP2
                0x00005248        0xc C:\Users\nozomi\Desktop\com\í êMån\20130905-600\20120510\Release\inthandler.o
                0x00005248                INT_TRAP2
 .text.INT_TRAP3
                0x00005254        0xc C:\Users\nozomi\Desktop\com\í êMån\20130905-600\20120510\Release\inthandler.o
                0x00005254                INT_TRAP3
 .text.INT_TRAP4
                0x00005260        0xc C:\Users\nozomi\Desktop\com\í êMån\20130905-600\20120510\Release\inthandler.o
                0x00005260                INT_TRAP4
 .text.INT_IRQ0
                0x0000526c        0xc C:\Users\nozomi\Desktop\com\í êMån\20130905-600\20120510\Release\inthandler.o
                0x0000526c                INT_IRQ0
 .text.INT_IRQ1
                0x00005278        0xc C:\Users\nozomi\Desktop\com\í êMån\20130905-600\20120510\Release\inthandler.o
                0x00005278                INT_IRQ1
 .text.INT_IRQ2
                0x00005284        0xc C:\Users\nozomi\Desktop\com\í êMån\20130905-600\20120510\Release\inthandler.o
                0x00005284                INT_IRQ2
 .text.INT_IRQ3
                0x00005290        0xc C:\Users\nozomi\Desktop\com\í êMån\20130905-600\20120510\Release\inthandler.o
                0x00005290                INT_IRQ3
 .text.INT_IRQ4
                0x0000529c        0xc C:\Users\nozomi\Desktop\com\í êMån\20130905-600\20120510\Release\inthandler.o
                0x0000529c                INT_IRQ4
 .text.INT_IRQ5
                0x000052a8        0xc C:\Users\nozomi\Desktop\com\í êMån\20130905-600\20120510\Release\inthandler.o
                0x000052a8                INT_IRQ5
 .text.INT_WOVI
                0x000052b4        0xc C:\Users\nozomi\Desktop\com\í êMån\20130905-600\20120510\Release\inthandler.o
                0x000052b4                INT_WOVI
 .text.INT_CMI  0x000052c0        0xc C:\Users\nozomi\Desktop\com\í êMån\20130905-600\20120510\Release\inthandler.o
                0x000052c0                INT_CMI
 .text.INT_ADI  0x000052cc        0xc C:\Users\nozomi\Desktop\com\í êMån\20130905-600\20120510\Release\inthandler.o
                0x000052cc                INT_ADI
 .text.INT_OVI0
                0x000052d8        0xc C:\Users\nozomi\Desktop\com\í êMån\20130905-600\20120510\Release\inthandler.o
                0x000052d8                INT_OVI0
 .text.INT_IMIB1
                0x000052e4        0xc C:\Users\nozomi\Desktop\com\í êMån\20130905-600\20120510\Release\inthandler.o
                0x000052e4                INT_IMIB1
 .text.INT_OVI1
                0x000052f0        0xc C:\Users\nozomi\Desktop\com\í êMån\20130905-600\20120510\Release\inthandler.o
                0x000052f0                INT_OVI1
 .text.INT_IMIB2
                0x000052fc        0xc C:\Users\nozomi\Desktop\com\í êMån\20130905-600\20120510\Release\inthandler.o
                0x000052fc                INT_IMIB2
 .text.INT_OVI2
                0x00005308        0xc C:\Users\nozomi\Desktop\com\í êMån\20130905-600\20120510\Release\inthandler.o
                0x00005308                INT_OVI2
 .text.INT_CMIA0
                0x00005314        0xc C:\Users\nozomi\Desktop\com\í êMån\20130905-600\20120510\Release\inthandler.o
                0x00005314                INT_CMIA0
 .text.INT_CMIB0
                0x00005320        0xc C:\Users\nozomi\Desktop\com\í êMån\20130905-600\20120510\Release\inthandler.o
                0x00005320                INT_CMIB0
 .text.INT_CMIA1B1
                0x0000532c        0xc C:\Users\nozomi\Desktop\com\í êMån\20130905-600\20120510\Release\inthandler.o
                0x0000532c                INT_CMIA1B1
 .text.INT_TOVI0_1
                0x00005338        0xc C:\Users\nozomi\Desktop\com\í êMån\20130905-600\20120510\Release\inthandler.o
                0x00005338                INT_TOVI0_1
 .text.INT_CMIA2
                0x00005344        0xc C:\Users\nozomi\Desktop\com\í êMån\20130905-600\20120510\Release\inthandler.o
                0x00005344                INT_CMIA2
 .text.INT_CMIB2
                0x00005350        0xc C:\Users\nozomi\Desktop\com\í êMån\20130905-600\20120510\Release\inthandler.o
                0x00005350                INT_CMIB2
 .text.INT_CMIA3B3
                0x0000535c        0xc C:\Users\nozomi\Desktop\com\í êMån\20130905-600\20120510\Release\inthandler.o
                0x0000535c                INT_CMIA3B3
 .text.INT_TOVI2_3
                0x00005368        0xc C:\Users\nozomi\Desktop\com\í êMån\20130905-600\20120510\Release\inthandler.o
                0x00005368                INT_TOVI2_3
 .text.INT_DEND0A
                0x00005374        0xc C:\Users\nozomi\Desktop\com\í êMån\20130905-600\20120510\Release\inthandler.o
                0x00005374                INT_DEND0A
 .text.INT_DEND0B
                0x00005380        0xc C:\Users\nozomi\Desktop\com\í êMån\20130905-600\20120510\Release\inthandler.o
                0x00005380                INT_DEND0B
 .text.INT_DEND1A
                0x0000538c        0xc C:\Users\nozomi\Desktop\com\í êMån\20130905-600\20120510\Release\inthandler.o
                0x0000538c                INT_DEND1A
 .text.INT_DEND1B
                0x00005398        0xc C:\Users\nozomi\Desktop\com\í êMån\20130905-600\20120510\Release\inthandler.o
                0x00005398                INT_DEND1B
 .text.Init_MyFunction
                0x000053a4      0x104 C:\Users\nozomi\Desktop\com\í êMån\20130905-600\20120510\Release\init.o
                0x000053a4                Init_MyFunction
 .text.Init_Bus
                0x000054a8       0xae C:\Users\nozomi\Desktop\com\í êMån\20130905-600\20120510\Release\init.o
                0x000054a8                Init_Bus
 .text.Init_Peripherals
                0x00005556       0x26 C:\Users\nozomi\Desktop\com\í êMån\20130905-600\20120510\Release\init.o
                0x00005556                Init_Peripherals
 .text.IIC2_EEPWAIT
                0x0000557c       0x2a C:\Users\nozomi\Desktop\com\í êMån\20130905-600\20120510\Release\iic2.o
                0x0000557c                IIC2_EEPWAIT
 .text.IIC2_WRITEB
                0x000055a6       0xce C:\Users\nozomi\Desktop\com\í êMån\20130905-600\20120510\Release\iic2.o
 .text.IIC2_EEPSTART
                0x00005674       0xb2 C:\Users\nozomi\Desktop\com\í êMån\20130905-600\20120510\Release\iic2.o
 .text.IIC2_READB
                0x00005726       0xd8 C:\Users\nozomi\Desktop\com\í êMån\20130905-600\20120510\Release\iic2.o
 .text.IIC2_EEPSTOP
                0x000057fe       0x62 C:\Users\nozomi\Desktop\com\í êMån\20130905-600\20120510\Release\iic2.o
                0x000057fe                IIC2_EEPSTOP
 .text.IIC2_EEPRESET
                0x00005860       0x82 C:\Users\nozomi\Desktop\com\í êMån\20130905-600\20120510\Release\iic2.o
                0x00005860                IIC2_EEPRESET
 .text.IIC2_EEPINIT
                0x000058e2       0x1a C:\Users\nozomi\Desktop\com\í êMån\20130905-600\20120510\Release\iic2.o
                0x000058e2                IIC2_EEPINIT
 .text.IIC2_EEPCHANGE
                0x000058fc       0x1c C:\Users\nozomi\Desktop\com\í êMån\20130905-600\20120510\Release\iic2.o
                0x000058fc                IIC2_EEPCHANGE
 .text.IIC2_EEPWRITE
                0x00005918       0xa2 C:\Users\nozomi\Desktop\com\í êMån\20130905-600\20120510\Release\iic2.o
                0x00005918                IIC2_EEPWRITE
 .text.IIC2_EEPREAD
                0x000059ba       0xde C:\Users\nozomi\Desktop\com\í êMån\20130905-600\20120510\Release\iic2.o
                0x000059ba                IIC2_EEPREAD
 .text.IIC1_EEPWAIT
                0x00005a98       0x2a C:\Users\nozomi\Desktop\com\í êMån\20130905-600\20120510\Release\iic1.o
                0x00005a98                IIC1_EEPWAIT
 .text.IIC1_WRITEB
                0x00005ac2       0xce C:\Users\nozomi\Desktop\com\í êMån\20130905-600\20120510\Release\iic1.o
 .text.IIC1_EEPSTART
                0x00005b90       0xb2 C:\Users\nozomi\Desktop\com\í êMån\20130905-600\20120510\Release\iic1.o
 .text.IIC1_READB
                0x00005c42       0xda C:\Users\nozomi\Desktop\com\í êMån\20130905-600\20120510\Release\iic1.o
 .text.IIC1_EEPSTOP
                0x00005d1c       0x62 C:\Users\nozomi\Desktop\com\í êMån\20130905-600\20120510\Release\iic1.o
                0x00005d1c                IIC1_EEPSTOP
 .text.IIC1_EEPRESET
                0x00005d7e       0x82 C:\Users\nozomi\Desktop\com\í êMån\20130905-600\20120510\Release\iic1.o
                0x00005d7e                IIC1_EEPRESET
 .text.IIC1_EEPINIT
                0x00005e00       0x1a C:\Users\nozomi\Desktop\com\í êMån\20130905-600\20120510\Release\iic1.o
                0x00005e00                IIC1_EEPINIT
 .text.IIC1_EEPCHANGE
                0x00005e1a       0x1c C:\Users\nozomi\Desktop\com\í êMån\20130905-600\20120510\Release\iic1.o
                0x00005e1a                IIC1_EEPCHANGE
 .text.IIC1_EEPWRITE
                0x00005e36       0xa2 C:\Users\nozomi\Desktop\com\í êMån\20130905-600\20120510\Release\iic1.o
                0x00005e36                IIC1_EEPWRITE
 .text.IIC1_EEPREAD
                0x00005ed8       0xde C:\Users\nozomi\Desktop\com\í êMån\20130905-600\20120510\Release\iic1.o
                0x00005ed8                IIC1_EEPREAD
 .text.IIC0_EEPWAIT
                0x00005fb6       0x2a C:\Users\nozomi\Desktop\com\í êMån\20130905-600\20120510\Release\iic0.o
                0x00005fb6                IIC0_EEPWAIT
 .text.IIC0_WRITEB
                0x00005fe0       0xcc C:\Users\nozomi\Desktop\com\í êMån\20130905-600\20120510\Release\iic0.o
 .text.IIC0_EEPSTART
                0x000060ac       0xb2 C:\Users\nozomi\Desktop\com\í êMån\20130905-600\20120510\Release\iic0.o
 .text.IIC0_READB
                0x0000615e       0xda C:\Users\nozomi\Desktop\com\í êMån\20130905-600\20120510\Release\iic0.o
 .text.IIC0_EEPSTOP
                0x00006238       0x62 C:\Users\nozomi\Desktop\com\í êMån\20130905-600\20120510\Release\iic0.o
                0x00006238                IIC0_EEPSTOP
 .text.IIC0_EEPRESET
                0x0000629a       0x82 C:\Users\nozomi\Desktop\com\í êMån\20130905-600\20120510\Release\iic0.o
                0x0000629a                IIC0_EEPRESET
 .text.IIC0_EEPINIT
                0x0000631c       0x1a C:\Users\nozomi\Desktop\com\í êMån\20130905-600\20120510\Release\iic0.o
                0x0000631c                IIC0_EEPINIT
 .text.IIC0_EEPCHANGE
                0x00006336       0x1c C:\Users\nozomi\Desktop\com\í êMån\20130905-600\20120510\Release\iic0.o
                0x00006336                IIC0_EEPCHANGE
 .text.IIC0_EEPWRITE
                0x00006352       0xa2 C:\Users\nozomi\Desktop\com\í êMån\20130905-600\20120510\Release\iic0.o
                0x00006352                IIC0_EEPWRITE
 .text.IIC0_EEPREAD
                0x000063f4       0xde C:\Users\nozomi\Desktop\com\í êMån\20130905-600\20120510\Release\iic0.o
                0x000063f4                IIC0_EEPREAD
 .text.hw_initialise
                0x000064d2        0xc C:\Users\nozomi\Desktop\com\í êMån\20130905-600\20120510\Release\hwinit.o
                0x000064d2                hw_initialise
 .text.InitStatus
                0x000064de      0x15e C:\Users\nozomi\Desktop\com\í êMån\20130905-600\20120510\Release\global.o
                0x000064de                InitStatus
 .text.CheckFlags
                0x0000663c       0x38 C:\Users\nozomi\Desktop\com\í êMån\20130905-600\20120510\Release\global.o
                0x0000663c                CheckFlags
 .text.ClearFlags
                0x00006674       0x18 C:\Users\nozomi\Desktop\com\í êMån\20130905-600\20120510\Release\global.o
                0x00006674                ClearFlags
 .text.SetFlags
                0x0000668c       0x18 C:\Users\nozomi\Desktop\com\í êMån\20130905-600\20120510\Release\global.o
                0x0000668c                SetFlags
 .text.InitRoutine
                0x000066a4       0x86 C:\Users\nozomi\Desktop\com\í êMån\20130905-600\20120510\Release\global.o
                0x000066a4                InitRoutine
 .text.init_modem
                0x0000672a       0x26 C:\Users\nozomi\Desktop\com\í êMån\20130905-600\20120510\Release\fm_tx.o
                0x0000672a                init_modem
 .text.init_fm  0x00006750       0x36 C:\Users\nozomi\Desktop\com\í êMån\20130905-600\20120510\Release\fm_tx.o
                0x00006750                init_fm
 .text.delay_modem
                0x00006786       0x12 C:\Users\nozomi\Desktop\com\í êMån\20130905-600\20120510\Release\fm_tx.o
                0x00006786                delay_modem
 .text.send_bit
                0x00006798       0x42 C:\Users\nozomi\Desktop\com\í êMån\20130905-600\20120510\Release\fm_tx.o
                0x00006798                send_bit
 .text.crcbit   0x000067da       0x60 C:\Users\nozomi\Desktop\com\í êMån\20130905-600\20120510\Release\fm_tx.o
                0x000067da                crcbit
 .text.send_byte
                0x0000683a       0x84 C:\Users\nozomi\Desktop\com\í êMån\20130905-600\20120510\Release\fm_tx.o
                0x0000683a                send_byte
 .text.send_packet
                0x000068be       0x8c C:\Users\nozomi\Desktop\com\í êMån\20130905-600\20120510\Release\fm_tx.o
                0x000068be                send_packet
 .text.AX_protocol
                0x0000694a      0x18a C:\Users\nozomi\Desktop\com\í êMån\20130905-600\20120510\Release\fm_tx.o
                0x0000694a                AX_protocol
 .text.on_off_ms
                0x00006ad4       0x70 C:\Users\nozomi\Desktop\com\í êMån\20130905-600\20120510\Release\fm_tx.o
                0x00006ad4                on_off_ms
 .text.on_off_sec
                0x00006b44       0x8e C:\Users\nozomi\Desktop\com\í êMån\20130905-600\20120510\Release\fm_tx.o
                0x00006b44                on_off_sec
 .text.on_off_us
                0x00006bd2       0x70 C:\Users\nozomi\Desktop\com\í êMån\20130905-600\20120510\Release\fm_tx.o
                0x00006bd2                on_off_us
 .text.fmptt_on
                0x00006c42       0x18 C:\Users\nozomi\Desktop\com\í êMån\20130905-600\20120510\Release\fm_ptt.o
                0x00006c42                fmptt_on
 .text.fmptt_off
                0x00006c5a       0x10 C:\Users\nozomi\Desktop\com\í êMån\20130905-600\20120510\Release\fm_ptt.o
                0x00006c5a                fmptt_off
 .text.out_bit_fm
                0x00006c6a       0x36 C:\Users\nozomi\Desktop\com\í êMån\20130905-600\20120510\Release\fm_pllcontrol.o
                0x00006c6a                out_bit_fm
 .text.strobe_fm
                0x00006ca0       0x34 C:\Users\nozomi\Desktop\com\í êMån\20130905-600\20120510\Release\fm_pllcontrol.o
                0x00006ca0                strobe_fm
 .text.out_bits_fm
                0x00006cd4       0x42 C:\Users\nozomi\Desktop\com\í êMån\20130905-600\20120510\Release\fm_pllcontrol.o
                0x00006cd4                out_bits_fm
 .text.set_reference_divider_fm
                0x00006d16       0x26 C:\Users\nozomi\Desktop\com\í êMån\20130905-600\20120510\Release\fm_pllcontrol.o
                0x00006d16                set_reference_divider_fm
 .text.set_option_register_fm
                0x00006d3c       0x7c C:\Users\nozomi\Desktop\com\í êMån\20130905-600\20120510\Release\fm_pllcontrol.o
                0x00006d3c                set_option_register_fm
 .text.set_programmable_divider_fm
                0x00006db8       0x54 C:\Users\nozomi\Desktop\com\í êMån\20130905-600\20120510\Release\fm_pllcontrol.o
                0x00006db8                set_programmable_divider_fm
 .text.pll_init_fm
                0x00006e0c       0x56 C:\Users\nozomi\Desktop\com\í êMån\20130905-600\20120510\Release\fm_pllcontrol.o
                0x00006e0c                pll_init_fm
 .text.set_pll_fm
                0x00006e62       0x5a C:\Users\nozomi\Desktop\com\í êMån\20130905-600\20120510\Release\fm_pllcontrol.o
                0x00006e62                set_pll_fm
 .text.DebugMultiplexer
                0x00006ebc      0x100 C:\Users\nozomi\Desktop\com\í êMån\20130905-600\20120510\Release\debug.o
                0x00006ebc                DebugMultiplexer
 .text.DebugPut_Status
                0x00006fbc      0x236 C:\Users\nozomi\Desktop\com\í êMån\20130905-600\20120510\Release\debug.o
                0x00006fbc                DebugPut_Status
 .text.DebugPut_Telemetry
                0x000071f2      0x216 C:\Users\nozomi\Desktop\com\í êMån\20130905-600\20120510\Release\debug.o
                0x000071f2                DebugPut_Telemetry
 .text.DebugEEPROM
                0x00007408      0x398 C:\Users\nozomi\Desktop\com\í êMån\20130905-600\20120510\Release\debug.o
                0x00007408                DebugEEPROM
 .text.DebugDetail_Status
                0x000077a0       0x3a C:\Users\nozomi\Desktop\com\í êMån\20130905-600\20120510\Release\debug.o
                0x000077a0                DebugDetail_Status
 .text.DebugPut_Rough
                0x000077da      0x260 C:\Users\nozomi\Desktop\com\í êMån\20130905-600\20120510\Release\debug.o
                0x000077da                DebugPut_Rough
 .text.DebugPut_Detail
                0x00007a3a      0x260 C:\Users\nozomi\Desktop\com\í êMån\20130905-600\20120510\Release\debug.o
                0x00007a3a                DebugPut_Detail
 .text.DebugPut_API
                0x00007c9a      0x22a C:\Users\nozomi\Desktop\com\í êMån\20130905-600\20120510\Release\debug.o
                0x00007c9a                DebugPut_API
 .text.DebugPut_Initial
                0x00007ec4      0x22a C:\Users\nozomi\Desktop\com\í êMån\20130905-600\20120510\Release\debug.o
                0x00007ec4                DebugPut_Initial
 .text.Debug_SharedROM
                0x000080ee      0x1da C:\Users\nozomi\Desktop\com\í êMån\20130905-600\20120510\Release\debug.o
                0x000080ee                Debug_SharedROM
 .text.DebugWrite_SharedROM
                0x000082c8      0x33e C:\Users\nozomi\Desktop\com\í êMån\20130905-600\20120510\Release\debug.o
                0x000082c8                DebugWrite_SharedROM
 .text.DebugPut_SharedROM
                0x00008606       0x58 C:\Users\nozomi\Desktop\com\í êMån\20130905-600\20120510\Release\debug.o
                0x00008606                DebugPut_SharedROM
 .text.DisplayRoutine
                0x0000865e      0x1e6 C:\Users\nozomi\Desktop\com\í êMån\20130905-600\20120510\Release\debug.o
                0x0000865e                DisplayRoutine
 .text.SetRoutine
                0x00008844      0x156 C:\Users\nozomi\Desktop\com\í êMån\20130905-600\20120510\Release\debug.o
                0x00008844                SetRoutine
 .text.Check_PowerData
                0x0000899a       0x6c C:\Users\nozomi\Desktop\com\í êMån\20130905-600\20120510\Release\debug.o
                0x0000899a                Check_PowerData
 .text.GetCommandID
                0x00008a06      0x384 C:\Users\nozomi\Desktop\com\í êMån\20130905-600\20120510\Release\command.o
                0x00008a06                GetCommandID
 .text.GetMissionCommandID
                0x00008d8a       0x4c C:\Users\nozomi\Desktop\com\í êMån\20130905-600\20120510\Release\command.o
                0x00008d8a                GetMissionCommandID
 .text.RegistCommand
                0x00008dd6      0x322 C:\Users\nozomi\Desktop\com\í êMån\20130905-600\20120510\Release\command.o
                0x00008dd6                RegistCommand
 .text.RegistMissionCommand
                0x000090f8      0x130 C:\Users\nozomi\Desktop\com\í êMån\20130905-600\20120510\Release\command.o
                0x000090f8                RegistMissionCommand
 .text.ExecuteCommand
                0x00009228      0x410 C:\Users\nozomi\Desktop\com\í êMån\20130905-600\20120510\Release\command.o
                0x00009228                ExecuteCommand
 .text.comm_buffer_init
                0x00009638       0x3a C:\Users\nozomi\Desktop\com\í êMån\20130905-600\20120510\Release\comm_buffer.o
                0x00009638                comm_buffer_init
 .text.adconv_init
                0x00009672       0x30 C:\Users\nozomi\Desktop\com\í êMån\20130905-600\20120510\Release\adconv.o
                0x00009672                adconv_init
 .text.ami_switch
                0x000096a2       0x34 C:\Users\nozomi\Desktop\com\í êMån\20130905-600\20120510\Release\adconv.o
                0x000096a2                ami_switch
 .text.mpx_switch
                0x000096d6       0x88 C:\Users\nozomi\Desktop\com\í êMån\20130905-600\20120510\Release\adconv.o
                0x000096d6                mpx_switch
 .text.get_sensor
                0x0000975e      0x1da C:\Users\nozomi\Desktop\com\í êMån\20130905-600\20120510\Release\adconv.o
                0x0000975e                get_sensor
 .text.check_overAmpare
                0x00009938       0x5c C:\Users\nozomi\Desktop\com\í êMån\20130905-600\20120510\Release\adconv.o
                0x00009938                check_overAmpare
 .text.insertSpace
                0x00009994       0x2e C:\Users\nozomi\Desktop\com\í êMån\20130905-600\20120510\Release\adconv.o
                0x00009994                insertSpace
 .text.disp_AD  0x000099c2       0xe0 C:\Users\nozomi\Desktop\com\í êMån\20130905-600\20120510\Release\adconv.o
                0x000099c2                disp_AD
 .text.startup.main
                0x00009aa2      0x300 C:\Users\nozomi\Desktop\com\í êMån\20130905-600\20120510\Release\20120510.o
                0x00009aa2                main
 .text.free     0x00009da2       0xc2 C:\Users\nozomi\Desktop\com\í êMån\20130905-600\20120510\Release\lib20130905-600.a(newfree.o)
                0x00009da2                free
 .text._top_of_heap
                0x00009e64        0xe C:\Users\nozomi\Desktop\com\í êMån\20130905-600\20120510\Release\lib20130905-600.a(newheap.o)
                0x00009e64                _top_of_heap
 .text._make_new_mem_hole
                0x00009e72       0x2e C:\Users\nozomi\Desktop\com\í êMån\20130905-600\20120510\Release\lib20130905-600.a(newmalloc.o)
                0x00009e72                _make_new_mem_hole
 .text.malloc   0x00009ea0       0xb4 C:\Users\nozomi\Desktop\com\í êMån\20130905-600\20120510\Release\lib20130905-600.a(newmalloc.o)
                0x00009ea0                malloc
                0x00009f54                etext = .

.init
 *(.init)

.fini
 *(.fini)

.got
 *(.got)
 *(.got.plt)

.rodata         0x00009f54      0x975
 *(.rodata)
 .rodata        0x00009f54        0x8 c:\program files\renesas\hew\tools\kpit\gnuh8-elf\v12.01\h8300-elf\lib\gcc\h8300-elf\4.6-GNUH8_v12.01\h8300h\int32\libgcc.a(_thenan_sf.o)
                0x00009f54                __thenan_sf
 .rodata        0x00009f5c      0x100 c:\program files\renesas\hew\tools\kpit\gnuh8-elf\v12.01\h8300-elf\lib\gcc\h8300-elf\4.6-GNUH8_v12.01\h8300h\int32\libgcc.a(_clz.o)
                0x00009f5c                __clz_tab
 *(.rodata.*)
 .rodata.str1.1
                0x0000a05c       0x32 C:\Users\nozomi\Desktop\com\í êMån\20130905-600\20120510\Release\teleme.o
                                 0x34 (size before relaxing)
 .rodata.str1.1
                0x0000a08e       0x2c C:\Users\nozomi\Desktop\com\í êMån\20130905-600\20120510\Release\sci1.o
                                 0x31 (size before relaxing)
 .rodata.str1.1
                0x0000a0ba       0x97 C:\Users\nozomi\Desktop\com\í êMån\20130905-600\20120510\Release\rx_protcol_inv.o
                                 0xa0 (size before relaxing)
 .rodata.str1.1
                0x0000a151       0x1d C:\Users\nozomi\Desktop\com\í êMån\20130905-600\20120510\Release\rx.o
                                 0x1f (size before relaxing)
 .rodata.str1.1
                0x0000a16e       0x34 C:\Users\nozomi\Desktop\com\í êMån\20130905-600\20120510\Release\pwr.o
 .rodata.str1.1
                0x0000a1a2       0x37 C:\Users\nozomi\Desktop\com\í êMån\20130905-600\20120510\Release\put_status.o
                                 0x3b (size before relaxing)
 .rodata.str1.1
                0x0000a1d9       0xb0 C:\Users\nozomi\Desktop\com\í êMån\20130905-600\20120510\Release\mission.o
                                 0xb4 (size before relaxing)
 .rodata.str1.1
                0x0000a289       0xbf C:\Users\nozomi\Desktop\com\í êMån\20130905-600\20120510\Release\message.o
                                 0xc1 (size before relaxing)
 .rodata.str1.1
                0x0000a348      0x265 C:\Users\nozomi\Desktop\com\í êMån\20130905-600\20120510\Release\debug.o
                                0x28b (size before relaxing)
 *fill*         0x0000a5ad        0x3 00
 .rodata.DebugWrite_SharedROM
                0x0000a5b0       0x48 C:\Users\nozomi\Desktop\com\í êMån\20130905-600\20120510\Release\debug.o
 .rodata.SetRoutine
                0x0000a5f8       0x60 C:\Users\nozomi\Desktop\com\í êMån\20130905-600\20120510\Release\debug.o
 .rodata.str1.1
                0x0000a658       0x29 C:\Users\nozomi\Desktop\com\í êMån\20130905-600\20120510\Release\command.o
 *fill*         0x0000a681        0x3 00
 .rodata.ExecuteCommand
                0x0000a684      0x12c C:\Users\nozomi\Desktop\com\í êMån\20130905-600\20120510\Release\command.o
 .rodata.get_sensor
                0x0000a7b0       0x20 C:\Users\nozomi\Desktop\com\í êMån\20130905-600\20120510\Release\adconv.o
 .rodata.str1.1
                0x0000a7d0        0x4 C:\Users\nozomi\Desktop\com\í êMån\20130905-600\20120510\Release\adconv.o
                                  0xd (size before relaxing)
 .rodata.str1.1
                0x0000a7d4       0xf5 C:\Users\nozomi\Desktop\com\í êMån\20130905-600\20120510\Release\20120510.o
                                 0xfa (size before relaxing)
                0x0000a8c9                _erodata = .

.eh_frame_hdr
 *(.eh_frame_hdr)

.eh_frame
 *(.eh_frame)

.jcr
 *(.jcr)

.tors           0x0000a8c9        0x0
                0x0000a8c9                __CTOR_LIST__ = .
                0x0000a8c9                ___ctors = .
 *(.ctors)
                0x0000a8c9                ___ctors_end = .
                0x0000a8c9                __CTOR_END__ = .
                0x0000a8c9                __DTOR_LIST__ = .
                0x0000a8c9                ___dtors = .
 *(.dtors)
                0x0000a8c9                ___dtors_end = .
                0x0000a8c9                __DTOR_END__ = .
                0x0000a8c9                _mdata = .

.data           0x00ffbf20        0x0 load address 0x0000a8c9
                0x00ffbf20                _data = .
 *(.data)
 .data          0x00ffbf20        0x0 C:\Users\nozomi\Desktop\com\í êMån\20130905-600\20120510\Release\vects.o
 .data          0x00ffbf20        0x0 C:\Users\nozomi\Desktop\com\í êMån\20130905-600\20120510\Release\timer.o
 .data          0x00ffbf20        0x0 C:\Users\nozomi\Desktop\com\í êMån\20130905-600\20120510\Release\teleme.o
 .data          0x00ffbf20        0x0 C:\Users\nozomi\Desktop\com\í êMån\20130905-600\20120510\Release\start.o
 .data          0x00ffbf20        0x0 C:\Users\nozomi\Desktop\com\í êMån\20130905-600\20120510\Release\sci_util.o
 .data          0x00ffbf20        0x0 C:\Users\nozomi\Desktop\com\í êMån\20130905-600\20120510\Release\sci2.o
 .data          0x00ffbf20        0x0 C:\Users\nozomi\Desktop\com\í êMån\20130905-600\20120510\Release\sci1.o
 .data          0x00ffbf20        0x0 C:\Users\nozomi\Desktop\com\í êMån\20130905-600\20120510\Release\sci0.o
 .data          0x00ffbf20        0x0 C:\Users\nozomi\Desktop\com\í êMån\20130905-600\20120510\Release\rx_protcol_inv.o
 .data          0x00ffbf20        0x0 C:\Users\nozomi\Desktop\com\í êMån\20130905-600\20120510\Release\rx_pll_inv.o
 .data          0x00ffbf20        0x0 C:\Users\nozomi\Desktop\com\í êMån\20130905-600\20120510\Release\rx.o
 .data          0x00ffbf20        0x0 C:\Users\nozomi\Desktop\com\í êMån\20130905-600\20120510\Release\pwr.o
 .data          0x00ffbf20        0x0 C:\Users\nozomi\Desktop\com\í êMån\20130905-600\20120510\Release\put_status.o
 .data          0x00ffbf20        0x0 C:\Users\nozomi\Desktop\com\í êMån\20130905-600\20120510\Release\mission.o
 .data          0x00ffbf20        0x0 C:\Users\nozomi\Desktop\com\í êMån\20130905-600\20120510\Release\message.o
 .data          0x00ffbf20        0x0 C:\Users\nozomi\Desktop\com\í êMån\20130905-600\20120510\Release\itu1.o
 .data          0x00ffbf20        0x0 C:\Users\nozomi\Desktop\com\í êMån\20130905-600\20120510\Release\itu0.o
 .data          0x00ffbf20        0x0 C:\Users\nozomi\Desktop\com\í êMån\20130905-600\20120510\Release\inthandler.o
 .data          0x00ffbf20        0x0 C:\Users\nozomi\Desktop\com\í êMån\20130905-600\20120510\Release\init.o
 .data          0x00ffbf20        0x0 C:\Users\nozomi\Desktop\com\í êMån\20130905-600\20120510\Release\iic2.o
 .data          0x00ffbf20        0x0 C:\Users\nozomi\Desktop\com\í êMån\20130905-600\20120510\Release\iic1.o
 .data          0x00ffbf20        0x0 C:\Users\nozomi\Desktop\com\í êMån\20130905-600\20120510\Release\iic0.o
 .data          0x00ffbf20        0x0 C:\Users\nozomi\Desktop\com\í êMån\20130905-600\20120510\Release\hwinit.o
 .data          0x00ffbf20        0x0 C:\Users\nozomi\Desktop\com\í êMån\20130905-600\20120510\Release\global.o
 .data          0x00ffbf20        0x0 C:\Users\nozomi\Desktop\com\í êMån\20130905-600\20120510\Release\fm_tx.o
 .data          0x00ffbf20        0x0 C:\Users\nozomi\Desktop\com\í êMån\20130905-600\20120510\Release\fm_ptt.o
 .data          0x00ffbf20        0x0 C:\Users\nozomi\Desktop\com\í êMån\20130905-600\20120510\Release\fm_pllcontrol.o
 .data          0x00ffbf20        0x0 C:\Users\nozomi\Desktop\com\í êMån\20130905-600\20120510\Release\debug.o
 .data          0x00ffbf20        0x0 C:\Users\nozomi\Desktop\com\í êMån\20130905-600\20120510\Release\command.o
 .data          0x00ffbf20        0x0 C:\Users\nozomi\Desktop\com\í êMån\20130905-600\20120510\Release\comm_buffer.o
 .data          0x00ffbf20        0x0 C:\Users\nozomi\Desktop\com\í êMån\20130905-600\20120510\Release\adconv.o
 .data          0x00ffbf20        0x0 C:\Users\nozomi\Desktop\com\í êMån\20130905-600\20120510\Release\20120510.o
 .data          0x00ffbf20        0x0 C:\Users\nozomi\Desktop\com\í êMån\20130905-600\20120510\Release\lib20130905-600.a(newfree.o)
 .data          0x00ffbf20        0x0 C:\Users\nozomi\Desktop\com\í êMån\20130905-600\20120510\Release\lib20130905-600.a(newheap.o)
 .data          0x00ffbf20        0x0 C:\Users\nozomi\Desktop\com\í êMån\20130905-600\20120510\Release\lib20130905-600.a(newmalloc.o)
 .data          0x00ffbf20        0x0 c:\program files\renesas\hew\tools\kpit\gnuh8-elf\v12.01\h8300-elf\lib\gcc\h8300-elf\4.6-GNUH8_v12.01\h8300h\int32\libgcc.a(_divsi3.o)
 .data          0x00ffbf20        0x0 c:\program files\renesas\hew\tools\kpit\gnuh8-elf\v12.01\h8300-elf\lib\gcc\h8300-elf\4.6-GNUH8_v12.01\h8300h\int32\libgcc.a(_mulsi3.o)
 .data          0x00ffbf20        0x0 c:\program files\renesas\hew\tools\kpit\gnuh8-elf\v12.01\h8300-elf\lib\gcc\h8300-elf\4.6-GNUH8_v12.01\h8300h\int32\libgcc.a(_fixunssfsi.o)
 .data          0x00ffbf20        0x0 c:\program files\renesas\hew\tools\kpit\gnuh8-elf\v12.01\h8300-elf\lib\gcc\h8300-elf\4.6-GNUH8_v12.01\h8300h\int32\libgcc.a(_addsub_sf.o)
 .data          0x00ffbf20        0x0 c:\program files\renesas\hew\tools\kpit\gnuh8-elf\v12.01\h8300-elf\lib\gcc\h8300-elf\4.6-GNUH8_v12.01\h8300h\int32\libgcc.a(_div_sf.o)
 .data          0x00ffbf20        0x0 c:\program files\renesas\hew\tools\kpit\gnuh8-elf\v12.01\h8300-elf\lib\gcc\h8300-elf\4.6-GNUH8_v12.01\h8300h\int32\libgcc.a(_ge_sf.o)
 .data          0x00ffbf20        0x0 c:\program files\renesas\hew\tools\kpit\gnuh8-elf\v12.01\h8300-elf\lib\gcc\h8300-elf\4.6-GNUH8_v12.01\h8300h\int32\libgcc.a(_si_to_sf.o)
 .data          0x00ffbf20        0x0 c:\program files\renesas\hew\tools\kpit\gnuh8-elf\v12.01\h8300-elf\lib\gcc\h8300-elf\4.6-GNUH8_v12.01\h8300h\int32\libgcc.a(_sf_to_si.o)
 .data          0x00ffbf20        0x0 c:\program files\renesas\hew\tools\kpit\gnuh8-elf\v12.01\h8300-elf\lib\gcc\h8300-elf\4.6-GNUH8_v12.01\h8300h\int32\libgcc.a(_thenan_sf.o)
 .data          0x00ffbf20        0x0 c:\program files\renesas\hew\tools\kpit\gnuh8-elf\v12.01\h8300-elf\lib\gcc\h8300-elf\4.6-GNUH8_v12.01\h8300h\int32\libgcc.a(_clzsi2.o)
 .data          0x00ffbf20        0x0 c:\program files\renesas\hew\tools\kpit\gnuh8-elf\v12.01\h8300-elf\lib\gcc\h8300-elf\4.6-GNUH8_v12.01\h8300h\int32\libgcc.a(_pack_sf.o)
 .data          0x00ffbf20        0x0 c:\program files\renesas\hew\tools\kpit\gnuh8-elf\v12.01\h8300-elf\lib\gcc\h8300-elf\4.6-GNUH8_v12.01\h8300h\int32\libgcc.a(_unpack_sf.o)
 .data          0x00ffbf20        0x0 c:\program files\renesas\hew\tools\kpit\gnuh8-elf\v12.01\h8300-elf\lib\gcc\h8300-elf\4.6-GNUH8_v12.01\h8300h\int32\libgcc.a(_fpcmp_parts_sf.o)
 .data          0x00ffbf20        0x0 c:\program files\renesas\hew\tools\kpit\gnuh8-elf\v12.01\h8300-elf\lib\gcc\h8300-elf\4.6-GNUH8_v12.01\h8300h\int32\libgcc.a(_clz.o)
 *(.data.*)
                0x00ffbf20                _edata = .

.gcc_exc
 *(.gcc_exc)

.bss            0x00ffbf20     0x1b6c load address 0x0000a8cc
                0x00ffbf20                _bss = .
 *(.bss)
 .bss           0x00ffbf20        0x0 C:\Users\nozomi\Desktop\com\í êMån\20130905-600\20120510\Release\vects.o
 .bss           0x00ffbf20        0x0 C:\Users\nozomi\Desktop\com\í êMån\20130905-600\20120510\Release\timer.o
 .bss           0x00ffbf20        0x0 C:\Users\nozomi\Desktop\com\í êMån\20130905-600\20120510\Release\teleme.o
 .bss           0x00ffbf20        0x0 C:\Users\nozomi\Desktop\com\í êMån\20130905-600\20120510\Release\start.o
 .bss           0x00ffbf20        0x0 C:\Users\nozomi\Desktop\com\í êMån\20130905-600\20120510\Release\sci_util.o
 .bss           0x00ffbf20        0x0 C:\Users\nozomi\Desktop\com\í êMån\20130905-600\20120510\Release\sci2.o
 .bss           0x00ffbf20        0x0 C:\Users\nozomi\Desktop\com\í êMån\20130905-600\20120510\Release\sci1.o
 .bss           0x00ffbf20        0x0 C:\Users\nozomi\Desktop\com\í êMån\20130905-600\20120510\Release\sci0.o
 .bss           0x00ffbf20        0x0 C:\Users\nozomi\Desktop\com\í êMån\20130905-600\20120510\Release\rx_protcol_inv.o
 .bss           0x00ffbf20        0x0 C:\Users\nozomi\Desktop\com\í êMån\20130905-600\20120510\Release\rx_pll_inv.o
 .bss           0x00ffbf20        0x0 C:\Users\nozomi\Desktop\com\í êMån\20130905-600\20120510\Release\rx.o
 .bss           0x00ffbf20        0x0 C:\Users\nozomi\Desktop\com\í êMån\20130905-600\20120510\Release\pwr.o
 .bss           0x00ffbf20        0x0 C:\Users\nozomi\Desktop\com\í êMån\20130905-600\20120510\Release\put_status.o
 .bss           0x00ffbf20        0x0 C:\Users\nozomi\Desktop\com\í êMån\20130905-600\20120510\Release\mission.o
 .bss           0x00ffbf20        0x0 C:\Users\nozomi\Desktop\com\í êMån\20130905-600\20120510\Release\message.o
 .bss           0x00ffbf20        0x0 C:\Users\nozomi\Desktop\com\í êMån\20130905-600\20120510\Release\itu1.o
 .bss           0x00ffbf20        0x0 C:\Users\nozomi\Desktop\com\í êMån\20130905-600\20120510\Release\itu0.o
 .bss           0x00ffbf20        0x0 C:\Users\nozomi\Desktop\com\í êMån\20130905-600\20120510\Release\inthandler.o
 .bss           0x00ffbf20        0x0 C:\Users\nozomi\Desktop\com\í êMån\20130905-600\20120510\Release\init.o
 .bss           0x00ffbf20        0x0 C:\Users\nozomi\Desktop\com\í êMån\20130905-600\20120510\Release\iic2.o
 .bss           0x00ffbf20        0x0 C:\Users\nozomi\Desktop\com\í êMån\20130905-600\20120510\Release\iic1.o
 .bss           0x00ffbf20        0x0 C:\Users\nozomi\Desktop\com\í êMån\20130905-600\20120510\Release\iic0.o
 .bss           0x00ffbf20        0x0 C:\Users\nozomi\Desktop\com\í êMån\20130905-600\20120510\Release\hwinit.o
 .bss           0x00ffbf20        0x0 C:\Users\nozomi\Desktop\com\í êMån\20130905-600\20120510\Release\global.o
 .bss           0x00ffbf20        0x0 C:\Users\nozomi\Desktop\com\í êMån\20130905-600\20120510\Release\fm_tx.o
 .bss           0x00ffbf20        0x0 C:\Users\nozomi\Desktop\com\í êMån\20130905-600\20120510\Release\fm_ptt.o
 .bss           0x00ffbf20        0x0 C:\Users\nozomi\Desktop\com\í êMån\20130905-600\20120510\Release\fm_pllcontrol.o
 .bss           0x00ffbf20        0x0 C:\Users\nozomi\Desktop\com\í êMån\20130905-600\20120510\Release\debug.o
 .bss           0x00ffbf20        0x0 C:\Users\nozomi\Desktop\com\í êMån\20130905-600\20120510\Release\command.o
 .bss           0x00ffbf20        0x0 C:\Users\nozomi\Desktop\com\í êMån\20130905-600\20120510\Release\comm_buffer.o
 .bss           0x00ffbf20        0x0 C:\Users\nozomi\Desktop\com\í êMån\20130905-600\20120510\Release\adconv.o
 .bss           0x00ffbf20        0x0 C:\Users\nozomi\Desktop\com\í êMån\20130905-600\20120510\Release\20120510.o
 .bss           0x00ffbf20        0x0 C:\Users\nozomi\Desktop\com\í êMån\20130905-600\20120510\Release\lib20130905-600.a(newfree.o)
 .bss           0x00ffbf20        0x0 C:\Users\nozomi\Desktop\com\í êMån\20130905-600\20120510\Release\lib20130905-600.a(newheap.o)
 .bss           0x00ffbf20        0x0 C:\Users\nozomi\Desktop\com\í êMån\20130905-600\20120510\Release\lib20130905-600.a(newmalloc.o)
 .bss           0x00ffbf20        0x0 c:\program files\renesas\hew\tools\kpit\gnuh8-elf\v12.01\h8300-elf\lib\gcc\h8300-elf\4.6-GNUH8_v12.01\h8300h\int32\libgcc.a(_divsi3.o)
 .bss           0x00ffbf20        0x0 c:\program files\renesas\hew\tools\kpit\gnuh8-elf\v12.01\h8300-elf\lib\gcc\h8300-elf\4.6-GNUH8_v12.01\h8300h\int32\libgcc.a(_mulsi3.o)
 .bss           0x00ffbf20        0x0 c:\program files\renesas\hew\tools\kpit\gnuh8-elf\v12.01\h8300-elf\lib\gcc\h8300-elf\4.6-GNUH8_v12.01\h8300h\int32\libgcc.a(_fixunssfsi.o)
 .bss           0x00ffbf20        0x0 c:\program files\renesas\hew\tools\kpit\gnuh8-elf\v12.01\h8300-elf\lib\gcc\h8300-elf\4.6-GNUH8_v12.01\h8300h\int32\libgcc.a(_addsub_sf.o)
 .bss           0x00ffbf20        0x0 c:\program files\renesas\hew\tools\kpit\gnuh8-elf\v12.01\h8300-elf\lib\gcc\h8300-elf\4.6-GNUH8_v12.01\h8300h\int32\libgcc.a(_div_sf.o)
 .bss           0x00ffbf20        0x0 c:\program files\renesas\hew\tools\kpit\gnuh8-elf\v12.01\h8300-elf\lib\gcc\h8300-elf\4.6-GNUH8_v12.01\h8300h\int32\libgcc.a(_ge_sf.o)
 .bss           0x00ffbf20        0x0 c:\program files\renesas\hew\tools\kpit\gnuh8-elf\v12.01\h8300-elf\lib\gcc\h8300-elf\4.6-GNUH8_v12.01\h8300h\int32\libgcc.a(_si_to_sf.o)
 .bss           0x00ffbf20        0x0 c:\program files\renesas\hew\tools\kpit\gnuh8-elf\v12.01\h8300-elf\lib\gcc\h8300-elf\4.6-GNUH8_v12.01\h8300h\int32\libgcc.a(_sf_to_si.o)
 .bss           0x00ffbf20        0x0 c:\program files\renesas\hew\tools\kpit\gnuh8-elf\v12.01\h8300-elf\lib\gcc\h8300-elf\4.6-GNUH8_v12.01\h8300h\int32\libgcc.a(_thenan_sf.o)
 .bss           0x00ffbf20        0x0 c:\program files\renesas\hew\tools\kpit\gnuh8-elf\v12.01\h8300-elf\lib\gcc\h8300-elf\4.6-GNUH8_v12.01\h8300h\int32\libgcc.a(_clzsi2.o)
 .bss           0x00ffbf20        0x0 c:\program files\renesas\hew\tools\kpit\gnuh8-elf\v12.01\h8300-elf\lib\gcc\h8300-elf\4.6-GNUH8_v12.01\h8300h\int32\libgcc.a(_pack_sf.o)
 .bss           0x00ffbf20        0x0 c:\program files\renesas\hew\tools\kpit\gnuh8-elf\v12.01\h8300-elf\lib\gcc\h8300-elf\4.6-GNUH8_v12.01\h8300h\int32\libgcc.a(_unpack_sf.o)
 .bss           0x00ffbf20        0x0 c:\program files\renesas\hew\tools\kpit\gnuh8-elf\v12.01\h8300-elf\lib\gcc\h8300-elf\4.6-GNUH8_v12.01\h8300h\int32\libgcc.a(_fpcmp_parts_sf.o)
 .bss           0x00ffbf20        0x0 c:\program files\renesas\hew\tools\kpit\gnuh8-elf\v12.01\h8300-elf\lib\gcc\h8300-elf\4.6-GNUH8_v12.01\h8300h\int32\libgcc.a(_clz.o)
 *(.bss.*)
 .bss.timer_flag
                0x00ffbf20        0x4 C:\Users\nozomi\Desktop\com\í êMån\20130905-600\20120510\Release\timer.o
                0x00ffbf20                timer_flag
 .bss.data_set___2432
                0x00ffbf24       0x80 C:\Users\nozomi\Desktop\com\í êMån\20130905-600\20120510\Release\teleme.o
 .bss.slave___2430
                0x00ffbfa4        0x1 C:\Users\nozomi\Desktop\com\í êMån\20130905-600\20120510\Release\teleme.o
 *fill*         0x00ffbfa5        0x3 00
 .bss.eep_page___2429
                0x00ffbfa8        0x4 C:\Users\nozomi\Desktop\com\í êMån\20130905-600\20120510\Release\teleme.o
 .bss.eep_lastpage___2431
                0x00ffbfac        0x4 C:\Users\nozomi\Desktop\com\í êMån\20130905-600\20120510\Release\teleme.o
 .bss.data_set___2487
                0x00ffbfb0       0x80 C:\Users\nozomi\Desktop\com\í êMån\20130905-600\20120510\Release\teleme.o
 .bss.slave___2485
                0x00ffc030        0x1 C:\Users\nozomi\Desktop\com\í êMån\20130905-600\20120510\Release\teleme.o
 *fill*         0x00ffc031        0x3 00
 .bss.eep_page___2484
                0x00ffc034        0x4 C:\Users\nozomi\Desktop\com\í êMån\20130905-600\20120510\Release\teleme.o
 .bss.eep_lastpage___2486
                0x00ffc038        0x4 C:\Users\nozomi\Desktop\com\í êMån\20130905-600\20120510\Release\teleme.o
 .bss.data_set___2540
                0x00ffc03c       0x20 C:\Users\nozomi\Desktop\com\í êMån\20130905-600\20120510\Release\teleme.o
 .bss.eep_page___2539
                0x00ffc05c        0x4 C:\Users\nozomi\Desktop\com\í êMån\20130905-600\20120510\Release\teleme.o
 .bss.data___2569
                0x00ffc060       0x80 C:\Users\nozomi\Desktop\com\í êMån\20130905-600\20120510\Release\teleme.o
 .bss.data___2590
                0x00ffc0e0       0x80 C:\Users\nozomi\Desktop\com\í êMån\20130905-600\20120510\Release\teleme.o
 .bss.tx2_length
                0x00ffc160        0x2 C:\Users\nozomi\Desktop\com\í êMån\20130905-600\20120510\Release\sci2.o
 .bss.tx2_wp    0x00ffc162        0x2 C:\Users\nozomi\Desktop\com\í êMån\20130905-600\20120510\Release\sci2.o
 .bss.tx2_rp    0x00ffc164        0x2 C:\Users\nozomi\Desktop\com\í êMån\20130905-600\20120510\Release\sci2.o
 .bss.rx2_length
                0x00ffc166        0x2 C:\Users\nozomi\Desktop\com\í êMån\20130905-600\20120510\Release\sci2.o
 .bss.rx2_wp    0x00ffc168        0x2 C:\Users\nozomi\Desktop\com\í êMån\20130905-600\20120510\Release\sci2.o
 .bss.rx2_rp    0x00ffc16a        0x2 C:\Users\nozomi\Desktop\com\í êMån\20130905-600\20120510\Release\sci2.o
 .bss.tx2_buff  0x00ffc16c      0x100 C:\Users\nozomi\Desktop\com\í êMån\20130905-600\20120510\Release\sci2.o
 .bss.rx2_buff  0x00ffc26c      0x100 C:\Users\nozomi\Desktop\com\í êMån\20130905-600\20120510\Release\sci2.o
 .bss.tx1_length
                0x00ffc36c        0x2 C:\Users\nozomi\Desktop\com\í êMån\20130905-600\20120510\Release\sci1.o
 .bss.tx1_wp    0x00ffc36e        0x2 C:\Users\nozomi\Desktop\com\í êMån\20130905-600\20120510\Release\sci1.o
 .bss.tx1_rp    0x00ffc370        0x2 C:\Users\nozomi\Desktop\com\í êMån\20130905-600\20120510\Release\sci1.o
 .bss.rx1_length
                0x00ffc372        0x2 C:\Users\nozomi\Desktop\com\í êMån\20130905-600\20120510\Release\sci1.o
 .bss.rx1_wp    0x00ffc374        0x2 C:\Users\nozomi\Desktop\com\í êMån\20130905-600\20120510\Release\sci1.o
 .bss.rx1_rp    0x00ffc376        0x2 C:\Users\nozomi\Desktop\com\í êMån\20130905-600\20120510\Release\sci1.o
 .bss.tx1_buff  0x00ffc378      0x100 C:\Users\nozomi\Desktop\com\í êMån\20130905-600\20120510\Release\sci1.o
 .bss.rx1_buff  0x00ffc478      0x100 C:\Users\nozomi\Desktop\com\í êMån\20130905-600\20120510\Release\sci1.o
 .bss.tx0_length
                0x00ffc578        0x2 C:\Users\nozomi\Desktop\com\í êMån\20130905-600\20120510\Release\sci0.o
 .bss.tx0_wp    0x00ffc57a        0x2 C:\Users\nozomi\Desktop\com\í êMån\20130905-600\20120510\Release\sci0.o
 .bss.tx0_rp    0x00ffc57c        0x2 C:\Users\nozomi\Desktop\com\í êMån\20130905-600\20120510\Release\sci0.o
 .bss.rx0_length
                0x00ffc57e        0x2 C:\Users\nozomi\Desktop\com\í êMån\20130905-600\20120510\Release\sci0.o
 .bss.rx0_wp    0x00ffc580        0x2 C:\Users\nozomi\Desktop\com\í êMån\20130905-600\20120510\Release\sci0.o
 .bss.rx0_rp    0x00ffc582        0x2 C:\Users\nozomi\Desktop\com\í êMån\20130905-600\20120510\Release\sci0.o
 .bss.tx0_buff  0x00ffc584      0x100 C:\Users\nozomi\Desktop\com\í êMån\20130905-600\20120510\Release\sci0.o
 .bss.rx0_buff  0x00ffc684      0x100 C:\Users\nozomi\Desktop\com\í êMån\20130905-600\20120510\Release\sci0.o
 .bss.fcs_error
                0x00ffc784        0x4 C:\Users\nozomi\Desktop\com\í êMån\20130905-600\20120510\Release\rx_protcol_inv.o
                0x00ffc784                fcs_error
 .bss.bit       0x00ffc788        0x4 C:\Users\nozomi\Desktop\com\í êMån\20130905-600\20120510\Release\rx_protcol_inv.o
                0x00ffc788                bit
 .bss.shiftbuff
                0x00ffc78c        0x4 C:\Users\nozomi\Desktop\com\í êMån\20130905-600\20120510\Release\rx_protcol_inv.o
                0x00ffc78c                shiftbuff
 .bss.oldstate  0x00ffc790        0x4 C:\Users\nozomi\Desktop\com\í êMån\20130905-600\20120510\Release\rx_protcol_inv.o
 .bss.info      0x00ffc794        0x4 C:\Users\nozomi\Desktop\com\í êMån\20130905-600\20120510\Release\rx_protcol_inv.o
 .bss.a___2738  0x00ffc798        0x4 C:\Users\nozomi\Desktop\com\í êMån\20130905-600\20120510\Release\rx_protcol_inv.o
 .bss.info      0x00ffc79c        0x4 C:\Users\nozomi\Desktop\com\í êMån\20130905-600\20120510\Release\rx.o
 .bss.tlm___1321
                0x00ffc7a0       0x80 C:\Users\nozomi\Desktop\com\í êMån\20130905-600\20120510\Release\put_status.o
 .bss.tlm___1357
                0x00ffc820       0x80 C:\Users\nozomi\Desktop\com\í êMån\20130905-600\20120510\Release\put_status.o
 .bss.tlm___1389
                0x00ffc8a0       0x20 C:\Users\nozomi\Desktop\com\í êMån\20130905-600\20120510\Release\put_status.o
 .bss.tlm___1420
                0x00ffc8c0       0x80 C:\Users\nozomi\Desktop\com\í êMån\20130905-600\20120510\Release\put_status.o
 .bss.cnt___2501
                0x00ffc940        0x4 C:\Users\nozomi\Desktop\com\í êMån\20130905-600\20120510\Release\mission.o
 .bss.start___2447
                0x00ffc944        0x2 C:\Users\nozomi\Desktop\com\í êMån\20130905-600\20120510\Release\message.o
 .bss.found___2446
                0x00ffc946        0x1 C:\Users\nozomi\Desktop\com\í êMån\20130905-600\20120510\Release\message.o
 *fill*         0x00ffc947        0x1 00
 .bss.i___2445  0x00ffc948        0x2 C:\Users\nozomi\Desktop\com\í êMån\20130905-600\20120510\Release\message.o
 .bss.split_sci0_buff___2443
                0x00ffc94a      0x100 C:\Users\nozomi\Desktop\com\í êMån\20130905-600\20120510\Release\message.o
 .bss.split_sci0_wp___2444
                0x00ffca4a        0x2 C:\Users\nozomi\Desktop\com\í êMån\20130905-600\20120510\Release\message.o
 .bss.start___2469
                0x00ffca4c        0x2 C:\Users\nozomi\Desktop\com\í êMån\20130905-600\20120510\Release\message.o
 .bss.found___2468
                0x00ffca4e        0x1 C:\Users\nozomi\Desktop\com\í êMån\20130905-600\20120510\Release\message.o
 *fill*         0x00ffca4f        0x1 00
 .bss.i___2467  0x00ffca50        0x2 C:\Users\nozomi\Desktop\com\í êMån\20130905-600\20120510\Release\message.o
 .bss.start___2494
                0x00ffca52        0x2 C:\Users\nozomi\Desktop\com\í êMån\20130905-600\20120510\Release\message.o
 .bss.found___2493
                0x00ffca54        0x1 C:\Users\nozomi\Desktop\com\í êMån\20130905-600\20120510\Release\message.o
 *fill*         0x00ffca55        0x1 00
 .bss.i___2492  0x00ffca56        0x2 C:\Users\nozomi\Desktop\com\í êMån\20130905-600\20120510\Release\message.o
 .bss.message_fm
                0x00ffca58       0xc8 C:\Users\nozomi\Desktop\com\í êMån\20130905-600\20120510\Release\message.o
 .bss.mission_counter
                0x00ffcb20        0x4 C:\Users\nozomi\Desktop\com\í êMån\20130905-600\20120510\Release\message.o
 .bss.mission_length
                0x00ffcb24        0x2 C:\Users\nozomi\Desktop\com\í êMån\20130905-600\20120510\Release\message.o
 .bss.mission_rp
                0x00ffcb26        0x2 C:\Users\nozomi\Desktop\com\í êMån\20130905-600\20120510\Release\message.o
 .bss.mission_wp
                0x00ffcb28        0x2 C:\Users\nozomi\Desktop\com\í êMån\20130905-600\20120510\Release\message.o
 .bss.mission_length_buff
                0x00ffcb2a        0x8 C:\Users\nozomi\Desktop\com\í êMån\20130905-600\20120510\Release\message.o
 *fill*         0x00ffcb32        0x2 00
 .bss.message_counter
                0x00ffcb34        0x4 C:\Users\nozomi\Desktop\com\í êMån\20130905-600\20120510\Release\message.o
 .bss.message_length
                0x00ffcb38        0x2 C:\Users\nozomi\Desktop\com\í êMån\20130905-600\20120510\Release\message.o
 .bss.message_rp
                0x00ffcb3a        0x2 C:\Users\nozomi\Desktop\com\í êMån\20130905-600\20120510\Release\message.o
 .bss.message_wp
                0x00ffcb3c        0x2 C:\Users\nozomi\Desktop\com\í êMån\20130905-600\20120510\Release\message.o
 .bss.message_length_buff
                0x00ffcb3e        0x8 C:\Users\nozomi\Desktop\com\í êMån\20130905-600\20120510\Release\message.o
 .bss.message_buff
                0x00ffcb46      0x320 C:\Users\nozomi\Desktop\com\í êMån\20130905-600\20120510\Release\message.o
 .bss.split_sci1_wp___2466
                0x00ffce66        0x2 C:\Users\nozomi\Desktop\com\í êMån\20130905-600\20120510\Release\message.o
 .bss.split_sci1_buff___2465
                0x00ffce68      0x100 C:\Users\nozomi\Desktop\com\í êMån\20130905-600\20120510\Release\message.o
 .bss.split_sci2_wp___2491
                0x00ffcf68        0x2 C:\Users\nozomi\Desktop\com\í êMån\20130905-600\20120510\Release\message.o
 .bss.split_sci2_buff___2490
                0x00ffcf6a      0x100 C:\Users\nozomi\Desktop\com\í êMån\20130905-600\20120510\Release\message.o
 .bss.mission_buff
                0x00ffd06a      0x320 C:\Users\nozomi\Desktop\com\í êMån\20130905-600\20120510\Release\message.o
 .bss.tlm___2580
                0x00ffd38a       0x80 C:\Users\nozomi\Desktop\com\í êMån\20130905-600\20120510\Release\debug.o
 .bss.buf___2596
                0x00ffd40a       0x80 C:\Users\nozomi\Desktop\com\í êMån\20130905-600\20120510\Release\debug.o
 .bss.tlm___2631
                0x00ffd48a       0x80 C:\Users\nozomi\Desktop\com\í êMån\20130905-600\20120510\Release\debug.o
 .bss.tlm___2657
                0x00ffd50a       0x80 C:\Users\nozomi\Desktop\com\í êMån\20130905-600\20120510\Release\debug.o
 .bss.tlm___2679
                0x00ffd58a       0x20 C:\Users\nozomi\Desktop\com\í êMån\20130905-600\20120510\Release\debug.o
 .bss.tlm___2701
                0x00ffd5aa       0x80 C:\Users\nozomi\Desktop\com\í êMån\20130905-600\20120510\Release\debug.o
 .bss.buf___2714
                0x00ffd62a       0x80 C:\Users\nozomi\Desktop\com\í êMån\20130905-600\20120510\Release\debug.o
 .bss.tlm_mission___2813
                0x00ffd6aa       0x80 C:\Users\nozomi\Desktop\com\í êMån\20130905-600\20120510\Release\debug.o
 .bss.l_rp      0x00ffd72a        0x1 C:\Users\nozomi\Desktop\com\í êMån\20130905-600\20120510\Release\command.o
 .bss.l_wp      0x00ffd72b        0x1 C:\Users\nozomi\Desktop\com\í êMån\20130905-600\20120510\Release\command.o
 .bss.m_rp      0x00ffd72c        0x1 C:\Users\nozomi\Desktop\com\í êMån\20130905-600\20120510\Release\command.o
 .bss.m_wp      0x00ffd72d        0x1 C:\Users\nozomi\Desktop\com\í êMån\20130905-600\20120510\Release\command.o
 .bss.h_rp      0x00ffd72e        0x1 C:\Users\nozomi\Desktop\com\í êMån\20130905-600\20120510\Release\command.o
 .bss.h_wp      0x00ffd72f        0x1 C:\Users\nozomi\Desktop\com\í êMån\20130905-600\20120510\Release\command.o
 .bss.mpx_ch___2440
                0x00ffd730        0x1 C:\Users\nozomi\Desktop\com\í êMån\20130905-600\20120510\Release\adconv.o
 *fill*         0x00ffd731        0x3 00
 .bss._last_heap_object
                0x00ffd734        0x4 C:\Users\nozomi\Desktop\com\í êMån\20130905-600\20120510\Release\lib20130905-600.a(newheap.o)
                0x00ffd734                _last_heap_object
 .bss._heap_of_memory
                0x00ffd738        0x4 C:\Users\nozomi\Desktop\com\í êMån\20130905-600\20120510\Release\lib20130905-600.a(newheap.o)
                0x00ffd738                _heap_of_memory
 *(COMMON)
 COMMON         0x00ffd73c        0x4 C:\Users\nozomi\Desktop\com\í êMån\20130905-600\20120510\Release\timer.o
                0x00ffd73c                time
 COMMON         0x00ffd740      0x1ac C:\Users\nozomi\Desktop\com\í êMån\20130905-600\20120510\Release\teleme.o
                0x00ffd740                ena_overa
                0x00ffd743                flag_dispAD
                0x00ffd746                flag_overa
                0x00ffd749                flag_dteleme
                0x00ffd74c                ena_rteleme
                0x00ffd74f                ena_ateleme
                0x00ffd752                flag_ad
                0x00ffd758                my_wdt
                0x00ffd75c                flag_iteleme
                0x00ffd75f                ena_iteleme
                0x00ffd762                ena_mywdt
                0x00ffd768                itu1_cnt
                0x00ffd76c                ena_dteleme
                0x00ffd76f                flag_ateleme
                0x00ffd772                ena_ad
                0x00ffd775                flag_oteleme
                0x00ffd778                flag_rteleme
                0x00ffd77b                ena_dispAD
                0x00ffd77e                mpx
                0x00ffd79e                status
                0x00ffd81d                ena_oteleme
                0x00ffd820                message_global
 COMMON         0x00ffd8ec       0x15 C:\Users\nozomi\Desktop\com\í êMån\20130905-600\20120510\Release\rx_protcol_inv.o
                0x00ffd8ec                i
                0x00ffd8f0                fcslo
                0x00ffd8f1                flag_rx
                0x00ffd8f4                uplink_rx_buff
                0x00ffd8f8                kbit
                0x00ffd8fc                info_length
                0x00ffd900                fcshi
 COMMON         0x00ffd901        0xc C:\Users\nozomi\Desktop\com\í êMån\20130905-600\20120510\Release\pwr.o
                0x00ffd901                ena_alive
                0x00ffd904                flag_pwrt
                0x00ffd907                ena_pwrt
                0x00ffd90a                flag_alive
 COMMON         0x00ffd90d        0x6 C:\Users\nozomi\Desktop\com\í êMån\20130905-600\20120510\Release\mission.o
                0x00ffd90d                ena_misst
                0x00ffd910                flag_misst
 *fill*         0x00ffd913        0x1 00
 COMMON         0x00ffd914        0xd C:\Users\nozomi\Desktop\com\í êMån\20130905-600\20120510\Release\message.o
                0x00ffd914                flag_send_fm
                0x00ffd915                flag_exe
                0x00ffd918                FmPreamble
                0x00ffd91c                stuff
                0x00ffd91d                fcsflag_send_fm
                0x00ffd91e                flag_scirx
 COMMON         0x00ffd921        0x1 C:\Users\nozomi\Desktop\com\í êMån\20130905-600\20120510\Release\iic2.o
                0x00ffd921                P2_DDR
 *fill*         0x00ffd922        0x2 00
 COMMON         0x00ffd924      0x168 C:\Users\nozomi\Desktop\com\í êMån\20130905-600\20120510\Release\command.o
                0x00ffd924                command_H
                0x00ffd99c                command_M
                0x00ffda14                command_L
                0x00ffda8c                _ebss = .
                0x00ffda8c                _end = .

.stack          0x00ffff00        0x0
                0x00ffff00                _stack = .
LOAD C:\Users\nozomi\Desktop\com\í êMån\20130905-600\20120510\Release\vects.o
LOAD C:\Users\nozomi\Desktop\com\í êMån\20130905-600\20120510\Release\timer.o
LOAD C:\Users\nozomi\Desktop\com\í êMån\20130905-600\20120510\Release\teleme.o
LOAD C:\Users\nozomi\Desktop\com\í êMån\20130905-600\20120510\Release\start.o
LOAD C:\Users\nozomi\Desktop\com\í êMån\20130905-600\20120510\Release\sci_util.o
LOAD C:\Users\nozomi\Desktop\com\í êMån\20130905-600\20120510\Release\sci2.o
LOAD C:\Users\nozomi\Desktop\com\í êMån\20130905-600\20120510\Release\sci1.o
LOAD C:\Users\nozomi\Desktop\com\í êMån\20130905-600\20120510\Release\sci0.o
LOAD C:\Users\nozomi\Desktop\com\í êMån\20130905-600\20120510\Release\rx_protcol_inv.o
LOAD C:\Users\nozomi\Desktop\com\í êMån\20130905-600\20120510\Release\rx_pll_inv.o
LOAD C:\Users\nozomi\Desktop\com\í êMån\20130905-600\20120510\Release\rx.o
LOAD C:\Users\nozomi\Desktop\com\í êMån\20130905-600\20120510\Release\pwr.o
LOAD C:\Users\nozomi\Desktop\com\í êMån\20130905-600\20120510\Release\put_status.o
LOAD C:\Users\nozomi\Desktop\com\í êMån\20130905-600\20120510\Release\mission.o
LOAD C:\Users\nozomi\Desktop\com\í êMån\20130905-600\20120510\Release\message.o
LOAD C:\Users\nozomi\Desktop\com\í êMån\20130905-600\20120510\Release\itu1.o
LOAD C:\Users\nozomi\Desktop\com\í êMån\20130905-600\20120510\Release\itu0.o
LOAD C:\Users\nozomi\Desktop\com\í êMån\20130905-600\20120510\Release\inthandler.o
LOAD C:\Users\nozomi\Desktop\com\í êMån\20130905-600\20120510\Release\init.o
LOAD C:\Users\nozomi\Desktop\com\í êMån\20130905-600\20120510\Release\iic2.o
LOAD C:\Users\nozomi\Desktop\com\í êMån\20130905-600\20120510\Release\iic1.o
LOAD C:\Users\nozomi\Desktop\com\í êMån\20130905-600\20120510\Release\iic0.o
LOAD C:\Users\nozomi\Desktop\com\í êMån\20130905-600\20120510\Release\hwinit.o
LOAD C:\Users\nozomi\Desktop\com\í êMån\20130905-600\20120510\Release\global.o
LOAD C:\Users\nozomi\Desktop\com\í êMån\20130905-600\20120510\Release\fm_tx.o
LOAD C:\Users\nozomi\Desktop\com\í êMån\20130905-600\20120510\Release\fm_ptt.o
LOAD C:\Users\nozomi\Desktop\com\í êMån\20130905-600\20120510\Release\fm_pllcontrol.o
LOAD C:\Users\nozomi\Desktop\com\í êMån\20130905-600\20120510\Release\debug.o
LOAD C:\Users\nozomi\Desktop\com\í êMån\20130905-600\20120510\Release\command.o
LOAD C:\Users\nozomi\Desktop\com\í êMån\20130905-600\20120510\Release\comm_buffer.o
LOAD C:\Users\nozomi\Desktop\com\í êMån\20130905-600\20120510\Release\adconv.o
LOAD C:\Users\nozomi\Desktop\com\í êMån\20130905-600\20120510\Release\20120510.o
START GROUP
LOAD C:\Users\nozomi\Desktop\com\í êMån\20130905-600\20120510\Release\lib20130905-600.a
LOAD c:\program files\renesas\hew\tools\kpit\gnuh8-elf\v12.01\h8300-elf\lib\gcc\h8300-elf\4.6-GNUH8_v12.01\h8300h\int32\libgcc.a
END GROUP
OUTPUT(C:\Users\nozomi\Desktop\com\í êMån\20130905-600\20120510\Release\20130905-600.x elf32-h8300)

.comment        0x00000000       0x1c
 .comment       0x00000000       0x1c C:\Users\nozomi\Desktop\com\í êMån\20130905-600\20120510\Release\vects.o
                                 0x1d (size before relaxing)
 .comment       0x00000000       0x1d C:\Users\nozomi\Desktop\com\í êMån\20130905-600\20120510\Release\timer.o
 .comment       0x00000000       0x1d C:\Users\nozomi\Desktop\com\í êMån\20130905-600\20120510\Release\teleme.o
 .comment       0x00000000       0x1d C:\Users\nozomi\Desktop\com\í êMån\20130905-600\20120510\Release\sci_util.o
 .comment       0x00000000       0x1d C:\Users\nozomi\Desktop\com\í êMån\20130905-600\20120510\Release\sci2.o
 .comment       0x00000000       0x1d C:\Users\nozomi\Desktop\com\í êMån\20130905-600\20120510\Release\sci1.o
 .comment       0x00000000       0x1d C:\Users\nozomi\Desktop\com\í êMån\20130905-600\20120510\Release\sci0.o
 .comment       0x00000000       0x1d C:\Users\nozomi\Desktop\com\í êMån\20130905-600\20120510\Release\rx_protcol_inv.o
 .comment       0x00000000       0x1d C:\Users\nozomi\Desktop\com\í êMån\20130905-600\20120510\Release\rx_pll_inv.o
 .comment       0x00000000       0x1d C:\Users\nozomi\Desktop\com\í êMån\20130905-600\20120510\Release\rx.o
 .comment       0x00000000       0x1d C:\Users\nozomi\Desktop\com\í êMån\20130905-600\20120510\Release\pwr.o
 .comment       0x00000000       0x1d C:\Users\nozomi\Desktop\com\í êMån\20130905-600\20120510\Release\put_status.o
 .comment       0x00000000       0x1d C:\Users\nozomi\Desktop\com\í êMån\20130905-600\20120510\Release\mission.o
 .comment       0x00000000       0x1d C:\Users\nozomi\Desktop\com\í êMån\20130905-600\20120510\Release\message.o
 .comment       0x00000000       0x1d C:\Users\nozomi\Desktop\com\í êMån\20130905-600\20120510\Release\itu1.o
 .comment       0x00000000       0x1d C:\Users\nozomi\Desktop\com\í êMån\20130905-600\20120510\Release\itu0.o
 .comment       0x00000000       0x1d C:\Users\nozomi\Desktop\com\í êMån\20130905-600\20120510\Release\inthandler.o
 .comment       0x00000000       0x1d C:\Users\nozomi\Desktop\com\í êMån\20130905-600\20120510\Release\init.o
 .comment       0x00000000       0x1d C:\Users\nozomi\Desktop\com\í êMån\20130905-600\20120510\Release\iic2.o
 .comment       0x00000000       0x1d C:\Users\nozomi\Desktop\com\í êMån\20130905-600\20120510\Release\iic1.o
 .comment       0x00000000       0x1d C:\Users\nozomi\Desktop\com\í êMån\20130905-600\20120510\Release\iic0.o
 .comment       0x00000000       0x1d C:\Users\nozomi\Desktop\com\í êMån\20130905-600\20120510\Release\hwinit.o
 .comment       0x00000000       0x1d C:\Users\nozomi\Desktop\com\í êMån\20130905-600\20120510\Release\global.o
 .comment       0x00000000       0x1d C:\Users\nozomi\Desktop\com\í êMån\20130905-600\20120510\Release\fm_tx.o
 .comment       0x00000000       0x1d C:\Users\nozomi\Desktop\com\í êMån\20130905-600\20120510\Release\fm_ptt.o
 .comment       0x00000000       0x1d C:\Users\nozomi\Desktop\com\í êMån\20130905-600\20120510\Release\fm_pllcontrol.o
 .comment       0x00000000       0x1d C:\Users\nozomi\Desktop\com\í êMån\20130905-600\20120510\Release\debug.o
 .comment       0x00000000       0x1d C:\Users\nozomi\Desktop\com\í êMån\20130905-600\20120510\Release\command.o
 .comment       0x00000000       0x1d C:\Users\nozomi\Desktop\com\í êMån\20130905-600\20120510\Release\comm_buffer.o
 .comment       0x00000000       0x1d C:\Users\nozomi\Desktop\com\í êMån\20130905-600\20120510\Release\adconv.o
 .comment       0x00000000       0x1d C:\Users\nozomi\Desktop\com\í êMån\20130905-600\20120510\Release\20120510.o
 .comment       0x00000000       0x1d C:\Users\nozomi\Desktop\com\í êMån\20130905-600\20120510\Release\lib20130905-600.a(newfree.o)
 .comment       0x00000000       0x1d C:\Users\nozomi\Desktop\com\í êMån\20130905-600\20120510\Release\lib20130905-600.a(newheap.o)
 .comment       0x00000000       0x1d C:\Users\nozomi\Desktop\com\í êMån\20130905-600\20120510\Release\lib20130905-600.a(newmalloc.o)
 .comment       0x00000000       0x1d c:\program files\renesas\hew\tools\kpit\gnuh8-elf\v12.01\h8300-elf\lib\gcc\h8300-elf\4.6-GNUH8_v12.01\h8300h\int32\libgcc.a(_fixunssfsi.o)
 .comment       0x00000000       0x1d c:\program files\renesas\hew\tools\kpit\gnuh8-elf\v12.01\h8300-elf\lib\gcc\h8300-elf\4.6-GNUH8_v12.01\h8300h\int32\libgcc.a(_addsub_sf.o)
 .comment       0x00000000       0x1d c:\program files\renesas\hew\tools\kpit\gnuh8-elf\v12.01\h8300-elf\lib\gcc\h8300-elf\4.6-GNUH8_v12.01\h8300h\int32\libgcc.a(_div_sf.o)
 .comment       0x00000000       0x1d c:\program files\renesas\hew\tools\kpit\gnuh8-elf\v12.01\h8300-elf\lib\gcc\h8300-elf\4.6-GNUH8_v12.01\h8300h\int32\libgcc.a(_ge_sf.o)
 .comment       0x00000000       0x1d c:\program files\renesas\hew\tools\kpit\gnuh8-elf\v12.01\h8300-elf\lib\gcc\h8300-elf\4.6-GNUH8_v12.01\h8300h\int32\libgcc.a(_si_to_sf.o)
 .comment       0x00000000       0x1d c:\program files\renesas\hew\tools\kpit\gnuh8-elf\v12.01\h8300-elf\lib\gcc\h8300-elf\4.6-GNUH8_v12.01\h8300h\int32\libgcc.a(_sf_to_si.o)
 .comment       0x00000000       0x1d c:\program files\renesas\hew\tools\kpit\gnuh8-elf\v12.01\h8300-elf\lib\gcc\h8300-elf\4.6-GNUH8_v12.01\h8300h\int32\libgcc.a(_thenan_sf.o)
 .comment       0x00000000       0x1d c:\program files\renesas\hew\tools\kpit\gnuh8-elf\v12.01\h8300-elf\lib\gcc\h8300-elf\4.6-GNUH8_v12.01\h8300h\int32\libgcc.a(_clzsi2.o)
 .comment       0x00000000       0x1d c:\program files\renesas\hew\tools\kpit\gnuh8-elf\v12.01\h8300-elf\lib\gcc\h8300-elf\4.6-GNUH8_v12.01\h8300h\int32\libgcc.a(_pack_sf.o)
 .comment       0x00000000       0x1d c:\program files\renesas\hew\tools\kpit\gnuh8-elf\v12.01\h8300-elf\lib\gcc\h8300-elf\4.6-GNUH8_v12.01\h8300h\int32\libgcc.a(_unpack_sf.o)
 .comment       0x00000000       0x1d c:\program files\renesas\hew\tools\kpit\gnuh8-elf\v12.01\h8300-elf\lib\gcc\h8300-elf\4.6-GNUH8_v12.01\h8300h\int32\libgcc.a(_fpcmp_parts_sf.o)
 .comment       0x00000000       0x1d c:\program files\renesas\hew\tools\kpit\gnuh8-elf\v12.01\h8300-elf\lib\gcc\h8300-elf\4.6-GNUH8_v12.01\h8300h\int32\libgcc.a(_clz.o)
