Archive member included because of file (symbol)

C:\Users\nozomi\Desktop\20131108\20120510\Release\lib20131108.a(newfree.o)
                              C:\Users\nozomi\Desktop\20131108\20120510\Release\rx.o (free)
C:\Users\nozomi\Desktop\20131108\20120510\Release\lib20131108.a(newheap.o)
                              C:\Users\nozomi\Desktop\20131108\20120510\Release\lib20131108.a(newfree.o) (_last_heap_object)
C:\Users\nozomi\Desktop\20131108\20120510\Release\lib20131108.a(newmalloc.o)
                              C:\Users\nozomi\Desktop\20131108\20120510\Release\rx_protcol_inv.o (malloc)
c:\program files\renesas\hew\tools\kpit\gnuh8-elf\v12.01\h8300-elf\lib\gcc\h8300-elf\4.6-GNUH8_v12.01\h8300h\int32\libgcc.a(_divsi3.o)
                              C:\Users\nozomi\Desktop\20131108\20120510\Release\sci2.o (__udivsi3)
c:\program files\renesas\hew\tools\kpit\gnuh8-elf\v12.01\h8300-elf\lib\gcc\h8300-elf\4.6-GNUH8_v12.01\h8300h\int32\libgcc.a(_mulsi3.o)
                              C:\Users\nozomi\Desktop\20131108\20120510\Release\sci2.o (__mulsi3)

Allocating common symbols
Common symbol       size              file

command_H           0x78              C:\Users\nozomi\Desktop\20131108\20120510\Release\command.o
P2_DDR              0x1               C:\Users\nozomi\Desktop\20131108\20120510\Release\iic2.o
ena_overa           0x3               C:\Users\nozomi\Desktop\20131108\20120510\Release\teleme.o
flag_dispAD         0x3               C:\Users\nozomi\Desktop\20131108\20120510\Release\teleme.o
flag_overa          0x3               C:\Users\nozomi\Desktop\20131108\20120510\Release\teleme.o
flag_send_fm        0x1               C:\Users\nozomi\Desktop\20131108\20120510\Release\rx.o
i                   0x4               C:\Users\nozomi\Desktop\20131108\20120510\Release\rx_protcol_inv.o
ena_alive           0x3               C:\Users\nozomi\Desktop\20131108\20120510\Release\pwr.o
fcslo               0x1               C:\Users\nozomi\Desktop\20131108\20120510\Release\rx_protcol_inv.o
flag_tof            0x1               C:\Users\nozomi\Desktop\20131108\20120510\Release\mission.o
flag_rx             0x3               C:\Users\nozomi\Desktop\20131108\20120510\Release\rx_protcol_inv.o
flag_dteleme        0x3               C:\Users\nozomi\Desktop\20131108\20120510\Release\teleme.o
flag_exe            0x3               C:\Users\nozomi\Desktop\20131108\20120510\Release\message.o
sms_time            0x4               C:\Users\nozomi\Desktop\20131108\20120510\Release\mission.o
ena_rteleme         0x3               C:\Users\nozomi\Desktop\20131108\20120510\Release\teleme.o
flag_cpr            0x3               C:\Users\nozomi\Desktop\20131108\20120510\Release\mission.o
ena_ateleme         0x3               C:\Users\nozomi\Desktop\20131108\20120510\Release\teleme.o
flag_pwrt           0x3               C:\Users\nozomi\Desktop\20131108\20120510\Release\pwr.o
DT_time             0x4               C:\Users\nozomi\Desktop\20131108\20120510\Release\rx.o
flag_tx             0x3               C:\Users\nozomi\Desktop\20131108\20120510\Release\rx.o
ena_pwrt            0x3               C:\Users\nozomi\Desktop\20131108\20120510\Release\pwr.o
flag_ad             0x3               C:\Users\nozomi\Desktop\20131108\20120510\Release\teleme.o
my_wdt              0x4               C:\Users\nozomi\Desktop\20131108\20120510\Release\teleme.o
uplink_rx_buff      0x4               C:\Users\nozomi\Desktop\20131108\20120510\Release\rx_protcol_inv.o
flag_iteleme        0x3               C:\Users\nozomi\Desktop\20131108\20120510\Release\teleme.o
smr_time            0x4               C:\Users\nozomi\Desktop\20131108\20120510\Release\mission.o
FM_buffer_length    0xc               C:\Users\nozomi\Desktop\20131108\20120510\Release\rx.o
ena_iteleme         0x3               C:\Users\nozomi\Desktop\20131108\20120510\Release\teleme.o
flag_ton            0x1               C:\Users\nozomi\Desktop\20131108\20120510\Release\mission.o
flag_smr            0x3               C:\Users\nozomi\Desktop\20131108\20120510\Release\mission.o
kbit                0x4               C:\Users\nozomi\Desktop\20131108\20120510\Release\rx_protcol_inv.o
ena_mywdt           0x3               C:\Users\nozomi\Desktop\20131108\20120510\Release\teleme.o
itu1_cnt            0x4               C:\Users\nozomi\Desktop\20131108\20120510\Release\teleme.o
ena_dteleme         0x3               C:\Users\nozomi\Desktop\20131108\20120510\Release\teleme.o
flag_ateleme        0x3               C:\Users\nozomi\Desktop\20131108\20120510\Release\teleme.o
ena_misst           0x3               C:\Users\nozomi\Desktop\20131108\20120510\Release\mission.o
mission_cnt         0x4               C:\Users\nozomi\Desktop\20131108\20120510\Release\mission.o
time                0x4               C:\Users\nozomi\Desktop\20131108\20120510\Release\timer.o
flag_sms            0x3               C:\Users\nozomi\Desktop\20131108\20120510\Release\mission.o
FmPreamble          0x4               C:\Users\nozomi\Desktop\20131108\20120510\Release\rx.o
command_M           0x78              C:\Users\nozomi\Desktop\20131108\20120510\Release\command.o
stuff               0x1               C:\Users\nozomi\Desktop\20131108\20120510\Release\rx.o
info_length         0x4               C:\Users\nozomi\Desktop\20131108\20120510\Release\rx_protcol_inv.o
fcsflag_send_fm     0x1               C:\Users\nozomi\Desktop\20131108\20120510\Release\rx.o
ena_ad              0x3               C:\Users\nozomi\Desktop\20131108\20120510\Release\teleme.o
fcshi               0x1               C:\Users\nozomi\Desktop\20131108\20120510\Release\rx_protcol_inv.o
flag_oteleme        0x3               C:\Users\nozomi\Desktop\20131108\20120510\Release\teleme.o
flag_rteleme        0x3               C:\Users\nozomi\Desktop\20131108\20120510\Release\teleme.o
flag_alive          0x3               C:\Users\nozomi\Desktop\20131108\20120510\Release\pwr.o
ena_dispAD          0x3               C:\Users\nozomi\Desktop\20131108\20120510\Release\teleme.o
FM_sender_num       0x1               C:\Users\nozomi\Desktop\20131108\20120510\Release\rx.o
mpx                 0x20              C:\Users\nozomi\Desktop\20131108\20120510\Release\teleme.o
flag_scirx          0x3               C:\Users\nozomi\Desktop\20131108\20120510\Release\message.o
status              0x7f              C:\Users\nozomi\Desktop\20131108\20120510\Release\teleme.o
FM_buffer_num       0x1               C:\Users\nozomi\Desktop\20131108\20120510\Release\rx.o
FM_buffer           0xc00             C:\Users\nozomi\Desktop\20131108\20120510\Release\rx.o
flag_misst          0x3               C:\Users\nozomi\Desktop\20131108\20120510\Release\mission.o
command_L           0x78              C:\Users\nozomi\Desktop\20131108\20120510\Release\command.o
ena_oteleme         0x3               C:\Users\nozomi\Desktop\20131108\20120510\Release\teleme.o
message_global      0xcc              C:\Users\nozomi\Desktop\20131108\20120510\Release\teleme.o
DT_mode             0x1               C:\Users\nozomi\Desktop\20131108\20120510\Release\rx.o
FM_mode             0x1               C:\Users\nozomi\Desktop\20131108\20120510\Release\rx.o

Memory Configuration

Name             Origin             Length             Attributes
*default*        0x00000000         0xffffffff

Linker script and memory map


.vects          0x00000000      0x100
 *(.vects)
 .vects         0x00000000      0x100 C:\Users\nozomi\Desktop\20131108\20120510\Release\vects.o
                0x00000000                HardwareVectors

.text           0x00000400     0xa5b0
 *(.text)
 .text          0x00000400        0x0 C:\Users\nozomi\Desktop\20131108\20120510\Release\vects.o
 .text          0x00000400        0x0 C:\Users\nozomi\Desktop\20131108\20120510\Release\timer.o
 .text          0x00000400        0x0 C:\Users\nozomi\Desktop\20131108\20120510\Release\teleme.o
 .text          0x00000400       0x4e C:\Users\nozomi\Desktop\20131108\20120510\Release\start.o
                0x00000400                start
 .text          0x0000044e        0x0 C:\Users\nozomi\Desktop\20131108\20120510\Release\sci_util.o
 .text          0x0000044e        0x0 C:\Users\nozomi\Desktop\20131108\20120510\Release\sci2.o
 .text          0x0000044e        0x0 C:\Users\nozomi\Desktop\20131108\20120510\Release\sci1.o
 .text          0x0000044e        0x0 C:\Users\nozomi\Desktop\20131108\20120510\Release\sci0.o
 .text          0x0000044e        0x0 C:\Users\nozomi\Desktop\20131108\20120510\Release\rx_protcol_inv.o
 .text          0x0000044e        0x0 C:\Users\nozomi\Desktop\20131108\20120510\Release\rx_pll_inv.o
 .text          0x0000044e        0x0 C:\Users\nozomi\Desktop\20131108\20120510\Release\rx.o
 .text          0x0000044e        0x0 C:\Users\nozomi\Desktop\20131108\20120510\Release\pwr.o
 .text          0x0000044e        0x0 C:\Users\nozomi\Desktop\20131108\20120510\Release\put_status.o
 .text          0x0000044e        0x0 C:\Users\nozomi\Desktop\20131108\20120510\Release\mission.o
 .text          0x0000044e        0x0 C:\Users\nozomi\Desktop\20131108\20120510\Release\message.o
 .text          0x0000044e        0x0 C:\Users\nozomi\Desktop\20131108\20120510\Release\itu1.o
 .text          0x0000044e        0x0 C:\Users\nozomi\Desktop\20131108\20120510\Release\itu0.o
 .text          0x0000044e        0x0 C:\Users\nozomi\Desktop\20131108\20120510\Release\inthandler.o
 .text          0x0000044e        0x0 C:\Users\nozomi\Desktop\20131108\20120510\Release\init.o
 .text          0x0000044e        0x0 C:\Users\nozomi\Desktop\20131108\20120510\Release\iic2.o
 .text          0x0000044e        0x0 C:\Users\nozomi\Desktop\20131108\20120510\Release\iic1.o
 .text          0x0000044e        0x0 C:\Users\nozomi\Desktop\20131108\20120510\Release\iic0.o
 .text          0x0000044e        0x0 C:\Users\nozomi\Desktop\20131108\20120510\Release\hwinit.o
 .text          0x0000044e        0x0 C:\Users\nozomi\Desktop\20131108\20120510\Release\global.o
 .text          0x0000044e        0x0 C:\Users\nozomi\Desktop\20131108\20120510\Release\fm_tx.o
 .text          0x0000044e        0x0 C:\Users\nozomi\Desktop\20131108\20120510\Release\fm_ptt.o
 .text          0x0000044e        0x0 C:\Users\nozomi\Desktop\20131108\20120510\Release\fm_pllcontrol.o
 .text          0x0000044e        0x0 C:\Users\nozomi\Desktop\20131108\20120510\Release\debug.o
 .text          0x0000044e        0x0 C:\Users\nozomi\Desktop\20131108\20120510\Release\command.o
 .text          0x0000044e        0x0 C:\Users\nozomi\Desktop\20131108\20120510\Release\comm_buffer.o
 .text          0x0000044e        0x0 C:\Users\nozomi\Desktop\20131108\20120510\Release\adconv.o
 .text          0x0000044e        0x0 C:\Users\nozomi\Desktop\20131108\20120510\Release\20120510.o
 .text          0x0000044e        0x0 C:\Users\nozomi\Desktop\20131108\20120510\Release\lib20131108.a(newfree.o)
 .text          0x0000044e        0x0 C:\Users\nozomi\Desktop\20131108\20120510\Release\lib20131108.a(newheap.o)
 .text          0x0000044e        0x0 C:\Users\nozomi\Desktop\20131108\20120510\Release\lib20131108.a(newmalloc.o)
 *fill*         0x0000044e        0x2 00
 .text          0x00000450       0x8c c:\program files\renesas\hew\tools\kpit\gnuh8-elf\v12.01\h8300-elf\lib\gcc\h8300-elf\4.6-GNUH8_v12.01\h8300h\int32\libgcc.a(_divsi3.o)
                0x00000472                __modsi3
                0x0000047e                __umodsi3
                0x00000484                __divsi3
                0x0000049a                __udivsi3
 .text          0x000004dc       0x18 c:\program files\renesas\hew\tools\kpit\gnuh8-elf\v12.01\h8300-elf\lib\gcc\h8300-elf\4.6-GNUH8_v12.01\h8300h\int32\libgcc.a(_mulsi3.o)
                0x000004dc                __mulsi3
 *(.text.*)
 .text.delay_ms
                0x000004f4       0x48 C:\Users\nozomi\Desktop\20131108\20120510\Release\timer.o
                0x000004f4                delay_ms
 .text.delay_us
                0x0000053c       0x34 C:\Users\nozomi\Desktop\20131108\20120510\Release\timer.o
                0x0000053c                delay_us
 .text.delay_us_rx
                0x00000570       0x42 C:\Users\nozomi\Desktop\20131108\20120510\Release\timer.o
                0x00000570                delay_us_rx
 .text.InitTelemetry
                0x000005b2       0x40 C:\Users\nozomi\Desktop\20131108\20120510\Release\teleme.o
                0x000005b2                InitTelemetry
 .text.SetTelemetry_Rough
                0x000005f2      0x24e C:\Users\nozomi\Desktop\20131108\20120510\Release\teleme.o
                0x000005f2                SetTelemetry_Rough
 .text.SetTelemetry_Detail
                0x00000840      0x24e C:\Users\nozomi\Desktop\20131108\20120510\Release\teleme.o
                0x00000840                SetTelemetry_Detail
 .text.SetTelemetry_API
                0x00000a8e      0x1f4 C:\Users\nozomi\Desktop\20131108\20120510\Release\teleme.o
                0x00000a8e                SetTelemetry_API
 .text.SetTelemetry_Initial
                0x00000c82       0xbc C:\Users\nozomi\Desktop\20131108\20120510\Release\teleme.o
                0x00000c82                SetTelemetry_Initial
 .text.OBC_Majority
                0x00000d3e       0x2c C:\Users\nozomi\Desktop\20131108\20120510\Release\teleme.o
                0x00000d3e                OBC_Majority
 .text.Error_Majority
                0x00000d6a       0x2e C:\Users\nozomi\Desktop\20131108\20120510\Release\teleme.o
                0x00000d6a                Error_Majority
 .text.Read_Initial
                0x00000d98      0x256 C:\Users\nozomi\Desktop\20131108\20120510\Release\teleme.o
                0x00000d98                Read_Initial
 .text.debug_sci_init
                0x00000fee       0x2a C:\Users\nozomi\Desktop\20131108\20120510\Release\sci_util.o
                0x00000fee                debug_sci_init
 .text.debug_putc
                0x00001018       0x10 C:\Users\nozomi\Desktop\20131108\20120510\Release\sci_util.o
                0x00001018                debug_putc
 .text.debug_puts
                0x00001028       0x10 C:\Users\nozomi\Desktop\20131108\20120510\Release\sci_util.o
                0x00001028                debug_puts
 .text.debug_getc
                0x00001038       0x10 C:\Users\nozomi\Desktop\20131108\20120510\Release\sci_util.o
                0x00001038                debug_getc
 .text.debug_puthex
                0x00001048       0x28 C:\Users\nozomi\Desktop\20131108\20120510\Release\sci_util.o
                0x00001048                debug_puthex
 .text.debug_putdec
                0x00001070       0x10 C:\Users\nozomi\Desktop\20131108\20120510\Release\sci_util.o
                0x00001070                debug_putdec
 .text.HexToAscii
                0x00001080       0x16 C:\Users\nozomi\Desktop\20131108\20120510\Release\sci_util.o
                0x00001080                HexToAscii
 .text.sci2_init
                0x00001096       0x80 C:\Users\nozomi\Desktop\20131108\20120510\Release\sci2.o
                0x00001096                sci2_init
 .text.sci2_putc
                0x00001116       0x72 C:\Users\nozomi\Desktop\20131108\20120510\Release\sci2.o
                0x00001116                sci2_putc
 .text.sci2_puthex
                0x00001188       0x38 C:\Users\nozomi\Desktop\20131108\20120510\Release\sci2.o
                0x00001188                sci2_puthex
 .text.sci2_putdec
                0x000011c0       0xbc C:\Users\nozomi\Desktop\20131108\20120510\Release\sci2.o
                0x000011c0                sci2_putdec
 .text.sci2_putdoublehex
                0x0000127c       0x24 C:\Users\nozomi\Desktop\20131108\20120510\Release\sci2.o
                0x0000127c                sci2_putdoublehex
 .text.sci2_putfourhex
                0x000012a0       0x24 C:\Users\nozomi\Desktop\20131108\20120510\Release\sci2.o
                0x000012a0                sci2_putfourhex
 .text.sci2_putcrlf
                0x000012c4       0x18 C:\Users\nozomi\Desktop\20131108\20120510\Release\sci2.o
                0x000012c4                sci2_putcrlf
 .text.sci2_puts
                0x000012dc       0x3a C:\Users\nozomi\Desktop\20131108\20120510\Release\sci2.o
                0x000012dc                sci2_puts
 .text.sci2_getc
                0x00001316       0x64 C:\Users\nozomi\Desktop\20131108\20120510\Release\sci2.o
                0x00001316                sci2_getc
 .text.INT_ERI2
                0x0000137a       0x1a C:\Users\nozomi\Desktop\20131108\20120510\Release\sci2.o
                0x0000137a                INT_ERI2
 .text.INT_RXI2
                0x00001394       0x6c C:\Users\nozomi\Desktop\20131108\20120510\Release\sci2.o
                0x00001394                INT_RXI2
 .text.INT_TXI2
                0x00001400       0x88 C:\Users\nozomi\Desktop\20131108\20120510\Release\sci2.o
                0x00001400                INT_TXI2
 .text.INT_TEI2
                0x00001488       0x1a C:\Users\nozomi\Desktop\20131108\20120510\Release\sci2.o
                0x00001488                INT_TEI2
 .text.sci1_init
                0x000014a2       0x80 C:\Users\nozomi\Desktop\20131108\20120510\Release\sci1.o
                0x000014a2                sci1_init
 .text.sci1_putc
                0x00001522       0x72 C:\Users\nozomi\Desktop\20131108\20120510\Release\sci1.o
                0x00001522                sci1_putc
 .text.sci1_puthex
                0x00001594       0x38 C:\Users\nozomi\Desktop\20131108\20120510\Release\sci1.o
                0x00001594                sci1_puthex
 .text.sci1_putdec
                0x000015cc       0xbc C:\Users\nozomi\Desktop\20131108\20120510\Release\sci1.o
                0x000015cc                sci1_putdec
 .text.sci1_putdoublehex
                0x00001688       0x24 C:\Users\nozomi\Desktop\20131108\20120510\Release\sci1.o
                0x00001688                sci1_putdoublehex
 .text.sci1_putfourhex
                0x000016ac       0x24 C:\Users\nozomi\Desktop\20131108\20120510\Release\sci1.o
                0x000016ac                sci1_putfourhex
 .text.sci1_putcrlf
                0x000016d0       0x18 C:\Users\nozomi\Desktop\20131108\20120510\Release\sci1.o
                0x000016d0                sci1_putcrlf
 .text.sci1_puts
                0x000016e8       0x3a C:\Users\nozomi\Desktop\20131108\20120510\Release\sci1.o
                0x000016e8                sci1_puts
 .text.sci1_getc
                0x00001722       0x64 C:\Users\nozomi\Desktop\20131108\20120510\Release\sci1.o
                0x00001722                sci1_getc
 .text.INT_ERI1
                0x00001786       0x1a C:\Users\nozomi\Desktop\20131108\20120510\Release\sci1.o
                0x00001786                INT_ERI1
 .text.sci1_puts_rx
                0x000017a0      0x10c C:\Users\nozomi\Desktop\20131108\20120510\Release\sci1.o
                0x000017a0                sci1_puts_rx
 .text.INT_RXI1
                0x000018ac       0x6c C:\Users\nozomi\Desktop\20131108\20120510\Release\sci1.o
                0x000018ac                INT_RXI1
 .text.INT_TXI1
                0x00001918       0x88 C:\Users\nozomi\Desktop\20131108\20120510\Release\sci1.o
                0x00001918                INT_TXI1
 .text.INT_TEI1
                0x000019a0       0x1a C:\Users\nozomi\Desktop\20131108\20120510\Release\sci1.o
                0x000019a0                INT_TEI1
 .text.sci0_init
                0x000019ba       0x80 C:\Users\nozomi\Desktop\20131108\20120510\Release\sci0.o
                0x000019ba                sci0_init
 .text.sci0_putc
                0x00001a3a       0x72 C:\Users\nozomi\Desktop\20131108\20120510\Release\sci0.o
                0x00001a3a                sci0_putc
 .text.sci0_puthex
                0x00001aac       0x38 C:\Users\nozomi\Desktop\20131108\20120510\Release\sci0.o
                0x00001aac                sci0_puthex
 .text.sci0_putdec
                0x00001ae4       0xbc C:\Users\nozomi\Desktop\20131108\20120510\Release\sci0.o
                0x00001ae4                sci0_putdec
 .text.sci0_putdoublehex
                0x00001ba0       0x24 C:\Users\nozomi\Desktop\20131108\20120510\Release\sci0.o
                0x00001ba0                sci0_putdoublehex
 .text.sci0_putfourhex
                0x00001bc4       0x24 C:\Users\nozomi\Desktop\20131108\20120510\Release\sci0.o
                0x00001bc4                sci0_putfourhex
 .text.sci0_putcrlf
                0x00001be8       0x18 C:\Users\nozomi\Desktop\20131108\20120510\Release\sci0.o
                0x00001be8                sci0_putcrlf
 .text.sci0_puts
                0x00001c00       0x3a C:\Users\nozomi\Desktop\20131108\20120510\Release\sci0.o
                0x00001c00                sci0_puts
 .text.sci0_getc
                0x00001c3a       0x64 C:\Users\nozomi\Desktop\20131108\20120510\Release\sci0.o
                0x00001c3a                sci0_getc
 .text.INT_ERI0
                0x00001c9e       0x1a C:\Users\nozomi\Desktop\20131108\20120510\Release\sci0.o
                0x00001c9e                INT_ERI0
 .text.INT_RXI0
                0x00001cb8       0x6c C:\Users\nozomi\Desktop\20131108\20120510\Release\sci0.o
                0x00001cb8                INT_RXI0
 .text.INT_TXI0
                0x00001d24       0x88 C:\Users\nozomi\Desktop\20131108\20120510\Release\sci0.o
                0x00001d24                INT_TXI0
 .text.INT_TEI0
                0x00001dac       0x1a C:\Users\nozomi\Desktop\20131108\20120510\Release\sci0.o
                0x00001dac                INT_TEI0
 .text.init_itu
                0x00001dc6       0x24 C:\Users\nozomi\Desktop\20131108\20120510\Release\rx_protcol_inv.o
                0x00001dc6                init_itu
 .text.bitin    0x00001dea       0x82 C:\Users\nozomi\Desktop\20131108\20120510\Release\rx_protcol_inv.o
                0x00001dea                bitin
 .text.get_byte
                0x00001e6c       0xf0 C:\Users\nozomi\Desktop\20131108\20120510\Release\rx_protcol_inv.o
                0x00001e6c                get_byte
 .text.get_buff
                0x00001f5c      0x118 C:\Users\nozomi\Desktop\20131108\20120510\Release\rx_protcol_inv.o
                0x00001f5c                get_buff
 .text.precrc_bit
                0x00002074       0x30 C:\Users\nozomi\Desktop\20131108\20120510\Release\rx_protcol_inv.o
                0x00002074                precrc_bit
 .text.crc_length
                0x000020a4       0x2c C:\Users\nozomi\Desktop\20131108\20120510\Release\rx_protcol_inv.o
                0x000020a4                crc_length
 .text.Ax_to_info
                0x000020d0      0x1c0 C:\Users\nozomi\Desktop\20131108\20120510\Release\rx_protcol_inv.o
                0x000020d0                Ax_to_info
 .text.get_data
                0x00002290      0x10a C:\Users\nozomi\Desktop\20131108\20120510\Release\rx_protcol_inv.o
                0x00002290                get_data
 .text.rx_init  0x0000239a       0x56 C:\Users\nozomi\Desktop\20131108\20120510\Release\rx_protcol_inv.o
                0x0000239a                rx_init
 .text.out_bit  0x000023f0       0x34 C:\Users\nozomi\Desktop\20131108\20120510\Release\rx_pll_inv.o
                0x000023f0                out_bit
 .text.strobe   0x00002424       0x34 C:\Users\nozomi\Desktop\20131108\20120510\Release\rx_pll_inv.o
                0x00002424                strobe
 .text.out_bits
                0x00002458       0x44 C:\Users\nozomi\Desktop\20131108\20120510\Release\rx_pll_inv.o
                0x00002458                out_bits
 .text.set_reference_divider
                0x0000249c       0x2a C:\Users\nozomi\Desktop\20131108\20120510\Release\rx_pll_inv.o
                0x0000249c                set_reference_divider
 .text.set_option_register
                0x000024c6       0x7e C:\Users\nozomi\Desktop\20131108\20120510\Release\rx_pll_inv.o
                0x000024c6                set_option_register
 .text.set_programmable_divider
                0x00002544       0x3c C:\Users\nozomi\Desktop\20131108\20120510\Release\rx_pll_inv.o
                0x00002544                set_programmable_divider
 .text.pll_init_rx
                0x00002580       0x5a C:\Users\nozomi\Desktop\20131108\20120510\Release\rx_pll_inv.o
                0x00002580                pll_init_rx
 .text.check_rx_working
                0x000025da       0x42 C:\Users\nozomi\Desktop\20131108\20120510\Release\rx.o
                0x000025da                check_rx_working
 .text.RX       0x0000261c       0x5a C:\Users\nozomi\Desktop\20131108\20120510\Release\rx.o
                0x0000261c                RX
 .text.InitPowerTelemetry
                0x00002676       0x22 C:\Users\nozomi\Desktop\20131108\20120510\Release\pwr.o
                0x00002676                InitPowerTelemetry
 .text.RequestPowerTelemetry
                0x00002698       0x18 C:\Users\nozomi\Desktop\20131108\20120510\Release\pwr.o
                0x00002698                RequestPowerTelemetry
 .text.UpdatePowerTelemetry
                0x000026b0       0xae C:\Users\nozomi\Desktop\20131108\20120510\Release\pwr.o
                0x000026b0                UpdatePowerTelemetry
 .text.RequestMainShutdown
                0x0000275e       0x3a C:\Users\nozomi\Desktop\20131108\20120510\Release\pwr.o
                0x0000275e                RequestMainShutdown
 .text.SendHDRtoPIC
                0x00002798       0x18 C:\Users\nozomi\Desktop\20131108\20120510\Release\pwr.o
                0x00002798                SendHDRtoPIC
 .text.SendHDStoPIC
                0x000027b0       0x18 C:\Users\nozomi\Desktop\20131108\20120510\Release\pwr.o
                0x000027b0                SendHDStoPIC
 .text.SendStatusToGS
                0x000027c8      0x2b2 C:\Users\nozomi\Desktop\20131108\20120510\Release\put_status.o
                0x000027c8                SendStatusToGS
 .text.SendTelemetryToGS
                0x00002a7a        0xe C:\Users\nozomi\Desktop\20131108\20120510\Release\put_status.o
                0x00002a7a                SendTelemetryToGS
 .text.PutOut_Rough
                0x00002a88      0x204 C:\Users\nozomi\Desktop\20131108\20120510\Release\put_status.o
                0x00002a88                PutOut_Rough
 .text.PutOut_Detail
                0x00002c8c      0x1e4 C:\Users\nozomi\Desktop\20131108\20120510\Release\put_status.o
                0x00002c8c                PutOut_Detail
 .text.PutOut_API
                0x00002e70      0x206 C:\Users\nozomi\Desktop\20131108\20120510\Release\put_status.o
                0x00002e70                PutOut_API
 .text.PutOut_Initial
                0x00003076      0x1c6 C:\Users\nozomi\Desktop\20131108\20120510\Release\put_status.o
                0x00003076                PutOut_Initial
 .text.InitMissionTelemetry
                0x0000323c       0x18 C:\Users\nozomi\Desktop\20131108\20120510\Release\mission.o
                0x0000323c                InitMissionTelemetry
 .text.SendMissionTelemetry
                0x00003254      0x18a C:\Users\nozomi\Desktop\20131108\20120510\Release\mission.o
                0x00003254                SendMissionTelemetry
 .text.RequestMissionReboot
                0x000033de       0x5c C:\Users\nozomi\Desktop\20131108\20120510\Release\mission.o
                0x000033de                RequestMissionReboot
 .text.ScheduledRequestMissionReboot
                0x0000343a      0x2c8 C:\Users\nozomi\Desktop\20131108\20120510\Release\mission.o
                0x0000343a                ScheduledRequestMissionReboot
 .text.ScheduledRequestMissionSwitch
                0x00003702      0x49e C:\Users\nozomi\Desktop\20131108\20120510\Release\mission.o
                0x00003702                ScheduledRequestMissionSwitch
 .text.RequestMissionShutdown
                0x00003ba0       0x64 C:\Users\nozomi\Desktop\20131108\20120510\Release\mission.o
                0x00003ba0                RequestMissionShutdown
 .text.PronounceMissionAbort
                0x00003c04       0x48 C:\Users\nozomi\Desktop\20131108\20120510\Release\mission.o
                0x00003c04                PronounceMissionAbort
 .text.itu2_init
                0x00003c4c       0x44 C:\Users\nozomi\Desktop\20131108\20120510\Release\mission.o
                0x00003c4c                itu2_init
 .text.INT_IMIA2
                0x00003c90       0xa6 C:\Users\nozomi\Desktop\20131108\20120510\Release\mission.o
                0x00003c90                INT_IMIA2
 .text.CheckNowTime
                0x00003d36      0x13e C:\Users\nozomi\Desktop\20131108\20120510\Release\mission.o
                0x00003d36                CheckNowTime
 .text.DegitalkerON
                0x00003e74       0x44 C:\Users\nozomi\Desktop\20131108\20120510\Release\mission.o
                0x00003e74                DegitalkerON
 .text.DegitalkerOFF
                0x00003eb8       0x3c C:\Users\nozomi\Desktop\20131108\20120510\Release\mission.o
                0x00003eb8                DegitalkerOFF
 .text.InitMessage
                0x00003ef4       0x18 C:\Users\nozomi\Desktop\20131108\20120510\Release\message.o
                0x00003ef4                InitMessage
 .text.SplitMessage_SCI0
                0x00003f0c      0x242 C:\Users\nozomi\Desktop\20131108\20120510\Release\message.o
                0x00003f0c                SplitMessage_SCI0
 .text.SplitMessage_SCI1
                0x0000414e      0x30c C:\Users\nozomi\Desktop\20131108\20120510\Release\message.o
                0x0000414e                SplitMessage_SCI1
 .text.SplitMessage_SCI2
                0x0000445a      0x32c C:\Users\nozomi\Desktop\20131108\20120510\Release\message.o
                0x0000445a                SplitMessage_SCI2
 .text.RecognizeCommand
                0x00004786      0x316 C:\Users\nozomi\Desktop\20131108\20120510\Release\message.o
                0x00004786                RecognizeCommand
 .text.RecognizeMissionCommand
                0x00004a9c      0x31a C:\Users\nozomi\Desktop\20131108\20120510\Release\message.o
                0x00004a9c                RecognizeMissionCommand
 .text.FindCommand
                0x00004db6       0x22 C:\Users\nozomi\Desktop\20131108\20120510\Release\message.o
                0x00004db6                FindCommand
 .text.TransmitMessage
                0x00004dd8       0x3a C:\Users\nozomi\Desktop\20131108\20120510\Release\message.o
                0x00004dd8                TransmitMessage
 .text.TransmitDigitalker
                0x00004e12       0x3c C:\Users\nozomi\Desktop\20131108\20120510\Release\message.o
                0x00004e12                TransmitDigitalker
 .text.InitPLL  0x00004e4e       0x84 C:\Users\nozomi\Desktop\20131108\20120510\Release\message.o
                0x00004e4e                InitPLL
 .text.SendMessage
                0x00004ed2      0x1fa C:\Users\nozomi\Desktop\20131108\20120510\Release\message.o
                0x00004ed2                SendMessage
 .text.FinishSendMessage
                0x000050cc       0x3c C:\Users\nozomi\Desktop\20131108\20120510\Release\message.o
                0x000050cc                FinishSendMessage
 .text.FinishCommunication
                0x00005108       0x88 C:\Users\nozomi\Desktop\20131108\20120510\Release\message.o
                0x00005108                FinishCommunication
 .text.SendStatusMessage
                0x00005190      0x290 C:\Users\nozomi\Desktop\20131108\20120510\Release\message.o
                0x00005190                SendStatusMessage
 .text.CheckPowerReply
                0x00005420       0x34 C:\Users\nozomi\Desktop\20131108\20120510\Release\message.o
                0x00005420                CheckPowerReply
 .text.itu1_init
                0x00005454       0x5e C:\Users\nozomi\Desktop\20131108\20120510\Release\itu1.o
                0x00005454                itu1_init
 .text.INT_IMIA1
                0x000054b2      0x346 C:\Users\nozomi\Desktop\20131108\20120510\Release\itu1.o
                0x000054b2                INT_IMIA1
 .text.itu0_init
                0x000057f8       0x40 C:\Users\nozomi\Desktop\20131108\20120510\Release\itu0.o
                0x000057f8                itu0_init
 .text.INT_IMIA0
                0x00005838       0x2a C:\Users\nozomi\Desktop\20131108\20120510\Release\itu0.o
                0x00005838                INT_IMIA0
 .text.INT_IMIB0
                0x00005862       0x2a C:\Users\nozomi\Desktop\20131108\20120510\Release\itu0.o
                0x00005862                INT_IMIB0
 .text.INT_NMI  0x0000588c        0xc C:\Users\nozomi\Desktop\20131108\20120510\Release\inthandler.o
                0x0000588c                INT_NMI
 .text.INT_TRAP1
                0x00005898        0xc C:\Users\nozomi\Desktop\20131108\20120510\Release\inthandler.o
                0x00005898                INT_TRAP1
 .text.INT_TRAP2
                0x000058a4        0xc C:\Users\nozomi\Desktop\20131108\20120510\Release\inthandler.o
                0x000058a4                INT_TRAP2
 .text.INT_TRAP3
                0x000058b0        0xc C:\Users\nozomi\Desktop\20131108\20120510\Release\inthandler.o
                0x000058b0                INT_TRAP3
 .text.INT_TRAP4
                0x000058bc        0xc C:\Users\nozomi\Desktop\20131108\20120510\Release\inthandler.o
                0x000058bc                INT_TRAP4
 .text.INT_IRQ0
                0x000058c8        0xc C:\Users\nozomi\Desktop\20131108\20120510\Release\inthandler.o
                0x000058c8                INT_IRQ0
 .text.INT_IRQ1
                0x000058d4        0xc C:\Users\nozomi\Desktop\20131108\20120510\Release\inthandler.o
                0x000058d4                INT_IRQ1
 .text.INT_IRQ2
                0x000058e0        0xc C:\Users\nozomi\Desktop\20131108\20120510\Release\inthandler.o
                0x000058e0                INT_IRQ2
 .text.INT_IRQ3
                0x000058ec        0xc C:\Users\nozomi\Desktop\20131108\20120510\Release\inthandler.o
                0x000058ec                INT_IRQ3
 .text.INT_IRQ4
                0x000058f8        0xc C:\Users\nozomi\Desktop\20131108\20120510\Release\inthandler.o
                0x000058f8                INT_IRQ4
 .text.INT_IRQ5
                0x00005904        0xc C:\Users\nozomi\Desktop\20131108\20120510\Release\inthandler.o
                0x00005904                INT_IRQ5
 .text.INT_WOVI
                0x00005910        0xc C:\Users\nozomi\Desktop\20131108\20120510\Release\inthandler.o
                0x00005910                INT_WOVI
 .text.INT_CMI  0x0000591c        0xc C:\Users\nozomi\Desktop\20131108\20120510\Release\inthandler.o
                0x0000591c                INT_CMI
 .text.INT_ADI  0x00005928        0xc C:\Users\nozomi\Desktop\20131108\20120510\Release\inthandler.o
                0x00005928                INT_ADI
 .text.INT_OVI0
                0x00005934        0xc C:\Users\nozomi\Desktop\20131108\20120510\Release\inthandler.o
                0x00005934                INT_OVI0
 .text.INT_IMIB1
                0x00005940        0xc C:\Users\nozomi\Desktop\20131108\20120510\Release\inthandler.o
                0x00005940                INT_IMIB1
 .text.INT_OVI1
                0x0000594c        0xc C:\Users\nozomi\Desktop\20131108\20120510\Release\inthandler.o
                0x0000594c                INT_OVI1
 .text.INT_IMIB2
                0x00005958        0xc C:\Users\nozomi\Desktop\20131108\20120510\Release\inthandler.o
                0x00005958                INT_IMIB2
 .text.INT_OVI2
                0x00005964        0xc C:\Users\nozomi\Desktop\20131108\20120510\Release\inthandler.o
                0x00005964                INT_OVI2
 .text.INT_CMIA0
                0x00005970        0xc C:\Users\nozomi\Desktop\20131108\20120510\Release\inthandler.o
                0x00005970                INT_CMIA0
 .text.INT_CMIB0
                0x0000597c        0xc C:\Users\nozomi\Desktop\20131108\20120510\Release\inthandler.o
                0x0000597c                INT_CMIB0
 .text.INT_CMIA1B1
                0x00005988        0xc C:\Users\nozomi\Desktop\20131108\20120510\Release\inthandler.o
                0x00005988                INT_CMIA1B1
 .text.INT_TOVI0_1
                0x00005994        0xc C:\Users\nozomi\Desktop\20131108\20120510\Release\inthandler.o
                0x00005994                INT_TOVI0_1
 .text.INT_CMIA2
                0x000059a0        0xc C:\Users\nozomi\Desktop\20131108\20120510\Release\inthandler.o
                0x000059a0                INT_CMIA2
 .text.INT_CMIB2
                0x000059ac        0xc C:\Users\nozomi\Desktop\20131108\20120510\Release\inthandler.o
                0x000059ac                INT_CMIB2
 .text.INT_CMIA3B3
                0x000059b8        0xc C:\Users\nozomi\Desktop\20131108\20120510\Release\inthandler.o
                0x000059b8                INT_CMIA3B3
 .text.INT_TOVI2_3
                0x000059c4        0xc C:\Users\nozomi\Desktop\20131108\20120510\Release\inthandler.o
                0x000059c4                INT_TOVI2_3
 .text.INT_DEND0A
                0x000059d0        0xc C:\Users\nozomi\Desktop\20131108\20120510\Release\inthandler.o
                0x000059d0                INT_DEND0A
 .text.INT_DEND0B
                0x000059dc        0xc C:\Users\nozomi\Desktop\20131108\20120510\Release\inthandler.o
                0x000059dc                INT_DEND0B
 .text.INT_DEND1A
                0x000059e8        0xc C:\Users\nozomi\Desktop\20131108\20120510\Release\inthandler.o
                0x000059e8                INT_DEND1A
 .text.INT_DEND1B
                0x000059f4        0xc C:\Users\nozomi\Desktop\20131108\20120510\Release\inthandler.o
                0x000059f4                INT_DEND1B
 .text.Init_MyFunction
                0x00005a00      0x104 C:\Users\nozomi\Desktop\20131108\20120510\Release\init.o
                0x00005a00                Init_MyFunction
 .text.Init_Bus
                0x00005b04       0xb0 C:\Users\nozomi\Desktop\20131108\20120510\Release\init.o
                0x00005b04                Init_Bus
 .text.Init_Peripherals
                0x00005bb4       0x26 C:\Users\nozomi\Desktop\20131108\20120510\Release\init.o
                0x00005bb4                Init_Peripherals
 .text.IIC2_EEPWAIT
                0x00005bda       0x2a C:\Users\nozomi\Desktop\20131108\20120510\Release\iic2.o
                0x00005bda                IIC2_EEPWAIT
 .text.IIC2_WRITEB
                0x00005c04       0xce C:\Users\nozomi\Desktop\20131108\20120510\Release\iic2.o
 .text.IIC2_EEPSTART
                0x00005cd2       0xb2 C:\Users\nozomi\Desktop\20131108\20120510\Release\iic2.o
 .text.IIC2_READB
                0x00005d84       0xd8 C:\Users\nozomi\Desktop\20131108\20120510\Release\iic2.o
 .text.IIC2_EEPSTOP
                0x00005e5c       0x62 C:\Users\nozomi\Desktop\20131108\20120510\Release\iic2.o
                0x00005e5c                IIC2_EEPSTOP
 .text.IIC2_EEPRESET
                0x00005ebe       0x82 C:\Users\nozomi\Desktop\20131108\20120510\Release\iic2.o
                0x00005ebe                IIC2_EEPRESET
 .text.IIC2_EEPINIT
                0x00005f40       0x1a C:\Users\nozomi\Desktop\20131108\20120510\Release\iic2.o
                0x00005f40                IIC2_EEPINIT
 .text.IIC2_EEPCHANGE
                0x00005f5a       0x1c C:\Users\nozomi\Desktop\20131108\20120510\Release\iic2.o
                0x00005f5a                IIC2_EEPCHANGE
 .text.IIC2_EEPWRITE
                0x00005f76       0xa2 C:\Users\nozomi\Desktop\20131108\20120510\Release\iic2.o
                0x00005f76                IIC2_EEPWRITE
 .text.IIC2_EEPREAD
                0x00006018       0xde C:\Users\nozomi\Desktop\20131108\20120510\Release\iic2.o
                0x00006018                IIC2_EEPREAD
 .text.IIC1_EEPWAIT
                0x000060f6       0x2a C:\Users\nozomi\Desktop\20131108\20120510\Release\iic1.o
                0x000060f6                IIC1_EEPWAIT
 .text.IIC1_WRITEB
                0x00006120       0xce C:\Users\nozomi\Desktop\20131108\20120510\Release\iic1.o
 .text.IIC1_EEPSTART
                0x000061ee       0xb2 C:\Users\nozomi\Desktop\20131108\20120510\Release\iic1.o
 .text.IIC1_READB
                0x000062a0       0xda C:\Users\nozomi\Desktop\20131108\20120510\Release\iic1.o
 .text.IIC1_EEPSTOP
                0x0000637a       0x62 C:\Users\nozomi\Desktop\20131108\20120510\Release\iic1.o
                0x0000637a                IIC1_EEPSTOP
 .text.IIC1_EEPRESET
                0x000063dc       0x82 C:\Users\nozomi\Desktop\20131108\20120510\Release\iic1.o
                0x000063dc                IIC1_EEPRESET
 .text.IIC1_EEPINIT
                0x0000645e       0x1a C:\Users\nozomi\Desktop\20131108\20120510\Release\iic1.o
                0x0000645e                IIC1_EEPINIT
 .text.IIC1_EEPCHANGE
                0x00006478       0x1c C:\Users\nozomi\Desktop\20131108\20120510\Release\iic1.o
                0x00006478                IIC1_EEPCHANGE
 .text.IIC1_EEPWRITE
                0x00006494       0xa2 C:\Users\nozomi\Desktop\20131108\20120510\Release\iic1.o
                0x00006494                IIC1_EEPWRITE
 .text.IIC1_EEPREAD
                0x00006536       0xde C:\Users\nozomi\Desktop\20131108\20120510\Release\iic1.o
                0x00006536                IIC1_EEPREAD
 .text.IIC0_EEPWAIT
                0x00006614       0x2a C:\Users\nozomi\Desktop\20131108\20120510\Release\iic0.o
                0x00006614                IIC0_EEPWAIT
 .text.IIC0_WRITEB
                0x0000663e       0xcc C:\Users\nozomi\Desktop\20131108\20120510\Release\iic0.o
 .text.IIC0_EEPSTART
                0x0000670a       0xb2 C:\Users\nozomi\Desktop\20131108\20120510\Release\iic0.o
 .text.IIC0_READB
                0x000067bc       0xda C:\Users\nozomi\Desktop\20131108\20120510\Release\iic0.o
 .text.IIC0_EEPSTOP
                0x00006896       0x62 C:\Users\nozomi\Desktop\20131108\20120510\Release\iic0.o
                0x00006896                IIC0_EEPSTOP
 .text.IIC0_EEPRESET
                0x000068f8       0x82 C:\Users\nozomi\Desktop\20131108\20120510\Release\iic0.o
                0x000068f8                IIC0_EEPRESET
 .text.IIC0_EEPINIT
                0x0000697a       0x1a C:\Users\nozomi\Desktop\20131108\20120510\Release\iic0.o
                0x0000697a                IIC0_EEPINIT
 .text.IIC0_EEPCHANGE
                0x00006994       0x1c C:\Users\nozomi\Desktop\20131108\20120510\Release\iic0.o
                0x00006994                IIC0_EEPCHANGE
 .text.IIC0_EEPWRITE
                0x000069b0       0xa2 C:\Users\nozomi\Desktop\20131108\20120510\Release\iic0.o
                0x000069b0                IIC0_EEPWRITE
 .text.IIC0_EEPREAD
                0x00006a52       0xde C:\Users\nozomi\Desktop\20131108\20120510\Release\iic0.o
                0x00006a52                IIC0_EEPREAD
 .text.hw_initialise
                0x00006b30        0xc C:\Users\nozomi\Desktop\20131108\20120510\Release\hwinit.o
                0x00006b30                hw_initialise
 .text.InitStatus
                0x00006b3c      0x15e C:\Users\nozomi\Desktop\20131108\20120510\Release\global.o
                0x00006b3c                InitStatus
 .text.CheckFlags
                0x00006c9a       0x38 C:\Users\nozomi\Desktop\20131108\20120510\Release\global.o
                0x00006c9a                CheckFlags
 .text.ClearFlags
                0x00006cd2       0x18 C:\Users\nozomi\Desktop\20131108\20120510\Release\global.o
                0x00006cd2                ClearFlags
 .text.SetFlags
                0x00006cea       0x18 C:\Users\nozomi\Desktop\20131108\20120510\Release\global.o
                0x00006cea                SetFlags
 .text.InitRoutine
                0x00006d02       0x86 C:\Users\nozomi\Desktop\20131108\20120510\Release\global.o
                0x00006d02                InitRoutine
 .text.init_modem
                0x00006d88       0x26 C:\Users\nozomi\Desktop\20131108\20120510\Release\fm_tx.o
                0x00006d88                init_modem
 .text.init_fm  0x00006dae       0x36 C:\Users\nozomi\Desktop\20131108\20120510\Release\fm_tx.o
                0x00006dae                init_fm
 .text.delay_modem
                0x00006de4       0x12 C:\Users\nozomi\Desktop\20131108\20120510\Release\fm_tx.o
                0x00006de4                delay_modem
 .text.send_bit
                0x00006df6       0x42 C:\Users\nozomi\Desktop\20131108\20120510\Release\fm_tx.o
                0x00006df6                send_bit
 .text.crcbit   0x00006e38       0x60 C:\Users\nozomi\Desktop\20131108\20120510\Release\fm_tx.o
                0x00006e38                crcbit
 .text.send_byte
                0x00006e98       0x84 C:\Users\nozomi\Desktop\20131108\20120510\Release\fm_tx.o
                0x00006e98                send_byte
 .text.send_packet
                0x00006f1c       0x8c C:\Users\nozomi\Desktop\20131108\20120510\Release\fm_tx.o
                0x00006f1c                send_packet
 .text.AX_protocol
                0x00006fa8      0x27e C:\Users\nozomi\Desktop\20131108\20120510\Release\fm_tx.o
                0x00006fa8                AX_protocol
 .text.Ax_Send  0x00007226       0xb2 C:\Users\nozomi\Desktop\20131108\20120510\Release\fm_tx.o
                0x00007226                Ax_Send
 .text.TX       0x000072d8      0x18a C:\Users\nozomi\Desktop\20131108\20120510\Release\fm_tx.o
                0x000072d8                TX
 .text.on_off_ms
                0x00007462       0x70 C:\Users\nozomi\Desktop\20131108\20120510\Release\fm_tx.o
                0x00007462                on_off_ms
 .text.on_off_sec
                0x000074d2       0x8e C:\Users\nozomi\Desktop\20131108\20120510\Release\fm_tx.o
                0x000074d2                on_off_sec
 .text.on_off_us
                0x00007560       0x70 C:\Users\nozomi\Desktop\20131108\20120510\Release\fm_tx.o
                0x00007560                on_off_us
 .text.fmptt_on
                0x000075d0       0x18 C:\Users\nozomi\Desktop\20131108\20120510\Release\fm_ptt.o
                0x000075d0                fmptt_on
 .text.fmptt_off
                0x000075e8       0x10 C:\Users\nozomi\Desktop\20131108\20120510\Release\fm_ptt.o
                0x000075e8                fmptt_off
 .text.out_bit_fm
                0x000075f8       0x36 C:\Users\nozomi\Desktop\20131108\20120510\Release\fm_pllcontrol.o
                0x000075f8                out_bit_fm
 .text.strobe_fm
                0x0000762e       0x34 C:\Users\nozomi\Desktop\20131108\20120510\Release\fm_pllcontrol.o
                0x0000762e                strobe_fm
 .text.out_bits_fm
                0x00007662       0x42 C:\Users\nozomi\Desktop\20131108\20120510\Release\fm_pllcontrol.o
                0x00007662                out_bits_fm
 .text.set_reference_divider_fm
                0x000076a4       0x26 C:\Users\nozomi\Desktop\20131108\20120510\Release\fm_pllcontrol.o
                0x000076a4                set_reference_divider_fm
 .text.set_option_register_fm
                0x000076ca       0x7c C:\Users\nozomi\Desktop\20131108\20120510\Release\fm_pllcontrol.o
                0x000076ca                set_option_register_fm
 .text.set_programmable_divider_fm
                0x00007746       0x54 C:\Users\nozomi\Desktop\20131108\20120510\Release\fm_pllcontrol.o
                0x00007746                set_programmable_divider_fm
 .text.pll_init_fm
                0x0000779a       0x56 C:\Users\nozomi\Desktop\20131108\20120510\Release\fm_pllcontrol.o
                0x0000779a                pll_init_fm
 .text.set_pll_fm
                0x000077f0       0x5a C:\Users\nozomi\Desktop\20131108\20120510\Release\fm_pllcontrol.o
                0x000077f0                set_pll_fm
 .text.DebugMultiplexer
                0x0000784a      0x100 C:\Users\nozomi\Desktop\20131108\20120510\Release\debug.o
                0x0000784a                DebugMultiplexer
 .text.DebugPut_Status
                0x0000794a      0x236 C:\Users\nozomi\Desktop\20131108\20120510\Release\debug.o
                0x0000794a                DebugPut_Status
 .text.DebugEEPROM
                0x00007b80      0x398 C:\Users\nozomi\Desktop\20131108\20120510\Release\debug.o
                0x00007b80                DebugEEPROM
 .text.DebugPut_Rough
                0x00007f18      0x254 C:\Users\nozomi\Desktop\20131108\20120510\Release\debug.o
                0x00007f18                DebugPut_Rough
 .text.DebugPut_Detail
                0x0000816c      0x254 C:\Users\nozomi\Desktop\20131108\20120510\Release\debug.o
                0x0000816c                DebugPut_Detail
 .text.DebugPut_API
                0x000083c0      0x22a C:\Users\nozomi\Desktop\20131108\20120510\Release\debug.o
                0x000083c0                DebugPut_API
 .text.DebugPut_Initial
                0x000085ea      0x14a C:\Users\nozomi\Desktop\20131108\20120510\Release\debug.o
                0x000085ea                DebugPut_Initial
 .text.DebugPut_SharedROM
                0x00008734      0x298 C:\Users\nozomi\Desktop\20131108\20120510\Release\debug.o
                0x00008734                DebugPut_SharedROM
 .text.Debug_SharedROM
                0x000089cc      0x1da C:\Users\nozomi\Desktop\20131108\20120510\Release\debug.o
                0x000089cc                Debug_SharedROM
 .text.DebugWrite_SharedROM
                0x00008ba6      0x38a C:\Users\nozomi\Desktop\20131108\20120510\Release\debug.o
                0x00008ba6                DebugWrite_SharedROM
 .text.DisplayRoutine
                0x00008f30      0x1e6 C:\Users\nozomi\Desktop\20131108\20120510\Release\debug.o
                0x00008f30                DisplayRoutine
 .text.SetRoutine
                0x00009116      0x156 C:\Users\nozomi\Desktop\20131108\20120510\Release\debug.o
                0x00009116                SetRoutine
 .text.Check_PowerData
                0x0000926c       0x6c C:\Users\nozomi\Desktop\20131108\20120510\Release\debug.o
                0x0000926c                Check_PowerData
 .text.GetCommandID
                0x000092d8      0x3e8 C:\Users\nozomi\Desktop\20131108\20120510\Release\command.o
                0x000092d8                GetCommandID
 .text.GetMissionCommandID
                0x000096c0       0x4c C:\Users\nozomi\Desktop\20131108\20120510\Release\command.o
                0x000096c0                GetMissionCommandID
 .text.RegistCommand
                0x0000970c      0x322 C:\Users\nozomi\Desktop\20131108\20120510\Release\command.o
                0x0000970c                RegistCommand
 .text.RegistMissionCommand
                0x00009a2e      0x130 C:\Users\nozomi\Desktop\20131108\20120510\Release\command.o
                0x00009a2e                RegistMissionCommand
 .text.ExecuteCommand
                0x00009b5e      0x430 C:\Users\nozomi\Desktop\20131108\20120510\Release\command.o
                0x00009b5e                ExecuteCommand
 .text.comm_buffer_init
                0x00009f8e       0x3a C:\Users\nozomi\Desktop\20131108\20120510\Release\comm_buffer.o
                0x00009f8e                comm_buffer_init
 .text.adconv_init
                0x00009fc8       0x30 C:\Users\nozomi\Desktop\20131108\20120510\Release\adconv.o
                0x00009fc8                adconv_init
 .text.ami_switch
                0x00009ff8       0x34 C:\Users\nozomi\Desktop\20131108\20120510\Release\adconv.o
                0x00009ff8                ami_switch
 .text.mpx_switch
                0x0000a02c       0x88 C:\Users\nozomi\Desktop\20131108\20120510\Release\adconv.o
                0x0000a02c                mpx_switch
 .text.get_sensor
                0x0000a0b4      0x1da C:\Users\nozomi\Desktop\20131108\20120510\Release\adconv.o
                0x0000a0b4                get_sensor
 .text.check_overAmpare
                0x0000a28e       0x5c C:\Users\nozomi\Desktop\20131108\20120510\Release\adconv.o
                0x0000a28e                check_overAmpare
 .text.insertSpace
                0x0000a2ea       0x2e C:\Users\nozomi\Desktop\20131108\20120510\Release\adconv.o
                0x0000a2ea                insertSpace
 .text.disp_AD  0x0000a318       0xe0 C:\Users\nozomi\Desktop\20131108\20120510\Release\adconv.o
                0x0000a318                disp_AD
 .text.startup.main
                0x0000a3f8      0x406 C:\Users\nozomi\Desktop\20131108\20120510\Release\20120510.o
                0x0000a3f8                main
 .text.free     0x0000a7fe       0xc2 C:\Users\nozomi\Desktop\20131108\20120510\Release\lib20131108.a(newfree.o)
                0x0000a7fe                free
 .text._top_of_heap
                0x0000a8c0        0xe C:\Users\nozomi\Desktop\20131108\20120510\Release\lib20131108.a(newheap.o)
                0x0000a8c0                _top_of_heap
 .text._make_new_mem_hole
                0x0000a8ce       0x2e C:\Users\nozomi\Desktop\20131108\20120510\Release\lib20131108.a(newmalloc.o)
                0x0000a8ce                _make_new_mem_hole
 .text.malloc   0x0000a8fc       0xb4 C:\Users\nozomi\Desktop\20131108\20120510\Release\lib20131108.a(newmalloc.o)
                0x0000a8fc                malloc
                0x0000a9b0                etext = .

.init
 *(.init)

.fini
 *(.fini)

.got
 *(.got)
 *(.got.plt)

.rodata         0x0000a9b0      0xd11
 *(.rodata)
 *(.rodata.*)
 .rodata.str1.1
                0x0000a9b0       0x70 C:\Users\nozomi\Desktop\20131108\20120510\Release\teleme.o
                                 0x72 (size before relaxing)
 .rodata.str1.1
                0x0000aa20       0x2c C:\Users\nozomi\Desktop\20131108\20120510\Release\sci1.o
                                 0x31 (size before relaxing)
 .rodata.str1.1
                0x0000aa4c       0x97 C:\Users\nozomi\Desktop\20131108\20120510\Release\rx_protcol_inv.o
                                 0xa0 (size before relaxing)
 .rodata.str1.1
                0x0000aae3       0x21 C:\Users\nozomi\Desktop\20131108\20120510\Release\rx.o
                                 0x23 (size before relaxing)
 .rodata.str1.1
                0x0000ab04       0x34 C:\Users\nozomi\Desktop\20131108\20120510\Release\pwr.o
 .rodata.str1.1
                0x0000ab38       0x2c C:\Users\nozomi\Desktop\20131108\20120510\Release\put_status.o
                                 0x30 (size before relaxing)
 .rodata.str1.1
                0x0000ab64      0x43d C:\Users\nozomi\Desktop\20131108\20120510\Release\mission.o
                                0x448 (size before relaxing)
 .rodata.str1.1
                0x0000afa1      0x134 C:\Users\nozomi\Desktop\20131108\20120510\Release\message.o
                                0x136 (size before relaxing)
 .rodata.str1.1
                0x0000b0d5       0xa0 C:\Users\nozomi\Desktop\20131108\20120510\Release\fm_tx.o
                                 0xb8 (size before relaxing)
 .rodata.str1.1
                0x0000b175      0x274 C:\Users\nozomi\Desktop\20131108\20120510\Release\debug.o
                                0x29e (size before relaxing)
 *fill*         0x0000b3e9        0x3 00
 .rodata.DebugWrite_SharedROM
                0x0000b3ec       0x48 C:\Users\nozomi\Desktop\20131108\20120510\Release\debug.o
 .rodata.SetRoutine
                0x0000b434       0x60 C:\Users\nozomi\Desktop\20131108\20120510\Release\debug.o
 .rodata.str1.1
                0x0000b494       0x29 C:\Users\nozomi\Desktop\20131108\20120510\Release\command.o
 *fill*         0x0000b4bd        0x3 00
 .rodata.ExecuteCommand
                0x0000b4c0       0xe8 C:\Users\nozomi\Desktop\20131108\20120510\Release\command.o
 .rodata.get_sensor
                0x0000b5a8       0x20 C:\Users\nozomi\Desktop\20131108\20120510\Release\adconv.o
 .rodata.str1.1
                0x0000b5c8        0x4 C:\Users\nozomi\Desktop\20131108\20120510\Release\adconv.o
                                  0xd (size before relaxing)
 .rodata.str1.1
                0x0000b5cc       0xf5 C:\Users\nozomi\Desktop\20131108\20120510\Release\20120510.o
                                0x130 (size before relaxing)
                0x0000b6c1                _erodata = .

.eh_frame_hdr
 *(.eh_frame_hdr)

.eh_frame
 *(.eh_frame)

.jcr
 *(.jcr)

.tors           0x0000b6c1        0x0
                0x0000b6c1                __CTOR_LIST__ = .
                0x0000b6c1                ___ctors = .
 *(.ctors)
                0x0000b6c1                ___ctors_end = .
                0x0000b6c1                __CTOR_END__ = .
                0x0000b6c1                __DTOR_LIST__ = .
                0x0000b6c1                ___dtors = .
 *(.dtors)
                0x0000b6c1                ___dtors_end = .
                0x0000b6c1                __DTOR_END__ = .
                0x0000b6c1                _mdata = .

.data           0x00ffbf20        0x0 load address 0x0000b6c1
                0x00ffbf20                _data = .
 *(.data)
 .data          0x00ffbf20        0x0 C:\Users\nozomi\Desktop\20131108\20120510\Release\vects.o
 .data          0x00ffbf20        0x0 C:\Users\nozomi\Desktop\20131108\20120510\Release\timer.o
 .data          0x00ffbf20        0x0 C:\Users\nozomi\Desktop\20131108\20120510\Release\teleme.o
 .data          0x00ffbf20        0x0 C:\Users\nozomi\Desktop\20131108\20120510\Release\start.o
 .data          0x00ffbf20        0x0 C:\Users\nozomi\Desktop\20131108\20120510\Release\sci_util.o
 .data          0x00ffbf20        0x0 C:\Users\nozomi\Desktop\20131108\20120510\Release\sci2.o
 .data          0x00ffbf20        0x0 C:\Users\nozomi\Desktop\20131108\20120510\Release\sci1.o
 .data          0x00ffbf20        0x0 C:\Users\nozomi\Desktop\20131108\20120510\Release\sci0.o
 .data          0x00ffbf20        0x0 C:\Users\nozomi\Desktop\20131108\20120510\Release\rx_protcol_inv.o
 .data          0x00ffbf20        0x0 C:\Users\nozomi\Desktop\20131108\20120510\Release\rx_pll_inv.o
 .data          0x00ffbf20        0x0 C:\Users\nozomi\Desktop\20131108\20120510\Release\rx.o
 .data          0x00ffbf20        0x0 C:\Users\nozomi\Desktop\20131108\20120510\Release\pwr.o
 .data          0x00ffbf20        0x0 C:\Users\nozomi\Desktop\20131108\20120510\Release\put_status.o
 .data          0x00ffbf20        0x0 C:\Users\nozomi\Desktop\20131108\20120510\Release\mission.o
 .data          0x00ffbf20        0x0 C:\Users\nozomi\Desktop\20131108\20120510\Release\message.o
 .data          0x00ffbf20        0x0 C:\Users\nozomi\Desktop\20131108\20120510\Release\itu1.o
 .data          0x00ffbf20        0x0 C:\Users\nozomi\Desktop\20131108\20120510\Release\itu0.o
 .data          0x00ffbf20        0x0 C:\Users\nozomi\Desktop\20131108\20120510\Release\inthandler.o
 .data          0x00ffbf20        0x0 C:\Users\nozomi\Desktop\20131108\20120510\Release\init.o
 .data          0x00ffbf20        0x0 C:\Users\nozomi\Desktop\20131108\20120510\Release\iic2.o
 .data          0x00ffbf20        0x0 C:\Users\nozomi\Desktop\20131108\20120510\Release\iic1.o
 .data          0x00ffbf20        0x0 C:\Users\nozomi\Desktop\20131108\20120510\Release\iic0.o
 .data          0x00ffbf20        0x0 C:\Users\nozomi\Desktop\20131108\20120510\Release\hwinit.o
 .data          0x00ffbf20        0x0 C:\Users\nozomi\Desktop\20131108\20120510\Release\global.o
 .data          0x00ffbf20        0x0 C:\Users\nozomi\Desktop\20131108\20120510\Release\fm_tx.o
 .data          0x00ffbf20        0x0 C:\Users\nozomi\Desktop\20131108\20120510\Release\fm_ptt.o
 .data          0x00ffbf20        0x0 C:\Users\nozomi\Desktop\20131108\20120510\Release\fm_pllcontrol.o
 .data          0x00ffbf20        0x0 C:\Users\nozomi\Desktop\20131108\20120510\Release\debug.o
 .data          0x00ffbf20        0x0 C:\Users\nozomi\Desktop\20131108\20120510\Release\command.o
 .data          0x00ffbf20        0x0 C:\Users\nozomi\Desktop\20131108\20120510\Release\comm_buffer.o
 .data          0x00ffbf20        0x0 C:\Users\nozomi\Desktop\20131108\20120510\Release\adconv.o
 .data          0x00ffbf20        0x0 C:\Users\nozomi\Desktop\20131108\20120510\Release\20120510.o
 .data          0x00ffbf20        0x0 C:\Users\nozomi\Desktop\20131108\20120510\Release\lib20131108.a(newfree.o)
 .data          0x00ffbf20        0x0 C:\Users\nozomi\Desktop\20131108\20120510\Release\lib20131108.a(newheap.o)
 .data          0x00ffbf20        0x0 C:\Users\nozomi\Desktop\20131108\20120510\Release\lib20131108.a(newmalloc.o)
 .data          0x00ffbf20        0x0 c:\program files\renesas\hew\tools\kpit\gnuh8-elf\v12.01\h8300-elf\lib\gcc\h8300-elf\4.6-GNUH8_v12.01\h8300h\int32\libgcc.a(_divsi3.o)
 .data          0x00ffbf20        0x0 c:\program files\renesas\hew\tools\kpit\gnuh8-elf\v12.01\h8300-elf\lib\gcc\h8300-elf\4.6-GNUH8_v12.01\h8300h\int32\libgcc.a(_mulsi3.o)
 *(.data.*)
                0x00ffbf20                _edata = .

.gcc_exc
 *(.gcc_exc)

.bss            0x00ffbf20     0x2660 load address 0x0000b6c4
                0x00ffbf20                _bss = .
 *(.bss)
 .bss           0x00ffbf20        0x0 C:\Users\nozomi\Desktop\20131108\20120510\Release\vects.o
 .bss           0x00ffbf20        0x0 C:\Users\nozomi\Desktop\20131108\20120510\Release\timer.o
 .bss           0x00ffbf20        0x0 C:\Users\nozomi\Desktop\20131108\20120510\Release\teleme.o
 .bss           0x00ffbf20        0x0 C:\Users\nozomi\Desktop\20131108\20120510\Release\start.o
 .bss           0x00ffbf20        0x0 C:\Users\nozomi\Desktop\20131108\20120510\Release\sci_util.o
 .bss           0x00ffbf20        0x0 C:\Users\nozomi\Desktop\20131108\20120510\Release\sci2.o
 .bss           0x00ffbf20        0x0 C:\Users\nozomi\Desktop\20131108\20120510\Release\sci1.o
 .bss           0x00ffbf20        0x0 C:\Users\nozomi\Desktop\20131108\20120510\Release\sci0.o
 .bss           0x00ffbf20        0x0 C:\Users\nozomi\Desktop\20131108\20120510\Release\rx_protcol_inv.o
 .bss           0x00ffbf20        0x0 C:\Users\nozomi\Desktop\20131108\20120510\Release\rx_pll_inv.o
 .bss           0x00ffbf20        0x0 C:\Users\nozomi\Desktop\20131108\20120510\Release\rx.o
 .bss           0x00ffbf20        0x0 C:\Users\nozomi\Desktop\20131108\20120510\Release\pwr.o
 .bss           0x00ffbf20        0x0 C:\Users\nozomi\Desktop\20131108\20120510\Release\put_status.o
 .bss           0x00ffbf20        0x0 C:\Users\nozomi\Desktop\20131108\20120510\Release\mission.o
 .bss           0x00ffbf20        0x0 C:\Users\nozomi\Desktop\20131108\20120510\Release\message.o
 .bss           0x00ffbf20        0x0 C:\Users\nozomi\Desktop\20131108\20120510\Release\itu1.o
 .bss           0x00ffbf20        0x0 C:\Users\nozomi\Desktop\20131108\20120510\Release\itu0.o
 .bss           0x00ffbf20        0x0 C:\Users\nozomi\Desktop\20131108\20120510\Release\inthandler.o
 .bss           0x00ffbf20        0x0 C:\Users\nozomi\Desktop\20131108\20120510\Release\init.o
 .bss           0x00ffbf20        0x0 C:\Users\nozomi\Desktop\20131108\20120510\Release\iic2.o
 .bss           0x00ffbf20        0x0 C:\Users\nozomi\Desktop\20131108\20120510\Release\iic1.o
 .bss           0x00ffbf20        0x0 C:\Users\nozomi\Desktop\20131108\20120510\Release\iic0.o
 .bss           0x00ffbf20        0x0 C:\Users\nozomi\Desktop\20131108\20120510\Release\hwinit.o
 .bss           0x00ffbf20        0x0 C:\Users\nozomi\Desktop\20131108\20120510\Release\global.o
 .bss           0x00ffbf20        0x0 C:\Users\nozomi\Desktop\20131108\20120510\Release\fm_tx.o
 .bss           0x00ffbf20        0x0 C:\Users\nozomi\Desktop\20131108\20120510\Release\fm_ptt.o
 .bss           0x00ffbf20        0x0 C:\Users\nozomi\Desktop\20131108\20120510\Release\fm_pllcontrol.o
 .bss           0x00ffbf20        0x0 C:\Users\nozomi\Desktop\20131108\20120510\Release\debug.o
 .bss           0x00ffbf20        0x0 C:\Users\nozomi\Desktop\20131108\20120510\Release\command.o
 .bss           0x00ffbf20        0x0 C:\Users\nozomi\Desktop\20131108\20120510\Release\comm_buffer.o
 .bss           0x00ffbf20        0x0 C:\Users\nozomi\Desktop\20131108\20120510\Release\adconv.o
 .bss           0x00ffbf20        0x0 C:\Users\nozomi\Desktop\20131108\20120510\Release\20120510.o
 .bss           0x00ffbf20        0x0 C:\Users\nozomi\Desktop\20131108\20120510\Release\lib20131108.a(newfree.o)
 .bss           0x00ffbf20        0x0 C:\Users\nozomi\Desktop\20131108\20120510\Release\lib20131108.a(newheap.o)
 .bss           0x00ffbf20        0x0 C:\Users\nozomi\Desktop\20131108\20120510\Release\lib20131108.a(newmalloc.o)
 .bss           0x00ffbf20        0x0 c:\program files\renesas\hew\tools\kpit\gnuh8-elf\v12.01\h8300-elf\lib\gcc\h8300-elf\4.6-GNUH8_v12.01\h8300h\int32\libgcc.a(_divsi3.o)
 .bss           0x00ffbf20        0x0 c:\program files\renesas\hew\tools\kpit\gnuh8-elf\v12.01\h8300-elf\lib\gcc\h8300-elf\4.6-GNUH8_v12.01\h8300h\int32\libgcc.a(_mulsi3.o)
 *(.bss.*)
 .bss.timer_flag
                0x00ffbf20        0x4 C:\Users\nozomi\Desktop\20131108\20120510\Release\timer.o
                0x00ffbf20                timer_flag
 .bss.data_set___2430
                0x00ffbf24       0x80 C:\Users\nozomi\Desktop\20131108\20120510\Release\teleme.o
 .bss.slave___2428
                0x00ffbfa4        0x1 C:\Users\nozomi\Desktop\20131108\20120510\Release\teleme.o
 *fill*         0x00ffbfa5        0x3 00
 .bss.eep_page___2429
                0x00ffbfa8        0x4 C:\Users\nozomi\Desktop\20131108\20120510\Release\teleme.o
 .bss.data_set___2483
                0x00ffbfac       0x80 C:\Users\nozomi\Desktop\20131108\20120510\Release\teleme.o
 .bss.slave___2481
                0x00ffc02c        0x1 C:\Users\nozomi\Desktop\20131108\20120510\Release\teleme.o
 *fill*         0x00ffc02d        0x3 00
 .bss.eep_page___2482
                0x00ffc030        0x4 C:\Users\nozomi\Desktop\20131108\20120510\Release\teleme.o
 .bss.data_set___2533
                0x00ffc034       0x20 C:\Users\nozomi\Desktop\20131108\20120510\Release\teleme.o
 .bss.eep_page___2532
                0x00ffc054        0x4 C:\Users\nozomi\Desktop\20131108\20120510\Release\teleme.o
 .bss.data_obc___2546
                0x00ffc058       0x20 C:\Users\nozomi\Desktop\20131108\20120510\Release\teleme.o
 .bss.data_error___2547
                0x00ffc078       0x20 C:\Users\nozomi\Desktop\20131108\20120510\Release\teleme.o
 .bss.data_obc___2566
                0x00ffc098       0x20 C:\Users\nozomi\Desktop\20131108\20120510\Release\teleme.o
 .bss.data_error___2567
                0x00ffc0b8       0x20 C:\Users\nozomi\Desktop\20131108\20120510\Release\teleme.o
 .bss.tx2_length
                0x00ffc0d8        0x2 C:\Users\nozomi\Desktop\20131108\20120510\Release\sci2.o
 .bss.tx2_wp    0x00ffc0da        0x2 C:\Users\nozomi\Desktop\20131108\20120510\Release\sci2.o
 .bss.tx2_rp    0x00ffc0dc        0x2 C:\Users\nozomi\Desktop\20131108\20120510\Release\sci2.o
 .bss.rx2_length
                0x00ffc0de        0x2 C:\Users\nozomi\Desktop\20131108\20120510\Release\sci2.o
 .bss.rx2_wp    0x00ffc0e0        0x2 C:\Users\nozomi\Desktop\20131108\20120510\Release\sci2.o
 .bss.rx2_rp    0x00ffc0e2        0x2 C:\Users\nozomi\Desktop\20131108\20120510\Release\sci2.o
 .bss.tx2_buff  0x00ffc0e4      0x100 C:\Users\nozomi\Desktop\20131108\20120510\Release\sci2.o
 .bss.rx2_buff  0x00ffc1e4      0x100 C:\Users\nozomi\Desktop\20131108\20120510\Release\sci2.o
 .bss.tx1_length
                0x00ffc2e4        0x2 C:\Users\nozomi\Desktop\20131108\20120510\Release\sci1.o
 .bss.tx1_wp    0x00ffc2e6        0x2 C:\Users\nozomi\Desktop\20131108\20120510\Release\sci1.o
 .bss.tx1_rp    0x00ffc2e8        0x2 C:\Users\nozomi\Desktop\20131108\20120510\Release\sci1.o
 .bss.rx1_length
                0x00ffc2ea        0x2 C:\Users\nozomi\Desktop\20131108\20120510\Release\sci1.o
 .bss.rx1_wp    0x00ffc2ec        0x2 C:\Users\nozomi\Desktop\20131108\20120510\Release\sci1.o
 .bss.rx1_rp    0x00ffc2ee        0x2 C:\Users\nozomi\Desktop\20131108\20120510\Release\sci1.o
 .bss.tx1_buff  0x00ffc2f0      0x100 C:\Users\nozomi\Desktop\20131108\20120510\Release\sci1.o
 .bss.rx1_buff  0x00ffc3f0      0x100 C:\Users\nozomi\Desktop\20131108\20120510\Release\sci1.o
 .bss.tx0_length
                0x00ffc4f0        0x2 C:\Users\nozomi\Desktop\20131108\20120510\Release\sci0.o
 .bss.tx0_wp    0x00ffc4f2        0x2 C:\Users\nozomi\Desktop\20131108\20120510\Release\sci0.o
 .bss.tx0_rp    0x00ffc4f4        0x2 C:\Users\nozomi\Desktop\20131108\20120510\Release\sci0.o
 .bss.rx0_length
                0x00ffc4f6        0x2 C:\Users\nozomi\Desktop\20131108\20120510\Release\sci0.o
 .bss.rx0_wp    0x00ffc4f8        0x2 C:\Users\nozomi\Desktop\20131108\20120510\Release\sci0.o
 .bss.rx0_rp    0x00ffc4fa        0x2 C:\Users\nozomi\Desktop\20131108\20120510\Release\sci0.o
 .bss.tx0_buff  0x00ffc4fc      0x100 C:\Users\nozomi\Desktop\20131108\20120510\Release\sci0.o
 .bss.rx0_buff  0x00ffc5fc      0x100 C:\Users\nozomi\Desktop\20131108\20120510\Release\sci0.o
 .bss.fcs_error
                0x00ffc6fc        0x4 C:\Users\nozomi\Desktop\20131108\20120510\Release\rx_protcol_inv.o
                0x00ffc6fc                fcs_error
 .bss.bit       0x00ffc700        0x4 C:\Users\nozomi\Desktop\20131108\20120510\Release\rx_protcol_inv.o
                0x00ffc700                bit
 .bss.shiftbuff
                0x00ffc704        0x4 C:\Users\nozomi\Desktop\20131108\20120510\Release\rx_protcol_inv.o
                0x00ffc704                shiftbuff
 .bss.oldstate  0x00ffc708        0x4 C:\Users\nozomi\Desktop\20131108\20120510\Release\rx_protcol_inv.o
 .bss.info      0x00ffc70c        0x4 C:\Users\nozomi\Desktop\20131108\20120510\Release\rx_protcol_inv.o
 .bss.a___2743  0x00ffc710        0x4 C:\Users\nozomi\Desktop\20131108\20120510\Release\rx_protcol_inv.o
 .bss.info      0x00ffc714        0x4 C:\Users\nozomi\Desktop\20131108\20120510\Release\rx.o
 .bss.tlm___1321
                0x00ffc718       0x80 C:\Users\nozomi\Desktop\20131108\20120510\Release\put_status.o
 .bss.tlm___1360
                0x00ffc798       0x80 C:\Users\nozomi\Desktop\20131108\20120510\Release\put_status.o
 .bss.tlm___1395
                0x00ffc818       0x20 C:\Users\nozomi\Desktop\20131108\20120510\Release\put_status.o
 .bss.tlm___1429
                0x00ffc838       0x80 C:\Users\nozomi\Desktop\20131108\20120510\Release\put_status.o
 .bss.cnt___2573
                0x00ffc8b8        0x4 C:\Users\nozomi\Desktop\20131108\20120510\Release\mission.o
 .bss.start___2484
                0x00ffc8bc        0x2 C:\Users\nozomi\Desktop\20131108\20120510\Release\message.o
 .bss.found___2483
                0x00ffc8be        0x1 C:\Users\nozomi\Desktop\20131108\20120510\Release\message.o
 *fill*         0x00ffc8bf        0x1 00
 .bss.i___2482  0x00ffc8c0        0x2 C:\Users\nozomi\Desktop\20131108\20120510\Release\message.o
 .bss.split_sci0_buff___2480
                0x00ffc8c2      0x100 C:\Users\nozomi\Desktop\20131108\20120510\Release\message.o
 .bss.split_sci0_wp___2481
                0x00ffc9c2        0x2 C:\Users\nozomi\Desktop\20131108\20120510\Release\message.o
 .bss.start___2506
                0x00ffc9c4        0x2 C:\Users\nozomi\Desktop\20131108\20120510\Release\message.o
 .bss.found___2505
                0x00ffc9c6        0x1 C:\Users\nozomi\Desktop\20131108\20120510\Release\message.o
 *fill*         0x00ffc9c7        0x1 00
 .bss.i___2504  0x00ffc9c8        0x2 C:\Users\nozomi\Desktop\20131108\20120510\Release\message.o
 .bss.start___2539
                0x00ffc9ca        0x2 C:\Users\nozomi\Desktop\20131108\20120510\Release\message.o
 .bss.found___2538
                0x00ffc9cc        0x1 C:\Users\nozomi\Desktop\20131108\20120510\Release\message.o
 *fill*         0x00ffc9cd        0x1 00
 .bss.i___2537  0x00ffc9ce        0x2 C:\Users\nozomi\Desktop\20131108\20120510\Release\message.o
 .bss.message_fm
                0x00ffc9d0       0xc8 C:\Users\nozomi\Desktop\20131108\20120510\Release\message.o
 .bss.mission_counter
                0x00ffca98        0x4 C:\Users\nozomi\Desktop\20131108\20120510\Release\message.o
 .bss.mission_length
                0x00ffca9c        0x2 C:\Users\nozomi\Desktop\20131108\20120510\Release\message.o
 .bss.mission_rp
                0x00ffca9e        0x2 C:\Users\nozomi\Desktop\20131108\20120510\Release\message.o
 .bss.mission_wp
                0x00ffcaa0        0x2 C:\Users\nozomi\Desktop\20131108\20120510\Release\message.o
 .bss.mission_length_buff
                0x00ffcaa2        0x8 C:\Users\nozomi\Desktop\20131108\20120510\Release\message.o
 *fill*         0x00ffcaaa        0x2 00
 .bss.message_counter
                0x00ffcaac        0x4 C:\Users\nozomi\Desktop\20131108\20120510\Release\message.o
 .bss.message_length
                0x00ffcab0        0x2 C:\Users\nozomi\Desktop\20131108\20120510\Release\message.o
 .bss.message_rp
                0x00ffcab2        0x2 C:\Users\nozomi\Desktop\20131108\20120510\Release\message.o
 .bss.message_wp
                0x00ffcab4        0x2 C:\Users\nozomi\Desktop\20131108\20120510\Release\message.o
 .bss.message_length_buff
                0x00ffcab6        0x8 C:\Users\nozomi\Desktop\20131108\20120510\Release\message.o
 .bss.message_buff
                0x00ffcabe      0x320 C:\Users\nozomi\Desktop\20131108\20120510\Release\message.o
 .bss.split_sci1_wp___2503
                0x00ffcdde        0x2 C:\Users\nozomi\Desktop\20131108\20120510\Release\message.o
 .bss.split_sci1_buff___2502
                0x00ffcde0      0x100 C:\Users\nozomi\Desktop\20131108\20120510\Release\message.o
 .bss.split_sci2_wp___2536
                0x00ffcee0        0x2 C:\Users\nozomi\Desktop\20131108\20120510\Release\message.o
 .bss.split_sci2_buff___2535
                0x00ffcee2      0x100 C:\Users\nozomi\Desktop\20131108\20120510\Release\message.o
 .bss.mission_buff
                0x00ffcfe2      0x320 C:\Users\nozomi\Desktop\20131108\20120510\Release\message.o
 .bss.buf___2590
                0x00ffd302       0x80 C:\Users\nozomi\Desktop\20131108\20120510\Release\debug.o
 .bss.tlm___2616
                0x00ffd382       0x80 C:\Users\nozomi\Desktop\20131108\20120510\Release\debug.o
 .bss.tlm___2641
                0x00ffd402       0x80 C:\Users\nozomi\Desktop\20131108\20120510\Release\debug.o
 .bss.tlm___2662
                0x00ffd482       0x20 C:\Users\nozomi\Desktop\20131108\20120510\Release\debug.o
 .bss.buf_obc___2672
                0x00ffd4a2       0x20 C:\Users\nozomi\Desktop\20131108\20120510\Release\debug.o
 .bss.buf_error___2673
                0x00ffd4c2       0x20 C:\Users\nozomi\Desktop\20131108\20120510\Release\debug.o
 .bss.tlm___2698
                0x00ffd4e2       0x80 C:\Users\nozomi\Desktop\20131108\20120510\Release\debug.o
 .bss.buf___2713
                0x00ffd562       0x80 C:\Users\nozomi\Desktop\20131108\20120510\Release\debug.o
 .bss.l_rp      0x00ffd5e2        0x1 C:\Users\nozomi\Desktop\20131108\20120510\Release\command.o
 .bss.l_wp      0x00ffd5e3        0x1 C:\Users\nozomi\Desktop\20131108\20120510\Release\command.o
 .bss.m_rp      0x00ffd5e4        0x1 C:\Users\nozomi\Desktop\20131108\20120510\Release\command.o
 .bss.m_wp      0x00ffd5e5        0x1 C:\Users\nozomi\Desktop\20131108\20120510\Release\command.o
 .bss.h_rp      0x00ffd5e6        0x1 C:\Users\nozomi\Desktop\20131108\20120510\Release\command.o
 .bss.h_wp      0x00ffd5e7        0x1 C:\Users\nozomi\Desktop\20131108\20120510\Release\command.o
 .bss.mpx_ch___2440
                0x00ffd5e8        0x1 C:\Users\nozomi\Desktop\20131108\20120510\Release\adconv.o
 *fill*         0x00ffd5e9        0x3 00
 .bss._last_heap_object
                0x00ffd5ec        0x4 C:\Users\nozomi\Desktop\20131108\20120510\Release\lib20131108.a(newheap.o)
                0x00ffd5ec                _last_heap_object
 .bss._heap_of_memory
                0x00ffd5f0        0x4 C:\Users\nozomi\Desktop\20131108\20120510\Release\lib20131108.a(newheap.o)
                0x00ffd5f0                _heap_of_memory
 *(COMMON)
 COMMON         0x00ffd5f4        0x4 C:\Users\nozomi\Desktop\20131108\20120510\Release\timer.o
                0x00ffd5f4                time
 COMMON         0x00ffd5f8      0x1ac C:\Users\nozomi\Desktop\20131108\20120510\Release\teleme.o
                0x00ffd5f8                ena_overa
                0x00ffd5fb                flag_dispAD
                0x00ffd5fe                flag_overa
                0x00ffd601                flag_dteleme
                0x00ffd604                ena_rteleme
                0x00ffd607                ena_ateleme
                0x00ffd60a                flag_ad
                0x00ffd610                my_wdt
                0x00ffd614                flag_iteleme
                0x00ffd617                ena_iteleme
                0x00ffd61a                ena_mywdt
                0x00ffd620                itu1_cnt
                0x00ffd624                ena_dteleme
                0x00ffd627                flag_ateleme
                0x00ffd62a                ena_ad
                0x00ffd62d                flag_oteleme
                0x00ffd630                flag_rteleme
                0x00ffd633                ena_dispAD
                0x00ffd636                mpx
                0x00ffd656                status
                0x00ffd6d5                ena_oteleme
                0x00ffd6d8                message_global
 COMMON         0x00ffd7a4       0x15 C:\Users\nozomi\Desktop\20131108\20120510\Release\rx_protcol_inv.o
                0x00ffd7a4                i
                0x00ffd7a8                fcslo
                0x00ffd7a9                flag_rx
                0x00ffd7ac                uplink_rx_buff
                0x00ffd7b0                kbit
                0x00ffd7b4                info_length
                0x00ffd7b8                fcshi
 *fill*         0x00ffd7b9        0x3 00
 COMMON         0x00ffd7bc      0xc22 C:\Users\nozomi\Desktop\20131108\20120510\Release\rx.o
                0x00ffd7bc                flag_send_fm
                0x00ffd7c0                DT_time
                0x00ffd7c4                flag_tx
                0x00ffd7c7                FM_buffer_length
                0x00ffd7d4                FmPreamble
                0x00ffd7d8                stuff
                0x00ffd7d9                fcsflag_send_fm
                0x00ffd7da                FM_sender_num
                0x00ffd7db                FM_buffer_num
                0x00ffd7dc                FM_buffer
                0x00ffe3dc                DT_mode
                0x00ffe3dd                FM_mode
 COMMON         0x00ffe3de        0xc C:\Users\nozomi\Desktop\20131108\20120510\Release\pwr.o
                0x00ffe3de                ena_alive
                0x00ffe3e1                flag_pwrt
                0x00ffe3e4                ena_pwrt
                0x00ffe3e7                flag_alive
 *fill*         0x00ffe3ea        0x2 00
 COMMON         0x00ffe3ec       0x22 C:\Users\nozomi\Desktop\20131108\20120510\Release\mission.o
                0x00ffe3ec                flag_tof
                0x00ffe3f0                sms_time
                0x00ffe3f4                flag_cpr
                0x00ffe3f8                smr_time
                0x00ffe3fc                flag_ton
                0x00ffe3fd                flag_smr
                0x00ffe400                ena_misst
                0x00ffe404                mission_cnt
                0x00ffe408                flag_sms
                0x00ffe40b                flag_misst
 COMMON         0x00ffe40e        0x6 C:\Users\nozomi\Desktop\20131108\20120510\Release\message.o
                0x00ffe40e                flag_exe
                0x00ffe411                flag_scirx
 COMMON         0x00ffe414        0x1 C:\Users\nozomi\Desktop\20131108\20120510\Release\iic2.o
                0x00ffe414                P2_DDR
 *fill*         0x00ffe415        0x3 00
 COMMON         0x00ffe418      0x168 C:\Users\nozomi\Desktop\20131108\20120510\Release\command.o
                0x00ffe418                command_H
                0x00ffe490                command_M
                0x00ffe508                command_L
                0x00ffe580                _ebss = .
                0x00ffe580                _end = .

.stack          0x00ffff00        0x0
                0x00ffff00                _stack = .
LOAD C:\Users\nozomi\Desktop\20131108\20120510\Release\vects.o
LOAD C:\Users\nozomi\Desktop\20131108\20120510\Release\timer.o
LOAD C:\Users\nozomi\Desktop\20131108\20120510\Release\teleme.o
LOAD C:\Users\nozomi\Desktop\20131108\20120510\Release\start.o
LOAD C:\Users\nozomi\Desktop\20131108\20120510\Release\sci_util.o
LOAD C:\Users\nozomi\Desktop\20131108\20120510\Release\sci2.o
LOAD C:\Users\nozomi\Desktop\20131108\20120510\Release\sci1.o
LOAD C:\Users\nozomi\Desktop\20131108\20120510\Release\sci0.o
LOAD C:\Users\nozomi\Desktop\20131108\20120510\Release\rx_protcol_inv.o
LOAD C:\Users\nozomi\Desktop\20131108\20120510\Release\rx_pll_inv.o
LOAD C:\Users\nozomi\Desktop\20131108\20120510\Release\rx.o
LOAD C:\Users\nozomi\Desktop\20131108\20120510\Release\pwr.o
LOAD C:\Users\nozomi\Desktop\20131108\20120510\Release\put_status.o
LOAD C:\Users\nozomi\Desktop\20131108\20120510\Release\mission.o
LOAD C:\Users\nozomi\Desktop\20131108\20120510\Release\message.o
LOAD C:\Users\nozomi\Desktop\20131108\20120510\Release\itu1.o
LOAD C:\Users\nozomi\Desktop\20131108\20120510\Release\itu0.o
LOAD C:\Users\nozomi\Desktop\20131108\20120510\Release\inthandler.o
LOAD C:\Users\nozomi\Desktop\20131108\20120510\Release\init.o
LOAD C:\Users\nozomi\Desktop\20131108\20120510\Release\iic2.o
LOAD C:\Users\nozomi\Desktop\20131108\20120510\Release\iic1.o
LOAD C:\Users\nozomi\Desktop\20131108\20120510\Release\iic0.o
LOAD C:\Users\nozomi\Desktop\20131108\20120510\Release\hwinit.o
LOAD C:\Users\nozomi\Desktop\20131108\20120510\Release\global.o
LOAD C:\Users\nozomi\Desktop\20131108\20120510\Release\fm_tx.o
LOAD C:\Users\nozomi\Desktop\20131108\20120510\Release\fm_ptt.o
LOAD C:\Users\nozomi\Desktop\20131108\20120510\Release\fm_pllcontrol.o
LOAD C:\Users\nozomi\Desktop\20131108\20120510\Release\debug.o
LOAD C:\Users\nozomi\Desktop\20131108\20120510\Release\command.o
LOAD C:\Users\nozomi\Desktop\20131108\20120510\Release\comm_buffer.o
LOAD C:\Users\nozomi\Desktop\20131108\20120510\Release\adconv.o
LOAD C:\Users\nozomi\Desktop\20131108\20120510\Release\20120510.o
START GROUP
LOAD C:\Users\nozomi\Desktop\20131108\20120510\Release\lib20131108.a
LOAD c:\program files\renesas\hew\tools\kpit\gnuh8-elf\v12.01\h8300-elf\lib\gcc\h8300-elf\4.6-GNUH8_v12.01\h8300h\int32\libgcc.a
END GROUP
OUTPUT(C:\Users\nozomi\Desktop\20131108\20120510\Release\20131108.x elf32-h8300)

.comment        0x00000000       0x1c
 .comment       0x00000000       0x1c C:\Users\nozomi\Desktop\20131108\20120510\Release\vects.o
                                 0x1d (size before relaxing)
 .comment       0x00000000       0x1d C:\Users\nozomi\Desktop\20131108\20120510\Release\timer.o
 .comment       0x00000000       0x1d C:\Users\nozomi\Desktop\20131108\20120510\Release\teleme.o
 .comment       0x00000000       0x1d C:\Users\nozomi\Desktop\20131108\20120510\Release\sci_util.o
 .comment       0x00000000       0x1d C:\Users\nozomi\Desktop\20131108\20120510\Release\sci2.o
 .comment       0x00000000       0x1d C:\Users\nozomi\Desktop\20131108\20120510\Release\sci1.o
 .comment       0x00000000       0x1d C:\Users\nozomi\Desktop\20131108\20120510\Release\sci0.o
 .comment       0x00000000       0x1d C:\Users\nozomi\Desktop\20131108\20120510\Release\rx_protcol_inv.o
 .comment       0x00000000       0x1d C:\Users\nozomi\Desktop\20131108\20120510\Release\rx_pll_inv.o
 .comment       0x00000000       0x1d C:\Users\nozomi\Desktop\20131108\20120510\Release\rx.o
 .comment       0x00000000       0x1d C:\Users\nozomi\Desktop\20131108\20120510\Release\pwr.o
 .comment       0x00000000       0x1d C:\Users\nozomi\Desktop\20131108\20120510\Release\put_status.o
 .comment       0x00000000       0x1d C:\Users\nozomi\Desktop\20131108\20120510\Release\mission.o
 .comment       0x00000000       0x1d C:\Users\nozomi\Desktop\20131108\20120510\Release\message.o
 .comment       0x00000000       0x1d C:\Users\nozomi\Desktop\20131108\20120510\Release\itu1.o
 .comment       0x00000000       0x1d C:\Users\nozomi\Desktop\20131108\20120510\Release\itu0.o
 .comment       0x00000000       0x1d C:\Users\nozomi\Desktop\20131108\20120510\Release\inthandler.o
 .comment       0x00000000       0x1d C:\Users\nozomi\Desktop\20131108\20120510\Release\init.o
 .comment       0x00000000       0x1d C:\Users\nozomi\Desktop\20131108\20120510\Release\iic2.o
 .comment       0x00000000       0x1d C:\Users\nozomi\Desktop\20131108\20120510\Release\iic1.o
 .comment       0x00000000       0x1d C:\Users\nozomi\Desktop\20131108\20120510\Release\iic0.o
 .comment       0x00000000       0x1d C:\Users\nozomi\Desktop\20131108\20120510\Release\hwinit.o
 .comment       0x00000000       0x1d C:\Users\nozomi\Desktop\20131108\20120510\Release\global.o
 .comment       0x00000000       0x1d C:\Users\nozomi\Desktop\20131108\20120510\Release\fm_tx.o
 .comment       0x00000000       0x1d C:\Users\nozomi\Desktop\20131108\20120510\Release\fm_ptt.o
 .comment       0x00000000       0x1d C:\Users\nozomi\Desktop\20131108\20120510\Release\fm_pllcontrol.o
 .comment       0x00000000       0x1d C:\Users\nozomi\Desktop\20131108\20120510\Release\debug.o
 .comment       0x00000000       0x1d C:\Users\nozomi\Desktop\20131108\20120510\Release\command.o
 .comment       0x00000000       0x1d C:\Users\nozomi\Desktop\20131108\20120510\Release\comm_buffer.o
 .comment       0x00000000       0x1d C:\Users\nozomi\Desktop\20131108\20120510\Release\adconv.o
 .comment       0x00000000       0x1d C:\Users\nozomi\Desktop\20131108\20120510\Release\20120510.o
 .comment       0x00000000       0x1d C:\Users\nozomi\Desktop\20131108\20120510\Release\lib20131108.a(newfree.o)
 .comment       0x00000000       0x1d C:\Users\nozomi\Desktop\20131108\20120510\Release\lib20131108.a(newheap.o)
 .comment       0x00000000       0x1d C:\Users\nozomi\Desktop\20131108\20120510\Release\lib20131108.a(newmalloc.o)


==============================================================

Listfile generated by KPIT GNUH8 [ELF]-v12.01 on Saturday, November 16, 2013, 17:15:48

Build options:

-T "C:\Users\nozomi\Desktop\20131108\20120510\Release\20131108_Release_auto.gsi"
-T "C:\Users\nozomi\Desktop\20131108\20120510\Release\20131108_input.tmp" 
-L "c:\program files\renesas\hew\tools\kpit\gnuh8-elf\v12.01\h8300-elf\lib\gcc\h8300-elf\4.6-GNUH8_v12.01\h8300h\int32"
-L "C:\Users\nozomi\Desktop\20131108\20120510\Release"
-Map "C:\Users\nozomi\Desktop\20131108\20120510\Release\20131108.map"
-no-keep-memory
-S
-( -l "20131108" -l "gcc" -)
-o "C:\Users\nozomi\Desktop\20131108\20120510\Release\20131108.x"
-e _start
INPUT("C:\Users\nozomi\Desktop\20131108\20120510\Release\vects.o")
INPUT("C:\Users\nozomi\Desktop\20131108\20120510\Release\timer.o")
INPUT("C:\Users\nozomi\Desktop\20131108\20120510\Release\teleme.o")
INPUT("C:\Users\nozomi\Desktop\20131108\20120510\Release\start.o")
INPUT("C:\Users\nozomi\Desktop\20131108\20120510\Release\sci_util.o")
INPUT("C:\Users\nozomi\Desktop\20131108\20120510\Release\sci2.o")
INPUT("C:\Users\nozomi\Desktop\20131108\20120510\Release\sci1.o")
INPUT("C:\Users\nozomi\Desktop\20131108\20120510\Release\sci0.o")
INPUT("C:\Users\nozomi\Desktop\20131108\20120510\Release\rx_protcol_inv.o")
INPUT("C:\Users\nozomi\Desktop\20131108\20120510\Release\rx_pll_inv.o")
INPUT("C:\Users\nozomi\Desktop\20131108\20120510\Release\rx.o")
INPUT("C:\Users\nozomi\Desktop\20131108\20120510\Release\pwr.o")
INPUT("C:\Users\nozomi\Desktop\20131108\20120510\Release\put_status.o")
INPUT("C:\Users\nozomi\Desktop\20131108\20120510\Release\mission.o")
INPUT("C:\Users\nozomi\Desktop\20131108\20120510\Release\message.o")
INPUT("C:\Users\nozomi\Desktop\20131108\20120510\Release\itu1.o")
INPUT("C:\Users\nozomi\Desktop\20131108\20120510\Release\itu0.o")
INPUT("C:\Users\nozomi\Desktop\20131108\20120510\Release\inthandler.o")
INPUT("C:\Users\nozomi\Desktop\20131108\20120510\Release\init.o")
INPUT("C:\Users\nozomi\Desktop\20131108\20120510\Release\iic2.o")
INPUT("C:\Users\nozomi\Desktop\20131108\20120510\Release\iic1.o")
INPUT("C:\Users\nozomi\Desktop\20131108\20120510\Release\iic0.o")
INPUT("C:\Users\nozomi\Desktop\20131108\20120510\Release\hwinit.o")
INPUT("C:\Users\nozomi\Desktop\20131108\20120510\Release\global.o")
INPUT("C:\Users\nozomi\Desktop\20131108\20120510\Release\fm_tx.o")
INPUT("C:\Users\nozomi\Desktop\20131108\20120510\Release\fm_ptt.o")
INPUT("C:\Users\nozomi\Desktop\20131108\20120510\Release\fm_pllcontrol.o")
INPUT("C:\Users\nozomi\Desktop\20131108\20120510\Release\debug.o")
INPUT("C:\Users\nozomi\Desktop\20131108\20120510\Release\command.o")
INPUT("C:\Users\nozomi\Desktop\20131108\20120510\Release\comm_buffer.o")
INPUT("C:\Users\nozomi\Desktop\20131108\20120510\Release\adconv.o")
INPUT("C:\Users\nozomi\Desktop\20131108\20120510\Release\20120510.o")
