Archive member included because of file (symbol)

C:\Users\USER\Desktop\com\í êMån\20131220\20120510\Release\lib20131220.a(newfree.o)
                              C:\Users\USER\Desktop\com\í êMån\20131220\20120510\Release\rx.o (free)
C:\Users\USER\Desktop\com\í êMån\20131220\20120510\Release\lib20131220.a(newheap.o)
                              C:\Users\USER\Desktop\com\í êMån\20131220\20120510\Release\lib20131220.a(newfree.o) (_last_heap_object)
C:\Users\USER\Desktop\com\í êMån\20131220\20120510\Release\lib20131220.a(newmalloc.o)
                              C:\Users\USER\Desktop\com\í êMån\20131220\20120510\Release\rx_protcol_inv.o (malloc)
c:\program files\renesas\hew\tools\kpit\gnuh8-elf\v12.01\h8300-elf\lib\gcc\h8300-elf\4.6-GNUH8_v12.01\h8300h\int32\libgcc.a(_divsi3.o)
                              C:\Users\USER\Desktop\com\í êMån\20131220\20120510\Release\sci2.o (__udivsi3)
c:\program files\renesas\hew\tools\kpit\gnuh8-elf\v12.01\h8300-elf\lib\gcc\h8300-elf\4.6-GNUH8_v12.01\h8300h\int32\libgcc.a(_mulsi3.o)
                              C:\Users\USER\Desktop\com\í êMån\20131220\20120510\Release\teleme.o (__mulsi3)

Allocating common symbols
Common symbol       size              file

command_H           0x78              C:\Users\USER\Desktop\com\í êMån\20131220\20120510\Release\command.o
P2_DDR              0x1               C:\Users\USER\Desktop\com\í êMån\20131220\20120510\Release\iic2.o
ena_overa           0x3               C:\Users\USER\Desktop\com\í êMån\20131220\20120510\Release\teleme.o
flag_dispAD         0x3               C:\Users\USER\Desktop\com\í êMån\20131220\20120510\Release\teleme.o
flag_overa          0x3               C:\Users\USER\Desktop\com\í êMån\20131220\20120510\Release\teleme.o
flag_send_fm        0x1               C:\Users\USER\Desktop\com\í êMån\20131220\20120510\Release\rx.o
i                   0x4               C:\Users\USER\Desktop\com\í êMån\20131220\20120510\Release\rx_protcol_inv.o
ena_alive           0x3               C:\Users\USER\Desktop\com\í êMån\20131220\20120510\Release\pwr.o
fcslo               0x1               C:\Users\USER\Desktop\com\í êMån\20131220\20120510\Release\rx_protcol_inv.o
flag_tof            0x1               C:\Users\USER\Desktop\com\í êMån\20131220\20120510\Release\mission.o
flag_rx             0x3               C:\Users\USER\Desktop\com\í êMån\20131220\20120510\Release\rx_protcol_inv.o
flag_dteleme        0x3               C:\Users\USER\Desktop\com\í êMån\20131220\20120510\Release\teleme.o
flag_exe            0x3               C:\Users\USER\Desktop\com\í êMån\20131220\20120510\Release\message.o
sms_time            0x4               C:\Users\USER\Desktop\com\í êMån\20131220\20120510\Release\mission.o
ena_rteleme         0x3               C:\Users\USER\Desktop\com\í êMån\20131220\20120510\Release\teleme.o
flag_cpr            0x3               C:\Users\USER\Desktop\com\í êMån\20131220\20120510\Release\mission.o
ena_ateleme         0x3               C:\Users\USER\Desktop\com\í êMån\20131220\20120510\Release\teleme.o
flag_pwrt           0x3               C:\Users\USER\Desktop\com\í êMån\20131220\20120510\Release\pwr.o
DT_time             0x4               C:\Users\USER\Desktop\com\í êMån\20131220\20120510\Release\rx.o
flag_tx             0x3               C:\Users\USER\Desktop\com\í êMån\20131220\20120510\Release\rx.o
ena_pwrt            0x3               C:\Users\USER\Desktop\com\í êMån\20131220\20120510\Release\pwr.o
flag_ad             0x3               C:\Users\USER\Desktop\com\í êMån\20131220\20120510\Release\teleme.o
my_wdt              0x4               C:\Users\USER\Desktop\com\í êMån\20131220\20120510\Release\teleme.o
uplink_rx_buff      0x4               C:\Users\USER\Desktop\com\í êMån\20131220\20120510\Release\rx_protcol_inv.o
flag_iteleme        0x3               C:\Users\USER\Desktop\com\í êMån\20131220\20120510\Release\teleme.o
smr_time            0x4               C:\Users\USER\Desktop\com\í êMån\20131220\20120510\Release\mission.o
FM_buffer_length    0xc               C:\Users\USER\Desktop\com\í êMån\20131220\20120510\Release\rx.o
ena_iteleme         0x3               C:\Users\USER\Desktop\com\í êMån\20131220\20120510\Release\teleme.o
flag_ton            0x1               C:\Users\USER\Desktop\com\í êMån\20131220\20120510\Release\mission.o
flag_smr            0x3               C:\Users\USER\Desktop\com\í êMån\20131220\20120510\Release\mission.o
kbit                0x4               C:\Users\USER\Desktop\com\í êMån\20131220\20120510\Release\rx_protcol_inv.o
ena_mywdt           0x3               C:\Users\USER\Desktop\com\í êMån\20131220\20120510\Release\teleme.o
itu1_cnt            0x4               C:\Users\USER\Desktop\com\í êMån\20131220\20120510\Release\teleme.o
ena_dteleme         0x3               C:\Users\USER\Desktop\com\í êMån\20131220\20120510\Release\teleme.o
flag_ateleme        0x3               C:\Users\USER\Desktop\com\í êMån\20131220\20120510\Release\teleme.o
ena_misst           0x3               C:\Users\USER\Desktop\com\í êMån\20131220\20120510\Release\mission.o
mission_cnt         0x4               C:\Users\USER\Desktop\com\í êMån\20131220\20120510\Release\mission.o
time                0x4               C:\Users\USER\Desktop\com\í êMån\20131220\20120510\Release\timer.o
flag_sms            0x3               C:\Users\USER\Desktop\com\í êMån\20131220\20120510\Release\mission.o
FmPreamble          0x4               C:\Users\USER\Desktop\com\í êMån\20131220\20120510\Release\rx.o
command_M           0x78              C:\Users\USER\Desktop\com\í êMån\20131220\20120510\Release\command.o
stuff               0x1               C:\Users\USER\Desktop\com\í êMån\20131220\20120510\Release\rx.o
info_length         0x4               C:\Users\USER\Desktop\com\í êMån\20131220\20120510\Release\rx_protcol_inv.o
fcsflag_send_fm     0x1               C:\Users\USER\Desktop\com\í êMån\20131220\20120510\Release\rx.o
ena_ad              0x3               C:\Users\USER\Desktop\com\í êMån\20131220\20120510\Release\teleme.o
fcshi               0x1               C:\Users\USER\Desktop\com\í êMån\20131220\20120510\Release\rx_protcol_inv.o
flag_oteleme        0x3               C:\Users\USER\Desktop\com\í êMån\20131220\20120510\Release\teleme.o
flag_rteleme        0x3               C:\Users\USER\Desktop\com\í êMån\20131220\20120510\Release\teleme.o
flag_alive          0x3               C:\Users\USER\Desktop\com\í êMån\20131220\20120510\Release\pwr.o
ena_dispAD          0x3               C:\Users\USER\Desktop\com\í êMån\20131220\20120510\Release\teleme.o
mission_timeout     0x4               C:\Users\USER\Desktop\com\í êMån\20131220\20120510\Release\mission.o
FM_sender_num       0x1               C:\Users\USER\Desktop\com\í êMån\20131220\20120510\Release\rx.o
mpx                 0x20              C:\Users\USER\Desktop\com\í êMån\20131220\20120510\Release\teleme.o
flag_scirx          0x3               C:\Users\USER\Desktop\com\í êMån\20131220\20120510\Release\message.o
status              0x7f              C:\Users\USER\Desktop\com\í êMån\20131220\20120510\Release\teleme.o
FM_buffer_num       0x1               C:\Users\USER\Desktop\com\í êMån\20131220\20120510\Release\rx.o
FM_buffer           0xc00             C:\Users\USER\Desktop\com\í êMån\20131220\20120510\Release\rx.o
flag_misst          0x3               C:\Users\USER\Desktop\com\í êMån\20131220\20120510\Release\mission.o
command_L           0x78              C:\Users\USER\Desktop\com\í êMån\20131220\20120510\Release\command.o
ena_oteleme         0x3               C:\Users\USER\Desktop\com\í êMån\20131220\20120510\Release\teleme.o
message_global      0xcc              C:\Users\USER\Desktop\com\í êMån\20131220\20120510\Release\teleme.o
DT_mode             0x1               C:\Users\USER\Desktop\com\í êMån\20131220\20120510\Release\rx.o
FM_mode             0x1               C:\Users\USER\Desktop\com\í êMån\20131220\20120510\Release\rx.o

Memory Configuration

Name             Origin             Length             Attributes
*default*        0x00000000         0xffffffff

Linker script and memory map


.vects          0x00000000      0x100
 *(.vects)
 .vects         0x00000000      0x100 C:\Users\USER\Desktop\com\í êMån\20131220\20120510\Release\vects.o
                0x00000000                HardwareVectors

.text           0x00000400     0xc4c6
 *(.text)
 .text          0x00000400        0x0 C:\Users\USER\Desktop\com\í êMån\20131220\20120510\Release\vects.o
 .text          0x00000400        0x0 C:\Users\USER\Desktop\com\í êMån\20131220\20120510\Release\timer.o
 .text          0x00000400        0x0 C:\Users\USER\Desktop\com\í êMån\20131220\20120510\Release\teleme.o
 .text          0x00000400       0x4e C:\Users\USER\Desktop\com\í êMån\20131220\20120510\Release\start.o
                0x00000400                start
 .text          0x0000044e        0x0 C:\Users\USER\Desktop\com\í êMån\20131220\20120510\Release\sci_util.o
 .text          0x0000044e        0x0 C:\Users\USER\Desktop\com\í êMån\20131220\20120510\Release\sci2.o
 .text          0x0000044e        0x0 C:\Users\USER\Desktop\com\í êMån\20131220\20120510\Release\sci1.o
 .text          0x0000044e        0x0 C:\Users\USER\Desktop\com\í êMån\20131220\20120510\Release\sci0.o
 .text          0x0000044e        0x0 C:\Users\USER\Desktop\com\í êMån\20131220\20120510\Release\rx_protcol_inv.o
 .text          0x0000044e        0x0 C:\Users\USER\Desktop\com\í êMån\20131220\20120510\Release\rx_pll_inv.o
 .text          0x0000044e        0x0 C:\Users\USER\Desktop\com\í êMån\20131220\20120510\Release\rx.o
 .text          0x0000044e        0x0 C:\Users\USER\Desktop\com\í êMån\20131220\20120510\Release\pwr.o
 .text          0x0000044e        0x0 C:\Users\USER\Desktop\com\í êMån\20131220\20120510\Release\put_status.o
 .text          0x0000044e        0x0 C:\Users\USER\Desktop\com\í êMån\20131220\20120510\Release\mission.o
 .text          0x0000044e        0x0 C:\Users\USER\Desktop\com\í êMån\20131220\20120510\Release\message.o
 .text          0x0000044e        0x0 C:\Users\USER\Desktop\com\í êMån\20131220\20120510\Release\itu1.o
 .text          0x0000044e        0x0 C:\Users\USER\Desktop\com\í êMån\20131220\20120510\Release\itu0.o
 .text          0x0000044e        0x0 C:\Users\USER\Desktop\com\í êMån\20131220\20120510\Release\inthandler.o
 .text          0x0000044e        0x0 C:\Users\USER\Desktop\com\í êMån\20131220\20120510\Release\init.o
 .text          0x0000044e        0x0 C:\Users\USER\Desktop\com\í êMån\20131220\20120510\Release\iic2.o
 .text          0x0000044e        0x0 C:\Users\USER\Desktop\com\í êMån\20131220\20120510\Release\iic1.o
 .text          0x0000044e        0x0 C:\Users\USER\Desktop\com\í êMån\20131220\20120510\Release\iic0.o
 .text          0x0000044e        0x0 C:\Users\USER\Desktop\com\í êMån\20131220\20120510\Release\hwinit.o
 .text          0x0000044e        0x0 C:\Users\USER\Desktop\com\í êMån\20131220\20120510\Release\global.o
 .text          0x0000044e        0x0 C:\Users\USER\Desktop\com\í êMån\20131220\20120510\Release\fm_tx.o
 .text          0x0000044e        0x0 C:\Users\USER\Desktop\com\í êMån\20131220\20120510\Release\fm_ptt.o
 .text          0x0000044e        0x0 C:\Users\USER\Desktop\com\í êMån\20131220\20120510\Release\fm_pllcontrol.o
 .text          0x0000044e        0x0 C:\Users\USER\Desktop\com\í êMån\20131220\20120510\Release\debug.o
 .text          0x0000044e        0x0 C:\Users\USER\Desktop\com\í êMån\20131220\20120510\Release\command.o
 .text          0x0000044e        0x0 C:\Users\USER\Desktop\com\í êMån\20131220\20120510\Release\comm_buffer.o
 .text          0x0000044e        0x0 C:\Users\USER\Desktop\com\í êMån\20131220\20120510\Release\adconv.o
 .text          0x0000044e        0x0 C:\Users\USER\Desktop\com\í êMån\20131220\20120510\Release\20120510.o
 .text          0x0000044e        0x0 C:\Users\USER\Desktop\com\í êMån\20131220\20120510\Release\lib20131220.a(newfree.o)
 .text          0x0000044e        0x0 C:\Users\USER\Desktop\com\í êMån\20131220\20120510\Release\lib20131220.a(newheap.o)
 .text          0x0000044e        0x0 C:\Users\USER\Desktop\com\í êMån\20131220\20120510\Release\lib20131220.a(newmalloc.o)
 *fill*         0x0000044e        0x2 00
 .text          0x00000450       0x8c c:\program files\renesas\hew\tools\kpit\gnuh8-elf\v12.01\h8300-elf\lib\gcc\h8300-elf\4.6-GNUH8_v12.01\h8300h\int32\libgcc.a(_divsi3.o)
                0x00000472                __modsi3
                0x0000047e                __umodsi3
                0x00000484                __divsi3
                0x0000049a                __udivsi3
 .text          0x000004dc       0x18 c:\program files\renesas\hew\tools\kpit\gnuh8-elf\v12.01\h8300-elf\lib\gcc\h8300-elf\4.6-GNUH8_v12.01\h8300h\int32\libgcc.a(_mulsi3.o)
                0x000004dc                __mulsi3
 *(.text.*)
 .text.delay_ms
                0x000004f4       0x48 C:\Users\USER\Desktop\com\í êMån\20131220\20120510\Release\timer.o
                0x000004f4                delay_ms
 .text.delay_us
                0x0000053c       0x34 C:\Users\USER\Desktop\com\í êMån\20131220\20120510\Release\timer.o
                0x0000053c                delay_us
 .text.delay_us_rx
                0x00000570       0x42 C:\Users\USER\Desktop\com\í êMån\20131220\20120510\Release\timer.o
                0x00000570                delay_us_rx
 .text.InitTelemetry
                0x000005b2       0x40 C:\Users\USER\Desktop\com\í êMån\20131220\20120510\Release\teleme.o
                0x000005b2                InitTelemetry
 .text.SetTelemetry_Rough
                0x000005f2      0x24e C:\Users\USER\Desktop\com\í êMån\20131220\20120510\Release\teleme.o
                0x000005f2                SetTelemetry_Rough
 .text.SetTelemetry_Detail
                0x00000840      0x24e C:\Users\USER\Desktop\com\í êMån\20131220\20120510\Release\teleme.o
                0x00000840                SetTelemetry_Detail
 .text.SetTelemetry_API
                0x00000a8e      0x1f4 C:\Users\USER\Desktop\com\í êMån\20131220\20120510\Release\teleme.o
                0x00000a8e                SetTelemetry_API
 .text.SetTelemetry_Initial
                0x00000c82       0xbc C:\Users\USER\Desktop\com\í êMån\20131220\20120510\Release\teleme.o
                0x00000c82                SetTelemetry_Initial
 .text.OBC_Majority
                0x00000d3e       0x2c C:\Users\USER\Desktop\com\í êMån\20131220\20120510\Release\teleme.o
                0x00000d3e                OBC_Majority
 .text.Error_Majority
                0x00000d6a       0x2e C:\Users\USER\Desktop\com\í êMån\20131220\20120510\Release\teleme.o
                0x00000d6a                Error_Majority
 .text.Read_Initial
                0x00000d98      0x256 C:\Users\USER\Desktop\com\í êMån\20131220\20120510\Release\teleme.o
                0x00000d98                Read_Initial
 .text.WriteIicBootMode
                0x00000fee      0x26c C:\Users\USER\Desktop\com\í êMån\20131220\20120510\Release\teleme.o
                0x00000fee                WriteIicBootMode
 .text.WriteIicBootFlag
                0x0000125a      0x2b8 C:\Users\USER\Desktop\com\í êMån\20131220\20120510\Release\teleme.o
                0x0000125a                WriteIicBootFlag
 .text.WriteIicBootTime
                0x00001512      0x454 C:\Users\USER\Desktop\com\í êMån\20131220\20120510\Release\teleme.o
                0x00001512                WriteIicBootTime
 .text.WriteIicCameraParam
                0x00001966      0x24a C:\Users\USER\Desktop\com\í êMån\20131220\20120510\Release\teleme.o
                0x00001966                WriteIicCameraParam
 .text.WriteIicMorseParam
                0x00001bb0      0x250 C:\Users\USER\Desktop\com\í êMån\20131220\20120510\Release\teleme.o
                0x00001bb0                WriteIicMorseParam
 .text.WriteIicDigitalkerParam
                0x00001e00      0x24a C:\Users\USER\Desktop\com\í êMån\20131220\20120510\Release\teleme.o
                0x00001e00                WriteIicDigitalkerParam
 .text.WriteIicNoteParam
                0x0000204a      0x24a C:\Users\USER\Desktop\com\í êMån\20131220\20120510\Release\teleme.o
                0x0000204a                WriteIicNoteParam
 .text.WriteIicTextZParam
                0x00002294      0x24a C:\Users\USER\Desktop\com\í êMån\20131220\20120510\Release\teleme.o
                0x00002294                WriteIicTextZParam
 .text.WriteIicTextYParam
                0x000024de      0x24a C:\Users\USER\Desktop\com\í êMån\20131220\20120510\Release\teleme.o
                0x000024de                WriteIicTextYParam
 .text.WriteIicTextXParam
                0x00002728      0x24a C:\Users\USER\Desktop\com\í êMån\20131220\20120510\Release\teleme.o
                0x00002728                WriteIicTextXParam
 .text.ReadSharedROM
                0x00002972      0x2fc C:\Users\USER\Desktop\com\í êMån\20131220\20120510\Release\teleme.o
                0x00002972                ReadSharedROM
 .text.LongReadSharedROM
                0x00002c6e      0x2c4 C:\Users\USER\Desktop\com\í êMån\20131220\20120510\Release\teleme.o
                0x00002c6e                LongReadSharedROM
 .text.debug_sci_init
                0x00002f32       0x2a C:\Users\USER\Desktop\com\í êMån\20131220\20120510\Release\sci_util.o
                0x00002f32                debug_sci_init
 .text.debug_putc
                0x00002f5c       0x10 C:\Users\USER\Desktop\com\í êMån\20131220\20120510\Release\sci_util.o
                0x00002f5c                debug_putc
 .text.debug_puts
                0x00002f6c       0x10 C:\Users\USER\Desktop\com\í êMån\20131220\20120510\Release\sci_util.o
                0x00002f6c                debug_puts
 .text.debug_getc
                0x00002f7c       0x10 C:\Users\USER\Desktop\com\í êMån\20131220\20120510\Release\sci_util.o
                0x00002f7c                debug_getc
 .text.debug_puthex
                0x00002f8c       0x28 C:\Users\USER\Desktop\com\í êMån\20131220\20120510\Release\sci_util.o
                0x00002f8c                debug_puthex
 .text.debug_putdec
                0x00002fb4       0x10 C:\Users\USER\Desktop\com\í êMån\20131220\20120510\Release\sci_util.o
                0x00002fb4                debug_putdec
 .text.HexToAscii
                0x00002fc4       0x16 C:\Users\USER\Desktop\com\í êMån\20131220\20120510\Release\sci_util.o
                0x00002fc4                HexToAscii
 .text.sci2_init
                0x00002fda       0x80 C:\Users\USER\Desktop\com\í êMån\20131220\20120510\Release\sci2.o
                0x00002fda                sci2_init
 .text.sci2_putc
                0x0000305a       0x72 C:\Users\USER\Desktop\com\í êMån\20131220\20120510\Release\sci2.o
                0x0000305a                sci2_putc
 .text.sci2_puthex
                0x000030cc       0x38 C:\Users\USER\Desktop\com\í êMån\20131220\20120510\Release\sci2.o
                0x000030cc                sci2_puthex
 .text.sci2_putdec
                0x00003104       0xbc C:\Users\USER\Desktop\com\í êMån\20131220\20120510\Release\sci2.o
                0x00003104                sci2_putdec
 .text.sci2_putdoublehex
                0x000031c0       0x24 C:\Users\USER\Desktop\com\í êMån\20131220\20120510\Release\sci2.o
                0x000031c0                sci2_putdoublehex
 .text.sci2_putfourhex
                0x000031e4       0x24 C:\Users\USER\Desktop\com\í êMån\20131220\20120510\Release\sci2.o
                0x000031e4                sci2_putfourhex
 .text.sci2_putcrlf
                0x00003208       0x18 C:\Users\USER\Desktop\com\í êMån\20131220\20120510\Release\sci2.o
                0x00003208                sci2_putcrlf
 .text.sci2_puts
                0x00003220       0x3a C:\Users\USER\Desktop\com\í êMån\20131220\20120510\Release\sci2.o
                0x00003220                sci2_puts
 .text.sci2_getc
                0x0000325a       0x64 C:\Users\USER\Desktop\com\í êMån\20131220\20120510\Release\sci2.o
                0x0000325a                sci2_getc
 .text.INT_ERI2
                0x000032be       0x1a C:\Users\USER\Desktop\com\í êMån\20131220\20120510\Release\sci2.o
                0x000032be                INT_ERI2
 .text.INT_RXI2
                0x000032d8       0x6c C:\Users\USER\Desktop\com\í êMån\20131220\20120510\Release\sci2.o
                0x000032d8                INT_RXI2
 .text.INT_TXI2
                0x00003344       0x88 C:\Users\USER\Desktop\com\í êMån\20131220\20120510\Release\sci2.o
                0x00003344                INT_TXI2
 .text.INT_TEI2
                0x000033cc       0x1a C:\Users\USER\Desktop\com\í êMån\20131220\20120510\Release\sci2.o
                0x000033cc                INT_TEI2
 .text.sci1_init
                0x000033e6       0x80 C:\Users\USER\Desktop\com\í êMån\20131220\20120510\Release\sci1.o
                0x000033e6                sci1_init
 .text.sci1_putc
                0x00003466       0x72 C:\Users\USER\Desktop\com\í êMån\20131220\20120510\Release\sci1.o
                0x00003466                sci1_putc
 .text.sci1_puthex
                0x000034d8       0x38 C:\Users\USER\Desktop\com\í êMån\20131220\20120510\Release\sci1.o
                0x000034d8                sci1_puthex
 .text.sci1_putdec
                0x00003510       0xbc C:\Users\USER\Desktop\com\í êMån\20131220\20120510\Release\sci1.o
                0x00003510                sci1_putdec
 .text.sci1_putdoublehex
                0x000035cc       0x24 C:\Users\USER\Desktop\com\í êMån\20131220\20120510\Release\sci1.o
                0x000035cc                sci1_putdoublehex
 .text.sci1_putfourhex
                0x000035f0       0x24 C:\Users\USER\Desktop\com\í êMån\20131220\20120510\Release\sci1.o
                0x000035f0                sci1_putfourhex
 .text.sci1_putcrlf
                0x00003614       0x18 C:\Users\USER\Desktop\com\í êMån\20131220\20120510\Release\sci1.o
                0x00003614                sci1_putcrlf
 .text.sci1_puts
                0x0000362c       0x3a C:\Users\USER\Desktop\com\í êMån\20131220\20120510\Release\sci1.o
                0x0000362c                sci1_puts
 .text.sci1_getc
                0x00003666       0x64 C:\Users\USER\Desktop\com\í êMån\20131220\20120510\Release\sci1.o
                0x00003666                sci1_getc
 .text.INT_ERI1
                0x000036ca       0x1a C:\Users\USER\Desktop\com\í êMån\20131220\20120510\Release\sci1.o
                0x000036ca                INT_ERI1
 .text.sci1_puts_rx
                0x000036e4      0x10c C:\Users\USER\Desktop\com\í êMån\20131220\20120510\Release\sci1.o
                0x000036e4                sci1_puts_rx
 .text.INT_RXI1
                0x000037f0       0x6c C:\Users\USER\Desktop\com\í êMån\20131220\20120510\Release\sci1.o
                0x000037f0                INT_RXI1
 .text.INT_TXI1
                0x0000385c       0x88 C:\Users\USER\Desktop\com\í êMån\20131220\20120510\Release\sci1.o
                0x0000385c                INT_TXI1
 .text.INT_TEI1
                0x000038e4       0x1a C:\Users\USER\Desktop\com\í êMån\20131220\20120510\Release\sci1.o
                0x000038e4                INT_TEI1
 .text.sci0_init
                0x000038fe       0x80 C:\Users\USER\Desktop\com\í êMån\20131220\20120510\Release\sci0.o
                0x000038fe                sci0_init
 .text.sci0_putc
                0x0000397e       0x72 C:\Users\USER\Desktop\com\í êMån\20131220\20120510\Release\sci0.o
                0x0000397e                sci0_putc
 .text.sci0_puthex
                0x000039f0       0x38 C:\Users\USER\Desktop\com\í êMån\20131220\20120510\Release\sci0.o
                0x000039f0                sci0_puthex
 .text.sci0_putdec
                0x00003a28       0xbc C:\Users\USER\Desktop\com\í êMån\20131220\20120510\Release\sci0.o
                0x00003a28                sci0_putdec
 .text.sci0_putdoublehex
                0x00003ae4       0x24 C:\Users\USER\Desktop\com\í êMån\20131220\20120510\Release\sci0.o
                0x00003ae4                sci0_putdoublehex
 .text.sci0_putfourhex
                0x00003b08       0x24 C:\Users\USER\Desktop\com\í êMån\20131220\20120510\Release\sci0.o
                0x00003b08                sci0_putfourhex
 .text.sci0_putcrlf
                0x00003b2c       0x18 C:\Users\USER\Desktop\com\í êMån\20131220\20120510\Release\sci0.o
                0x00003b2c                sci0_putcrlf
 .text.sci0_puts
                0x00003b44       0x3a C:\Users\USER\Desktop\com\í êMån\20131220\20120510\Release\sci0.o
                0x00003b44                sci0_puts
 .text.sci0_getc
                0x00003b7e       0x64 C:\Users\USER\Desktop\com\í êMån\20131220\20120510\Release\sci0.o
                0x00003b7e                sci0_getc
 .text.INT_ERI0
                0x00003be2       0x1a C:\Users\USER\Desktop\com\í êMån\20131220\20120510\Release\sci0.o
                0x00003be2                INT_ERI0
 .text.INT_RXI0
                0x00003bfc       0x6c C:\Users\USER\Desktop\com\í êMån\20131220\20120510\Release\sci0.o
                0x00003bfc                INT_RXI0
 .text.INT_TXI0
                0x00003c68       0x88 C:\Users\USER\Desktop\com\í êMån\20131220\20120510\Release\sci0.o
                0x00003c68                INT_TXI0
 .text.INT_TEI0
                0x00003cf0       0x1a C:\Users\USER\Desktop\com\í êMån\20131220\20120510\Release\sci0.o
                0x00003cf0                INT_TEI0
 .text.init_itu
                0x00003d0a       0x24 C:\Users\USER\Desktop\com\í êMån\20131220\20120510\Release\rx_protcol_inv.o
                0x00003d0a                init_itu
 .text.bitin    0x00003d2e       0x82 C:\Users\USER\Desktop\com\í êMån\20131220\20120510\Release\rx_protcol_inv.o
                0x00003d2e                bitin
 .text.get_byte
                0x00003db0       0xf0 C:\Users\USER\Desktop\com\í êMån\20131220\20120510\Release\rx_protcol_inv.o
                0x00003db0                get_byte
 .text.get_buff
                0x00003ea0      0x118 C:\Users\USER\Desktop\com\í êMån\20131220\20120510\Release\rx_protcol_inv.o
                0x00003ea0                get_buff
 .text.precrc_bit
                0x00003fb8       0x30 C:\Users\USER\Desktop\com\í êMån\20131220\20120510\Release\rx_protcol_inv.o
                0x00003fb8                precrc_bit
 .text.crc_length
                0x00003fe8       0x2c C:\Users\USER\Desktop\com\í êMån\20131220\20120510\Release\rx_protcol_inv.o
                0x00003fe8                crc_length
 .text.Ax_to_info
                0x00004014      0x1c0 C:\Users\USER\Desktop\com\í êMån\20131220\20120510\Release\rx_protcol_inv.o
                0x00004014                Ax_to_info
 .text.get_data
                0x000041d4      0x10a C:\Users\USER\Desktop\com\í êMån\20131220\20120510\Release\rx_protcol_inv.o
                0x000041d4                get_data
 .text.rx_init  0x000042de       0x56 C:\Users\USER\Desktop\com\í êMån\20131220\20120510\Release\rx_protcol_inv.o
                0x000042de                rx_init
 .text.out_bit  0x00004334       0x34 C:\Users\USER\Desktop\com\í êMån\20131220\20120510\Release\rx_pll_inv.o
                0x00004334                out_bit
 .text.strobe   0x00004368       0x34 C:\Users\USER\Desktop\com\í êMån\20131220\20120510\Release\rx_pll_inv.o
                0x00004368                strobe
 .text.out_bits
                0x0000439c       0x44 C:\Users\USER\Desktop\com\í êMån\20131220\20120510\Release\rx_pll_inv.o
                0x0000439c                out_bits
 .text.set_reference_divider
                0x000043e0       0x2a C:\Users\USER\Desktop\com\í êMån\20131220\20120510\Release\rx_pll_inv.o
                0x000043e0                set_reference_divider
 .text.set_option_register
                0x0000440a       0x7e C:\Users\USER\Desktop\com\í êMån\20131220\20120510\Release\rx_pll_inv.o
                0x0000440a                set_option_register
 .text.set_programmable_divider
                0x00004488       0x3c C:\Users\USER\Desktop\com\í êMån\20131220\20120510\Release\rx_pll_inv.o
                0x00004488                set_programmable_divider
 .text.pll_init_rx
                0x000044c4       0x5a C:\Users\USER\Desktop\com\í êMån\20131220\20120510\Release\rx_pll_inv.o
                0x000044c4                pll_init_rx
 .text.check_rx_working
                0x0000451e       0x42 C:\Users\USER\Desktop\com\í êMån\20131220\20120510\Release\rx.o
                0x0000451e                check_rx_working
 .text.RX       0x00004560       0x5a C:\Users\USER\Desktop\com\í êMån\20131220\20120510\Release\rx.o
                0x00004560                RX
 .text.InitPowerTelemetry
                0x000045ba       0x22 C:\Users\USER\Desktop\com\í êMån\20131220\20120510\Release\pwr.o
                0x000045ba                InitPowerTelemetry
 .text.RequestPowerTelemetry
                0x000045dc       0x18 C:\Users\USER\Desktop\com\í êMån\20131220\20120510\Release\pwr.o
                0x000045dc                RequestPowerTelemetry
 .text.UpdatePowerTelemetry
                0x000045f4       0xae C:\Users\USER\Desktop\com\í êMån\20131220\20120510\Release\pwr.o
                0x000045f4                UpdatePowerTelemetry
 .text.RequestMainShutdown
                0x000046a2       0x3a C:\Users\USER\Desktop\com\í êMån\20131220\20120510\Release\pwr.o
                0x000046a2                RequestMainShutdown
 .text.SendHDRtoPIC
                0x000046dc       0x18 C:\Users\USER\Desktop\com\í êMån\20131220\20120510\Release\pwr.o
                0x000046dc                SendHDRtoPIC
 .text.SendHDStoPIC
                0x000046f4       0x18 C:\Users\USER\Desktop\com\í êMån\20131220\20120510\Release\pwr.o
                0x000046f4                SendHDStoPIC
 .text.SendStatusToGS
                0x0000470c      0x2b2 C:\Users\USER\Desktop\com\í êMån\20131220\20120510\Release\put_status.o
                0x0000470c                SendStatusToGS
 .text.SendTelemetryToGS
                0x000049be        0xe C:\Users\USER\Desktop\com\í êMån\20131220\20120510\Release\put_status.o
                0x000049be                SendTelemetryToGS
 .text.PutOut_Rough
                0x000049cc      0x1e0 C:\Users\USER\Desktop\com\í êMån\20131220\20120510\Release\put_status.o
                0x000049cc                PutOut_Rough
 .text.PutOut_Detail
                0x00004bac      0x1e0 C:\Users\USER\Desktop\com\í êMån\20131220\20120510\Release\put_status.o
                0x00004bac                PutOut_Detail
 .text.PutOut_API
                0x00004d8c      0x202 C:\Users\USER\Desktop\com\í êMån\20131220\20120510\Release\put_status.o
                0x00004d8c                PutOut_API
 .text.PutOut_Initial
                0x00004f8e      0x1c2 C:\Users\USER\Desktop\com\í êMån\20131220\20120510\Release\put_status.o
                0x00004f8e                PutOut_Initial
 .text.InitMissionTelemetry
                0x00005150       0x18 C:\Users\USER\Desktop\com\í êMån\20131220\20120510\Release\mission.o
                0x00005150                InitMissionTelemetry
 .text.SendMissionTelemetry
                0x00005168       0xd0 C:\Users\USER\Desktop\com\í êMån\20131220\20120510\Release\mission.o
                0x00005168                SendMissionTelemetry
 .text.RequestMissionReboot
                0x00005238       0x68 C:\Users\USER\Desktop\com\í êMån\20131220\20120510\Release\mission.o
                0x00005238                RequestMissionReboot
 .text.ScheduledRequestMissionReboot
                0x000052a0      0x210 C:\Users\USER\Desktop\com\í êMån\20131220\20120510\Release\mission.o
                0x000052a0                ScheduledRequestMissionReboot
 .text.ScheduledRequestMissionSwitch
                0x000054b0      0x3d6 C:\Users\USER\Desktop\com\í êMån\20131220\20120510\Release\mission.o
                0x000054b0                ScheduledRequestMissionSwitch
 .text.RequestMissionShutdown
                0x00005886       0x64 C:\Users\USER\Desktop\com\í êMån\20131220\20120510\Release\mission.o
                0x00005886                RequestMissionShutdown
 .text.PronounceMissionAbort
                0x000058ea       0x3a C:\Users\USER\Desktop\com\í êMån\20131220\20120510\Release\mission.o
                0x000058ea                PronounceMissionAbort
 .text.itu2_init
                0x00005924       0x54 C:\Users\USER\Desktop\com\í êMån\20131220\20120510\Release\mission.o
                0x00005924                itu2_init
 .text.INT_IMIA2
                0x00005978       0x98 C:\Users\USER\Desktop\com\í êMån\20131220\20120510\Release\mission.o
                0x00005978                INT_IMIA2
 .text.CheckNowTime
                0x00005a10      0x13e C:\Users\USER\Desktop\com\í êMån\20131220\20120510\Release\mission.o
                0x00005a10                CheckNowTime
 .text.DegitalkerON
                0x00005b4e       0x44 C:\Users\USER\Desktop\com\í êMån\20131220\20120510\Release\mission.o
                0x00005b4e                DegitalkerON
 .text.DegitalkerOFF
                0x00005b92       0x3c C:\Users\USER\Desktop\com\í êMån\20131220\20120510\Release\mission.o
                0x00005b92                DegitalkerOFF
 .text.InitMessage
                0x00005bce       0x18 C:\Users\USER\Desktop\com\í êMån\20131220\20120510\Release\message.o
                0x00005bce                InitMessage
 .text.SplitMessage_SCI0
                0x00005be6      0x242 C:\Users\USER\Desktop\com\í êMån\20131220\20120510\Release\message.o
                0x00005be6                SplitMessage_SCI0
 .text.SplitMessage_SCI1
                0x00005e28      0x25e C:\Users\USER\Desktop\com\í êMån\20131220\20120510\Release\message.o
                0x00005e28                SplitMessage_SCI1
 .text.SplitMessage_SCI2
                0x00006086      0x32c C:\Users\USER\Desktop\com\í êMån\20131220\20120510\Release\message.o
                0x00006086                SplitMessage_SCI2
 .text.RecognizeCommand
                0x000063b2      0x316 C:\Users\USER\Desktop\com\í êMån\20131220\20120510\Release\message.o
                0x000063b2                RecognizeCommand
 .text.RecognizeMissionCommand
                0x000066c8      0x31a C:\Users\USER\Desktop\com\í êMån\20131220\20120510\Release\message.o
                0x000066c8                RecognizeMissionCommand
 .text.FindCommand
                0x000069e2       0x22 C:\Users\USER\Desktop\com\í êMån\20131220\20120510\Release\message.o
                0x000069e2                FindCommand
 .text.TransmitMessage
                0x00006a04       0x3a C:\Users\USER\Desktop\com\í êMån\20131220\20120510\Release\message.o
                0x00006a04                TransmitMessage
 .text.TransmitDigitalker
                0x00006a3e       0x3c C:\Users\USER\Desktop\com\í êMån\20131220\20120510\Release\message.o
                0x00006a3e                TransmitDigitalker
 .text.InitPLL  0x00006a7a       0x84 C:\Users\USER\Desktop\com\í êMån\20131220\20120510\Release\message.o
                0x00006a7a                InitPLL
 .text.SendMessage
                0x00006afe      0x1fa C:\Users\USER\Desktop\com\í êMån\20131220\20120510\Release\message.o
                0x00006afe                SendMessage
 .text.FinishSendMessage
                0x00006cf8       0x3c C:\Users\USER\Desktop\com\í êMån\20131220\20120510\Release\message.o
                0x00006cf8                FinishSendMessage
 .text.FinishCommunication
                0x00006d34       0x86 C:\Users\USER\Desktop\com\í êMån\20131220\20120510\Release\message.o
                0x00006d34                FinishCommunication
 .text.SendStatusMessage
                0x00006dba      0x290 C:\Users\USER\Desktop\com\í êMån\20131220\20120510\Release\message.o
                0x00006dba                SendStatusMessage
 .text.CheckPowerReply
                0x0000704a       0x34 C:\Users\USER\Desktop\com\í êMån\20131220\20120510\Release\message.o
                0x0000704a                CheckPowerReply
 .text.itu1_init
                0x0000707e       0x5e C:\Users\USER\Desktop\com\í êMån\20131220\20120510\Release\itu1.o
                0x0000707e                itu1_init
 .text.INT_IMIA1
                0x000070dc      0x346 C:\Users\USER\Desktop\com\í êMån\20131220\20120510\Release\itu1.o
                0x000070dc                INT_IMIA1
 .text.itu0_init
                0x00007422       0x40 C:\Users\USER\Desktop\com\í êMån\20131220\20120510\Release\itu0.o
                0x00007422                itu0_init
 .text.INT_IMIA0
                0x00007462       0x2a C:\Users\USER\Desktop\com\í êMån\20131220\20120510\Release\itu0.o
                0x00007462                INT_IMIA0
 .text.INT_IMIB0
                0x0000748c       0x2a C:\Users\USER\Desktop\com\í êMån\20131220\20120510\Release\itu0.o
                0x0000748c                INT_IMIB0
 .text.INT_NMI  0x000074b6        0xc C:\Users\USER\Desktop\com\í êMån\20131220\20120510\Release\inthandler.o
                0x000074b6                INT_NMI
 .text.INT_TRAP1
                0x000074c2        0xc C:\Users\USER\Desktop\com\í êMån\20131220\20120510\Release\inthandler.o
                0x000074c2                INT_TRAP1
 .text.INT_TRAP2
                0x000074ce        0xc C:\Users\USER\Desktop\com\í êMån\20131220\20120510\Release\inthandler.o
                0x000074ce                INT_TRAP2
 .text.INT_TRAP3
                0x000074da        0xc C:\Users\USER\Desktop\com\í êMån\20131220\20120510\Release\inthandler.o
                0x000074da                INT_TRAP3
 .text.INT_TRAP4
                0x000074e6        0xc C:\Users\USER\Desktop\com\í êMån\20131220\20120510\Release\inthandler.o
                0x000074e6                INT_TRAP4
 .text.INT_IRQ0
                0x000074f2        0xc C:\Users\USER\Desktop\com\í êMån\20131220\20120510\Release\inthandler.o
                0x000074f2                INT_IRQ0
 .text.INT_IRQ1
                0x000074fe        0xc C:\Users\USER\Desktop\com\í êMån\20131220\20120510\Release\inthandler.o
                0x000074fe                INT_IRQ1
 .text.INT_IRQ2
                0x0000750a        0xc C:\Users\USER\Desktop\com\í êMån\20131220\20120510\Release\inthandler.o
                0x0000750a                INT_IRQ2
 .text.INT_IRQ3
                0x00007516        0xc C:\Users\USER\Desktop\com\í êMån\20131220\20120510\Release\inthandler.o
                0x00007516                INT_IRQ3
 .text.INT_IRQ4
                0x00007522        0xc C:\Users\USER\Desktop\com\í êMån\20131220\20120510\Release\inthandler.o
                0x00007522                INT_IRQ4
 .text.INT_IRQ5
                0x0000752e        0xc C:\Users\USER\Desktop\com\í êMån\20131220\20120510\Release\inthandler.o
                0x0000752e                INT_IRQ5
 .text.INT_WOVI
                0x0000753a        0xc C:\Users\USER\Desktop\com\í êMån\20131220\20120510\Release\inthandler.o
                0x0000753a                INT_WOVI
 .text.INT_CMI  0x00007546        0xc C:\Users\USER\Desktop\com\í êMån\20131220\20120510\Release\inthandler.o
                0x00007546                INT_CMI
 .text.INT_ADI  0x00007552        0xc C:\Users\USER\Desktop\com\í êMån\20131220\20120510\Release\inthandler.o
                0x00007552                INT_ADI
 .text.INT_OVI0
                0x0000755e        0xc C:\Users\USER\Desktop\com\í êMån\20131220\20120510\Release\inthandler.o
                0x0000755e                INT_OVI0
 .text.INT_IMIB1
                0x0000756a        0xc C:\Users\USER\Desktop\com\í êMån\20131220\20120510\Release\inthandler.o
                0x0000756a                INT_IMIB1
 .text.INT_OVI1
                0x00007576        0xc C:\Users\USER\Desktop\com\í êMån\20131220\20120510\Release\inthandler.o
                0x00007576                INT_OVI1
 .text.INT_OVI2
                0x00007582        0xc C:\Users\USER\Desktop\com\í êMån\20131220\20120510\Release\inthandler.o
                0x00007582                INT_OVI2
 .text.INT_CMIA0
                0x0000758e        0xc C:\Users\USER\Desktop\com\í êMån\20131220\20120510\Release\inthandler.o
                0x0000758e                INT_CMIA0
 .text.INT_CMIB0
                0x0000759a        0xc C:\Users\USER\Desktop\com\í êMån\20131220\20120510\Release\inthandler.o
                0x0000759a                INT_CMIB0
 .text.INT_CMIA1B1
                0x000075a6        0xc C:\Users\USER\Desktop\com\í êMån\20131220\20120510\Release\inthandler.o
                0x000075a6                INT_CMIA1B1
 .text.INT_TOVI0_1
                0x000075b2        0xc C:\Users\USER\Desktop\com\í êMån\20131220\20120510\Release\inthandler.o
                0x000075b2                INT_TOVI0_1
 .text.INT_CMIA2
                0x000075be        0xc C:\Users\USER\Desktop\com\í êMån\20131220\20120510\Release\inthandler.o
                0x000075be                INT_CMIA2
 .text.INT_CMIB2
                0x000075ca        0xc C:\Users\USER\Desktop\com\í êMån\20131220\20120510\Release\inthandler.o
                0x000075ca                INT_CMIB2
 .text.INT_CMIA3B3
                0x000075d6        0xc C:\Users\USER\Desktop\com\í êMån\20131220\20120510\Release\inthandler.o
                0x000075d6                INT_CMIA3B3
 .text.INT_TOVI2_3
                0x000075e2        0xc C:\Users\USER\Desktop\com\í êMån\20131220\20120510\Release\inthandler.o
                0x000075e2                INT_TOVI2_3
 .text.INT_DEND0A
                0x000075ee        0xc C:\Users\USER\Desktop\com\í êMån\20131220\20120510\Release\inthandler.o
                0x000075ee                INT_DEND0A
 .text.INT_DEND0B
                0x000075fa        0xc C:\Users\USER\Desktop\com\í êMån\20131220\20120510\Release\inthandler.o
                0x000075fa                INT_DEND0B
 .text.INT_DEND1A
                0x00007606        0xc C:\Users\USER\Desktop\com\í êMån\20131220\20120510\Release\inthandler.o
                0x00007606                INT_DEND1A
 .text.INT_DEND1B
                0x00007612        0xc C:\Users\USER\Desktop\com\í êMån\20131220\20120510\Release\inthandler.o
                0x00007612                INT_DEND1B
 .text.Init_MyFunction
                0x0000761e      0x104 C:\Users\USER\Desktop\com\í êMån\20131220\20120510\Release\init.o
                0x0000761e                Init_MyFunction
 .text.Init_Bus
                0x00007722       0xbe C:\Users\USER\Desktop\com\í êMån\20131220\20120510\Release\init.o
                0x00007722                Init_Bus
 .text.Init_Peripherals
                0x000077e0       0x26 C:\Users\USER\Desktop\com\í êMån\20131220\20120510\Release\init.o
                0x000077e0                Init_Peripherals
 .text.IIC2_EEPWAIT
                0x00007806       0x2a C:\Users\USER\Desktop\com\í êMån\20131220\20120510\Release\iic2.o
                0x00007806                IIC2_EEPWAIT
 .text.IIC2_WRITEB
                0x00007830       0xce C:\Users\USER\Desktop\com\í êMån\20131220\20120510\Release\iic2.o
 .text.IIC2_EEPSTART
                0x000078fe       0xb2 C:\Users\USER\Desktop\com\í êMån\20131220\20120510\Release\iic2.o
 .text.IIC2_READB
                0x000079b0       0xd8 C:\Users\USER\Desktop\com\í êMån\20131220\20120510\Release\iic2.o
 .text.IIC2_EEPSTOP
                0x00007a88       0x62 C:\Users\USER\Desktop\com\í êMån\20131220\20120510\Release\iic2.o
                0x00007a88                IIC2_EEPSTOP
 .text.IIC2_EEPRESET
                0x00007aea       0x82 C:\Users\USER\Desktop\com\í êMån\20131220\20120510\Release\iic2.o
                0x00007aea                IIC2_EEPRESET
 .text.IIC2_EEPINIT
                0x00007b6c       0x1a C:\Users\USER\Desktop\com\í êMån\20131220\20120510\Release\iic2.o
                0x00007b6c                IIC2_EEPINIT
 .text.IIC2_EEPCHANGE
                0x00007b86       0x1c C:\Users\USER\Desktop\com\í êMån\20131220\20120510\Release\iic2.o
                0x00007b86                IIC2_EEPCHANGE
 .text.IIC2_EEPWRITE
                0x00007ba2       0xa2 C:\Users\USER\Desktop\com\í êMån\20131220\20120510\Release\iic2.o
                0x00007ba2                IIC2_EEPWRITE
 .text.IIC2_EEPREAD
                0x00007c44       0xde C:\Users\USER\Desktop\com\í êMån\20131220\20120510\Release\iic2.o
                0x00007c44                IIC2_EEPREAD
 .text.IIC1_EEPWAIT
                0x00007d22       0x2a C:\Users\USER\Desktop\com\í êMån\20131220\20120510\Release\iic1.o
                0x00007d22                IIC1_EEPWAIT
 .text.IIC1_WRITEB
                0x00007d4c       0xce C:\Users\USER\Desktop\com\í êMån\20131220\20120510\Release\iic1.o
 .text.IIC1_EEPSTART
                0x00007e1a       0xb2 C:\Users\USER\Desktop\com\í êMån\20131220\20120510\Release\iic1.o
 .text.IIC1_READB
                0x00007ecc       0xda C:\Users\USER\Desktop\com\í êMån\20131220\20120510\Release\iic1.o
 .text.IIC1_EEPSTOP
                0x00007fa6       0x62 C:\Users\USER\Desktop\com\í êMån\20131220\20120510\Release\iic1.o
                0x00007fa6                IIC1_EEPSTOP
 .text.IIC1_EEPRESET
                0x00008008       0x82 C:\Users\USER\Desktop\com\í êMån\20131220\20120510\Release\iic1.o
                0x00008008                IIC1_EEPRESET
 .text.IIC1_EEPINIT
                0x0000808a       0x1a C:\Users\USER\Desktop\com\í êMån\20131220\20120510\Release\iic1.o
                0x0000808a                IIC1_EEPINIT
 .text.IIC1_EEPCHANGE
                0x000080a4       0x1c C:\Users\USER\Desktop\com\í êMån\20131220\20120510\Release\iic1.o
                0x000080a4                IIC1_EEPCHANGE
 .text.IIC1_EEPWRITE
                0x000080c0       0xa2 C:\Users\USER\Desktop\com\í êMån\20131220\20120510\Release\iic1.o
                0x000080c0                IIC1_EEPWRITE
 .text.IIC1_EEPREAD
                0x00008162       0xde C:\Users\USER\Desktop\com\í êMån\20131220\20120510\Release\iic1.o
                0x00008162                IIC1_EEPREAD
 .text.IIC0_EEPWAIT
                0x00008240       0x2a C:\Users\USER\Desktop\com\í êMån\20131220\20120510\Release\iic0.o
                0x00008240                IIC0_EEPWAIT
 .text.IIC0_WRITEB
                0x0000826a       0xcc C:\Users\USER\Desktop\com\í êMån\20131220\20120510\Release\iic0.o
 .text.IIC0_EEPSTART
                0x00008336       0xb2 C:\Users\USER\Desktop\com\í êMån\20131220\20120510\Release\iic0.o
 .text.IIC0_READB
                0x000083e8       0xda C:\Users\USER\Desktop\com\í êMån\20131220\20120510\Release\iic0.o
 .text.IIC0_EEPSTOP
                0x000084c2       0x62 C:\Users\USER\Desktop\com\í êMån\20131220\20120510\Release\iic0.o
                0x000084c2                IIC0_EEPSTOP
 .text.IIC0_EEPRESET
                0x00008524       0x82 C:\Users\USER\Desktop\com\í êMån\20131220\20120510\Release\iic0.o
                0x00008524                IIC0_EEPRESET
 .text.IIC0_EEPINIT
                0x000085a6       0x1a C:\Users\USER\Desktop\com\í êMån\20131220\20120510\Release\iic0.o
                0x000085a6                IIC0_EEPINIT
 .text.IIC0_EEPCHANGE
                0x000085c0       0x1c C:\Users\USER\Desktop\com\í êMån\20131220\20120510\Release\iic0.o
                0x000085c0                IIC0_EEPCHANGE
 .text.IIC0_EEPWRITE
                0x000085dc       0xa2 C:\Users\USER\Desktop\com\í êMån\20131220\20120510\Release\iic0.o
                0x000085dc                IIC0_EEPWRITE
 .text.IIC0_EEPREAD
                0x0000867e       0xde C:\Users\USER\Desktop\com\í êMån\20131220\20120510\Release\iic0.o
                0x0000867e                IIC0_EEPREAD
 .text.hw_initialise
                0x0000875c        0xc C:\Users\USER\Desktop\com\í êMån\20131220\20120510\Release\hwinit.o
                0x0000875c                hw_initialise
 .text.InitStatus
                0x00008768      0x15e C:\Users\USER\Desktop\com\í êMån\20131220\20120510\Release\global.o
                0x00008768                InitStatus
 .text.CheckFlags
                0x000088c6       0x38 C:\Users\USER\Desktop\com\í êMån\20131220\20120510\Release\global.o
                0x000088c6                CheckFlags
 .text.ClearFlags
                0x000088fe       0x18 C:\Users\USER\Desktop\com\í êMån\20131220\20120510\Release\global.o
                0x000088fe                ClearFlags
 .text.SetFlags
                0x00008916       0x18 C:\Users\USER\Desktop\com\í êMån\20131220\20120510\Release\global.o
                0x00008916                SetFlags
 .text.InitRoutine
                0x0000892e       0x86 C:\Users\USER\Desktop\com\í êMån\20131220\20120510\Release\global.o
                0x0000892e                InitRoutine
 .text.init_modem
                0x000089b4       0x26 C:\Users\USER\Desktop\com\í êMån\20131220\20120510\Release\fm_tx.o
                0x000089b4                init_modem
 .text.init_fm  0x000089da       0x36 C:\Users\USER\Desktop\com\í êMån\20131220\20120510\Release\fm_tx.o
                0x000089da                init_fm
 .text.delay_modem
                0x00008a10       0x12 C:\Users\USER\Desktop\com\í êMån\20131220\20120510\Release\fm_tx.o
                0x00008a10                delay_modem
 .text.send_bit
                0x00008a22       0x42 C:\Users\USER\Desktop\com\í êMån\20131220\20120510\Release\fm_tx.o
                0x00008a22                send_bit
 .text.crcbit   0x00008a64       0x60 C:\Users\USER\Desktop\com\í êMån\20131220\20120510\Release\fm_tx.o
                0x00008a64                crcbit
 .text.send_byte
                0x00008ac4       0x84 C:\Users\USER\Desktop\com\í êMån\20131220\20120510\Release\fm_tx.o
                0x00008ac4                send_byte
 .text.send_packet
                0x00008b48       0x8a C:\Users\USER\Desktop\com\í êMån\20131220\20120510\Release\fm_tx.o
                0x00008b48                send_packet
 .text.AX_protocol
                0x00008bd2      0x27e C:\Users\USER\Desktop\com\í êMån\20131220\20120510\Release\fm_tx.o
                0x00008bd2                AX_protocol
 .text.Ax_Send  0x00008e50       0xbc C:\Users\USER\Desktop\com\í êMån\20131220\20120510\Release\fm_tx.o
                0x00008e50                Ax_Send
 .text.TX       0x00008f0c      0x18a C:\Users\USER\Desktop\com\í êMån\20131220\20120510\Release\fm_tx.o
                0x00008f0c                TX
 .text.on_off_ms
                0x00009096       0x84 C:\Users\USER\Desktop\com\í êMån\20131220\20120510\Release\fm_tx.o
                0x00009096                on_off_ms
 .text.on_off_sec
                0x0000911a       0x8c C:\Users\USER\Desktop\com\í êMån\20131220\20120510\Release\fm_tx.o
                0x0000911a                on_off_sec
 .text.on_off_us
                0x000091a6       0x84 C:\Users\USER\Desktop\com\í êMån\20131220\20120510\Release\fm_tx.o
                0x000091a6                on_off_us
 .text.fmptt_on
                0x0000922a       0x18 C:\Users\USER\Desktop\com\í êMån\20131220\20120510\Release\fm_ptt.o
                0x0000922a                fmptt_on
 .text.fmptt_off
                0x00009242       0x10 C:\Users\USER\Desktop\com\í êMån\20131220\20120510\Release\fm_ptt.o
                0x00009242                fmptt_off
 .text.out_bit_fm
                0x00009252       0x36 C:\Users\USER\Desktop\com\í êMån\20131220\20120510\Release\fm_pllcontrol.o
                0x00009252                out_bit_fm
 .text.strobe_fm
                0x00009288       0x34 C:\Users\USER\Desktop\com\í êMån\20131220\20120510\Release\fm_pllcontrol.o
                0x00009288                strobe_fm
 .text.out_bits_fm
                0x000092bc       0x42 C:\Users\USER\Desktop\com\í êMån\20131220\20120510\Release\fm_pllcontrol.o
                0x000092bc                out_bits_fm
 .text.set_reference_divider_fm
                0x000092fe       0x26 C:\Users\USER\Desktop\com\í êMån\20131220\20120510\Release\fm_pllcontrol.o
                0x000092fe                set_reference_divider_fm
 .text.set_option_register_fm
                0x00009324       0x7c C:\Users\USER\Desktop\com\í êMån\20131220\20120510\Release\fm_pllcontrol.o
                0x00009324                set_option_register_fm
 .text.set_programmable_divider_fm
                0x000093a0       0x54 C:\Users\USER\Desktop\com\í êMån\20131220\20120510\Release\fm_pllcontrol.o
                0x000093a0                set_programmable_divider_fm
 .text.pll_init_fm
                0x000093f4       0x56 C:\Users\USER\Desktop\com\í êMån\20131220\20120510\Release\fm_pllcontrol.o
                0x000093f4                pll_init_fm
 .text.set_pll_fm
                0x0000944a       0x5a C:\Users\USER\Desktop\com\í êMån\20131220\20120510\Release\fm_pllcontrol.o
                0x0000944a                set_pll_fm
 .text.DebugMultiplexer
                0x000094a4      0x100 C:\Users\USER\Desktop\com\í êMån\20131220\20120510\Release\debug.o
                0x000094a4                DebugMultiplexer
 .text.DebugPut_Status
                0x000095a4      0x236 C:\Users\USER\Desktop\com\í êMån\20131220\20120510\Release\debug.o
                0x000095a4                DebugPut_Status
 .text.DebugEEPROM
                0x000097da      0x398 C:\Users\USER\Desktop\com\í êMån\20131220\20120510\Release\debug.o
                0x000097da                DebugEEPROM
 .text.DebugPut_Rough
                0x00009b72      0x254 C:\Users\USER\Desktop\com\í êMån\20131220\20120510\Release\debug.o
                0x00009b72                DebugPut_Rough
 .text.DebugPut_Detail
                0x00009dc6      0x254 C:\Users\USER\Desktop\com\í êMån\20131220\20120510\Release\debug.o
                0x00009dc6                DebugPut_Detail
 .text.DebugPut_API
                0x0000a01a      0x22a C:\Users\USER\Desktop\com\í êMån\20131220\20120510\Release\debug.o
                0x0000a01a                DebugPut_API
 .text.DebugPut_Initial
                0x0000a244      0x14a C:\Users\USER\Desktop\com\í êMån\20131220\20120510\Release\debug.o
                0x0000a244                DebugPut_Initial
 .text.DebugPut_SharedROM
                0x0000a38e      0x298 C:\Users\USER\Desktop\com\í êMån\20131220\20120510\Release\debug.o
                0x0000a38e                DebugPut_SharedROM
 .text.Debug_SharedROM
                0x0000a626      0x1da C:\Users\USER\Desktop\com\í êMån\20131220\20120510\Release\debug.o
                0x0000a626                Debug_SharedROM
 .text.DebugWrite_SharedROM
                0x0000a800      0x38a C:\Users\USER\Desktop\com\í êMån\20131220\20120510\Release\debug.o
                0x0000a800                DebugWrite_SharedROM
 .text.DisplayRoutine
                0x0000ab8a      0x1e6 C:\Users\USER\Desktop\com\í êMån\20131220\20120510\Release\debug.o
                0x0000ab8a                DisplayRoutine
 .text.SetRoutine
                0x0000ad70      0x156 C:\Users\USER\Desktop\com\í êMån\20131220\20120510\Release\debug.o
                0x0000ad70                SetRoutine
 .text.Check_PowerData
                0x0000aec6       0x6c C:\Users\USER\Desktop\com\í êMån\20131220\20120510\Release\debug.o
                0x0000aec6                Check_PowerData
 .text.GetCommandID
                0x0000af32      0x4e0 C:\Users\USER\Desktop\com\í êMån\20131220\20120510\Release\command.o
                0x0000af32                GetCommandID
 .text.GetMissionCommandID
                0x0000b412       0x4c C:\Users\USER\Desktop\com\í êMån\20131220\20120510\Release\command.o
                0x0000b412                GetMissionCommandID
 .text.RegistCommand
                0x0000b45e      0x322 C:\Users\USER\Desktop\com\í êMån\20131220\20120510\Release\command.o
                0x0000b45e                RegistCommand
 .text.RegistMissionCommand
                0x0000b780      0x130 C:\Users\USER\Desktop\com\í êMån\20131220\20120510\Release\command.o
                0x0000b780                RegistMissionCommand
 .text.ExecuteCommand
                0x0000b8b0      0x4c0 C:\Users\USER\Desktop\com\í êMån\20131220\20120510\Release\command.o
                0x0000b8b0                ExecuteCommand
 .text.comm_buffer_init
                0x0000bd70       0x3a C:\Users\USER\Desktop\com\í êMån\20131220\20120510\Release\comm_buffer.o
                0x0000bd70                comm_buffer_init
 .text.adconv_init
                0x0000bdaa       0x30 C:\Users\USER\Desktop\com\í êMån\20131220\20120510\Release\adconv.o
                0x0000bdaa                adconv_init
 .text.ami_switch
                0x0000bdda       0x32 C:\Users\USER\Desktop\com\í êMån\20131220\20120510\Release\adconv.o
                0x0000bdda                ami_switch
 .text.mpx_switch
                0x0000be0c       0x88 C:\Users\USER\Desktop\com\í êMån\20131220\20120510\Release\adconv.o
                0x0000be0c                mpx_switch
 .text.get_sensor
                0x0000be94      0x1da C:\Users\USER\Desktop\com\í êMån\20131220\20120510\Release\adconv.o
                0x0000be94                get_sensor
 .text.check_overAmpare
                0x0000c06e       0x6e C:\Users\USER\Desktop\com\í êMån\20131220\20120510\Release\adconv.o
                0x0000c06e                check_overAmpare
 .text.PowerReset
                0x0000c0dc       0x4c C:\Users\USER\Desktop\com\í êMån\20131220\20120510\Release\adconv.o
                0x0000c0dc                PowerReset
 .text.RequestPowerReboot
                0x0000c128       0x26 C:\Users\USER\Desktop\com\í êMån\20131220\20120510\Release\adconv.o
                0x0000c128                RequestPowerReboot
 .text.RequestPowerShutdown
                0x0000c14e       0x26 C:\Users\USER\Desktop\com\í êMån\20131220\20120510\Release\adconv.o
                0x0000c14e                RequestPowerShutdown
 .text.INT_IMIB2
                0x0000c174       0x88 C:\Users\USER\Desktop\com\í êMån\20131220\20120510\Release\adconv.o
                0x0000c174                INT_IMIB2
 .text.insertSpace
                0x0000c1fc       0x2e C:\Users\USER\Desktop\com\í êMån\20131220\20120510\Release\adconv.o
                0x0000c1fc                insertSpace
 .text.disp_AD  0x0000c22a       0xe0 C:\Users\USER\Desktop\com\í êMån\20131220\20120510\Release\adconv.o
                0x0000c22a                disp_AD
 .text.startup.main
                0x0000c30a      0x40a C:\Users\USER\Desktop\com\í êMån\20131220\20120510\Release\20120510.o
                0x0000c30a                main
 .text.free     0x0000c714       0xc2 C:\Users\USER\Desktop\com\í êMån\20131220\20120510\Release\lib20131220.a(newfree.o)
                0x0000c714                free
 .text._top_of_heap
                0x0000c7d6        0xe C:\Users\USER\Desktop\com\í êMån\20131220\20120510\Release\lib20131220.a(newheap.o)
                0x0000c7d6                _top_of_heap
 .text._make_new_mem_hole
                0x0000c7e4       0x2e C:\Users\USER\Desktop\com\í êMån\20131220\20120510\Release\lib20131220.a(newmalloc.o)
                0x0000c7e4                _make_new_mem_hole
 .text.malloc   0x0000c812       0xb4 C:\Users\USER\Desktop\com\í êMån\20131220\20120510\Release\lib20131220.a(newmalloc.o)
                0x0000c812                malloc
                0x0000c8c6                etext = .

.init
 *(.init)

.fini
 *(.fini)

.got
 *(.got)
 *(.got.plt)

.rodata         0x0000c8c8      0xce3
 *(.rodata)
 *(.rodata.*)
 .rodata.str1.1
                0x0000c8c8      0x177 C:\Users\USER\Desktop\com\í êMån\20131220\20120510\Release\teleme.o
                                0x19e (size before relaxing)
 .rodata.str1.1
                0x0000ca3f       0x2c C:\Users\USER\Desktop\com\í êMån\20131220\20120510\Release\sci1.o
                                 0x31 (size before relaxing)
 .rodata.str1.1
                0x0000ca6b       0x97 C:\Users\USER\Desktop\com\í êMån\20131220\20120510\Release\rx_protcol_inv.o
                                 0xa0 (size before relaxing)
 .rodata.str1.1
                0x0000cb02       0x21 C:\Users\USER\Desktop\com\í êMån\20131220\20120510\Release\rx.o
                                 0x23 (size before relaxing)
 .rodata.str1.1
                0x0000cb23       0x34 C:\Users\USER\Desktop\com\í êMån\20131220\20120510\Release\pwr.o
 .rodata.str1.1
                0x0000cb57       0x2c C:\Users\USER\Desktop\com\í êMån\20131220\20120510\Release\put_status.o
                                 0x30 (size before relaxing)
 .rodata.str1.1
                0x0000cb83      0x30a C:\Users\USER\Desktop\com\í êMån\20131220\20120510\Release\mission.o
                                0x315 (size before relaxing)
 .rodata.str1.1
                0x0000ce8d      0x134 C:\Users\USER\Desktop\com\í êMån\20131220\20120510\Release\message.o
                                0x136 (size before relaxing)
 .rodata.str1.1
                0x0000cfc1       0xa0 C:\Users\USER\Desktop\com\í êMån\20131220\20120510\Release\fm_tx.o
                                 0xba (size before relaxing)
 .rodata.str1.1
                0x0000d061      0x1eb C:\Users\USER\Desktop\com\í êMån\20131220\20120510\Release\debug.o
                                0x29e (size before relaxing)
 .rodata.DebugWrite_SharedROM
                0x0000d24c       0x48 C:\Users\USER\Desktop\com\í êMån\20131220\20120510\Release\debug.o
 .rodata.SetRoutine
                0x0000d294       0x60 C:\Users\USER\Desktop\com\í êMån\20131220\20120510\Release\debug.o
 .rodata.str1.1
                0x0000d2f4       0x29 C:\Users\USER\Desktop\com\í êMån\20131220\20120510\Release\command.o
 *fill*         0x0000d31d        0x3 00
 .rodata.ExecuteCommand
                0x0000d320       0xec C:\Users\USER\Desktop\com\í êMån\20131220\20120510\Release\command.o
 .rodata.get_sensor
                0x0000d40c       0x20 C:\Users\USER\Desktop\com\í êMån\20131220\20120510\Release\adconv.o
 .rodata.str1.1
                0x0000d42c       0x8a C:\Users\USER\Desktop\com\í êMån\20131220\20120510\Release\adconv.o
                                 0x93 (size before relaxing)
 .rodata.str1.1
                0x0000d4b6       0xf5 C:\Users\USER\Desktop\com\í êMån\20131220\20120510\Release\20120510.o
                                0x130 (size before relaxing)
                0x0000d5ab                _erodata = .

.eh_frame_hdr
 *(.eh_frame_hdr)

.eh_frame
 *(.eh_frame)

.jcr
 *(.jcr)

.tors           0x0000d5ab        0x0
                0x0000d5ab                __CTOR_LIST__ = .
                0x0000d5ab                ___ctors = .
 *(.ctors)
                0x0000d5ab                ___ctors_end = .
                0x0000d5ab                __CTOR_END__ = .
                0x0000d5ab                __DTOR_LIST__ = .
                0x0000d5ab                ___dtors = .
 *(.dtors)
                0x0000d5ab                ___dtors_end = .
                0x0000d5ab                __DTOR_END__ = .
                0x0000d5ab                _mdata = .

.data           0x00ffbf20        0x0 load address 0x0000d5ab
                0x00ffbf20                _data = .
 *(.data)
 .data          0x00ffbf20        0x0 C:\Users\USER\Desktop\com\í êMån\20131220\20120510\Release\vects.o
 .data          0x00ffbf20        0x0 C:\Users\USER\Desktop\com\í êMån\20131220\20120510\Release\timer.o
 .data          0x00ffbf20        0x0 C:\Users\USER\Desktop\com\í êMån\20131220\20120510\Release\teleme.o
 .data          0x00ffbf20        0x0 C:\Users\USER\Desktop\com\í êMån\20131220\20120510\Release\start.o
 .data          0x00ffbf20        0x0 C:\Users\USER\Desktop\com\í êMån\20131220\20120510\Release\sci_util.o
 .data          0x00ffbf20        0x0 C:\Users\USER\Desktop\com\í êMån\20131220\20120510\Release\sci2.o
 .data          0x00ffbf20        0x0 C:\Users\USER\Desktop\com\í êMån\20131220\20120510\Release\sci1.o
 .data          0x00ffbf20        0x0 C:\Users\USER\Desktop\com\í êMån\20131220\20120510\Release\sci0.o
 .data          0x00ffbf20        0x0 C:\Users\USER\Desktop\com\í êMån\20131220\20120510\Release\rx_protcol_inv.o
 .data          0x00ffbf20        0x0 C:\Users\USER\Desktop\com\í êMån\20131220\20120510\Release\rx_pll_inv.o
 .data          0x00ffbf20        0x0 C:\Users\USER\Desktop\com\í êMån\20131220\20120510\Release\rx.o
 .data          0x00ffbf20        0x0 C:\Users\USER\Desktop\com\í êMån\20131220\20120510\Release\pwr.o
 .data          0x00ffbf20        0x0 C:\Users\USER\Desktop\com\í êMån\20131220\20120510\Release\put_status.o
 .data          0x00ffbf20        0x0 C:\Users\USER\Desktop\com\í êMån\20131220\20120510\Release\mission.o
 .data          0x00ffbf20        0x0 C:\Users\USER\Desktop\com\í êMån\20131220\20120510\Release\message.o
 .data          0x00ffbf20        0x0 C:\Users\USER\Desktop\com\í êMån\20131220\20120510\Release\itu1.o
 .data          0x00ffbf20        0x0 C:\Users\USER\Desktop\com\í êMån\20131220\20120510\Release\itu0.o
 .data          0x00ffbf20        0x0 C:\Users\USER\Desktop\com\í êMån\20131220\20120510\Release\inthandler.o
 .data          0x00ffbf20        0x0 C:\Users\USER\Desktop\com\í êMån\20131220\20120510\Release\init.o
 .data          0x00ffbf20        0x0 C:\Users\USER\Desktop\com\í êMån\20131220\20120510\Release\iic2.o
 .data          0x00ffbf20        0x0 C:\Users\USER\Desktop\com\í êMån\20131220\20120510\Release\iic1.o
 .data          0x00ffbf20        0x0 C:\Users\USER\Desktop\com\í êMån\20131220\20120510\Release\iic0.o
 .data          0x00ffbf20        0x0 C:\Users\USER\Desktop\com\í êMån\20131220\20120510\Release\hwinit.o
 .data          0x00ffbf20        0x0 C:\Users\USER\Desktop\com\í êMån\20131220\20120510\Release\global.o
 .data          0x00ffbf20        0x0 C:\Users\USER\Desktop\com\í êMån\20131220\20120510\Release\fm_tx.o
 .data          0x00ffbf20        0x0 C:\Users\USER\Desktop\com\í êMån\20131220\20120510\Release\fm_ptt.o
 .data          0x00ffbf20        0x0 C:\Users\USER\Desktop\com\í êMån\20131220\20120510\Release\fm_pllcontrol.o
 .data          0x00ffbf20        0x0 C:\Users\USER\Desktop\com\í êMån\20131220\20120510\Release\debug.o
 .data          0x00ffbf20        0x0 C:\Users\USER\Desktop\com\í êMån\20131220\20120510\Release\command.o
 .data          0x00ffbf20        0x0 C:\Users\USER\Desktop\com\í êMån\20131220\20120510\Release\comm_buffer.o
 .data          0x00ffbf20        0x0 C:\Users\USER\Desktop\com\í êMån\20131220\20120510\Release\adconv.o
 .data          0x00ffbf20        0x0 C:\Users\USER\Desktop\com\í êMån\20131220\20120510\Release\20120510.o
 .data          0x00ffbf20        0x0 C:\Users\USER\Desktop\com\í êMån\20131220\20120510\Release\lib20131220.a(newfree.o)
 .data          0x00ffbf20        0x0 C:\Users\USER\Desktop\com\í êMån\20131220\20120510\Release\lib20131220.a(newheap.o)
 .data          0x00ffbf20        0x0 C:\Users\USER\Desktop\com\í êMån\20131220\20120510\Release\lib20131220.a(newmalloc.o)
 .data          0x00ffbf20        0x0 c:\program files\renesas\hew\tools\kpit\gnuh8-elf\v12.01\h8300-elf\lib\gcc\h8300-elf\4.6-GNUH8_v12.01\h8300h\int32\libgcc.a(_divsi3.o)
 .data          0x00ffbf20        0x0 c:\program files\renesas\hew\tools\kpit\gnuh8-elf\v12.01\h8300-elf\lib\gcc\h8300-elf\4.6-GNUH8_v12.01\h8300h\int32\libgcc.a(_mulsi3.o)
 *(.data.*)
                0x00ffbf20                _edata = .

.gcc_exc
 *(.gcc_exc)

.bss            0x00ffbf20     0x2764 load address 0x0000d5ac
                0x00ffbf20                _bss = .
 *(.bss)
 .bss           0x00ffbf20        0x0 C:\Users\USER\Desktop\com\í êMån\20131220\20120510\Release\vects.o
 .bss           0x00ffbf20        0x0 C:\Users\USER\Desktop\com\í êMån\20131220\20120510\Release\timer.o
 .bss           0x00ffbf20        0x0 C:\Users\USER\Desktop\com\í êMån\20131220\20120510\Release\teleme.o
 .bss           0x00ffbf20        0x0 C:\Users\USER\Desktop\com\í êMån\20131220\20120510\Release\start.o
 .bss           0x00ffbf20        0x0 C:\Users\USER\Desktop\com\í êMån\20131220\20120510\Release\sci_util.o
 .bss           0x00ffbf20        0x0 C:\Users\USER\Desktop\com\í êMån\20131220\20120510\Release\sci2.o
 .bss           0x00ffbf20        0x0 C:\Users\USER\Desktop\com\í êMån\20131220\20120510\Release\sci1.o
 .bss           0x00ffbf20        0x0 C:\Users\USER\Desktop\com\í êMån\20131220\20120510\Release\sci0.o
 .bss           0x00ffbf20        0x0 C:\Users\USER\Desktop\com\í êMån\20131220\20120510\Release\rx_protcol_inv.o
 .bss           0x00ffbf20        0x0 C:\Users\USER\Desktop\com\í êMån\20131220\20120510\Release\rx_pll_inv.o
 .bss           0x00ffbf20        0x0 C:\Users\USER\Desktop\com\í êMån\20131220\20120510\Release\rx.o
 .bss           0x00ffbf20        0x0 C:\Users\USER\Desktop\com\í êMån\20131220\20120510\Release\pwr.o
 .bss           0x00ffbf20        0x0 C:\Users\USER\Desktop\com\í êMån\20131220\20120510\Release\put_status.o
 .bss           0x00ffbf20        0x0 C:\Users\USER\Desktop\com\í êMån\20131220\20120510\Release\mission.o
 .bss           0x00ffbf20        0x0 C:\Users\USER\Desktop\com\í êMån\20131220\20120510\Release\message.o
 .bss           0x00ffbf20        0x0 C:\Users\USER\Desktop\com\í êMån\20131220\20120510\Release\itu1.o
 .bss           0x00ffbf20        0x0 C:\Users\USER\Desktop\com\í êMån\20131220\20120510\Release\itu0.o
 .bss           0x00ffbf20        0x0 C:\Users\USER\Desktop\com\í êMån\20131220\20120510\Release\inthandler.o
 .bss           0x00ffbf20        0x0 C:\Users\USER\Desktop\com\í êMån\20131220\20120510\Release\init.o
 .bss           0x00ffbf20        0x0 C:\Users\USER\Desktop\com\í êMån\20131220\20120510\Release\iic2.o
 .bss           0x00ffbf20        0x0 C:\Users\USER\Desktop\com\í êMån\20131220\20120510\Release\iic1.o
 .bss           0x00ffbf20        0x0 C:\Users\USER\Desktop\com\í êMån\20131220\20120510\Release\iic0.o
 .bss           0x00ffbf20        0x0 C:\Users\USER\Desktop\com\í êMån\20131220\20120510\Release\hwinit.o
 .bss           0x00ffbf20        0x0 C:\Users\USER\Desktop\com\í êMån\20131220\20120510\Release\global.o
 .bss           0x00ffbf20        0x0 C:\Users\USER\Desktop\com\í êMån\20131220\20120510\Release\fm_tx.o
 .bss           0x00ffbf20        0x0 C:\Users\USER\Desktop\com\í êMån\20131220\20120510\Release\fm_ptt.o
 .bss           0x00ffbf20        0x0 C:\Users\USER\Desktop\com\í êMån\20131220\20120510\Release\fm_pllcontrol.o
 .bss           0x00ffbf20        0x0 C:\Users\USER\Desktop\com\í êMån\20131220\20120510\Release\debug.o
 .bss           0x00ffbf20        0x0 C:\Users\USER\Desktop\com\í êMån\20131220\20120510\Release\command.o
 .bss           0x00ffbf20        0x0 C:\Users\USER\Desktop\com\í êMån\20131220\20120510\Release\comm_buffer.o
 .bss           0x00ffbf20        0x0 C:\Users\USER\Desktop\com\í êMån\20131220\20120510\Release\adconv.o
 .bss           0x00ffbf20        0x0 C:\Users\USER\Desktop\com\í êMån\20131220\20120510\Release\20120510.o
 .bss           0x00ffbf20        0x0 C:\Users\USER\Desktop\com\í êMån\20131220\20120510\Release\lib20131220.a(newfree.o)
 .bss           0x00ffbf20        0x0 C:\Users\USER\Desktop\com\í êMån\20131220\20120510\Release\lib20131220.a(newheap.o)
 .bss           0x00ffbf20        0x0 C:\Users\USER\Desktop\com\í êMån\20131220\20120510\Release\lib20131220.a(newmalloc.o)
 .bss           0x00ffbf20        0x0 c:\program files\renesas\hew\tools\kpit\gnuh8-elf\v12.01\h8300-elf\lib\gcc\h8300-elf\4.6-GNUH8_v12.01\h8300h\int32\libgcc.a(_divsi3.o)
 .bss           0x00ffbf20        0x0 c:\program files\renesas\hew\tools\kpit\gnuh8-elf\v12.01\h8300-elf\lib\gcc\h8300-elf\4.6-GNUH8_v12.01\h8300h\int32\libgcc.a(_mulsi3.o)
 *(.bss.*)
 .bss.timer_flag
                0x00ffbf20        0x4 C:\Users\USER\Desktop\com\í êMån\20131220\20120510\Release\timer.o
                0x00ffbf20                timer_flag
 .bss.data_set___2471
                0x00ffbf24       0x80 C:\Users\USER\Desktop\com\í êMån\20131220\20120510\Release\teleme.o
 .bss.slave___2469
                0x00ffbfa4        0x1 C:\Users\USER\Desktop\com\í êMån\20131220\20120510\Release\teleme.o
 *fill*         0x00ffbfa5        0x3 00
 .bss.eep_page___2470
                0x00ffbfa8        0x4 C:\Users\USER\Desktop\com\í êMån\20131220\20120510\Release\teleme.o
 .bss.data_set___2524
                0x00ffbfac       0x80 C:\Users\USER\Desktop\com\í êMån\20131220\20120510\Release\teleme.o
 .bss.slave___2522
                0x00ffc02c        0x1 C:\Users\USER\Desktop\com\í êMån\20131220\20120510\Release\teleme.o
 *fill*         0x00ffc02d        0x3 00
 .bss.eep_page___2523
                0x00ffc030        0x4 C:\Users\USER\Desktop\com\í êMån\20131220\20120510\Release\teleme.o
 .bss.data_set___2574
                0x00ffc034       0x20 C:\Users\USER\Desktop\com\í êMån\20131220\20120510\Release\teleme.o
 .bss.eep_page___2573
                0x00ffc054        0x4 C:\Users\USER\Desktop\com\í êMån\20131220\20120510\Release\teleme.o
 .bss.data_obc___2587
                0x00ffc058       0x20 C:\Users\USER\Desktop\com\í êMån\20131220\20120510\Release\teleme.o
 .bss.data_error___2588
                0x00ffc078       0x20 C:\Users\USER\Desktop\com\í êMån\20131220\20120510\Release\teleme.o
 .bss.data_obc___2607
                0x00ffc098       0x20 C:\Users\USER\Desktop\com\í êMån\20131220\20120510\Release\teleme.o
 .bss.data_error___2608
                0x00ffc0b8       0x20 C:\Users\USER\Desktop\com\í êMån\20131220\20120510\Release\teleme.o
 .bss.tlm___2833
                0x00ffc0d8       0x80 C:\Users\USER\Desktop\com\í êMån\20131220\20120510\Release\teleme.o
 .bss.tlm___2867
                0x00ffc158       0x80 C:\Users\USER\Desktop\com\í êMån\20131220\20120510\Release\teleme.o
 .bss.tx2_length
                0x00ffc1d8        0x2 C:\Users\USER\Desktop\com\í êMån\20131220\20120510\Release\sci2.o
 .bss.tx2_wp    0x00ffc1da        0x2 C:\Users\USER\Desktop\com\í êMån\20131220\20120510\Release\sci2.o
 .bss.tx2_rp    0x00ffc1dc        0x2 C:\Users\USER\Desktop\com\í êMån\20131220\20120510\Release\sci2.o
 .bss.rx2_length
                0x00ffc1de        0x2 C:\Users\USER\Desktop\com\í êMån\20131220\20120510\Release\sci2.o
 .bss.rx2_wp    0x00ffc1e0        0x2 C:\Users\USER\Desktop\com\í êMån\20131220\20120510\Release\sci2.o
 .bss.rx2_rp    0x00ffc1e2        0x2 C:\Users\USER\Desktop\com\í êMån\20131220\20120510\Release\sci2.o
 .bss.tx2_buff  0x00ffc1e4      0x100 C:\Users\USER\Desktop\com\í êMån\20131220\20120510\Release\sci2.o
 .bss.rx2_buff  0x00ffc2e4      0x100 C:\Users\USER\Desktop\com\í êMån\20131220\20120510\Release\sci2.o
 .bss.tx1_length
                0x00ffc3e4        0x2 C:\Users\USER\Desktop\com\í êMån\20131220\20120510\Release\sci1.o
 .bss.tx1_wp    0x00ffc3e6        0x2 C:\Users\USER\Desktop\com\í êMån\20131220\20120510\Release\sci1.o
 .bss.tx1_rp    0x00ffc3e8        0x2 C:\Users\USER\Desktop\com\í êMån\20131220\20120510\Release\sci1.o
 .bss.rx1_length
                0x00ffc3ea        0x2 C:\Users\USER\Desktop\com\í êMån\20131220\20120510\Release\sci1.o
 .bss.rx1_wp    0x00ffc3ec        0x2 C:\Users\USER\Desktop\com\í êMån\20131220\20120510\Release\sci1.o
 .bss.rx1_rp    0x00ffc3ee        0x2 C:\Users\USER\Desktop\com\í êMån\20131220\20120510\Release\sci1.o
 .bss.tx1_buff  0x00ffc3f0      0x100 C:\Users\USER\Desktop\com\í êMån\20131220\20120510\Release\sci1.o
 .bss.rx1_buff  0x00ffc4f0      0x100 C:\Users\USER\Desktop\com\í êMån\20131220\20120510\Release\sci1.o
 .bss.tx0_length
                0x00ffc5f0        0x2 C:\Users\USER\Desktop\com\í êMån\20131220\20120510\Release\sci0.o
 .bss.tx0_wp    0x00ffc5f2        0x2 C:\Users\USER\Desktop\com\í êMån\20131220\20120510\Release\sci0.o
 .bss.tx0_rp    0x00ffc5f4        0x2 C:\Users\USER\Desktop\com\í êMån\20131220\20120510\Release\sci0.o
 .bss.rx0_length
                0x00ffc5f6        0x2 C:\Users\USER\Desktop\com\í êMån\20131220\20120510\Release\sci0.o
 .bss.rx0_wp    0x00ffc5f8        0x2 C:\Users\USER\Desktop\com\í êMån\20131220\20120510\Release\sci0.o
 .bss.rx0_rp    0x00ffc5fa        0x2 C:\Users\USER\Desktop\com\í êMån\20131220\20120510\Release\sci0.o
 .bss.tx0_buff  0x00ffc5fc      0x100 C:\Users\USER\Desktop\com\í êMån\20131220\20120510\Release\sci0.o
 .bss.rx0_buff  0x00ffc6fc      0x100 C:\Users\USER\Desktop\com\í êMån\20131220\20120510\Release\sci0.o
 .bss.fcs_error
                0x00ffc7fc        0x4 C:\Users\USER\Desktop\com\í êMån\20131220\20120510\Release\rx_protcol_inv.o
                0x00ffc7fc                fcs_error
 .bss.bit       0x00ffc800        0x4 C:\Users\USER\Desktop\com\í êMån\20131220\20120510\Release\rx_protcol_inv.o
                0x00ffc800                bit
 .bss.shiftbuff
                0x00ffc804        0x4 C:\Users\USER\Desktop\com\í êMån\20131220\20120510\Release\rx_protcol_inv.o
                0x00ffc804                shiftbuff
 .bss.oldstate  0x00ffc808        0x4 C:\Users\USER\Desktop\com\í êMån\20131220\20120510\Release\rx_protcol_inv.o
 .bss.info      0x00ffc80c        0x4 C:\Users\USER\Desktop\com\í êMån\20131220\20120510\Release\rx_protcol_inv.o
 .bss.a___2743  0x00ffc810        0x4 C:\Users\USER\Desktop\com\í êMån\20131220\20120510\Release\rx_protcol_inv.o
 .bss.info      0x00ffc814        0x4 C:\Users\USER\Desktop\com\í êMån\20131220\20120510\Release\rx.o
 .bss.tlm___1321
                0x00ffc818       0x80 C:\Users\USER\Desktop\com\í êMån\20131220\20120510\Release\put_status.o
 .bss.tlm___1360
                0x00ffc898       0x80 C:\Users\USER\Desktop\com\í êMån\20131220\20120510\Release\put_status.o
 .bss.tlm___1395
                0x00ffc918       0x20 C:\Users\USER\Desktop\com\í êMån\20131220\20120510\Release\put_status.o
 .bss.tlm___1429
                0x00ffc938       0x80 C:\Users\USER\Desktop\com\í êMån\20131220\20120510\Release\put_status.o
 .bss.start___2485
                0x00ffc9b8        0x2 C:\Users\USER\Desktop\com\í êMån\20131220\20120510\Release\message.o
 .bss.found___2484
                0x00ffc9ba        0x1 C:\Users\USER\Desktop\com\í êMån\20131220\20120510\Release\message.o
 *fill*         0x00ffc9bb        0x1 00
 .bss.i___2483  0x00ffc9bc        0x2 C:\Users\USER\Desktop\com\í êMån\20131220\20120510\Release\message.o
 .bss.split_sci0_buff___2481
                0x00ffc9be      0x100 C:\Users\USER\Desktop\com\í êMån\20131220\20120510\Release\message.o
 .bss.split_sci0_wp___2482
                0x00ffcabe        0x2 C:\Users\USER\Desktop\com\í êMån\20131220\20120510\Release\message.o
 .bss.start___2507
                0x00ffcac0        0x2 C:\Users\USER\Desktop\com\í êMån\20131220\20120510\Release\message.o
 .bss.found___2506
                0x00ffcac2        0x1 C:\Users\USER\Desktop\com\í êMån\20131220\20120510\Release\message.o
 *fill*         0x00ffcac3        0x1 00
 .bss.i___2505  0x00ffcac4        0x2 C:\Users\USER\Desktop\com\í êMån\20131220\20120510\Release\message.o
 .bss.start___2532
                0x00ffcac6        0x2 C:\Users\USER\Desktop\com\í êMån\20131220\20120510\Release\message.o
 .bss.found___2531
                0x00ffcac8        0x1 C:\Users\USER\Desktop\com\í êMån\20131220\20120510\Release\message.o
 *fill*         0x00ffcac9        0x1 00
 .bss.i___2530  0x00ffcaca        0x2 C:\Users\USER\Desktop\com\í êMån\20131220\20120510\Release\message.o
 .bss.message_fm
                0x00ffcacc       0xc8 C:\Users\USER\Desktop\com\í êMån\20131220\20120510\Release\message.o
 .bss.mission_counter
                0x00ffcb94        0x4 C:\Users\USER\Desktop\com\í êMån\20131220\20120510\Release\message.o
 .bss.mission_length
                0x00ffcb98        0x2 C:\Users\USER\Desktop\com\í êMån\20131220\20120510\Release\message.o
 .bss.mission_rp
                0x00ffcb9a        0x2 C:\Users\USER\Desktop\com\í êMån\20131220\20120510\Release\message.o
 .bss.mission_wp
                0x00ffcb9c        0x2 C:\Users\USER\Desktop\com\í êMån\20131220\20120510\Release\message.o
 .bss.mission_length_buff
                0x00ffcb9e        0x8 C:\Users\USER\Desktop\com\í êMån\20131220\20120510\Release\message.o
 *fill*         0x00ffcba6        0x2 00
 .bss.message_counter
                0x00ffcba8        0x4 C:\Users\USER\Desktop\com\í êMån\20131220\20120510\Release\message.o
 .bss.message_length
                0x00ffcbac        0x2 C:\Users\USER\Desktop\com\í êMån\20131220\20120510\Release\message.o
 .bss.message_rp
                0x00ffcbae        0x2 C:\Users\USER\Desktop\com\í êMån\20131220\20120510\Release\message.o
 .bss.message_wp
                0x00ffcbb0        0x2 C:\Users\USER\Desktop\com\í êMån\20131220\20120510\Release\message.o
 .bss.message_length_buff
                0x00ffcbb2        0x8 C:\Users\USER\Desktop\com\í êMån\20131220\20120510\Release\message.o
 .bss.message_buff
                0x00ffcbba      0x320 C:\Users\USER\Desktop\com\í êMån\20131220\20120510\Release\message.o
 .bss.split_sci1_wp___2504
                0x00ffceda        0x2 C:\Users\USER\Desktop\com\í êMån\20131220\20120510\Release\message.o
 .bss.split_sci1_buff___2503
                0x00ffcedc      0x100 C:\Users\USER\Desktop\com\í êMån\20131220\20120510\Release\message.o
 .bss.split_sci2_wp___2529
                0x00ffcfdc        0x2 C:\Users\USER\Desktop\com\í êMån\20131220\20120510\Release\message.o
 .bss.split_sci2_buff___2528
                0x00ffcfde      0x100 C:\Users\USER\Desktop\com\í êMån\20131220\20120510\Release\message.o
 .bss.mission_buff
                0x00ffd0de      0x320 C:\Users\USER\Desktop\com\í êMån\20131220\20120510\Release\message.o
 .bss.buf___2632
                0x00ffd3fe       0x80 C:\Users\USER\Desktop\com\í êMån\20131220\20120510\Release\debug.o
 .bss.tlm___2658
                0x00ffd47e       0x80 C:\Users\USER\Desktop\com\í êMån\20131220\20120510\Release\debug.o
 .bss.tlm___2683
                0x00ffd4fe       0x80 C:\Users\USER\Desktop\com\í êMån\20131220\20120510\Release\debug.o
 .bss.tlm___2704
                0x00ffd57e       0x20 C:\Users\USER\Desktop\com\í êMån\20131220\20120510\Release\debug.o
 .bss.buf_obc___2714
                0x00ffd59e       0x20 C:\Users\USER\Desktop\com\í êMån\20131220\20120510\Release\debug.o
 .bss.buf_error___2715
                0x00ffd5be       0x20 C:\Users\USER\Desktop\com\í êMån\20131220\20120510\Release\debug.o
 .bss.tlm___2740
                0x00ffd5de       0x80 C:\Users\USER\Desktop\com\í êMån\20131220\20120510\Release\debug.o
 .bss.buf___2755
                0x00ffd65e       0x80 C:\Users\USER\Desktop\com\í êMån\20131220\20120510\Release\debug.o
 .bss.l_rp      0x00ffd6de        0x1 C:\Users\USER\Desktop\com\í êMån\20131220\20120510\Release\command.o
 .bss.l_wp      0x00ffd6df        0x1 C:\Users\USER\Desktop\com\í êMån\20131220\20120510\Release\command.o
 .bss.m_rp      0x00ffd6e0        0x1 C:\Users\USER\Desktop\com\í êMån\20131220\20120510\Release\command.o
 .bss.m_wp      0x00ffd6e1        0x1 C:\Users\USER\Desktop\com\í êMån\20131220\20120510\Release\command.o
 .bss.h_rp      0x00ffd6e2        0x1 C:\Users\USER\Desktop\com\í êMån\20131220\20120510\Release\command.o
 .bss.h_wp      0x00ffd6e3        0x1 C:\Users\USER\Desktop\com\í êMån\20131220\20120510\Release\command.o
 .bss.cnt___2515
                0x00ffd6e4        0x4 C:\Users\USER\Desktop\com\í êMån\20131220\20120510\Release\adconv.o
 .bss.mpx_ch___2483
                0x00ffd6e8        0x1 C:\Users\USER\Desktop\com\í êMån\20131220\20120510\Release\adconv.o
 *fill*         0x00ffd6e9        0x3 00
 .bss._last_heap_object
                0x00ffd6ec        0x4 C:\Users\USER\Desktop\com\í êMån\20131220\20120510\Release\lib20131220.a(newheap.o)
                0x00ffd6ec                _last_heap_object
 .bss._heap_of_memory
                0x00ffd6f0        0x4 C:\Users\USER\Desktop\com\í êMån\20131220\20120510\Release\lib20131220.a(newheap.o)
                0x00ffd6f0                _heap_of_memory
 *(COMMON)
 COMMON         0x00ffd6f4        0x4 C:\Users\USER\Desktop\com\í êMån\20131220\20120510\Release\timer.o
                0x00ffd6f4                time
 COMMON         0x00ffd6f8      0x1ac C:\Users\USER\Desktop\com\í êMån\20131220\20120510\Release\teleme.o
                0x00ffd6f8                ena_overa
                0x00ffd6fb                flag_dispAD
                0x00ffd6fe                flag_overa
                0x00ffd701                flag_dteleme
                0x00ffd704                ena_rteleme
                0x00ffd707                ena_ateleme
                0x00ffd70a                flag_ad
                0x00ffd710                my_wdt
                0x00ffd714                flag_iteleme
                0x00ffd717                ena_iteleme
                0x00ffd71a                ena_mywdt
                0x00ffd720                itu1_cnt
                0x00ffd724                ena_dteleme
                0x00ffd727                flag_ateleme
                0x00ffd72a                ena_ad
                0x00ffd72d                flag_oteleme
                0x00ffd730                flag_rteleme
                0x00ffd733                ena_dispAD
                0x00ffd736                mpx
                0x00ffd756                status
                0x00ffd7d5                ena_oteleme
                0x00ffd7d8                message_global
 COMMON         0x00ffd8a4       0x15 C:\Users\USER\Desktop\com\í êMån\20131220\20120510\Release\rx_protcol_inv.o
                0x00ffd8a4                i
                0x00ffd8a8                fcslo
                0x00ffd8a9                flag_rx
                0x00ffd8ac                uplink_rx_buff
                0x00ffd8b0                kbit
                0x00ffd8b4                info_length
                0x00ffd8b8                fcshi
 *fill*         0x00ffd8b9        0x3 00
 COMMON         0x00ffd8bc      0xc22 C:\Users\USER\Desktop\com\í êMån\20131220\20120510\Release\rx.o
                0x00ffd8bc                flag_send_fm
                0x00ffd8c0                DT_time
                0x00ffd8c4                flag_tx
                0x00ffd8c7                FM_buffer_length
                0x00ffd8d4                FmPreamble
                0x00ffd8d8                stuff
                0x00ffd8d9                fcsflag_send_fm
                0x00ffd8da                FM_sender_num
                0x00ffd8db                FM_buffer_num
                0x00ffd8dc                FM_buffer
                0x00ffe4dc                DT_mode
                0x00ffe4dd                FM_mode
 COMMON         0x00ffe4de        0xc C:\Users\USER\Desktop\com\í êMån\20131220\20120510\Release\pwr.o
                0x00ffe4de                ena_alive
                0x00ffe4e1                flag_pwrt
                0x00ffe4e4                ena_pwrt
                0x00ffe4e7                flag_alive
 *fill*         0x00ffe4ea        0x2 00
 COMMON         0x00ffe4ec       0x27 C:\Users\USER\Desktop\com\í êMån\20131220\20120510\Release\mission.o
                0x00ffe4ec                flag_tof
                0x00ffe4f0                sms_time
                0x00ffe4f4                flag_cpr
                0x00ffe4f8                smr_time
                0x00ffe4fc                flag_ton
                0x00ffe4fd                flag_smr
                0x00ffe500                ena_misst
                0x00ffe504                mission_cnt
                0x00ffe508                flag_sms
                0x00ffe50c                mission_timeout
                0x00ffe510                flag_misst
 COMMON         0x00ffe513        0x6 C:\Users\USER\Desktop\com\í êMån\20131220\20120510\Release\message.o
                0x00ffe513                flag_exe
                0x00ffe516                flag_scirx
 COMMON         0x00ffe519        0x1 C:\Users\USER\Desktop\com\í êMån\20131220\20120510\Release\iic2.o
                0x00ffe519                P2_DDR
 *fill*         0x00ffe51a        0x2 00
 COMMON         0x00ffe51c      0x168 C:\Users\USER\Desktop\com\í êMån\20131220\20120510\Release\command.o
                0x00ffe51c                command_H
                0x00ffe594                command_M
                0x00ffe60c                command_L
                0x00ffe684                _ebss = .
                0x00ffe684                _end = .

.stack          0x00ffff00        0x0
                0x00ffff00                _stack = .
LOAD C:\Users\USER\Desktop\com\í êMån\20131220\20120510\Release\vects.o
LOAD C:\Users\USER\Desktop\com\í êMån\20131220\20120510\Release\timer.o
LOAD C:\Users\USER\Desktop\com\í êMån\20131220\20120510\Release\teleme.o
LOAD C:\Users\USER\Desktop\com\í êMån\20131220\20120510\Release\start.o
LOAD C:\Users\USER\Desktop\com\í êMån\20131220\20120510\Release\sci_util.o
LOAD C:\Users\USER\Desktop\com\í êMån\20131220\20120510\Release\sci2.o
LOAD C:\Users\USER\Desktop\com\í êMån\20131220\20120510\Release\sci1.o
LOAD C:\Users\USER\Desktop\com\í êMån\20131220\20120510\Release\sci0.o
LOAD C:\Users\USER\Desktop\com\í êMån\20131220\20120510\Release\rx_protcol_inv.o
LOAD C:\Users\USER\Desktop\com\í êMån\20131220\20120510\Release\rx_pll_inv.o
LOAD C:\Users\USER\Desktop\com\í êMån\20131220\20120510\Release\rx.o
LOAD C:\Users\USER\Desktop\com\í êMån\20131220\20120510\Release\pwr.o
LOAD C:\Users\USER\Desktop\com\í êMån\20131220\20120510\Release\put_status.o
LOAD C:\Users\USER\Desktop\com\í êMån\20131220\20120510\Release\mission.o
LOAD C:\Users\USER\Desktop\com\í êMån\20131220\20120510\Release\message.o
LOAD C:\Users\USER\Desktop\com\í êMån\20131220\20120510\Release\itu1.o
LOAD C:\Users\USER\Desktop\com\í êMån\20131220\20120510\Release\itu0.o
LOAD C:\Users\USER\Desktop\com\í êMån\20131220\20120510\Release\inthandler.o
LOAD C:\Users\USER\Desktop\com\í êMån\20131220\20120510\Release\init.o
LOAD C:\Users\USER\Desktop\com\í êMån\20131220\20120510\Release\iic2.o
LOAD C:\Users\USER\Desktop\com\í êMån\20131220\20120510\Release\iic1.o
LOAD C:\Users\USER\Desktop\com\í êMån\20131220\20120510\Release\iic0.o
LOAD C:\Users\USER\Desktop\com\í êMån\20131220\20120510\Release\hwinit.o
LOAD C:\Users\USER\Desktop\com\í êMån\20131220\20120510\Release\global.o
LOAD C:\Users\USER\Desktop\com\í êMån\20131220\20120510\Release\fm_tx.o
LOAD C:\Users\USER\Desktop\com\í êMån\20131220\20120510\Release\fm_ptt.o
LOAD C:\Users\USER\Desktop\com\í êMån\20131220\20120510\Release\fm_pllcontrol.o
LOAD C:\Users\USER\Desktop\com\í êMån\20131220\20120510\Release\debug.o
LOAD C:\Users\USER\Desktop\com\í êMån\20131220\20120510\Release\command.o
LOAD C:\Users\USER\Desktop\com\í êMån\20131220\20120510\Release\comm_buffer.o
LOAD C:\Users\USER\Desktop\com\í êMån\20131220\20120510\Release\adconv.o
LOAD C:\Users\USER\Desktop\com\í êMån\20131220\20120510\Release\20120510.o
START GROUP
LOAD C:\Users\USER\Desktop\com\í êMån\20131220\20120510\Release\lib20131220.a
LOAD c:\program files\renesas\hew\tools\kpit\gnuh8-elf\v12.01\h8300-elf\lib\gcc\h8300-elf\4.6-GNUH8_v12.01\h8300h\int32\libgcc.a
END GROUP
OUTPUT(C:\Users\USER\Desktop\com\í êMån\20131220\20120510\Release\20131220.x elf32-h8300)

.comment        0x00000000       0x1c
 .comment       0x00000000       0x1c C:\Users\USER\Desktop\com\í êMån\20131220\20120510\Release\vects.o
                                 0x1d (size before relaxing)
 .comment       0x00000000       0x1d C:\Users\USER\Desktop\com\í êMån\20131220\20120510\Release\timer.o
 .comment       0x00000000       0x1d C:\Users\USER\Desktop\com\í êMån\20131220\20120510\Release\teleme.o
 .comment       0x00000000       0x1d C:\Users\USER\Desktop\com\í êMån\20131220\20120510\Release\sci_util.o
 .comment       0x00000000       0x1d C:\Users\USER\Desktop\com\í êMån\20131220\20120510\Release\sci2.o
 .comment       0x00000000       0x1d C:\Users\USER\Desktop\com\í êMån\20131220\20120510\Release\sci1.o
 .comment       0x00000000       0x1d C:\Users\USER\Desktop\com\í êMån\20131220\20120510\Release\sci0.o
 .comment       0x00000000       0x1d C:\Users\USER\Desktop\com\í êMån\20131220\20120510\Release\rx_protcol_inv.o
 .comment       0x00000000       0x1d C:\Users\USER\Desktop\com\í êMån\20131220\20120510\Release\rx_pll_inv.o
 .comment       0x00000000       0x1d C:\Users\USER\Desktop\com\í êMån\20131220\20120510\Release\rx.o
 .comment       0x00000000       0x1d C:\Users\USER\Desktop\com\í êMån\20131220\20120510\Release\pwr.o
 .comment       0x00000000       0x1d C:\Users\USER\Desktop\com\í êMån\20131220\20120510\Release\put_status.o
 .comment       0x00000000       0x1d C:\Users\USER\Desktop\com\í êMån\20131220\20120510\Release\mission.o
 .comment       0x00000000       0x1d C:\Users\USER\Desktop\com\í êMån\20131220\20120510\Release\message.o
 .comment       0x00000000       0x1d C:\Users\USER\Desktop\com\í êMån\20131220\20120510\Release\itu1.o
 .comment       0x00000000       0x1d C:\Users\USER\Desktop\com\í êMån\20131220\20120510\Release\itu0.o
 .comment       0x00000000       0x1d C:\Users\USER\Desktop\com\í êMån\20131220\20120510\Release\inthandler.o
 .comment       0x00000000       0x1d C:\Users\USER\Desktop\com\í êMån\20131220\20120510\Release\init.o
 .comment       0x00000000       0x1d C:\Users\USER\Desktop\com\í êMån\20131220\20120510\Release\iic2.o
 .comment       0x00000000       0x1d C:\Users\USER\Desktop\com\í êMån\20131220\20120510\Release\iic1.o
 .comment       0x00000000       0x1d C:\Users\USER\Desktop\com\í êMån\20131220\20120510\Release\iic0.o
 .comment       0x00000000       0x1d C:\Users\USER\Desktop\com\í êMån\20131220\20120510\Release\hwinit.o
 .comment       0x00000000       0x1d C:\Users\USER\Desktop\com\í êMån\20131220\20120510\Release\global.o
 .comment       0x00000000       0x1d C:\Users\USER\Desktop\com\í êMån\20131220\20120510\Release\fm_tx.o
 .comment       0x00000000       0x1d C:\Users\USER\Desktop\com\í êMån\20131220\20120510\Release\fm_ptt.o
 .comment       0x00000000       0x1d C:\Users\USER\Desktop\com\í êMån\20131220\20120510\Release\fm_pllcontrol.o
 .comment       0x00000000       0x1d C:\Users\USER\Desktop\com\í êMån\20131220\20120510\Release\debug.o
 .comment       0x00000000       0x1d C:\Users\USER\Desktop\com\í êMån\20131220\20120510\Release\command.o
 .comment       0x00000000       0x1d C:\Users\USER\Desktop\com\í êMån\20131220\20120510\Release\comm_buffer.o
 .comment       0x00000000       0x1d C:\Users\USER\Desktop\com\í êMån\20131220\20120510\Release\adconv.o
 .comment       0x00000000       0x1d C:\Users\USER\Desktop\com\í êMån\20131220\20120510\Release\20120510.o
 .comment       0x00000000       0x1d C:\Users\USER\Desktop\com\í êMån\20131220\20120510\Release\lib20131220.a(newfree.o)
 .comment       0x00000000       0x1d C:\Users\USER\Desktop\com\í êMån\20131220\20120510\Release\lib20131220.a(newheap.o)
 .comment       0x00000000       0x1d C:\Users\USER\Desktop\com\í êMån\20131220\20120510\Release\lib20131220.a(newmalloc.o)


==============================================================

Listfile generated by KPIT GNUH8 [ELF]-v12.01 on Friday, December 20, 2013, 23:13:59

Build options:

-T "C:\Users\USER\Desktop\com\í êMån\20131220\20120510\Release\20131220_Release_auto.gsi"
-T "C:\Users\USER\Desktop\com\í êMån\20131220\20120510\Release\20131220_input.tmp" 
-L "c:\program files\renesas\hew\tools\kpit\gnuh8-elf\v12.01\h8300-elf\lib\gcc\h8300-elf\4.6-GNUH8_v12.01\h8300h\int32"
-L "C:\Users\USER\Desktop\com\í êMån\20131220\20120510\Release"
-Map "C:\Users\USER\Desktop\com\í êMån\20131220\20120510\Release\20131220.map"
-no-keep-memory
-S
-( -l "20131220" -l "gcc" -)
-o "C:\Users\USER\Desktop\com\í êMån\20131220\20120510\Release\20131220.x"
-e _start
INPUT("C:\Users\USER\Desktop\com\í êMån\20131220\20120510\Release\vects.o")
INPUT("C:\Users\USER\Desktop\com\í êMån\20131220\20120510\Release\timer.o")
INPUT("C:\Users\USER\Desktop\com\í êMån\20131220\20120510\Release\teleme.o")
INPUT("C:\Users\USER\Desktop\com\í êMån\20131220\20120510\Release\start.o")
INPUT("C:\Users\USER\Desktop\com\í êMån\20131220\20120510\Release\sci_util.o")
INPUT("C:\Users\USER\Desktop\com\í êMån\20131220\20120510\Release\sci2.o")
INPUT("C:\Users\USER\Desktop\com\í êMån\20131220\20120510\Release\sci1.o")
INPUT("C:\Users\USER\Desktop\com\í êMån\20131220\20120510\Release\sci0.o")
INPUT("C:\Users\USER\Desktop\com\í êMån\20131220\20120510\Release\rx_protcol_inv.o")
INPUT("C:\Users\USER\Desktop\com\í êMån\20131220\20120510\Release\rx_pll_inv.o")
INPUT("C:\Users\USER\Desktop\com\í êMån\20131220\20120510\Release\rx.o")
INPUT("C:\Users\USER\Desktop\com\í êMån\20131220\20120510\Release\pwr.o")
INPUT("C:\Users\USER\Desktop\com\í êMån\20131220\20120510\Release\put_status.o")
INPUT("C:\Users\USER\Desktop\com\í êMån\20131220\20120510\Release\mission.o")
INPUT("C:\Users\USER\Desktop\com\í êMån\20131220\20120510\Release\message.o")
INPUT("C:\Users\USER\Desktop\com\í êMån\20131220\20120510\Release\itu1.o")
INPUT("C:\Users\USER\Desktop\com\í êMån\20131220\20120510\Release\itu0.o")
INPUT("C:\Users\USER\Desktop\com\í êMån\20131220\20120510\Release\inthandler.o")
INPUT("C:\Users\USER\Desktop\com\í êMån\20131220\20120510\Release\init.o")
INPUT("C:\Users\USER\Desktop\com\í êMån\20131220\20120510\Release\iic2.o")
INPUT("C:\Users\USER\Desktop\com\í êMån\20131220\20120510\Release\iic1.o")
INPUT("C:\Users\USER\Desktop\com\í êMån\20131220\20120510\Release\iic0.o")
INPUT("C:\Users\USER\Desktop\com\í êMån\20131220\20120510\Release\hwinit.o")
INPUT("C:\Users\USER\Desktop\com\í êMån\20131220\20120510\Release\global.o")
INPUT("C:\Users\USER\Desktop\com\í êMån\20131220\20120510\Release\fm_tx.o")
INPUT("C:\Users\USER\Desktop\com\í êMån\20131220\20120510\Release\fm_ptt.o")
INPUT("C:\Users\USER\Desktop\com\í êMån\20131220\20120510\Release\fm_pllcontrol.o")
INPUT("C:\Users\USER\Desktop\com\í êMån\20131220\20120510\Release\debug.o")
INPUT("C:\Users\USER\Desktop\com\í êMån\20131220\20120510\Release\command.o")
INPUT("C:\Users\USER\Desktop\com\í êMån\20131220\20120510\Release\comm_buffer.o")
INPUT("C:\Users\USER\Desktop\com\í êMån\20131220\20120510\Release\adconv.o")
INPUT("C:\Users\USER\Desktop\com\í êMån\20131220\20120510\Release\20120510.o")
