Archive member included because of file (symbol)

C:\Users\USER\Desktop\com\í êMån\20140117\20120510\Release\lib20140117.a(newfree.o)
                              C:\Users\USER\Desktop\com\í êMån\20140117\20120510\Release\rx.o (free)
C:\Users\USER\Desktop\com\í êMån\20140117\20120510\Release\lib20140117.a(newheap.o)
                              C:\Users\USER\Desktop\com\í êMån\20140117\20120510\Release\lib20140117.a(newfree.o) (_last_heap_object)
C:\Users\USER\Desktop\com\í êMån\20140117\20120510\Release\lib20140117.a(newmalloc.o)
                              C:\Users\USER\Desktop\com\í êMån\20140117\20120510\Release\rx_protcol_inv.o (malloc)
c:\program files\renesas\hew\tools\kpit\gnuh8-elf\v12.01\h8300-elf\lib\gcc\h8300-elf\4.6-GNUH8_v12.01\h8300h\int32\libgcc.a(_divsi3.o)
                              C:\Users\USER\Desktop\com\í êMån\20140117\20120510\Release\sci2.o (__udivsi3)
c:\program files\renesas\hew\tools\kpit\gnuh8-elf\v12.01\h8300-elf\lib\gcc\h8300-elf\4.6-GNUH8_v12.01\h8300h\int32\libgcc.a(_mulsi3.o)
                              C:\Users\USER\Desktop\com\í êMån\20140117\20120510\Release\teleme.o (__mulsi3)

Allocating common symbols
Common symbol       size              file

command_H           0x78              C:\Users\USER\Desktop\com\í êMån\20140117\20120510\Release\command.o
P2_DDR              0x1               C:\Users\USER\Desktop\com\í êMån\20140117\20120510\Release\iic2.o
ena_overa           0x3               C:\Users\USER\Desktop\com\í êMån\20140117\20120510\Release\teleme.o
flag_dispAD         0x3               C:\Users\USER\Desktop\com\í êMån\20140117\20120510\Release\teleme.o
flag_overa          0x3               C:\Users\USER\Desktop\com\í êMån\20140117\20120510\Release\teleme.o
flag_send_fm        0x1               C:\Users\USER\Desktop\com\í êMån\20140117\20120510\Release\rx.o
i                   0x4               C:\Users\USER\Desktop\com\í êMån\20140117\20120510\Release\rx_protcol_inv.o
flag_pic            0x3               C:\Users\USER\Desktop\com\í êMån\20140117\20120510\Release\teleme.o
ena_alive           0x3               C:\Users\USER\Desktop\com\í êMån\20140117\20120510\Release\pwr.o
fcslo               0x1               C:\Users\USER\Desktop\com\í êMån\20140117\20120510\Release\rx_protcol_inv.o
flag_tof            0x1               C:\Users\USER\Desktop\com\í êMån\20140117\20120510\Release\mission.o
flag_rx             0x3               C:\Users\USER\Desktop\com\í êMån\20140117\20120510\Release\rx_protcol_inv.o
flag_dteleme        0x3               C:\Users\USER\Desktop\com\í êMån\20140117\20120510\Release\teleme.o
flag_exe            0x3               C:\Users\USER\Desktop\com\í êMån\20140117\20120510\Release\message.o
sms_time            0x4               C:\Users\USER\Desktop\com\í êMån\20140117\20120510\Release\mission.o
ena_rteleme         0x3               C:\Users\USER\Desktop\com\í êMån\20140117\20120510\Release\teleme.o
flag_cpr            0x3               C:\Users\USER\Desktop\com\í êMån\20140117\20120510\Release\mission.o
ena_ateleme         0x3               C:\Users\USER\Desktop\com\í êMån\20140117\20120510\Release\teleme.o
flag_pwrt           0x3               C:\Users\USER\Desktop\com\í êMån\20140117\20120510\Release\pwr.o
DT_time             0x4               C:\Users\USER\Desktop\com\í êMån\20140117\20120510\Release\rx.o
flag_tx             0x3               C:\Users\USER\Desktop\com\í êMån\20140117\20120510\Release\rx.o
ena_pwrt            0x3               C:\Users\USER\Desktop\com\í êMån\20140117\20120510\Release\pwr.o
flag_ad             0x3               C:\Users\USER\Desktop\com\í êMån\20140117\20120510\Release\teleme.o
my_wdt              0x4               C:\Users\USER\Desktop\com\í êMån\20140117\20120510\Release\teleme.o
uplink_rx_buff      0x4               C:\Users\USER\Desktop\com\í êMån\20140117\20120510\Release\rx_protcol_inv.o
flag_iteleme        0x3               C:\Users\USER\Desktop\com\í êMån\20140117\20120510\Release\teleme.o
smr_time            0x4               C:\Users\USER\Desktop\com\í êMån\20140117\20120510\Release\mission.o
FM_buffer_length    0x14              C:\Users\USER\Desktop\com\í êMån\20140117\20120510\Release\rx.o
ena_iteleme         0x3               C:\Users\USER\Desktop\com\í êMån\20140117\20120510\Release\teleme.o
flag_ton            0x1               C:\Users\USER\Desktop\com\í êMån\20140117\20120510\Release\mission.o
flag_smr            0x3               C:\Users\USER\Desktop\com\í êMån\20140117\20120510\Release\mission.o
kbit                0x4               C:\Users\USER\Desktop\com\í êMån\20140117\20120510\Release\rx_protcol_inv.o
ena_mywdt           0x3               C:\Users\USER\Desktop\com\í êMån\20140117\20120510\Release\teleme.o
itu1_cnt            0x4               C:\Users\USER\Desktop\com\í êMån\20140117\20120510\Release\teleme.o
ena_dteleme         0x3               C:\Users\USER\Desktop\com\í êMån\20140117\20120510\Release\teleme.o
[...]
Memory Configuration

Name             Origin             Length             Attributes
*default*        0x00000000         0xffffffff

Linker script and memory map


.vects          0x00000000      0x100
 *(.vects)
 .vects         0x00000000      0x100 C:\Users\USER\Desktop\com\í êMån\20140117\20120510\Release\vects.o
                0x00000000                HardwareVectors

.text           0x00000400     0xdfe2
 *(.text)
 .text          0x00000400        0x0 C:\Users\USER\Desktop\com\í êMån\20140117\20120510\Release\vects.o
 .text          0x00000400        0x0 C:\Users\USER\Desktop\com\í êMån\20140117\20120510\Release\timer.o
 .text          0x00000400        0x0 C:\Users\USER\Desktop\com\í êMån\20140117\20120510\Release\teleme.o
 .text          0x00000400       0x4e C:\Users\USER\Desktop\com\í êMån\20140117\20120510\Release\start.o
                0x00000400                start
 .text          0x0000044e        0x0 C:\Users\USER\Desktop\com\í êMån\20140117\20120510\Release\sci_util.o
 .text          0x0000044e        0x0 C:\Users\USER\Desktop\com\í êMån\20140117\20120510\Release\sci2.o
 .text          0x0000044e        0x0 C:\Users\USER\Desktop\com\í êMån\20140117\20120510\Release\sci1.o
 .text          0x0000044e        0x0 C:\Users\USER\Desktop\com\í êMån\20140117\20120510\Release\sci0.o
 .text          0x0000044e        0x0 C:\Users\USER\Desktop\com\í êMån\20140117\20120510\Release\rx_protcol_inv.o
 .text          0x0000044e        0x0 C:\Users\USER\Desktop\com\í êMån\20140117\20120510\Release\rx_pll_inv.o
 .text          0x0000044e        0x0 C:\Users\USER\Desktop\com\í êMån\20140117\20120510\Release\rx.o
 .text          0x0000044e        0x0 C:\Users\USER\Desktop\com\í êMån\20140117\20120510\Release\pwr.o
 .text          0x0000044e        0x0 C:\Users\USER\Desktop\com\í êMån\20140117\20120510\Release\put_status.o
 .text          0x0000044e        0x0 C:\Users\USER\Desktop\com\í êMån\20140117\20120510\Release\mission.o
 .text          0x0000044e        0x0 C:\Users\USER\Desktop\com\í êMån\20140117\20120510\Release\message.o
 .text          0x0000044e        0x0 C:\Users\USER\Desktop\com\í êMån\20140117\20120510\Release\itu1.o
 .text          0x0000044e        0x0 C:\Users\USER\Desktop\com\í êMån\20140117\20120510\Release\itu0.o
 .text          0x0000044e        0x0 C:\Users\USER\Desktop\com\í êMån\20140117\20120510\Release\inthandler.o
 .text          0x0000044e        0x0 C:\Users\USER\Desktop\com\í êMån\20140117\20120510\Release\init.o
 .text          0x0000044e        0x0 C:\Users\USER\Desktop\com\í êMån\20140117\20120510\Release\iic2.o
 .text          0x0000044e        0x0 C:\Users\USER\Desktop\com\í êMån\20140117\20120510\Release\iic1.o
 .text          0x0000044e        0x0 C:\Users\USER\Desktop\com\í êMån\20140117\20120510\Release\iic0.o
 .text          0x0000044e        0x0 C:\Users\USER\Desktop\com\í êMån\20140117\20120510\Release\hwinit.o
 .text          0x0000044e        0x0 C:\Users\USER\Desktop\com\í êMån\20140117\20120510\Release\global.o
 .text          0x0000044e        0x0 C:\Users\USER\Desktop\com\í êMån\20140117\20120510\Release\fm_tx.o
 .text          0x0000044e        0x0 C:\Users\USER\Desktop\com\í êMån\20140117\20120510\Release\fm_ptt.o
 .text          0x0000044e        0x0 C:\Users\USER\Desktop\com\í êMån\20140117\20120510\Release\fm_pllcontrol.o
 .text          0x0000044e        0x0 C:\Users\USER\Desktop\com\í êMån\20140117\20120510\Release\debug.o
 .text          0x0000044e        0x0 C:\Users\USER\Desktop\com\í êMån\20140117\20120510\Release\command.o
 .text          0x0000044e        0x0 C:\Users\USER\Desktop\com\í êMån\20140117\20120510\Release\comm_buffer.o
 .text          0x0000044e        0x0 C:\Users\USER\Desktop\com\í êMån\20140117\20120510\Release\adconv.o
 .text          0x0000044e        0x0 C:\Users\USER\Desktop\com\í êMån\20140117\20120510\Release\20120510.o
 .text          0x0000044e        0x0 C:\Users\USER\Desktop\com\í êMån\20140117\20120510\Release\lib20140117.a(newfree.o)
 .text          0x0000044e        0x0 C:\Users\USER\Desktop\com\í êMån\20140117\20120510\Release\lib20140117.a(newheap.o)
 .text          0x0000044e        0x0 C:\Users\USER\Desktop\com\í êMån\20140117\20120510\Release\lib20140117.a(newmalloc.o)
 *fill*         0x0000044e        0x2 00
 .text          0x00000450       0x8c c:\program files\renesas\hew\tools\kpit\gnuh8-elf\v12.01\h8300-elf\lib\gcc\h8300-elf\4.6-GNUH8_v12.01\h8300h\int32\libgcc.a(_divsi3.o)
                0x00000472                __modsi3
                0x0000047e                __umodsi3
                0x00000484                __divsi3
                0x0000049a                __udivsi3
 .text          0x000004dc       0x18 c:\program files\renesas\hew\tools\kpit\gnuh8-elf\v12.01\h8300-elf\lib\gcc\h8300-elf\4.6-GNUH8_v12.01\h8300h\int32\libgcc.a(_mulsi3.o)
                0x000004dc                __mulsi3
 *(.text.*)
 .text.delay_ms
                0x000004f4       0x48 C:\Users\USER\Desktop\com\í êMån\20140117\20120510\Release\timer.o
                0x000004f4                delay_ms
 .text.delay_us
                0x0000053c       0x34 C:\Users\USER\Desktop\com\í êMån\20140117\20120510\Release\timer.o
                0x0000053c                delay_us
 .text.delay_us_rx
                0x00000570       0x42 C:\Users\USER\Desktop\com\í êMån\20140117\20120510\Release\timer.o
                0x00000570                delay_us_rx
 .text.InitTelemetry
                0x000005b2       0x40 C:\Users\USER\Desktop\com\í êMån\20140117\20120510\Release\teleme.o
                0x000005b2                InitTelemetry
 .text.SetTelemetry_Rough
                0x000005f2      0x2ca C:\Users\USER\Desktop\com\í êMån\20140117\20120510\Release\teleme.o
                0x000005f2                SetTelemetry_Rough
 .text.SetTelemetry_Detail
                0x000008bc      0x2fc C:\Users\USER\Desktop\com\í êMån\20140117\20120510\Release\teleme.o
                0x000008bc                SetTelemetry_Detail
 .text.Setup_DTelemetry
                0x00000bb8       0x4a C:\Users\USER\Desktop\com\í êMån\20140117\20120510\Release\teleme.o
                0x00000bb8                Setup_DTelemetry
 .text.SetTelemetry_API
                0x00000c02      0x264 C:\Users\USER\Desktop\com\í êMån\20140117\20120510\Release\teleme.o
                0x00000c02                SetTelemetry_API
 .text.SetTelemetry_Initial
                0x00000e66      0x42c C:\Users\USER\Desktop\com\í êMån\20140117\20120510\Release\teleme.o
                0x00000e66                SetTelemetry_Initial
 .text.OBC_Majority
                0x00001292       0x2c C:\Users\USER\Desktop\com\í êMån\20140117\20120510\Release\teleme.o
                0x00001292                OBC_Majority
 .text.Error_Majority
                0x000012be       0x2e C:\Users\USER\Desktop\com\í êMån\20140117\20120510\Release\teleme.o
                0x000012be                Error_Majority
 .text.Read_Initial
                0x000012ec      0x54a C:\Users\USER\Desktop\com\í êMån\20140117\20120510\Release\teleme.o
                0x000012ec                Read_Initial
 .text.WriteIicBootMode
                0x00001836      0x26c C:\Users\USER\Desktop\com\í êMån\20140117\20120510\Release\teleme.o
                0x00001836                WriteIicBootMode
 .text.WriteIicBootFlag
                0x00001aa2      0x2b8 C:\Users\USER\Desktop\com\í êMån\20140117\20120510\Release\teleme.o
                0x00001aa2                WriteIicBootFlag
 .text.WriteIicBootTime
                0x00001d5a      0x2c2 C:\Users\USER\Desktop\com\í êMån\20140117\20120510\Release\teleme.o
                0x00001d5a                WriteIicBootTime
 .text.WriteIicCameraParam
                0x0000201c      0x24a C:\Users\USER\Desktop\com\í êMån\20140117\20120510\Release\teleme.o
                0x0000201c                WriteIicCameraParam
 .text.WriteIicMorseParam
                0x00002266      0x250 C:\Users\USER\Desktop\com\í êMån\20140117\20120510\Release\teleme.o
                0x00002266                WriteIicMorseParam
 .text.WriteIicDigitalkerParam
                0x000024b6      0x24a C:\Users\USER\Desktop\com\í êMån\20140117\20120510\Release\teleme.o
                0x000024b6                WriteIicDigitalkerParam
 .text.WriteIicNoteParam
                0x00002700      0x282 C:\Users\USER\Desktop\com\í êMån\20140117\20120510\Release\teleme.o
                0x00002700                WriteIicNoteParam
 .text.WriteIicTextDebug
                0x00002982      0x24a C:\Users\USER\Desktop\com\í êMån\20140117\20120510\Release\teleme.o
                0x00002982                WriteIicTextDebug
 .text.WriteIicTextZParam
                0x00002bcc      0x24a C:\Users\USER\Desktop\com\í êMån\20140117\20120510\Release\teleme.o
                0x00002bcc                WriteIicTextZParam
 .text.WriteIicTextYParam
                0x00002e16      0x24a C:\Users\USER\Desktop\com\í êMån\20140117\20120510\Release\teleme.o
                0x00002e16                WriteIicTextYParam
 .text.WriteIicTextXParam
                0x00003060      0x24a C:\Users\USER\Desktop\com\í êMån\20140117\20120510\Release\teleme.o
                0x00003060                WriteIicTextXParam
 .text.ReadSharedROM
                0x000032aa      0x2fc C:\Users\USER\Desktop\com\í êMån\20140117\20120510\Release\teleme.o
                0x000032aa                ReadSharedROM
 .text.LongReadSharedROM
                0x000035a6      0x248 C:\Users\USER\Desktop\com\í êMån\20140117\20120510\Release\teleme.o
                0x000035a6                LongReadSharedROM
 .text.GeneralWriteSharedMomery
                0x000037ee      0x3d0 C:\Users\USER\Desktop\com\í êMån\20140117\20120510\Release\teleme.o
                0x000037ee                GeneralWriteSharedMomery
 .text.GeneralWriteSharedAscii
                0x00003bbe      0x4e8 C:\Users\USER\Desktop\com\í êMån\20140117\20120510\Release\teleme.o
                0x00003bbe                GeneralWriteSharedAscii
 .text.GeneralReadSharedMomery
                0x000040a6      0x314 C:\Users\USER\Desktop\com\í êMån\20140117\20120510\Release\teleme.o
                0x000040a6                GeneralReadSharedMomery
 .text.GeneralReadIIC0
                0x000043ba      0x2c8 C:\Users\USER\Desktop\com\í êMån\20140117\20120510\Release\teleme.o
                0x000043ba                GeneralReadIIC0
 .text.GeneralReadIIC1
                0x00004682      0x2c8 C:\Users\USER\Desktop\com\í êMån\20140117\20120510\Release\teleme.o
                0x00004682                GeneralReadIIC1
 .text.debug_sci_init
                0x0000494a       0x2a C:\Users\USER\Desktop\com\í êMån\20140117\20120510\Release\sci_util.o
                0x0000494a                debug_sci_init
 .text.debug_putc
                0x00004974       0x10 C:\Users\USER\Desktop\com\í êMån\20140117\20120510\Release\sci_util.o
                0x00004974                debug_putc
 .text.debug_puts
                0x00004984       0x10 C:\Users\USER\Desktop\com\í êMån\20140117\20120510\Release\sci_util.o
                0x00004984                debug_puts
 .text.debug_getc
                0x00004994       0x10 C:\Users\USER\Desktop\com\í êMån\20140117\20120510\Release\sci_util.o
                0x00004994                debug_getc
 .text.debug_puthex
                0x000049a4       0x28 C:\Users\USER\Desktop\com\í êMån\20140117\20120510\Release\sci_util.o
                0x000049a4                debug_puthex
 .text.debug_putdec
                0x000049cc       0x10 C:\Users\USER\Desktop\com\í êMån\20140117\20120510\Release\sci_util.o
                0x000049cc                debug_putdec
 .text.HexToAscii
                0x000049dc       0x16 C:\Users\USER\Desktop\com\í êMån\20140117\20120510\Release\sci_util.o
                0x000049dc                HexToAscii
 .text.sci2_init
                0x000049f2       0x80 C:\Users\USER\Desktop\com\í êMån\20140117\20120510\Release\sci2.o
                0x000049f2                sci2_init
 .text.sci2_putc
                0x00004a72       0x72 C:\Users\USER\Desktop\com\í êMån\20140117\20120510\Release\sci2.o
                0x00004a72                sci2_putc
 .text.sci2_puthex
                0x00004ae4       0x38 C:\Users\USER\Desktop\com\í êMån\20140117\20120510\Release\sci2.o
                0x00004ae4                sci2_puthex
 .text.sci2_putdec
                0x00004b1c       0xbc C:\Users\USER\Desktop\com\í êMån\20140117\20120510\Release\sci2.o
                0x00004b1c                sci2_putdec
 .text.sci2_putdoublehex
                0x00004bd8       0x24 C:\Users\USER\Desktop\com\í êMån\20140117\20120510\Release\sci2.o
                0x00004bd8                sci2_putdoublehex
 .text.sci2_putfourhex
                0x00004bfc       0x24 C:\Users\USER\Desktop\com\í êMån\20140117\20120510\Release\sci2.o
                0x00004bfc                sci2_putfourhex
 .text.sci2_putcrlf
                0x00004c20       0x18 C:\Users\USER\Desktop\com\í êMån\20140117\20120510\Release\sci2.o
                0x00004c20                sci2_putcrlf
 .text.sci2_puts
                0x00004c38       0x3a C:\Users\USER\Desktop\com\í êMån\20140117\20120510\Release\sci2.o
                0x00004c38                sci2_puts
 .text.sci2_getc
                0x00004c72       0x64 C:\Users\USER\Desktop\com\í êMån\20140117\20120510\Release\sci2.o
                0x00004c72                sci2_getc
 .text.INT_ERI2
                0x00004cd6       0x1a C:\Users\USER\Desktop\com\í êMån\20140117\20120510\Release\sci2.o
                0x00004cd6                INT_ERI2
 .text.INT_RXI2
                0x00004cf0       0x6c C:\Users\USER\Desktop\com\í êMån\20140117\20120510\Release\sci2.o
                0x00004cf0                INT_RXI2
 .text.INT_TXI2
                0x00004d5c       0x88 C:\Users\USER\Desktop\com\í êMån\20140117\20120510\Release\sci2.o
                0x00004d5c                INT_TXI2
 .text.INT_TEI2
                0x00004de4       0x1a C:\Users\USER\Desktop\com\í êMån\20140117\20120510\Release\sci2.o
                0x00004de4                INT_TEI2
 .text.sci1_init
                0x00004dfe       0x80 C:\Users\USER\Desktop\com\í êMån\20140117\20120510\Release\sci1.o
                0x00004dfe                sci1_init
 .text.sci1_putc
                0x00004e7e       0x72 C:\Users\USER\Desktop\com\í êMån\20140117\20120510\Release\sci1.o
                0x00004e7e                sci1_putc
 .text.sci1_puthex
                0x00004ef0       0x38 C:\Users\USER\Desktop\com\í êMån\20140117\20120510\Release\sci1.o
                0x00004ef0                sci1_puthex
 .text.sci1_putdec
                0x00004f28       0xbc C:\Users\USER\Desktop\com\í êMån\20140117\20120510\Release\sci1.o
                0x00004f28                sci1_putdec
 .text.sci1_putdoublehex
                0x00004fe4       0x24 C:\Users\USER\Desktop\com\í êMån\20140117\20120510\Release\sci1.o
                0x00004fe4                sci1_putdoublehex
 .text.sci1_putfourhex
                0x00005008       0x24 C:\Users\USER\Desktop\com\í êMån\20140117\20120510\Release\sci1.o
                0x00005008                sci1_putfourhex
 .text.sci1_putcrlf
                0x0000502c       0x18 C:\Users\USER\Desktop\com\í êMån\20140117\20120510\Release\sci1.o
                0x0000502c                sci1_putcrlf
 .text.sci1_puts
                0x00005044       0x3a C:\Users\USER\Desktop\com\í êMån\20140117\20120510\Release\sci1.o
                0x00005044                sci1_puts
 .text.sci1_getc
                0x0000507e       0x64 C:\Users\USER\Desktop\com\í êMån\20140117\20120510\Release\sci1.o
                0x0000507e                sci1_getc
 .text.INT_ERI1
                0x000050e2       0x1a C:\Users\USER\Desktop\com\í êMån\20140117\20120510\Release\sci1.o
                0x000050e2                INT_ERI1
 .text.sci1_puts_rx
                0x000050fc       0x86 C:\Users\USER\Desktop\com\í êMån\20140117\20120510\Release\sci1.o
                0x000050fc                sci1_puts_rx
 .text.INT_RXI1
                0x00005182       0x6c C:\Users\USER\Desktop\com\í êMån\20140117\20120510\Release\sci1.o
                0x00005182                INT_RXI1
 .text.INT_TXI1
                0x000051ee       0x88 C:\Users\USER\Desktop\com\í êMån\20140117\20120510\Release\sci1.o
                0x000051ee                INT_TXI1
 .text.INT_TEI1
                0x00005276       0x1a C:\Users\USER\Desktop\com\í êMån\20140117\20120510\Release\sci1.o
                0x00005276                INT_TEI1
 .text.sci0_init
                0x00005290       0x80 C:\Users\USER\Desktop\com\í êMån\20140117\20120510\Release\sci0.o
                0x00005290                sci0_init
 .text.sci0_putc
                0x00005310       0x72 C:\Users\USER\Desktop\com\í êMån\20140117\20120510\Release\sci0.o
                0x00005310                sci0_putc
 .text.sci0_puthex
                0x00005382       0x38 C:\Users\USER\Desktop\com\í êMån\20140117\20120510\Release\sci0.o
                0x00005382                sci0_puthex
 .text.sci0_putdec
                0x000053ba       0xbc C:\Users\USER\Desktop\com\í êMån\20140117\20120510\Release\sci0.o
                0x000053ba                sci0_putdec
 .text.sci0_putdoublehex
                0x00005476       0x24 C:\Users\USER\Desktop\com\í êMån\20140117\20120510\Release\sci0.o
                0x00005476                sci0_putdoublehex
 .text.sci0_putfourhex
                0x0000549a       0x24 C:\Users\USER\Desktop\com\í êMån\20140117\20120510\Release\sci0.o
                0x0000549a                sci0_putfourhex
 .text.sci0_putcrlf
                0x000054be       0x18 C:\Users\USER\Desktop\com\í êMån\20140117\20120510\Release\sci0.o
                0x000054be                sci0_putcrlf
 .text.sci0_puts
                0x000054d6       0x3a C:\Users\USER\Desktop\com\í êMån\20140117\20120510\Release\sci0.o
                0x000054d6                sci0_puts
 .text.sci0_getc
                0x00005510       0x64 C:\Users\USER\Desktop\com\í êMån\20140117\20120510\Release\sci0.o
                0x00005510                sci0_getc
 .text.INT_ERI0
                0x00005574       0x1a C:\Users\USER\Desktop\com\í êMån\20140117\20120510\Release\sci0.o
                0x00005574                INT_ERI0
 .text.INT_RXI0
                0x0000558e       0x6c C:\Users\USER\Desktop\com\í êMån\20140117\20120510\Release\sci0.o
                0x0000558e                INT_RXI0
 .text.INT_TXI0
                0x000055fa       0x88 C:\Users\USER\Desktop\com\í êMån\20140117\20120510\Release\sci0.o
                0x000055fa                INT_TXI0
 .text.INT_TEI0
                0x00005682       0x1a C:\Users\USER\Desktop\com\í êMån\20140117\20120510\Release\sci0.o
                0x00005682                INT_TEI0
 .text.init_itu
                0x0000569c       0x24 C:\Users\USER\Desktop\com\í êMån\20140117\20120510\Release\rx_protcol_inv.o
                0x0000569c                init_itu
 .text.bitin    0x000056c0       0x82 C:\Users\USER\Desktop\com\í êMån\20140117\20120510\Release\rx_protcol_inv.o
                0x000056c0                bitin
 .text.get_byte
                0x00005742       0xf0 C:\Users\USER\Desktop\com\í êMån\20140117\20120510\Release\rx_protcol_inv.o
                0x00005742                get_byte
 .text.get_buff
                0x00005832       0xb8 C:\Users\USER\Desktop\com\í êMån\20140117\20120510\Release\rx_protcol_inv.o
                0x00005832                get_buff
 .text.precrc_bit
                0x000058ea       0x30 C:\Users\USER\Desktop\com\í êMån\20140117\20120510\Release\rx_protcol_inv.o
                0x000058ea                precrc_bit
 .text.crc_length
                0x0000591a       0x2c C:\Users\USER\Desktop\com\í êMån\20140117\20120510\Release\rx_protcol_inv.o
                0x0000591a                crc_length
 .text.Ax_to_info
                0x00005946      0x11c C:\Users\USER\Desktop\com\í êMån\20140117\20120510\Release\rx_protcol_inv.o
                0x00005946                Ax_to_info
 .text.get_data
                0x00005a62       0xa2 C:\Users\USER\Desktop\com\í êMån\20140117\20120510\Release\rx_protcol_inv.o
                0x00005a62                get_data
 .text.rx_init  0x00005b04       0x56 C:\Users\USER\Desktop\com\í êMån\20140117\20120510\Release\rx_protcol_inv.o
                0x00005b04                rx_init
 .text.out_bit  0x00005b5a       0x34 C:\Users\USER\Desktop\com\í êMån\20140117\20120510\Release\rx_pll_inv.o
                0x00005b5a                out_bit
 .text.strobe   0x00005b8e       0x34 C:\Users\USER\Desktop\com\í êMån\20140117\20120510\Release\rx_pll_inv.o
                0x00005b8e                strobe
 .text.out_bits
                0x00005bc2       0x44 C:\Users\USER\Desktop\com\í êMån\20140117\20120510\Release\rx_pll_inv.o
                0x00005bc2                out_bits
 .text.set_reference_divider
                0x00005c06       0x2a C:\Users\USER\Desktop\com\í êMån\20140117\20120510\Release\rx_pll_inv.o
                0x00005c06                set_reference_divider
 .text.set_option_register
                0x00005c30       0x7e C:\Users\USER\Desktop\com\í êMån\20140117\20120510\Release\rx_pll_inv.o
                0x00005c30                set_option_register
 .text.set_programmable_divider
                0x00005cae       0x3c C:\Users\USER\Desktop\com\í êMån\20140117\20120510\Release\rx_pll_inv.o
                0x00005cae                set_programmable_divider
 .text.pll_init_rx
                0x00005cea       0x5a C:\Users\USER\Desktop\com\í êMån\20140117\20120510\Release\rx_pll_inv.o
                0x00005cea                pll_init_rx
 .text.check_rx_working
                0x00005d44       0x42 C:\Users\USER\Desktop\com\í êMån\20140117\20120510\Release\rx.o
                0x00005d44                check_rx_working
 .text.RX       0x00005d86       0x5a C:\Users\USER\Desktop\com\í êMån\20140117\20120510\Release\rx.o
                0x00005d86                RX
 .text.InitPowerTelemetry
                0x00005de0       0x22 C:\Users\USER\Desktop\com\í êMån\20140117\20120510\Release\pwr.o
                0x00005de0                InitPowerTelemetry
 .text.RequestPowerTelemetry
                0x00005e02       0x18 C:\Users\USER\Desktop\com\í êMån\20140117\20120510\Release\pwr.o
                0x00005e02                RequestPowerTelemetry
 .text.UpdatePowerTelemetry
                0x00005e1a       0xae C:\Users\USER\Desktop\com\í êMån\20140117\20120510\Release\pwr.o
                0x00005e1a                UpdatePowerTelemetry
 .text.RequestMainShutdown
                0x00005ec8       0x3a C:\Users\USER\Desktop\com\í êMån\20140117\20120510\Release\pwr.o
                0x00005ec8                RequestMainShutdown
 .text.SendHDRtoPIC
                0x00005f02       0x18 C:\Users\USER\Desktop\com\í êMån\20140117\20120510\Release\pwr.o
                0x00005f02                SendHDRtoPIC
 .text.SendHDStoPIC
                0x00005f1a       0x18 C:\Users\USER\Desktop\com\í êMån\20140117\20120510\Release\pwr.o
                0x00005f1a                SendHDStoPIC
 .text.DebugPowerMessage
                0x00005f32       0x96 C:\Users\USER\Desktop\com\í êMån\20140117\20120510\Release\pwr.o
                0x00005f32                DebugPowerMessage
 .text.SendStatusToGS
                0x00005fc8      0x25a C:\Users\USER\Desktop\com\í êMån\20140117\20120510\Release\put_status.o
                0x00005fc8                SendStatusToGS
 .text.PutOut_Rough
                0x00006222      0x228 C:\Users\USER\Desktop\com\í êMån\20140117\20120510\Release\put_status.o
                0x00006222                PutOut_Rough
 .text.PutOut_Detail
                0x0000644a      0x23c C:\Users\USER\Desktop\com\í êMån\20140117\20120510\Release\put_status.o
                0x0000644a                PutOut_Detail
 .text.PutOut_API
                0x00006686      0x1b8 C:\Users\USER\Desktop\com\í êMån\20140117\20120510\Release\put_status.o
                0x00006686                PutOut_API
 .text.PutOut_Initial
                0x0000683e      0x22a C:\Users\USER\Desktop\com\í êMån\20140117\20120510\Release\put_status.o
                0x0000683e                PutOut_Initial
 .text.InitMissionTelemetry
                0x00006a68       0x18 C:\Users\USER\Desktop\com\í êMån\20140117\20120510\Release\mission.o
                0x00006a68                InitMissionTelemetry
 .text.SendMissionTelemetry
                0x00006a80       0xd0 C:\Users\USER\Desktop\com\í êMån\20140117\20120510\Release\mission.o
                0x00006a80                SendMissionTelemetry
 .text.RequestMissionReboot
                0x00006b50       0x5e C:\Users\USER\Desktop\com\í êMån\20140117\20120510\Release\mission.o
                0x00006b50                RequestMissionReboot
 .text.ScheduledRequestMissionReboot
                0x00006bae      0x210 C:\Users\USER\Desktop\com\í êMån\20140117\20120510\Release\mission.o
                0x00006bae                ScheduledRequestMissionReboot
 .text.ScheduledRequestMissionSwitch
                0x00006dbe      0x266 C:\Users\USER\Desktop\com\í êMån\20140117\20120510\Release\mission.o
                0x00006dbe                ScheduledRequestMissionSwitch
 .text.RequestMissionShutdown
                0x00007024       0x68 C:\Users\USER\Desktop\com\í êMån\20140117\20120510\Release\mission.o
                0x00007024                RequestMissionShutdown
 .text.PronounceMissionAbort
                0x0000708c       0x3a C:\Users\USER\Desktop\com\í êMån\20140117\20120510\Release\mission.o
                0x0000708c                PronounceMissionAbort
 .text.itu2_init
                0x000070c6       0x54 C:\Users\USER\Desktop\com\í êMån\20140117\20120510\Release\mission.o
                0x000070c6                itu2_init
 .text.INT_IMIA2
                0x0000711a       0x9c C:\Users\USER\Desktop\com\í êMån\20140117\20120510\Release\mission.o
                0x0000711a                INT_IMIA2
 .text.CheckNowTime
                0x000071b6       0xee C:\Users\USER\Desktop\com\í êMån\20140117\20120510\Release\mission.o
                0x000071b6                CheckNowTime
 .text.DegitalkerON
                0x000072a4       0x44 C:\Users\USER\Desktop\com\í êMån\20140117\20120510\Release\mission.o
                0x000072a4                DegitalkerON
 .text.DegitalkerOFF
                0x000072e8       0x3c C:\Users\USER\Desktop\com\í êMån\20140117\20120510\Release\mission.o
                0x000072e8                DegitalkerOFF
 .text.Eco      0x00007324       0x18 C:\Users\USER\Desktop\com\í êMån\20140117\20120510\Release\mission.o
                0x00007324                Eco
 .text.InitMessage
                0x0000733c       0x18 C:\Users\USER\Desktop\com\í êMån\20140117\20120510\Release\message.o
                0x0000733c                InitMessage
 .text.SplitMessage_SCI0
                0x00007354      0x242 C:\Users\USER\Desktop\com\í êMån\20140117\20120510\Release\message.o
                0x00007354                SplitMessage_SCI0
 .text.SplitMessage_SCI1
                0x00007596      0x368 C:\Users\USER\Desktop\com\í êMån\20140117\20120510\Release\message.o
                0x00007596                SplitMessage_SCI1
 .text.SplitMessage_SCI2
                0x000078fe      0x32c C:\Users\USER\Desktop\com\í êMån\20140117\20120510\Release\message.o
                0x000078fe                SplitMessage_SCI2
 .text.RecognizeCommand
                0x00007c2a      0x316 C:\Users\USER\Desktop\com\í êMån\20140117\20120510\Release\message.o
                0x00007c2a                RecognizeCommand
 .text.RecognizeMissionCommand
                0x00007f40      0x31a C:\Users\USER\Desktop\com\í êMån\20140117\20120510\Release\message.o
                0x00007f40                RecognizeMissionCommand
 .text.FindCommand
                0x0000825a       0x22 C:\Users\USER\Desktop\com\í êMån\20140117\20120510\Release\message.o
                0x0000825a                FindCommand
 .text.TransmitMessage
                0x0000827c       0x3a C:\Users\USER\Desktop\com\í êMån\20140117\20120510\Release\message.o
                0x0000827c                TransmitMessage
 .text.TransmitDigitalker
                0x000082b6       0x3c C:\Users\USER\Desktop\com\í êMån\20140117\20120510\Release\message.o
                0x000082b6                TransmitDigitalker
 .text.InitPLL  0x000082f2       0x8e C:\Users\USER\Desktop\com\í êMån\20140117\20120510\Release\message.o
                0x000082f2                InitPLL
 .text.SendMessage
                0x00008380      0x1fa C:\Users\USER\Desktop\com\í êMån\20140117\20120510\Release\message.o
                0x00008380                SendMessage
 .text.FinishSendMessage
                0x0000857a       0x3c C:\Users\USER\Desktop\com\í êMån\20140117\20120510\Release\message.o
                0x0000857a                FinishSendMessage
 .text.FinishCommunication
                0x000085b6       0x86 C:\Users\USER\Desktop\com\í êMån\20140117\20120510\Release\message.o
                0x000085b6                FinishCommunication
 .text.SendStatusMessage
                0x0000863c      0x290 C:\Users\USER\Desktop\com\í êMån\20140117\20120510\Release\message.o
                0x0000863c                SendStatusMessage
 .text.CheckPowerReply
                0x000088cc       0x34 C:\Users\USER\Desktop\com\í êMån\20140117\20120510\Release\message.o
                0x000088cc                CheckPowerReply
 .text.itu1_init
                0x00008900       0x60 C:\Users\USER\Desktop\com\í êMån\20140117\20120510\Release\itu1.o
                0x00008900                itu1_init
 .text.INT_IMIA1
                0x00008960      0x36a C:\Users\USER\Desktop\com\í êMån\20140117\20120510\Release\itu1.o
                0x00008960                INT_IMIA1
 .text.itu0_init
                0x00008cca       0x40 C:\Users\USER\Desktop\com\í êMån\20140117\20120510\Release\itu0.o
                0x00008cca                itu0_init
 .text.INT_IMIA0
                0x00008d0a       0x2a C:\Users\USER\Desktop\com\í êMån\20140117\20120510\Release\itu0.o
                0x00008d0a                INT_IMIA0
 .text.INT_IMIB0
                0x00008d34       0x2a C:\Users\USER\Desktop\com\í êMån\20140117\20120510\Release\itu0.o
                0x00008d34                INT_IMIB0
 .text.INT_NMI  0x00008d5e        0xc C:\Users\USER\Desktop\com\í êMån\20140117\20120510\Release\inthandler.o
                0x00008d5e                INT_NMI
 .text.INT_TRAP1
                0x00008d6a        0xc C:\Users\USER\Desktop\com\í êMån\20140117\20120510\Release\inthandler.o
                0x00008d6a                INT_TRAP1
 .text.INT_TRAP2
                0x00008d76        0xc C:\Users\USER\Desktop\com\í êMån\20140117\20120510\Release\inthandler.o
                0x00008d76                INT_TRAP2
 .text.INT_TRAP3
                0x00008d82        0xc C:\Users\USER\Desktop\com\í êMån\20140117\20120510\Release\inthandler.o
                0x00008d82                INT_TRAP3
 .text.INT_TRAP4
                0x00008d8e        0xc C:\Users\USER\Desktop\com\í êMån\20140117\20120510\Release\inthandler.o
                0x00008d8e                INT_TRAP4
 .text.INT_IRQ0
                0x00008d9a        0xc C:\Users\USER\Desktop\com\í êMån\20140117\20120510\Release\inthandler.o
                0x00008d9a                INT_IRQ0
 .text.INT_IRQ1
                0x00008da6        0xc C:\Users\USER\Desktop\com\í êMån\20140117\20120510\Release\inthandler.o
                0x00008da6                INT_IRQ1
 .text.INT_IRQ2
                0x00008db2        0xc C:\Users\USER\Desktop\com\í êMån\20140117\20120510\Release\inthandler.o
                0x00008db2                INT_IRQ2
 .text.INT_IRQ3
                0x00008dbe        0xc C:\Users\USER\Desktop\com\í êMån\20140117\20120510\Release\inthandler.o
                0x00008dbe                INT_IRQ3
 .text.INT_IRQ4
                0x00008dca        0xc C:\Users\USER\Desktop\com\í êMån\20140117\20120510\Release\inthandler.o
                0x00008dca                INT_IRQ4
 .text.INT_IRQ5
                0x00008dd6        0xc C:\Users\USER\Desktop\com\í êMån\20140117\20120510\Release\inthandler.o
                0x00008dd6                INT_IRQ5
 .text.INT_WOVI
                0x00008de2        0xc C:\Users\USER\Desktop\com\í êMån\20140117\20120510\Release\inthandler.o
                0x00008de2                INT_WOVI
 .text.INT_CMI  0x00008dee        0xc C:\Users\USER\Desktop\com\í êMån\20140117\20120510\Release\inthandler.o
                0x00008dee                INT_CMI
 .text.INT_ADI  0x00008dfa        0xc C:\Users\USER\Desktop\com\í êMån\20140117\20120510\Release\inthandler.o
                0x00008dfa                INT_ADI
 .text.INT_OVI0
                0x00008e06        0xc C:\Users\USER\Desktop\com\í êMån\20140117\20120510\Release\inthandler.o
                0x00008e06                INT_OVI0
 .text.INT_IMIB1
                0x00008e12        0xc C:\Users\USER\Desktop\com\í êMån\20140117\20120510\Release\inthandler.o
                0x00008e12                INT_IMIB1
 .text.INT_OVI1
                0x00008e1e        0xc C:\Users\USER\Desktop\com\í êMån\20140117\20120510\Release\inthandler.o
                0x00008e1e                INT_OVI1
 .text.INT_OVI2
                0x00008e2a        0xc C:\Users\USER\Desktop\com\í êMån\20140117\20120510\Release\inthandler.o
                0x00008e2a                INT_OVI2
 .text.INT_CMIA0
                0x00008e36        0xc C:\Users\USER\Desktop\com\í êMån\20140117\20120510\Release\inthandler.o
                0x00008e36                INT_CMIA0
 .text.INT_CMIB0
                0x00008e42        0xc C:\Users\USER\Desktop\com\í êMån\20140117\20120510\Release\inthandler.o
                0x00008e42                INT_CMIB0
 .text.INT_CMIA1B1
                0x00008e4e        0xc C:\Users\USER\Desktop\com\í êMån\20140117\20120510\Release\inthandler.o
                0x00008e4e                INT_CMIA1B1
 .text.INT_TOVI0_1
                0x00008e5a        0xc C:\Users\USER\Desktop\com\í êMån\20140117\20120510\Release\inthandler.o
                0x00008e5a                INT_TOVI0_1
 .text.INT_CMIA2
                0x00008e66        0xc C:\Users\USER\Desktop\com\í êMån\20140117\20120510\Release\inthandler.o
                0x00008e66                INT_CMIA2
 .text.INT_CMIB2
                0x00008e72        0xc C:\Users\USER\Desktop\com\í êMån\20140117\20120510\Release\inthandler.o
                0x00008e72                INT_CMIB2
 .text.INT_CMIA3B3
                0x00008e7e        0xc C:\Users\USER\Desktop\com\í êMån\20140117\20120510\Release\inthandler.o
                0x00008e7e                INT_CMIA3B3
 .text.INT_TOVI2_3
                0x00008e8a        0xc C:\Users\USER\Desktop\com\í êMån\20140117\20120510\Release\inthandler.o
                0x00008e8a                INT_TOVI2_3
 .text.INT_DEND0A
                0x00008e96        0xc C:\Users\USER\Desktop\com\í êMån\20140117\20120510\Release\inthandler.o
                0x00008e96                INT_DEND0A
 .text.INT_DEND0B
                0x00008ea2        0xc C:\Users\USER\Desktop\com\í êMån\20140117\20120510\Release\inthandler.o
                0x00008ea2                INT_DEND0B
 .text.INT_DEND1A
                0x00008eae        0xc C:\Users\USER\Desktop\com\í êMån\20140117\20120510\Release\inthandler.o
                0x00008eae                INT_DEND1A
 .text.INT_DEND1B
                0x00008eba        0xc C:\Users\USER\Desktop\com\í êMån\20140117\20120510\Release\inthandler.o
                0x00008eba                INT_DEND1B
 .text.Init_MyFunction
                0x00008ec6      0x104 C:\Users\USER\Desktop\com\í êMån\20140117\20120510\Release\init.o
                0x00008ec6                Init_MyFunction
 .text.Init_Bus
                0x00008fca       0xbe C:\Users\USER\Desktop\com\í êMån\20140117\20120510\Release\init.o
                0x00008fca                Init_Bus
 .text.Init_Peripherals
                0x00009088       0x26 C:\Users\USER\Desktop\com\í êMån\20140117\20120510\Release\init.o
                0x00009088                Init_Peripherals
 .text.IIC2_EEPWAIT
                0x000090ae       0x2a C:\Users\USER\Desktop\com\í êMån\20140117\20120510\Release\iic2.o
                0x000090ae                IIC2_EEPWAIT
 .text.IIC2_WRITEB
                0x000090d8       0xce C:\Users\USER\Desktop\com\í êMån\20140117\20120510\Release\iic2.o
 .text.IIC2_EEPSTART
                0x000091a6       0xb2 C:\Users\USER\Desktop\com\í êMån\20140117\20120510\Release\iic2.o
 .text.IIC2_READB
                0x00009258       0xd8 C:\Users\USER\Desktop\com\í êMån\20140117\20120510\Release\iic2.o
 .text.IIC2_EEPSTOP
                0x00009330       0x62 C:\Users\USER\Desktop\com\í êMån\20140117\20120510\Release\iic2.o
                0x00009330                IIC2_EEPSTOP
 .text.IIC2_EEPRESET
                0x00009392       0x82 C:\Users\USER\Desktop\com\í êMån\20140117\20120510\Release\iic2.o
                0x00009392                IIC2_EEPRESET
 .text.IIC2_EEPINIT
                0x00009414       0x1a C:\Users\USER\Desktop\com\í êMån\20140117\20120510\Release\iic2.o
                0x00009414                IIC2_EEPINIT
 .text.IIC2_EEPCHANGE
                0x0000942e       0x1c C:\Users\USER\Desktop\com\í êMån\20140117\20120510\Release\iic2.o
                0x0000942e                IIC2_EEPCHANGE
 .text.IIC2_EEPWRITE
                0x0000944a       0xa2 C:\Users\USER\Desktop\com\í êMån\20140117\20120510\Release\iic2.o
                0x0000944a                IIC2_EEPWRITE
 .text.IIC2_EEPREAD
                0x000094ec       0xde C:\Users\USER\Desktop\com\í êMån\20140117\20120510\Release\iic2.o
                0x000094ec                IIC2_EEPREAD
 .text.IIC1_EEPWAIT
                0x000095ca       0x2a C:\Users\USER\Desktop\com\í êMån\20140117\20120510\Release\iic1.o
                0x000095ca                IIC1_EEPWAIT
 .text.IIC1_WRITEB
                0x000095f4       0xce C:\Users\USER\Desktop\com\í êMån\20140117\20120510\Release\iic1.o
 .text.IIC1_EEPSTART
                0x000096c2       0xb2 C:\Users\USER\Desktop\com\í êMån\20140117\20120510\Release\iic1.o
 .text.IIC1_READB
                0x00009774       0xda C:\Users\USER\Desktop\com\í êMån\20140117\20120510\Release\iic1.o
 .text.IIC1_EEPSTOP
                0x0000984e       0x62 C:\Users\USER\Desktop\com\í êMån\20140117\20120510\Release\iic1.o
                0x0000984e                IIC1_EEPSTOP
 .text.IIC1_EEPRESET
                0x000098b0       0x82 C:\Users\USER\Desktop\com\í êMån\20140117\20120510\Release\iic1.o
                0x000098b0                IIC1_EEPRESET
 .text.IIC1_EEPINIT
                0x00009932       0x1a C:\Users\USER\Desktop\com\í êMån\20140117\20120510\Release\iic1.o
                0x00009932                IIC1_EEPINIT
 .text.IIC1_EEPCHANGE
                0x0000994c       0x1c C:\Users\USER\Desktop\com\í êMån\20140117\20120510\Release\iic1.o
                0x0000994c                IIC1_EEPCHANGE
 .text.IIC1_EEPWRITE
                0x00009968       0xa2 C:\Users\USER\Desktop\com\í êMån\20140117\20120510\Release\iic1.o
                0x00009968                IIC1_EEPWRITE
 .text.IIC1_EEPREAD
                0x00009a0a       0xde C:\Users\USER\Desktop\com\í êMån\20140117\20120510\Release\iic1.o
                0x00009a0a                IIC1_EEPREAD
 .text.IIC0_EEPWAIT
                0x00009ae8       0x2a C:\Users\USER\Desktop\com\í êMån\20140117\20120510\Release\iic0.o
                0x00009ae8                IIC0_EEPWAIT
 .text.IIC0_WRITEB
                0x00009b12       0xcc C:\Users\USER\Desktop\com\í êMån\20140117\20120510\Release\iic0.o
 .text.IIC0_EEPSTART
                0x00009bde       0xb2 C:\Users\USER\Desktop\com\í êMån\20140117\20120510\Release\iic0.o
 .text.IIC0_READB
                0x00009c90       0xda C:\Users\USER\Desktop\com\í êMån\20140117\20120510\Release\iic0.o
 .text.IIC0_EEPSTOP
                0x00009d6a       0x62 C:\Users\USER\Desktop\com\í êMån\20140117\20120510\Release\iic0.o
                0x00009d6a                IIC0_EEPSTOP
 .text.IIC0_EEPRESET
                0x00009dcc       0x82 C:\Users\USER\Desktop\com\í êMån\20140117\20120510\Release\iic0.o
                0x00009dcc                IIC0_EEPRESET
 .text.IIC0_EEPINIT
                0x00009e4e       0x1a C:\Users\USER\Desktop\com\í êMån\20140117\20120510\Release\iic0.o
                0x00009e4e                IIC0_EEPINIT
 .text.IIC0_EEPCHANGE
                0x00009e68       0x1c C:\Users\USER\Desktop\com\í êMån\20140117\20120510\Release\iic0.o
                0x00009e68                IIC0_EEPCHANGE
 .text.IIC0_EEPWRITE
                0x00009e84       0xa2 C:\Users\USER\Desktop\com\í êMån\20140117\20120510\Release\iic0.o
                0x00009e84                IIC0_EEPWRITE
 .text.IIC0_EEPREAD
                0x00009f26       0xde C:\Users\USER\Desktop\com\í êMån\20140117\20120510\Release\iic0.o
                0x00009f26                IIC0_EEPREAD
 .text.hw_initialise
                0x0000a004        0xc C:\Users\USER\Desktop\com\í êMån\20140117\20120510\Release\hwinit.o
                0x0000a004                hw_initialise
 .text.InitStatus
                0x0000a010      0x15e C:\Users\USER\Desktop\com\í êMån\20140117\20120510\Release\global.o
                0x0000a010                InitStatus
 .text.CheckFlags
                0x0000a16e       0x38 C:\Users\USER\Desktop\com\í êMån\20140117\20120510\Release\global.o
                0x0000a16e                CheckFlags
 .text.ClearFlags
                0x0000a1a6       0x18 C:\Users\USER\Desktop\com\í êMån\20140117\20120510\Release\global.o
                0x0000a1a6                ClearFlags
 .text.SetFlags
                0x0000a1be       0x18 C:\Users\USER\Desktop\com\í êMån\20140117\20120510\Release\global.o
                0x0000a1be                SetFlags
 .text.InitRoutine
                0x0000a1d6       0x86 C:\Users\USER\Desktop\com\í êMån\20140117\20120510\Release\global.o
                0x0000a1d6                InitRoutine
 .text.init_modem
                0x0000a25c       0x26 C:\Users\USER\Desktop\com\í êMån\20140117\20120510\Release\fm_tx.o
                0x0000a25c                init_modem
 .text.init_fm  0x0000a282       0x36 C:\Users\USER\Desktop\com\í êMån\20140117\20120510\Release\fm_tx.o
                0x0000a282                init_fm
 .text.delay_modem
                0x0000a2b8       0x12 C:\Users\USER\Desktop\com\í êMån\20140117\20120510\Release\fm_tx.o
                0x0000a2b8                delay_modem
 .text.send_bit
                0x0000a2ca       0x42 C:\Users\USER\Desktop\com\í êMån\20140117\20120510\Release\fm_tx.o
                0x0000a2ca                send_bit
 .text.crcbit   0x0000a30c       0x60 C:\Users\USER\Desktop\com\í êMån\20140117\20120510\Release\fm_tx.o
                0x0000a30c                crcbit
 .text.send_byte
                0x0000a36c       0x84 C:\Users\USER\Desktop\com\í êMån\20140117\20120510\Release\fm_tx.o
                0x0000a36c                send_byte
 .text.send_packet
                0x0000a3f0       0x8a C:\Users\USER\Desktop\com\í êMån\20140117\20120510\Release\fm_tx.o
                0x0000a3f0                send_packet
 .text.AX_protocol
                0x0000a47a      0x27e C:\Users\USER\Desktop\com\í êMån\20140117\20120510\Release\fm_tx.o
                0x0000a47a                AX_protocol
 .text.Ax_Send  0x0000a6f8       0xf8 C:\Users\USER\Desktop\com\í êMån\20140117\20120510\Release\fm_tx.o
                0x0000a6f8                Ax_Send
 .text.TX       0x0000a7f0      0x18e C:\Users\USER\Desktop\com\í êMån\20140117\20120510\Release\fm_tx.o
                0x0000a7f0                TX
 .text.on_off_ms
                0x0000a97e       0x84 C:\Users\USER\Desktop\com\í êMån\20140117\20120510\Release\fm_tx.o
                0x0000a97e                on_off_ms
 .text.on_off_sec
                0x0000aa02       0x8c C:\Users\USER\Desktop\com\í êMån\20140117\20120510\Release\fm_tx.o
                0x0000aa02                on_off_sec
 .text.on_off_us
                0x0000aa8e       0x84 C:\Users\USER\Desktop\com\í êMån\20140117\20120510\Release\fm_tx.o
                0x0000aa8e                on_off_us
 .text.fmptt_on
                0x0000ab12       0x18 C:\Users\USER\Desktop\com\í êMån\20140117\20120510\Release\fm_ptt.o
                0x0000ab12                fmptt_on
 .text.fmptt_off
                0x0000ab2a       0x10 C:\Users\USER\Desktop\com\í êMån\20140117\20120510\Release\fm_ptt.o
                0x0000ab2a                fmptt_off
 .text.out_bit_fm
                0x0000ab3a       0x36 C:\Users\USER\Desktop\com\í êMån\20140117\20120510\Release\fm_pllcontrol.o
                0x0000ab3a                out_bit_fm
 .text.strobe_fm
                0x0000ab70       0x34 C:\Users\USER\Desktop\com\í êMån\20140117\20120510\Release\fm_pllcontrol.o
                0x0000ab70                strobe_fm
 .text.out_bits_fm
                0x0000aba4       0x42 C:\Users\USER\Desktop\com\í êMån\20140117\20120510\Release\fm_pllcontrol.o
                0x0000aba4                out_bits_fm
 .text.set_reference_divider_fm
                0x0000abe6       0x26 C:\Users\USER\Desktop\com\í êMån\20140117\20120510\Release\fm_pllcontrol.o
                0x0000abe6                set_reference_divider_fm
 .text.set_option_register_fm
                0x0000ac0c       0x7c C:\Users\USER\Desktop\com\í êMån\20140117\20120510\Release\fm_pllcontrol.o
                0x0000ac0c                set_option_register_fm
 .text.set_programmable_divider_fm
                0x0000ac88       0x54 C:\Users\USER\Desktop\com\í êMån\20140117\20120510\Release\fm_pllcontrol.o
                0x0000ac88                set_programmable_divider_fm
 .text.pll_init_fm
                0x0000acdc       0x56 C:\Users\USER\Desktop\com\í êMån\20140117\20120510\Release\fm_pllcontrol.o
                0x0000acdc                pll_init_fm
 .text.set_pll_fm
                0x0000ad32       0x5a C:\Users\USER\Desktop\com\í êMån\20140117\20120510\Release\fm_pllcontrol.o
                0x0000ad32                set_pll_fm
 .text.DebugMultiplexer
                0x0000ad8c      0x100 C:\Users\USER\Desktop\com\í êMån\20140117\20120510\Release\debug.o
                0x0000ad8c                DebugMultiplexer
 .text.DebugPut_Status
                0x0000ae8c      0x236 C:\Users\USER\Desktop\com\í êMån\20140117\20120510\Release\debug.o
                0x0000ae8c                DebugPut_Status
 .text.DebugEEPROM
                0x0000b0c2      0x398 C:\Users\USER\Desktop\com\í êMån\20140117\20120510\Release\debug.o
                0x0000b0c2                DebugEEPROM
 .text.DebugPut_Rough
                0x0000b45a      0x254 C:\Users\USER\Desktop\com\í êMån\20140117\20120510\Release\debug.o
                0x0000b45a                DebugPut_Rough
 .text.DebugPut_Detail
                0x0000b6ae      0x254 C:\Users\USER\Desktop\com\í êMån\20140117\20120510\Release\debug.o
                0x0000b6ae                DebugPut_Detail
 .text.DebugPut_API
                0x0000b902      0x22a C:\Users\USER\Desktop\com\í êMån\20140117\20120510\Release\debug.o
                0x0000b902                DebugPut_API
 .text.DebugPut_Initial
                0x0000bb2c      0x14a C:\Users\USER\Desktop\com\í êMån\20140117\20120510\Release\debug.o
                0x0000bb2c                DebugPut_Initial
 .text.DebugPut_SharedROM
                0x0000bc76      0x298 C:\Users\USER\Desktop\com\í êMån\20140117\20120510\Release\debug.o
                0x0000bc76                DebugPut_SharedROM
 .text.Debug_SharedROM
                0x0000bf0e      0x1da C:\Users\USER\Desktop\com\í êMån\20140117\20120510\Release\debug.o
                0x0000bf0e                Debug_SharedROM
 .text.DebugWrite_SharedROM
                0x0000c0e8      0x38a C:\Users\USER\Desktop\com\í êMån\20140117\20120510\Release\debug.o
                0x0000c0e8                DebugWrite_SharedROM
 .text.DisplayRoutine
                0x0000c472      0x1e6 C:\Users\USER\Desktop\com\í êMån\20140117\20120510\Release\debug.o
                0x0000c472                DisplayRoutine
 .text.SetRoutine
                0x0000c658      0x156 C:\Users\USER\Desktop\com\í êMån\20140117\20120510\Release\debug.o
                0x0000c658                SetRoutine
 .text.Check_PowerData
                0x0000c7ae       0x6c C:\Users\USER\Desktop\com\í êMån\20140117\20120510\Release\debug.o
                0x0000c7ae                Check_PowerData
 .text.StopAlivePeriod
                0x0000c81a       0x20 C:\Users\USER\Desktop\com\í êMån\20140117\20120510\Release\debug.o
                0x0000c81a                StopAlivePeriod
 .text.GetCommandID
                0x0000c83a      0x57e C:\Users\USER\Desktop\com\í êMån\20140117\20120510\Release\command.o
                0x0000c83a                GetCommandID
 .text.GetMissionCommandID
                0x0000cdb8       0xc6 C:\Users\USER\Desktop\com\í êMån\20140117\20120510\Release\command.o
                0x0000cdb8                GetMissionCommandID
 .text.RegistCommand
                0x0000ce7e      0x36a C:\Users\USER\Desktop\com\í êMån\20140117\20120510\Release\command.o
                0x0000ce7e                RegistCommand
 .text.RegistMissionCommand
                0x0000d1e8      0x166 C:\Users\USER\Desktop\com\í êMån\20140117\20120510\Release\command.o
                0x0000d1e8                RegistMissionCommand
 .text.ExecuteCommand
                0x0000d34e      0x508 C:\Users\USER\Desktop\com\í êMån\20140117\20120510\Release\command.o
                0x0000d34e                ExecuteCommand
 .text.comm_buffer_init
                0x0000d856       0x3a C:\Users\USER\Desktop\com\í êMån\20140117\20120510\Release\comm_buffer.o
                0x0000d856                comm_buffer_init
 .text.adconv_init
                0x0000d890       0x30 C:\Users\USER\Desktop\com\í êMån\20140117\20120510\Release\adconv.o
                0x0000d890                adconv_init
 .text.ami_switch
                0x0000d8c0       0x32 C:\Users\USER\Desktop\com\í êMån\20140117\20120510\Release\adconv.o
                0x0000d8c0                ami_switch
 .text.mpx_switch
                0x0000d8f2       0x88 C:\Users\USER\Desktop\com\í êMån\20140117\20120510\Release\adconv.o
                0x0000d8f2                mpx_switch
 .text.get_sensor
                0x0000d97a      0x1da C:\Users\USER\Desktop\com\í êMån\20140117\20120510\Release\adconv.o
                0x0000d97a                get_sensor
 .text.check_overAmpare
                0x0000db54       0xf2 C:\Users\USER\Desktop\com\í êMån\20140117\20120510\Release\adconv.o
                0x0000db54                check_overAmpare
 .text.PowerReset
                0x0000dc46       0x4c C:\Users\USER\Desktop\com\í êMån\20140117\20120510\Release\adconv.o
                0x0000dc46                PowerReset
 .text.RequestPowerReboot
                0x0000dc92       0x26 C:\Users\USER\Desktop\com\í êMån\20140117\20120510\Release\adconv.o
                0x0000dc92                RequestPowerReboot
 .text.RequestPowerShutdown
                0x0000dcb8       0x26 C:\Users\USER\Desktop\com\í êMån\20140117\20120510\Release\adconv.o
                0x0000dcb8                RequestPowerShutdown
 .text.INT_IMIB2
                0x0000dcde       0x88 C:\Users\USER\Desktop\com\í êMån\20140117\20120510\Release\adconv.o
                0x0000dcde                INT_IMIB2
 .text.insertSpace
                0x0000dd66       0x2e C:\Users\USER\Desktop\com\í êMån\20140117\20120510\Release\adconv.o
                0x0000dd66                insertSpace
 .text.disp_AD  0x0000dd94       0xe0 C:\Users\USER\Desktop\com\í êMån\20140117\20120510\Release\adconv.o
                0x0000dd94                disp_AD
 .text.startup.main
                0x0000de74      0x3bc C:\Users\USER\Desktop\com\í êMån\20140117\20120510\Release\20120510.o
                0x0000de74                main
 .text.free     0x0000e230       0xc2 C:\Users\USER\Desktop\com\í êMån\20140117\20120510\Release\lib20140117.a(newfree.o)
                0x0000e230                free
 .text._top_of_heap
                0x0000e2f2        0xe C:\Users\USER\Desktop\com\í êMån\20140117\20120510\Release\lib20140117.a(newheap.o)
                0x0000e2f2                _top_of_heap
 .text._make_new_mem_hole
                0x0000e300       0x2e C:\Users\USER\Desktop\com\í êMån\20140117\20120510\Release\lib20140117.a(newmalloc.o)
                0x0000e300                _make_new_mem_hole
 .text.malloc   0x0000e32e       0xb4 C:\Users\USER\Desktop\com\í êMån\20140117\20120510\Release\lib20140117.a(newmalloc.o)
                0x0000e32e                malloc
                0x0000e3e2                etext = .

.init
 *(.init)

.fini
 *(.fini)

.got
 *(.got)
 *(.got.plt)

.rodata         0x0000e3e4      0xf70
 *(.rodata)
 *(.rodata.*)
 .rodata.str1.1
                0x0000e3e4      0x3da C:\Users\USER\Desktop\com\í êMån\20140117\20120510\Release\teleme.o
                                0x413 (size before relaxing)
 .rodata.str1.1
                0x0000e7be       0x16 C:\Users\USER\Desktop\com\í êMån\20140117\20120510\Release\rx_protcol_inv.o
 .rodata.str1.1
                0x0000e7d4       0x21 C:\Users\USER\Desktop\com\í êMån\20140117\20120510\Release\rx.o
                                 0x23 (size before relaxing)
 .rodata.str1.1
                0x0000e7f5       0x88 C:\Users\USER\Desktop\com\í êMån\20140117\20120510\Release\pwr.o
                                 0x8c (size before relaxing)
 .rodata.str1.1
                0x0000e87d       0x9b C:\Users\USER\Desktop\com\í êMån\20140117\20120510\Release\put_status.o
                                 0xa9 (size before relaxing)
 .rodata.str1.1
                0x0000e918      0x241 C:\Users\USER\Desktop\com\í êMån\20140117\20120510\Release\mission.o
                                0x24c (size before relaxing)
 .rodata.str1.1
                0x0000eb59      0x169 C:\Users\USER\Desktop\com\í êMån\20140117\20120510\Release\message.o
                                0x16b (size before relaxing)
 .rodata.str1.1
                0x0000ecc2       0xc6 C:\Users\USER\Desktop\com\í êMån\20140117\20120510\Release\fm_tx.o
                                 0xd9 (size before relaxing)
 .rodata.str1.1
                0x0000ed88      0x212 C:\Users\USER\Desktop\com\í êMån\20140117\20120510\Release\debug.o
                                0x2c2 (size before relaxing)
 *fill*         0x0000ef9a        0x2 00
 .rodata.DebugWrite_SharedROM
                0x0000ef9c       0x48 C:\Users\USER\Desktop\com\í êMån\20140117\20120510\Release\debug.o
 .rodata.SetRoutine
                0x0000efe4       0x60 C:\Users\USER\Desktop\com\í êMån\20140117\20120510\Release\debug.o
 .rodata.str1.1
                0x0000f044       0x46 C:\Users\USER\Desktop\com\í êMån\20140117\20120510\Release\command.o
                                 0x4a (size before relaxing)
 *fill*         0x0000f08a        0x2 00
 .rodata.ExecuteCommand
                0x0000f08c       0xf0 C:\Users\USER\Desktop\com\í êMån\20140117\20120510\Release\command.o
 .rodata.get_sensor
                0x0000f17c       0x20 C:\Users\USER\Desktop\com\í êMån\20140117\20120510\Release\adconv.o
 .rodata.str1.1
                0x0000f19c       0xb5 C:\Users\USER\Desktop\com\í êMån\20140117\20120510\Release\adconv.o
                                 0xc2 (size before relaxing)
 .rodata.str1.1
                0x0000f251      0x103 C:\Users\USER\Desktop\com\í êMån\20140117\20120510\Release\20120510.o
                                0x108 (size before relaxing)
                0x0000f354                _erodata = .

.eh_frame_hdr
 *(.eh_frame_hdr)

.eh_frame
 *(.eh_frame)

.jcr
 *(.jcr)

.tors           0x0000f354        0x0
                0x0000f354                __CTOR_LIST__ = .
                0x0000f354                ___ctors = .
 *(.ctors)
                0x0000f354                ___ctors_end = .
                0x0000f354                __CTOR_END__ = .
                0x0000f354                __DTOR_LIST__ = .
                0x0000f354                ___dtors = .
 *(.dtors)
                0x0000f354                ___dtors_end = .
                0x0000f354                __DTOR_END__ = .
                0x0000f354                _mdata = .

.data           0x00ffbf20        0x0 load address 0x0000f354
                0x00ffbf20                _data = .
 *(.data)
 .data          0x00ffbf20        0x0 C:\Users\USER\Desktop\com\í êMån\20140117\20120510\Release\vects.o
 .data          0x00ffbf20        0x0 C:\Users\USER\Desktop\com\í êMån\20140117\20120510\Release\timer.o
 .data          0x00ffbf20        0x0 C:\Users\USER\Desktop\com\í êMån\20140117\20120510\Release\teleme.o
 .data          0x00ffbf20        0x0 C:\Users\USER\Desktop\com\í êMån\20140117\20120510\Release\start.o
 .data          0x00ffbf20        0x0 C:\Users\USER\Desktop\com\í êMån\20140117\20120510\Release\sci_util.o
 .data          0x00ffbf20        0x0 C:\Users\USER\Desktop\com\í êMån\20140117\20120510\Release\sci2.o
 .data          0x00ffbf20        0x0 C:\Users\USER\Desktop\com\í êMån\20140117\20120510\Release\sci1.o
 .data          0x00ffbf20        0x0 C:\Users\USER\Desktop\com\í êMån\20140117\20120510\Release\sci0.o
 .data          0x00ffbf20        0x0 C:\Users\USER\Desktop\com\í êMån\20140117\20120510\Release\rx_protcol_inv.o
 .data          0x00ffbf20        0x0 C:\Users\USER\Desktop\com\í êMån\20140117\20120510\Release\rx_pll_inv.o
 .data          0x00ffbf20        0x0 C:\Users\USER\Desktop\com\í êMån\20140117\20120510\Release\rx.o
 .data          0x00ffbf20        0x0 C:\Users\USER\Desktop\com\í êMån\20140117\20120510\Release\pwr.o
 .data          0x00ffbf20        0x0 C:\Users\USER\Desktop\com\í êMån\20140117\20120510\Release\put_status.o
 .data          0x00ffbf20        0x0 C:\Users\USER\Desktop\com\í êMån\20140117\20120510\Release\mission.o
 .data          0x00ffbf20        0x0 C:\Users\USER\Desktop\com\í êMån\20140117\20120510\Release\message.o
 .data          0x00ffbf20        0x0 C:\Users\USER\Desktop\com\í êMån\20140117\20120510\Release\itu1.o
 .data          0x00ffbf20        0x0 C:\Users\USER\Desktop\com\í êMån\20140117\20120510\Release\itu0.o
 .data          0x00ffbf20        0x0 C:\Users\USER\Desktop\com\í êMån\20140117\20120510\Release\inthandler.o
 .data          0x00ffbf20        0x0 C:\Users\USER\Desktop\com\í êMån\20140117\20120510\Release\init.o
 .data          0x00ffbf20        0x0 C:\Users\USER\Desktop\com\í êMån\20140117\20120510\Release\iic2.o
 .data          0x00ffbf20        0x0 C:\Users\USER\Desktop\com\í êMån\20140117\20120510\Release\iic1.o
 .data          0x00ffbf20        0x0 C:\Users\USER\Desktop\com\í êMån\20140117\20120510\Release\iic0.o
 .data          0x00ffbf20        0x0 C:\Users\USER\Desktop\com\í êMån\20140117\20120510\Release\hwinit.o
 .data          0x00ffbf20        0x0 C:\Users\USER\Desktop\com\í êMån\20140117\20120510\Release\global.o
 .data          0x00ffbf20        0x0 C:\Users\USER\Desktop\com\í êMån\20140117\20120510\Release\fm_tx.o
 .data          0x00ffbf20        0x0 C:\Users\USER\Desktop\com\í êMån\20140117\20120510\Release\fm_ptt.o
 .data          0x00ffbf20        0x0 C:\Users\USER\Desktop\com\í êMån\20140117\20120510\Release\fm_pllcontrol.o
 .data          0x00ffbf20        0x0 C:\Users\USER\Desktop\com\í êMån\20140117\20120510\Release\debug.o
 .data          0x00ffbf20        0x0 C:\Users\USER\Desktop\com\í êMån\20140117\20120510\Release\command.o
 .data          0x00ffbf20        0x0 C:\Users\USER\Desktop\com\í êMån\20140117\20120510\Release\comm_buffer.o
 .data          0x00ffbf20        0x0 C:\Users\USER\Desktop\com\í êMån\20140117\20120510\Release\adconv.o
 .data          0x00ffbf20        0x0 C:\Users\USER\Desktop\com\í êMån\20140117\20120510\Release\20120510.o
 .data          0x00ffbf20        0x0 C:\Users\USER\Desktop\com\í êMån\20140117\20120510\Release\lib20140117.a(newfree.o)
 .data          0x00ffbf20        0x0 C:\Users\USER\Desktop\com\í êMån\20140117\20120510\Release\lib20140117.a(newheap.o)
 .data          0x00ffbf20        0x0 C:\Users\USER\Desktop\com\í êMån\20140117\20120510\Release\lib20140117.a(newmalloc.o)
 .data          0x00ffbf20        0x0 c:\program files\renesas\hew\tools\kpit\gnuh8-elf\v12.01\h8300-elf\lib\gcc\h8300-elf\4.6-GNUH8_v12.01\h8300h\int32\libgcc.a(_divsi3.o)
 .data          0x00ffbf20        0x0 c:\program files\renesas\hew\tools\kpit\gnuh8-elf\v12.01\h8300-elf\lib\gcc\h8300-elf\4.6-GNUH8_v12.01\h8300h\int32\libgcc.a(_mulsi3.o)
 *(.data.*)
                0x00ffbf20                _edata = .

.gcc_exc
 *(.gcc_exc)

.bss            0x00ffbf20     0x2fd0 load address 0x0000f354
                0x00ffbf20                _bss = .
 *(.bss)
 .bss           0x00ffbf20        0x0 C:\Users\USER\Desktop\com\í êMån\20140117\20120510\Release\vects.o
 .bss           0x00ffbf20        0x0 C:\Users\USER\Desktop\com\í êMån\20140117\20120510\Release\timer.o
 .bss           0x00ffbf20        0x0 C:\Users\USER\Desktop\com\í êMån\20140117\20120510\Release\teleme.o
 .bss           0x00ffbf20        0x0 C:\Users\USER\Desktop\com\í êMån\20140117\20120510\Release\start.o
 .bss           0x00ffbf20        0x0 C:\Users\USER\Desktop\com\í êMån\20140117\20120510\Release\sci_util.o
 .bss           0x00ffbf20        0x0 C:\Users\USER\Desktop\com\í êMån\20140117\20120510\Release\sci2.o
 .bss           0x00ffbf20        0x0 C:\Users\USER\Desktop\com\í êMån\20140117\20120510\Release\sci1.o
 .bss           0x00ffbf20        0x0 C:\Users\USER\Desktop\com\í êMån\20140117\20120510\Release\sci0.o
 .bss           0x00ffbf20        0x0 C:\Users\USER\Desktop\com\í êMån\20140117\20120510\Release\rx_protcol_inv.o
 .bss           0x00ffbf20        0x0 C:\Users\USER\Desktop\com\í êMån\20140117\20120510\Release\rx_pll_inv.o
 .bss           0x00ffbf20        0x0 C:\Users\USER\Desktop\com\í êMån\20140117\20120510\Release\rx.o
 .bss           0x00ffbf20        0x0 C:\Users\USER\Desktop\com\í êMån\20140117\20120510\Release\pwr.o
 .bss           0x00ffbf20        0x0 C:\Users\USER\Desktop\com\í êMån\20140117\20120510\Release\put_status.o
 .bss           0x00ffbf20        0x0 C:\Users\USER\Desktop\com\í êMån\20140117\20120510\Release\mission.o
 .bss           0x00ffbf20        0x0 C:\Users\USER\Desktop\com\í êMån\20140117\20120510\Release\message.o
 .bss           0x00ffbf20        0x0 C:\Users\USER\Desktop\com\í êMån\20140117\20120510\Release\itu1.o
 .bss           0x00ffbf20        0x0 C:\Users\USER\Desktop\com\í êMån\20140117\20120510\Release\itu0.o
 .bss           0x00ffbf20        0x0 C:\Users\USER\Desktop\com\í êMån\20140117\20120510\Release\inthandler.o
 .bss           0x00ffbf20        0x0 C:\Users\USER\Desktop\com\í êMån\20140117\20120510\Release\init.o
 .bss           0x00ffbf20        0x0 C:\Users\USER\Desktop\com\í êMån\20140117\20120510\Release\iic2.o
 .bss           0x00ffbf20        0x0 C:\Users\USER\Desktop\com\í êMån\20140117\20120510\Release\iic1.o
 .bss           0x00ffbf20        0x0 C:\Users\USER\Desktop\com\í êMån\20140117\20120510\Release\iic0.o
 .bss           0x00ffbf20        0x0 C:\Users\USER\Desktop\com\í êMån\20140117\20120510\Release\hwinit.o
 .bss           0x00ffbf20        0x0 C:\Users\USER\Desktop\com\í êMån\20140117\20120510\Release\global.o
 .bss           0x00ffbf20        0x0 C:\Users\USER\Desktop\com\í êMån\20140117\20120510\Release\fm_tx.o
 .bss           0x00ffbf20        0x0 C:\Users\USER\Desktop\com\í êMån\20140117\20120510\Release\fm_ptt.o
 .bss           0x00ffbf20        0x0 C:\Users\USER\Desktop\com\í êMån\20140117\20120510\Release\fm_pllcontrol.o
 .bss           0x00ffbf20        0x0 C:\Users\USER\Desktop\com\í êMån\20140117\20120510\Release\debug.o
 .bss           0x00ffbf20        0x0 C:\Users\USER\Desktop\com\í êMån\20140117\20120510\Release\command.o
 .bss           0x00ffbf20        0x0 C:\Users\USER\Desktop\com\í êMån\20140117\20120510\Release\comm_buffer.o
 .bss           0x00ffbf20        0x0 C:\Users\USER\Desktop\com\í êMån\20140117\20120510\Release\adconv.o
 .bss           0x00ffbf20        0x0 C:\Users\USER\Desktop\com\í êMån\20140117\20120510\Release\20120510.o
 .bss           0x00ffbf20        0x0 C:\Users\USER\Desktop\com\í êMån\20140117\20120510\Release\lib20140117.a(newfree.o)
 .bss           0x00ffbf20        0x0 C:\Users\USER\Desktop\com\í êMån\20140117\20120510\Release\lib20140117.a(newheap.o)
 .bss           0x00ffbf20        0x0 C:\Users\USER\Desktop\com\í êMån\20140117\20120510\Release\lib20140117.a(newmalloc.o)
 .bss           0x00ffbf20        0x0 c:\program files\renesas\hew\tools\kpit\gnuh8-elf\v12.01\h8300-elf\lib\gcc\h8300-elf\4.6-GNUH8_v12.01\h8300h\int32\libgcc.a(_divsi3.o)
 .bss           0x00ffbf20        0x0 c:\program files\renesas\hew\tools\kpit\gnuh8-elf\v12.01\h8300-elf\lib\gcc\h8300-elf\4.6-GNUH8_v12.01\h8300h\int32\libgcc.a(_mulsi3.o)
 *(.bss.*)
 .bss.timer_flag
                0x00ffbf20        0x4 C:\Users\USER\Desktop\com\í êMån\20140117\20120510\Release\timer.o
                0x00ffbf20                timer_flag
 .bss.data_set___2495
                0x00ffbf24       0x80 C:\Users\USER\Desktop\com\í êMån\20140117\20120510\Release\teleme.o
 .bss.rough_slave
                0x00ffbfa4        0x1 C:\Users\USER\Desktop\com\í êMån\20140117\20120510\Release\teleme.o
 *fill*         0x00ffbfa5        0x3 00
 .bss.rough_eep_page
                0x00ffbfa8        0x4 C:\Users\USER\Desktop\com\í êMån\20140117\20120510\Release\teleme.o
 .bss.slave___2551
                0x00ffbfac        0x1 C:\Users\USER\Desktop\com\í êMån\20140117\20120510\Release\teleme.o
 *fill*         0x00ffbfad        0x3 00
 .bss.eep_page___2552
                0x00ffbfb0        0x4 C:\Users\USER\Desktop\com\í êMån\20140117\20120510\Release\teleme.o
 .bss.data_set___2553
                0x00ffbfb4       0x80 C:\Users\USER\Desktop\com\í êMån\20140117\20120510\Release\teleme.o
 .bss.data_set___2602
                0x00ffc034       0x20 C:\Users\USER\Desktop\com\í êMån\20140117\20120510\Release\teleme.o
 .bss.api_eep_page
                0x00ffc054        0x4 C:\Users\USER\Desktop\com\í êMån\20140117\20120510\Release\teleme.o
 .bss.data_obc___2615
                0x00ffc058       0x20 C:\Users\USER\Desktop\com\í êMån\20140117\20120510\Release\teleme.o
 .bss.data_error___2616
                0x00ffc078       0x20 C:\Users\USER\Desktop\com\í êMån\20140117\20120510\Release\teleme.o
 .bss.data_rough_slave___2617
                0x00ffc098       0x20 C:\Users\USER\Desktop\com\í êMån\20140117\20120510\Release\teleme.o
 .bss.data_rough_page___2618
                0x00ffc0b8       0x20 C:\Users\USER\Desktop\com\í êMån\20140117\20120510\Release\teleme.o
 .bss.data_api_page___2619
                0x00ffc0d8       0x20 C:\Users\USER\Desktop\com\í êMån\20140117\20120510\Release\teleme.o
 .bss.data_obc___2656
                0x00ffc0f8       0x20 C:\Users\USER\Desktop\com\í êMån\20140117\20120510\Release\teleme.o
 .bss.data_error___2657
                0x00ffc118       0x20 C:\Users\USER\Desktop\com\í êMån\20140117\20120510\Release\teleme.o
 .bss.data_rough_slave___2658
                0x00ffc138       0x20 C:\Users\USER\Desktop\com\í êMån\20140117\20120510\Release\teleme.o
 .bss.data_rough_page___2659
                0x00ffc158       0x20 C:\Users\USER\Desktop\com\í êMån\20140117\20120510\Release\teleme.o
 .bss.data_api_page___2660
                0x00ffc178       0x20 C:\Users\USER\Desktop\com\í êMån\20140117\20120510\Release\teleme.o
 .bss.tlm___2899
                0x00ffc198       0x80 C:\Users\USER\Desktop\com\í êMån\20140117\20120510\Release\teleme.o
 .bss.tlm___2932
                0x00ffc218       0x80 C:\Users\USER\Desktop\com\í êMån\20140117\20120510\Release\teleme.o
 .bss.tx2_length
                0x00ffc298        0x2 C:\Users\USER\Desktop\com\í êMån\20140117\20120510\Release\sci2.o
 .bss.tx2_wp    0x00ffc29a        0x2 C:\Users\USER\Desktop\com\í êMån\20140117\20120510\Release\sci2.o
 .bss.tx2_rp    0x00ffc29c        0x2 C:\Users\USER\Desktop\com\í êMån\20140117\20120510\Release\sci2.o
 .bss.rx2_length
                0x00ffc29e        0x2 C:\Users\USER\Desktop\com\í êMån\20140117\20120510\Release\sci2.o
 .bss.rx2_wp    0x00ffc2a0        0x2 C:\Users\USER\Desktop\com\í êMån\20140117\20120510\Release\sci2.o
 .bss.rx2_rp    0x00ffc2a2        0x2 C:\Users\USER\Desktop\com\í êMån\20140117\20120510\Release\sci2.o
 .bss.tx2_buff  0x00ffc2a4      0x100 C:\Users\USER\Desktop\com\í êMån\20140117\20120510\Release\sci2.o
 .bss.rx2_buff  0x00ffc3a4      0x100 C:\Users\USER\Desktop\com\í êMån\20140117\20120510\Release\sci2.o
 .bss.tx1_length
                0x00ffc4a4        0x2 C:\Users\USER\Desktop\com\í êMån\20140117\20120510\Release\sci1.o
 .bss.tx1_wp    0x00ffc4a6        0x2 C:\Users\USER\Desktop\com\í êMån\20140117\20120510\Release\sci1.o
 .bss.tx1_rp    0x00ffc4a8        0x2 C:\Users\USER\Desktop\com\í êMån\20140117\20120510\Release\sci1.o
 .bss.rx1_length
                0x00ffc4aa        0x2 C:\Users\USER\Desktop\com\í êMån\20140117\20120510\Release\sci1.o
 .bss.rx1_wp    0x00ffc4ac        0x2 C:\Users\USER\Desktop\com\í êMån\20140117\20120510\Release\sci1.o
 .bss.rx1_rp    0x00ffc4ae        0x2 C:\Users\USER\Desktop\com\í êMån\20140117\20120510\Release\sci1.o
 .bss.tx1_buff  0x00ffc4b0      0x100 C:\Users\USER\Desktop\com\í êMån\20140117\20120510\Release\sci1.o
 .bss.rx1_buff  0x00ffc5b0      0x100 C:\Users\USER\Desktop\com\í êMån\20140117\20120510\Release\sci1.o
 .bss.tx0_length
                0x00ffc6b0        0x2 C:\Users\USER\Desktop\com\í êMån\20140117\20120510\Release\sci0.o
 .bss.tx0_wp    0x00ffc6b2        0x2 C:\Users\USER\Desktop\com\í êMån\20140117\20120510\Release\sci0.o
 .bss.tx0_rp    0x00ffc6b4        0x2 C:\Users\USER\Desktop\com\í êMån\20140117\20120510\Release\sci0.o
 .bss.rx0_length
                0x00ffc6b6        0x2 C:\Users\USER\Desktop\com\í êMån\20140117\20120510\Release\sci0.o
 .bss.rx0_wp    0x00ffc6b8        0x2 C:\Users\USER\Desktop\com\í êMån\20140117\20120510\Release\sci0.o
 .bss.rx0_rp    0x00ffc6ba        0x2 C:\Users\USER\Desktop\com\í êMån\20140117\20120510\Release\sci0.o
 .bss.tx0_buff  0x00ffc6bc      0x100 C:\Users\USER\Desktop\com\í êMån\20140117\20120510\Release\sci0.o
 .bss.rx0_buff  0x00ffc7bc      0x100 C:\Users\USER\Desktop\com\í êMån\20140117\20120510\Release\sci0.o
 .bss.fcs_error
                0x00ffc8bc        0x4 C:\Users\USER\Desktop\com\í êMån\20140117\20120510\Release\rx_protcol_inv.o
                0x00ffc8bc                fcs_error
 .bss.bit       0x00ffc8c0        0x4 C:\Users\USER\Desktop\com\í êMån\20140117\20120510\Release\rx_protcol_inv.o
                0x00ffc8c0                bit
 .bss.shiftbuff
                0x00ffc8c4        0x4 C:\Users\USER\Desktop\com\í êMån\20140117\20120510\Release\rx_protcol_inv.o
                0x00ffc8c4                shiftbuff
 .bss.oldstate  0x00ffc8c8        0x4 C:\Users\USER\Desktop\com\í êMån\20140117\20120510\Release\rx_protcol_inv.o
 .bss.info      0x00ffc8cc        0x4 C:\Users\USER\Desktop\com\í êMån\20140117\20120510\Release\rx_protcol_inv.o
 .bss.a___2743  0x00ffc8d0        0x4 C:\Users\USER\Desktop\com\í êMån\20140117\20120510\Release\rx_protcol_inv.o
 .bss.info      0x00ffc8d4        0x4 C:\Users\USER\Desktop\com\í êMån\20140117\20120510\Release\rx.o
 .bss.tlm___1392
                0x00ffc8d8       0x80 C:\Users\USER\Desktop\com\í êMån\20140117\20120510\Release\put_status.o
 .bss.tlm___1429
                0x00ffc958       0x80 C:\Users\USER\Desktop\com\í êMån\20140117\20120510\Release\put_status.o
 .bss.tlm___1463
                0x00ffc9d8       0x20 C:\Users\USER\Desktop\com\í êMån\20140117\20120510\Release\put_status.o
 .bss.tlm___1484
                0x00ffc9f8       0x20 C:\Users\USER\Desktop\com\í êMån\20140117\20120510\Release\put_status.o
 .bss.start___2488
                0x00ffca18        0x2 C:\Users\USER\Desktop\com\í êMån\20140117\20120510\Release\message.o
 .bss.found___2487
                0x00ffca1a        0x1 C:\Users\USER\Desktop\com\í êMån\20140117\20120510\Release\message.o
 *fill*         0x00ffca1b        0x1 00
 .bss.i___2486  0x00ffca1c        0x2 C:\Users\USER\Desktop\com\í êMån\20140117\20120510\Release\message.o
 .bss.split_sci0_buff___2484
                0x00ffca1e      0x100 C:\Users\USER\Desktop\com\í êMån\20140117\20120510\Release\message.o
 .bss.split_sci0_wp___2485
                0x00ffcb1e        0x2 C:\Users\USER\Desktop\com\í êMån\20140117\20120510\Release\message.o
 .bss.start___2510
                0x00ffcb20        0x2 C:\Users\USER\Desktop\com\í êMån\20140117\20120510\Release\message.o
 .bss.found___2509
                0x00ffcb22        0x1 C:\Users\USER\Desktop\com\í êMån\20140117\20120510\Release\message.o
 *fill*         0x00ffcb23        0x1 00
 .bss.i___2508  0x00ffcb24        0x2 C:\Users\USER\Desktop\com\í êMån\20140117\20120510\Release\message.o
 .bss.start___2540
                0x00ffcb26        0x2 C:\Users\USER\Desktop\com\í êMån\20140117\20120510\Release\message.o
 .bss.found___2539
                0x00ffcb28        0x1 C:\Users\USER\Desktop\com\í êMån\20140117\20120510\Release\message.o
 *fill*         0x00ffcb29        0x1 00
 .bss.i___2538  0x00ffcb2a        0x2 C:\Users\USER\Desktop\com\í êMån\20140117\20120510\Release\message.o
 .bss.message_fm
                0x00ffcb2c       0xc8 C:\Users\USER\Desktop\com\í êMån\20140117\20120510\Release\message.o
 .bss.mission_counter
                0x00ffcbf4        0x4 C:\Users\USER\Desktop\com\í êMån\20140117\20120510\Release\message.o
 .bss.mission_length
                0x00ffcbf8        0x2 C:\Users\USER\Desktop\com\í êMån\20140117\20120510\Release\message.o
 .bss.mission_rp
                0x00ffcbfa        0x2 C:\Users\USER\Desktop\com\í êMån\20140117\20120510\Release\message.o
 .bss.mission_wp
                0x00ffcbfc        0x2 C:\Users\USER\Desktop\com\í êMån\20140117\20120510\Release\message.o
 .bss.mission_length_buff
                0x00ffcbfe        0x8 C:\Users\USER\Desktop\com\í êMån\20140117\20120510\Release\message.o
 *fill*         0x00ffcc06        0x2 00
 .bss.message_counter
                0x00ffcc08        0x4 C:\Users\USER\Desktop\com\í êMån\20140117\20120510\Release\message.o
 .bss.message_length
                0x00ffcc0c        0x2 C:\Users\USER\Desktop\com\í êMån\20140117\20120510\Release\message.o
 .bss.message_rp
                0x00ffcc0e        0x2 C:\Users\USER\Desktop\com\í êMån\20140117\20120510\Release\message.o
 .bss.message_wp
                0x00ffcc10        0x2 C:\Users\USER\Desktop\com\í êMån\20140117\20120510\Release\message.o
 .bss.message_length_buff
                0x00ffcc12        0x8 C:\Users\USER\Desktop\com\í êMån\20140117\20120510\Release\message.o
 .bss.message_buff
                0x00ffcc1a      0x320 C:\Users\USER\Desktop\com\í êMån\20140117\20120510\Release\message.o
 .bss.split_sci1_wp___2507
                0x00ffcf3a        0x2 C:\Users\USER\Desktop\com\í êMån\20140117\20120510\Release\message.o
 .bss.split_sci1_buff___2506
                0x00ffcf3c      0x100 C:\Users\USER\Desktop\com\í êMån\20140117\20120510\Release\message.o
 .bss.split_sci2_wp___2537
                0x00ffd03c        0x2 C:\Users\USER\Desktop\com\í êMån\20140117\20120510\Release\message.o
 .bss.split_sci2_buff___2536
                0x00ffd03e      0x100 C:\Users\USER\Desktop\com\í êMån\20140117\20120510\Release\message.o
 .bss.mission_buff
                0x00ffd13e      0x320 C:\Users\USER\Desktop\com\í êMån\20140117\20120510\Release\message.o
 .bss.buf___2662
                0x00ffd45e       0x80 C:\Users\USER\Desktop\com\í êMån\20140117\20120510\Release\debug.o
 .bss.tlm___2688
                0x00ffd4de       0x80 C:\Users\USER\Desktop\com\í êMån\20140117\20120510\Release\debug.o
 .bss.tlm___2713
                0x00ffd55e       0x80 C:\Users\USER\Desktop\com\í êMån\20140117\20120510\Release\debug.o
 .bss.tlm___2734
                0x00ffd5de       0x20 C:\Users\USER\Desktop\com\í êMån\20140117\20120510\Release\debug.o
 .bss.buf_obc___2744
                0x00ffd5fe       0x20 C:\Users\USER\Desktop\com\í êMån\20140117\20120510\Release\debug.o
 .bss.buf_error___2745
                0x00ffd61e       0x20 C:\Users\USER\Desktop\com\í êMån\20140117\20120510\Release\debug.o
 .bss.tlm___2770
                0x00ffd63e       0x80 C:\Users\USER\Desktop\com\í êMån\20140117\20120510\Release\debug.o
 .bss.buf___2785
                0x00ffd6be       0x80 C:\Users\USER\Desktop\com\í êMån\20140117\20120510\Release\debug.o
 .bss.l_rp      0x00ffd73e        0x1 C:\Users\USER\Desktop\com\í êMån\20140117\20120510\Release\command.o
 .bss.l_wp      0x00ffd73f        0x1 C:\Users\USER\Desktop\com\í êMån\20140117\20120510\Release\command.o
 .bss.m_rp      0x00ffd740        0x1 C:\Users\USER\Desktop\com\í êMån\20140117\20120510\Release\command.o
 .bss.m_wp      0x00ffd741        0x1 C:\Users\USER\Desktop\com\í êMån\20140117\20120510\Release\command.o
 .bss.h_rp      0x00ffd742        0x1 C:\Users\USER\Desktop\com\í êMån\20140117\20120510\Release\command.o
 .bss.h_wp      0x00ffd743        0x1 C:\Users\USER\Desktop\com\í êMån\20140117\20120510\Release\command.o
 .bss.cnt___2519
                0x00ffd744        0x4 C:\Users\USER\Desktop\com\í êMån\20140117\20120510\Release\adconv.o
 .bss.mpx_ch___2487
                0x00ffd748        0x1 C:\Users\USER\Desktop\com\í êMån\20140117\20120510\Release\adconv.o
 *fill*         0x00ffd749        0x3 00
 .bss._last_heap_object
                0x00ffd74c        0x4 C:\Users\USER\Desktop\com\í êMån\20140117\20120510\Release\lib20140117.a(newheap.o)
                0x00ffd74c                _last_heap_object
 .bss._heap_of_memory
                0x00ffd750        0x4 C:\Users\USER\Desktop\com\í êMån\20140117\20120510\Release\lib20140117.a(newheap.o)
                0x00ffd750                _heap_of_memory
 *(COMMON)
 COMMON         0x00ffd754        0x4 C:\Users\USER\Desktop\com\í êMån\20140117\20120510\Release\timer.o
                0x00ffd754                time
 COMMON         0x00ffd758      0x1ad C:\Users\USER\Desktop\com\í êMån\20140117\20120510\Release\teleme.o
                0x00ffd758                ena_overa
                0x00ffd75b                flag_dispAD
                0x00ffd75e                flag_overa
                0x00ffd761                flag_pic
                0x00ffd764                flag_dteleme
                0x00ffd767                ena_rteleme
                0x00ffd76a                ena_ateleme
                0x00ffd76d                flag_ad
                0x00ffd770                my_wdt
                0x00ffd774                flag_iteleme
                0x00ffd777                ena_iteleme
                0x00ffd77a                ena_mywdt
                0x00ffd780                itu1_cnt
                0x00ffd784                ena_dteleme
                0x00ffd787                flag_ateleme
                0x00ffd78a                ena_ad
                0x00ffd78d                flag_oteleme
                0x00ffd790                flag_rteleme
                0x00ffd793                ena_dispAD
                0x00ffd796                mpx
                0x00ffd7b6                status
                0x00ffd835                ena_oteleme
                0x00ffd838                message_global
                0x00ffd904                num_overAmpare
 *fill*         0x00ffd905        0x3 00
 COMMON         0x00ffd908       0x15 C:\Users\USER\Desktop\com\í êMån\20140117\20120510\Release\rx_protcol_inv.o
                0x00ffd908                i
                0x00ffd90c                fcslo
                0x00ffd90d                flag_rx
                0x00ffd910                uplink_rx_buff
                0x00ffd914                kbit
                0x00ffd918                info_length
                0x00ffd91c                fcshi
 *fill*         0x00ffd91d        0x3 00
 COMMON         0x00ffd920     0x142a C:\Users\USER\Desktop\com\í êMån\20140117\20120510\Release\rx.o
                0x00ffd920                flag_send_fm
                0x00ffd924                DT_time
                0x00ffd928                flag_tx
                0x00ffd92b                FM_buffer_length
                0x00ffd940                FmPreamble
                0x00ffd944                stuff
                0x00ffd945                fcsflag_send_fm
                0x00ffd946                FM_sender_num
                0x00ffd947                FM_buffer_num
                0x00ffd948                FM_buffer
                0x00ffed48                DT_mode
                0x00ffed49                FM_mode
 COMMON         0x00ffed4a        0xc C:\Users\USER\Desktop\com\í êMån\20140117\20120510\Release\pwr.o
                0x00ffed4a                ena_alive
                0x00ffed4d                flag_pwrt
                0x00ffed50                ena_pwrt
                0x00ffed53                flag_alive
 *fill*         0x00ffed56        0x2 00
 COMMON         0x00ffed58       0x27 C:\Users\USER\Desktop\com\í êMån\20140117\20120510\Release\mission.o
                0x00ffed58                flag_tof
                0x00ffed5c                sms_time
                0x00ffed60                flag_cpr
                0x00ffed64                smr_time
                0x00ffed68                flag_ton
                0x00ffed69                flag_smr
                0x00ffed6c                ena_misst
                0x00ffed70                mission_cnt
                0x00ffed74                flag_sms
                0x00ffed78                mission_timeout
                0x00ffed7c                flag_misst
 COMMON         0x00ffed7f        0x6 C:\Users\USER\Desktop\com\í êMån\20140117\20120510\Release\message.o
                0x00ffed7f                flag_exe
                0x00ffed82                flag_scirx
 COMMON         0x00ffed85        0x1 C:\Users\USER\Desktop\com\í êMån\20140117\20120510\Release\iic2.o
                0x00ffed85                P2_DDR
 *fill*         0x00ffed86        0x2 00
 COMMON         0x00ffed88      0x168 C:\Users\USER\Desktop\com\í êMån\20140117\20120510\Release\command.o
                0x00ffed88                command_H
                0x00ffee00                command_M
                0x00ffee78                command_L
                0x00ffeef0                _ebss = .
                0x00ffeef0                _end = .

.stack          0x00ffff00        0x0
                0x00ffff00                _stack = .
LOAD C:\Users\USER\Desktop\com\í êMån\20140117\20120510\Release\vects.o
LOAD C:\Users\USER\Desktop\com\í êMån\20140117\20120510\Release\timer.o
LOAD C:\Users\USER\Desktop\com\í êMån\20140117\20120510\Release\teleme.o
LOAD C:\Users\USER\Desktop\com\í êMån\20140117\20120510\Release\start.o
LOAD C:\Users\USER\Desktop\com\í êMån\20140117\20120510\Release\sci_util.o
LOAD C:\Users\USER\Desktop\com\í êMån\20140117\20120510\Release\sci2.o
LOAD C:\Users\USER\Desktop\com\í êMån\20140117\20120510\Release\sci1.o
LOAD C:\Users\USER\Desktop\com\í êMån\20140117\20120510\Release\sci0.o
LOAD C:\Users\USER\Desktop\com\í êMån\20140117\20120510\Release\rx_protcol_inv.o
LOAD C:\Users\USER\Desktop\com\í êMån\20140117\20120510\Release\rx_pll_inv.o
LOAD C:\Users\USER\Desktop\com\í êMån\20140117\20120510\Release\rx.o
LOAD C:\Users\USER\Desktop\com\í êMån\20140117\20120510\Release\pwr.o
LOAD C:\Users\USER\Desktop\com\í êMån\20140117\20120510\Release\put_status.o
LOAD C:\Users\USER\Desktop\com\í êMån\20140117\20120510\Release\mission.o
LOAD C:\Users\USER\Desktop\com\í êMån\20140117\20120510\Release\message.o
LOAD C:\Users\USER\Desktop\com\í êMån\20140117\20120510\Release\itu1.o
LOAD C:\Users\USER\Desktop\com\í êMån\20140117\20120510\Release\itu0.o
LOAD C:\Users\USER\Desktop\com\í êMån\20140117\20120510\Release\inthandler.o
LOAD C:\Users\USER\Desktop\com\í êMån\20140117\20120510\Release\init.o
LOAD C:\Users\USER\Desktop\com\í êMån\20140117\20120510\Release\iic2.o
LOAD C:\Users\USER\Desktop\com\í êMån\20140117\20120510\Release\iic1.o
LOAD C:\Users\USER\Desktop\com\í êMån\20140117\20120510\Release\iic0.o
LOAD C:\Users\USER\Desktop\com\í êMån\20140117\20120510\Release\hwinit.o
LOAD C:\Users\USER\Desktop\com\í êMån\20140117\20120510\Release\global.o
LOAD C:\Users\USER\Desktop\com\í êMån\20140117\20120510\Release\fm_tx.o
LOAD C:\Users\USER\Desktop\com\í êMån\20140117\20120510\Release\fm_ptt.o
LOAD C:\Users\USER\Desktop\com\í êMån\20140117\20120510\Release\fm_pllcontrol.o
LOAD C:\Users\USER\Desktop\com\í êMån\20140117\20120510\Release\debug.o
LOAD C:\Users\USER\Desktop\com\í êMån\20140117\20120510\Release\command.o
LOAD C:\Users\USER\Desktop\com\í êMån\20140117\20120510\Release\comm_buffer.o
LOAD C:\Users\USER\Desktop\com\í êMån\20140117\20120510\Release\adconv.o
LOAD C:\Users\USER\Desktop\com\í êMån\20140117\20120510\Release\20120510.o
START GROUP
LOAD C:\Users\USER\Desktop\com\í êMån\20140117\20120510\Release\lib20140117.a
LOAD c:\program files\renesas\hew\tools\kpit\gnuh8-elf\v12.01\h8300-elf\lib\gcc\h8300-elf\4.6-GNUH8_v12.01\h8300h\int32\libgcc.a
END GROUP
OUTPUT(C:\Users\USER\Desktop\com\í êMån\20140117\20120510\Release\20140117.x elf32-h8300)

.comment        0x00000000       0x1c
 .comment       0x00000000       0x1c C:\Users\USER\Desktop\com\í êMån\20140117\20120510\Release\vects.o
                                 0x1d (size before relaxing)
 .comment       0x00000000       0x1d C:\Users\USER\Desktop\com\í êMån\20140117\20120510\Release\timer.o
 .comment       0x00000000       0x1d C:\Users\USER\Desktop\com\í êMån\20140117\20120510\Release\teleme.o
 .comment       0x00000000       0x1d C:\Users\USER\Desktop\com\í êMån\20140117\20120510\Release\sci_util.o
 .comment       0x00000000       0x1d C:\Users\USER\Desktop\com\í êMån\20140117\20120510\Release\sci2.o
 .comment       0x00000000       0x1d C:\Users\USER\Desktop\com\í êMån\20140117\20120510\Release\sci1.o
 .comment       0x00000000       0x1d C:\Users\USER\Desktop\com\í êMån\20140117\20120510\Release\sci0.o
 .comment       0x00000000       0x1d C:\Users\USER\Desktop\com\í êMån\20140117\20120510\Release\rx_protcol_inv.o
 .comment       0x00000000       0x1d C:\Users\USER\Desktop\com\í êMån\20140117\20120510\Release\rx_pll_inv.o
 .comment       0x00000000       0x1d C:\Users\USER\Desktop\com\í êMån\20140117\20120510\Release\rx.o
 .comment       0x00000000       0x1d C:\Users\USER\Desktop\com\í êMån\20140117\20120510\Release\pwr.o
 .comment       0x00000000       0x1d C:\Users\USER\Desktop\com\í êMån\20140117\20120510\Release\put_status.o
 .comment       0x00000000       0x1d C:\Users\USER\Desktop\com\í êMån\20140117\20120510\Release\mission.o
 .comment       0x00000000       0x1d C:\Users\USER\Desktop\com\í êMån\20140117\20120510\Release\message.o
 .comment       0x00000000       0x1d C:\Users\USER\Desktop\com\í êMån\20140117\20120510\Release\itu1.o
 .comment       0x00000000       0x1d C:\Users\USER\Desktop\com\í êMån\20140117\20120510\Release\itu0.o
 .comment       0x00000000       0x1d C:\Users\USER\Desktop\com\í êMån\20140117\20120510\Release\inthandler.o
 .comment       0x00000000       0x1d C:\Users\USER\Desktop\com\í êMån\20140117\20120510\Release\init.o
 .comment       0x00000000       0x1d C:\Users\USER\Desktop\com\í êMån\20140117\20120510\Release\iic2.o
 .comment       0x00000000       0x1d C:\Users\USER\Desktop\com\í êMån\20140117\20120510\Release\iic1.o
 .comment       0x00000000       0x1d C:\Users\USER\Desktop\com\í êMån\20140117\20120510\Release\iic0.o
 .comment       0x00000000       0x1d C:\Users\USER\Desktop\com\í êMån\20140117\20120510\Release\hwinit.o
 .comment       0x00000000       0x1d C:\Users\USER\Desktop\com\í êMån\20140117\20120510\Release\global.o
 .comment       0x00000000       0x1d C:\Users\USER\Desktop\com\í êMån\20140117\20120510\Release\fm_tx.o
 .comment       0x00000000       0x1d C:\Users\USER\Desktop\com\í êMån\20140117\20120510\Release\fm_ptt.o
 .comment       0x00000000       0x1d C:\Users\USER\Desktop\com\í êMån\20140117\20120510\Release\fm_pllcontrol.o
 .comment       0x00000000       0x1d C:\Users\USER\Desktop\com\í êMån\20140117\20120510\Release\debug.o
 .comment       0x00000000       0x1d C:\Users\USER\Desktop\com\í êMån\20140117\20120510\Release\command.o
 .comment       0x00000000       0x1d C:\Users\USER\Desktop\com\í êMån\20140117\20120510\Release\comm_buffer.o
 .comment       0x00000000       0x1d C:\Users\USER\Desktop\com\í êMån\20140117\20120510\Release\adconv.o
 .comment       0x00000000       0x1d C:\Users\USER\Desktop\com\í êMån\20140117\20120510\Release\20120510.o
 .comment       0x00000000       0x1d C:\Users\USER\Desktop\com\í êMån\20140117\20120510\Release\lib20140117.a(newfree.o)
 .comment       0x00000000       0x1d C:\Users\USER\Desktop\com\í êMån\20140117\20120510\Release\lib20140117.a(newheap.o)
 .comment       0x00000000       0x1d C:\Users\USER\Desktop\com\í êMån\20140117\20120510\Release\lib20140117.a(newmalloc.o)


==============================================================

Listfile generated by KPIT GNUH8 [ELF]-v12.01 on Saturday, January 18, 2014, 17:32:57

Build options:

-T "C:\Users\USER\Desktop\com\í êMån\20140117\20120510\Release\20140117_Release_auto.gsi"
-T "C:\Users\USER\Desktop\com\í êMån\20140117\20120510\Release\20140117_input.tmp" 
-L "c:\program files\renesas\hew\tools\kpit\gnuh8-elf\v12.01\h8300-elf\lib\gcc\h8300-elf\4.6-GNUH8_v12.01\h8300h\int32"
-L "C:\Users\USER\Desktop\com\í êMån\20140117\20120510\Release"
-Map "C:\Users\USER\Desktop\com\í êMån\20140117\20120510\Release\20140117.map"
-no-keep-memory
-S
-( -l "20140117" -l "gcc" -)
-o "C:\Users\USER\Desktop\com\í êMån\20140117\20120510\Release\20140117.x"
-e _start
INPUT("C:\Users\USER\Desktop\com\í êMån\20140117\20120510\Release\vects.o")
INPUT("C:\Users\USER\Desktop\com\í êMån\20140117\20120510\Release\timer.o")
INPUT("C:\Users\USER\Desktop\com\í êMån\20140117\20120510\Release\teleme.o")
INPUT("C:\Users\USER\Desktop\com\í êMån\20140117\20120510\Release\start.o")
INPUT("C:\Users\USER\Desktop\com\í êMån\20140117\20120510\Release\sci_util.o")
INPUT("C:\Users\USER\Desktop\com\í êMån\20140117\20120510\Release\sci2.o")
INPUT("C:\Users\USER\Desktop\com\í êMån\20140117\20120510\Release\sci1.o")
INPUT("C:\Users\USER\Desktop\com\í êMån\20140117\20120510\Release\sci0.o")
INPUT("C:\Users\USER\Desktop\com\í êMån\20140117\20120510\Release\rx_protcol_inv.o")
INPUT("C:\Users\USER\Desktop\com\í êMån\20140117\20120510\Release\rx_pll_inv.o")
INPUT("C:\Users\USER\Desktop\com\í êMån\20140117\20120510\Release\rx.o")
INPUT("C:\Users\USER\Desktop\com\í êMån\20140117\20120510\Release\pwr.o")
INPUT("C:\Users\USER\Desktop\com\í êMån\20140117\20120510\Release\put_status.o")
INPUT("C:\Users\USER\Desktop\com\í êMån\20140117\20120510\Release\mission.o")
INPUT("C:\Users\USER\Desktop\com\í êMån\20140117\20120510\Release\message.o")
INPUT("C:\Users\USER\Desktop\com\í êMån\20140117\20120510\Release\itu1.o")
INPUT("C:\Users\USER\Desktop\com\í êMån\20140117\20120510\Release\itu0.o")
INPUT("C:\Users\USER\Desktop\com\í êMån\20140117\20120510\Release\inthandler.o")
INPUT("C:\Users\USER\Desktop\com\í êMån\20140117\20120510\Release\init.o")
INPUT("C:\Users\USER\Desktop\com\í êMån\20140117\20120510\Release\iic2.o")
INPUT("C:\Users\USER\Desktop\com\í êMån\20140117\20120510\Release\iic1.o")
INPUT("C:\Users\USER\Desktop\com\í êMån\20140117\20120510\Release\iic0.o")
INPUT("C:\Users\USER\Desktop\com\í êMån\20140117\20120510\Release\hwinit.o")
INPUT("C:\Users\USER\Desktop\com\í êMån\20140117\20120510\Release\global.o")
INPUT("C:\Users\USER\Desktop\com\í êMån\20140117\20120510\Release\fm_tx.o")
INPUT("C:\Users\USER\Desktop\com\í êMån\20140117\20120510\Release\fm_ptt.o")
INPUT("C:\Users\USER\Desktop\com\í êMån\20140117\20120510\Release\fm_pllcontrol.o")
INPUT("C:\Users\USER\Desktop\com\í êMån\20140117\20120510\Release\debug.o")
INPUT("C:\Users\USER\Desktop\com\í êMån\20140117\20120510\Release\command.o")
INPUT("C:\Users\USER\Desktop\com\í êMån\20140117\20120510\Release\comm_buffer.o")
INPUT("C:\Users\USER\Desktop\com\í êMån\20140117\20120510\Release\adconv.o")
INPUT("C:\Users\USER\Desktop\com\í êMån\20140117\20120510\Release\20120510.o")